..............F.FF...........................................FFFFFFFFFFF [ 31%]
.FFFFFF................................................................. [ 62%]
..................FFFFFFF..F..............FFFFFFFFFFFFFFFFFFFFFFFFFF.... [ 94%]
.........F...                                                            [100%]
================================== FAILURES ===================================
E   AssertionError: assert 'confidence' in {'display_content': 'Mock stance: this topic has multiple valid perspectives.', 'is_fallback': False, 'key_points': ['...argument addressing counterpoints.'], 'main_argument': 'Mock stance: this topic has multiple valid perspectives.', ...}
---------------------------- Captured stderr call -----------------------------
2026-05-15 19:44:39,169 [INFO] app.services.execution_runner: Background execution starting for turn 784ccdc6-1c22-46b1-b6cc-b514993b1d6a
2026-05-15 19:44:39,172 [INFO] app.services.debate_engine.step_controller: StepController: registered turn=784ccdc6-1c22-46b1-b6cc-b514993b1d6a mode=auto
2026-05-15 19:44:39,186 [INFO] app.services.chat_engine: Turn 784ccdc6-1c22-46b1-b6cc-b514993b1d6a started: question='Should AI be regulated?' agents=3
2026-05-15 19:44:39,186 [INFO] app.services.chat_engine: WS emit turn_started turn=784ccdc6-1c22-46b1-b6cc-b514993b1d6a
2026-05-15 19:44:39,189 [INFO] app.services.debate_engine.round_manager: Round 1 running (id=f308487c-a568-4db9-95de-0129a856913e, turn=784ccdc6-1c22-46b1-b6cc-b514993b1d6a)
2026-05-15 19:44:39,189 [INFO] app.services.debate_engine.round_manager: WS emit round_started round=1 turn=784ccdc6-1c22-46b1-b6cc-b514993b1d6a
2026-05-15 19:44:39,190 [INFO] app.services.debate_engine.round_manager: Round 1 parallel start agents=3 concurrency=3
2026-05-15 19:44:39,194 [INFO] app.services.debate_engine.round_manager: WS emit agent_started: turn=784ccdc6-1c22-46b1-b6cc-b514993b1d6a round=1 agent=f885f793-873f-4c78-a739-01517b793867 role=Economist type=agent_response idx=0
2026-05-15 19:44:39,194 [INFO] app.services.debate_engine.round_manager: LLM start: turn=784ccdc6-1c22-46b1-b6cc-b514993b1d6a round=1 agent=f885f793-873f-4c78-a739-01517b793867 role=Economist provider=openrouter model=anthropic/claude-sonnet-4.5 prompt_chars=7803 est_prompt_tokens=1950 max_tokens=1800 retrieval_chunks=0 started_at=2026-05-15T10:44:39.194889+00:00
2026-05-15 19:44:39,195 [INFO] app.services.debate_engine.round_manager: LLM done: turn=784ccdc6-1c22-46b1-b6cc-b514993b1d6a round=1 agent=f885f793-873f-4c78-a739-01517b793867 status=success duration_ms=0 provider_latency_ms=1 output_chars=1541 prompt_tokens=10 completion_tokens=50 finished_at=2026-05-15T10:44:39.195552+00:00
2026-05-15 19:44:39,196 [INFO] app.services.debate_engine.round_manager: WS emit agent_started: turn=784ccdc6-1c22-46b1-b6cc-b514993b1d6a round=1 agent=8d79ba8e-f878-4166-8353-30af5bd7be23 role=Ethicist type=agent_response idx=1
2026-05-15 19:44:39,196 [INFO] app.services.debate_engine.round_manager: LLM start: turn=784ccdc6-1c22-46b1-b6cc-b514993b1d6a round=1 agent=8d79ba8e-f878-4166-8353-30af5bd7be23 role=Ethicist provider=openrouter model=anthropic/claude-sonnet-4.5 prompt_chars=7802 est_prompt_tokens=1950 max_tokens=1800 retrieval_chunks=0 started_at=2026-05-15T10:44:39.196701+00:00
2026-05-15 19:44:39,197 [INFO] app.services.debate_engine.round_manager: LLM done: turn=784ccdc6-1c22-46b1-b6cc-b514993b1d6a round=1 agent=8d79ba8e-f878-4166-8353-30af5bd7be23 status=success duration_ms=0 provider_latency_ms=1 output_chars=1541 prompt_tokens=10 completion_tokens=50 finished_at=2026-05-15T10:44:39.197556+00:00
2026-05-15 19:44:39,198 [INFO] app.services.debate_engine.round_manager: WS emit agent_started: turn=784ccdc6-1c22-46b1-b6cc-b514993b1d6a round=1 agent=74999ee1-5979-4b00-91bc-71165ae8548c role=Engineer type=agent_response idx=2
2026-05-15 19:44:39,198 [INFO] app.services.debate_engine.round_manager: LLM start: turn=784ccdc6-1c22-46b1-b6cc-b514993b1d6a round=1 agent=74999ee1-5979-4b00-91bc-71165ae8548c role=Engineer provider=openrouter model=anthropic/claude-sonnet-4.5 prompt_chars=7802 est_prompt_tokens=1950 max_tokens=1800 retrieval_chunks=0 started_at=2026-05-15T10:44:39.198927+00:00
2026-05-15 19:44:39,200 [INFO] app.services.debate_engine.round_manager: LLM done: turn=784ccdc6-1c22-46b1-b6cc-b514993b1d6a round=1 agent=74999ee1-5979-4b00-91bc-71165ae8548c status=success duration_ms=1 provider_latency_ms=1 output_chars=1541 prompt_tokens=10 completion_tokens=50 finished_at=2026-05-15T10:44:39.199978+00:00
2026-05-15 19:44:39,208 [INFO] app.services.debate_engine.round_manager: WS emit message_created: turn=784ccdc6-1c22-46b1-b6cc-b514993b1d6a round=1 agent=f885f793-873f-4c78-a739-01517b793867 status=success content_len=1541
2026-05-15 19:44:39,208 [INFO] app.services.debate_engine.round_manager: WS emit message_created: turn=784ccdc6-1c22-46b1-b6cc-b514993b1d6a round=1 agent=8d79ba8e-f878-4166-8353-30af5bd7be23 status=success content_len=1541
2026-05-15 19:44:39,208 [INFO] app.services.debate_engine.round_manager: WS emit message_created: turn=784ccdc6-1c22-46b1-b6cc-b514993b1d6a round=1 agent=74999ee1-5979-4b00-91bc-71165ae8548c status=success content_len=1541
2026-05-15 19:44:39,208 [INFO] app.services.debate_engine.round_manager: Agent Economist done in 0.02s status=success round=1
2026-05-15 19:44:39,208 [INFO] app.services.debate_engine.round_manager: Agent Ethicist done in 0.02s status=success round=1
2026-05-15 19:44:39,209 [INFO] app.services.debate_engine.round_manager: Agent Engineer done in 0.02s status=success round=1
2026-05-15 19:44:39,209 [INFO] app.services.debate_engine.round_manager: Round 1 parallel done in 0.02s failed=0/3
2026-05-15 19:44:39,212 [INFO] app.services.debate_engine.round_manager: Round 1 completed.
2026-05-15 19:44:39,212 [INFO] app.services.debate_engine.round_manager: WS emit round_completed round=1 turn=784ccdc6-1c22-46b1-b6cc-b514993b1d6a
2026-05-15 19:44:39,217 [INFO] app.services.debate_engine.round_manager: Round 2 running (id=801439b2-139a-48d7-aa7c-bfd999a9ef3d, turn=784ccdc6-1c22-46b1-b6cc-b514993b1d6a)
2026-05-15 19:44:39,218 [INFO] app.services.debate_engine.round_manager: WS emit round_started round=2 turn=784ccdc6-1c22-46b1-b6cc-b514993b1d6a
2026-05-15 19:44:39,218 [INFO] app.services.debate_engine.round_manager: Round 2 parallel start agents=3 concurrency=3
2026-05-15 19:44:39,222 [INFO] app.services.debate_engine.round_manager: WS emit agent_started: turn=784ccdc6-1c22-46b1-b6cc-b514993b1d6a round=2 agent=f885f793-873f-4c78-a739-01517b793867 role=Economist type=critique idx=0
2026-05-15 19:44:39,222 [INFO] app.services.debate_engine.round_manager: LLM start: turn=784ccdc6-1c22-46b1-b6cc-b514993b1d6a round=2 agent=f885f793-873f-4c78-a739-01517b793867 role=Economist provider=openrouter model=anthropic/claude-sonnet-4.5 prompt_chars=8158 est_prompt_tokens=2039 max_tokens=1800 retrieval_chunks=0 started_at=2026-05-15T10:44:39.222787+00:00
2026-05-15 19:44:39,223 [INFO] app.services.debate_engine.round_manager: LLM done: turn=784ccdc6-1c22-46b1-b6cc-b514993b1d6a round=2 agent=f885f793-873f-4c78-a739-01517b793867 status=success duration_ms=0 provider_latency_ms=1 output_chars=1718 prompt_tokens=10 completion_tokens=50 finished_at=2026-05-15T10:44:39.223516+00:00
2026-05-15 19:44:39,224 [INFO] app.services.debate_engine.round_manager: WS emit agent_started: turn=784ccdc6-1c22-46b1-b6cc-b514993b1d6a round=2 agent=8d79ba8e-f878-4166-8353-30af5bd7be23 role=Ethicist type=critique idx=1
2026-05-15 19:44:39,225 [INFO] app.services.debate_engine.round_manager: LLM start: turn=784ccdc6-1c22-46b1-b6cc-b514993b1d6a round=2 agent=8d79ba8e-f878-4166-8353-30af5bd7be23 role=Ethicist provider=openrouter model=anthropic/claude-sonnet-4.5 prompt_chars=8158 est_prompt_tokens=2039 max_tokens=1800 retrieval_chunks=0 started_at=2026-05-15T10:44:39.225250+00:00
2026-05-15 19:44:39,226 [INFO] app.services.debate_engine.round_manager: LLM done: turn=784ccdc6-1c22-46b1-b6cc-b514993b1d6a round=2 agent=8d79ba8e-f878-4166-8353-30af5bd7be23 status=success duration_ms=1 provider_latency_ms=1 output_chars=1718 prompt_tokens=10 completion_tokens=50 finished_at=2026-05-15T10:44:39.226263+00:00
2026-05-15 19:44:39,227 [INFO] app.services.debate_engine.round_manager: WS emit agent_started: turn=784ccdc6-1c22-46b1-b6cc-b514993b1d6a round=2 agent=74999ee1-5979-4b00-91bc-71165ae8548c role=Engineer type=critique idx=2
2026-05-15 19:44:39,227 [INFO] app.services.debate_engine.round_manager: LLM start: turn=784ccdc6-1c22-46b1-b6cc-b514993b1d6a round=2 agent=74999ee1-5979-4b00-91bc-71165ae8548c role=Engineer provider=openrouter model=anthropic/claude-sonnet-4.5 prompt_chars=8158 est_prompt_tokens=2039 max_tokens=1800 retrieval_chunks=0 started_at=2026-05-15T10:44:39.227514+00:00
2026-05-15 19:44:39,228 [INFO] app.services.debate_engine.round_manager: LLM done: turn=784ccdc6-1c22-46b1-b6cc-b514993b1d6a round=2 agent=74999ee1-5979-4b00-91bc-71165ae8548c status=success duration_ms=0 provider_latency_ms=1 output_chars=1718 prompt_tokens=10 completion_tokens=50 finished_at=2026-05-15T10:44:39.228177+00:00
2026-05-15 19:44:39,235 [INFO] app.services.debate_engine.round_manager: WS emit message_created: turn=784ccdc6-1c22-46b1-b6cc-b514993b1d6a round=2 agent=f885f793-873f-4c78-a739-01517b793867 status=success content_len=1718
2026-05-15 19:44:39,236 [INFO] app.services.debate_engine.round_manager: WS emit message_created: turn=784ccdc6-1c22-46b1-b6cc-b514993b1d6a round=2 agent=8d79ba8e-f878-4166-8353-30af5bd7be23 status=success content_len=1718
2026-05-15 19:44:39,236 [INFO] app.services.debate_engine.round_manager: WS emit message_created: turn=784ccdc6-1c22-46b1-b6cc-b514993b1d6a round=2 agent=74999ee1-5979-4b00-91bc-71165ae8548c status=success content_len=1718
2026-05-15 19:44:39,236 [INFO] app.services.debate_engine.round_manager: Agent Economist done in 0.02s status=success round=2
2026-05-15 19:44:39,236 [INFO] app.services.debate_engine.round_manager: Agent Ethicist done in 0.02s status=success round=2
2026-05-15 19:44:39,236 [INFO] app.services.debate_engine.round_manager: Agent Engineer done in 0.02s status=success round=2
2026-05-15 19:44:39,236 [INFO] app.services.debate_engine.round_manager: Round 2 parallel done in 0.02s failed=0/3
2026-05-15 19:44:39,239 [INFO] app.services.debate_engine.round_manager: Round 2 completed.
2026-05-15 19:44:39,239 [INFO] app.services.debate_engine.round_manager: WS emit round_completed round=2 turn=784ccdc6-1c22-46b1-b6cc-b514993b1d6a
2026-05-15 19:44:39,245 [INFO] app.services.debate_engine.round_manager: Round 3 running (id=7ec60be0-f775-471d-9e7e-e1e4dc9fd11c, turn=784ccdc6-1c22-46b1-b6cc-b514993b1d6a)
2026-05-15 19:44:39,245 [INFO] app.services.debate_engine.round_manager: WS emit round_started round=3 turn=784ccdc6-1c22-46b1-b6cc-b514993b1d6a
2026-05-15 19:44:39,246 [INFO] app.services.debate_engine.round_manager: Round 3 parallel start agents=3 concurrency=3
2026-05-15 19:44:39,250 [INFO] app.services.debate_engine.round_manager: WS emit agent_started: turn=784ccdc6-1c22-46b1-b6cc-b514993b1d6a round=3 agent=f885f793-873f-4c78-a739-01517b793867 role=Economist type=final_summary idx=0
2026-05-15 19:44:39,250 [INFO] app.services.debate_engine.round_manager: LLM start: turn=784ccdc6-1c22-46b1-b6cc-b514993b1d6a round=3 agent=f885f793-873f-4c78-a739-01517b793867 role=Economist provider=openrouter model=anthropic/claude-sonnet-4.5 prompt_chars=9867 est_prompt_tokens=2466 max_tokens=2500 retrieval_chunks=0 started_at=2026-05-15T10:44:39.250868+00:00
2026-05-15 19:44:39,251 [INFO] app.services.debate_engine.round_manager: LLM done: turn=784ccdc6-1c22-46b1-b6cc-b514993b1d6a round=3 agent=f885f793-873f-4c78-a739-01517b793867 status=success duration_ms=0 provider_latency_ms=1 output_chars=2280 prompt_tokens=10 completion_tokens=50 finished_at=2026-05-15T10:44:39.251461+00:00
2026-05-15 19:44:39,252 [INFO] app.services.debate_engine.round_manager: WS emit agent_started: turn=784ccdc6-1c22-46b1-b6cc-b514993b1d6a round=3 agent=8d79ba8e-f878-4166-8353-30af5bd7be23 role=Ethicist type=final_summary idx=1
2026-05-15 19:44:39,252 [INFO] app.services.debate_engine.round_manager: LLM start: turn=784ccdc6-1c22-46b1-b6cc-b514993b1d6a round=3 agent=8d79ba8e-f878-4166-8353-30af5bd7be23 role=Ethicist provider=openrouter model=anthropic/claude-sonnet-4.5 prompt_chars=9866 est_prompt_tokens=2466 max_tokens=2500 retrieval_chunks=0 started_at=2026-05-15T10:44:39.252594+00:00
2026-05-15 19:44:39,253 [INFO] app.services.debate_engine.round_manager: LLM done: turn=784ccdc6-1c22-46b1-b6cc-b514993b1d6a round=3 agent=8d79ba8e-f878-4166-8353-30af5bd7be23 status=success duration_ms=0 provider_latency_ms=1 output_chars=2280 prompt_tokens=10 completion_tokens=50 finished_at=2026-05-15T10:44:39.253499+00:00
2026-05-15 19:44:39,254 [INFO] app.services.debate_engine.round_manager: WS emit agent_started: turn=784ccdc6-1c22-46b1-b6cc-b514993b1d6a round=3 agent=74999ee1-5979-4b00-91bc-71165ae8548c role=Engineer type=final_summary idx=2
2026-05-15 19:44:39,255 [INFO] app.services.debate_engine.round_manager: LLM start: turn=784ccdc6-1c22-46b1-b6cc-b514993b1d6a round=3 agent=74999ee1-5979-4b00-91bc-71165ae8548c role=Engineer provider=openrouter model=anthropic/claude-sonnet-4.5 prompt_chars=9866 est_prompt_tokens=2466 max_tokens=2500 retrieval_chunks=0 started_at=2026-05-15T10:44:39.255138+00:00
2026-05-15 19:44:39,255 [INFO] app.services.debate_engine.round_manager: LLM done: turn=784ccdc6-1c22-46b1-b6cc-b514993b1d6a round=3 agent=74999ee1-5979-4b00-91bc-71165ae8548c status=success duration_ms=0 provider_latency_ms=1 output_chars=2280 prompt_tokens=10 completion_tokens=50 finished_at=2026-05-15T10:44:39.255757+00:00
2026-05-15 19:44:39,263 [INFO] app.services.debate_engine.round_manager: WS emit message_created: turn=784ccdc6-1c22-46b1-b6cc-b514993b1d6a round=3 agent=f885f793-873f-4c78-a739-01517b793867 status=success content_len=2280
2026-05-15 19:44:39,263 [INFO] app.services.debate_engine.round_manager: WS emit message_created: turn=784ccdc6-1c22-46b1-b6cc-b514993b1d6a round=3 agent=8d79ba8e-f878-4166-8353-30af5bd7be23 status=success content_len=2280
2026-05-15 19:44:39,263 [INFO] app.services.debate_engine.round_manager: WS emit message_created: turn=784ccdc6-1c22-46b1-b6cc-b514993b1d6a round=3 agent=74999ee1-5979-4b00-91bc-71165ae8548c status=success content_len=2280
2026-05-15 19:44:39,264 [INFO] app.services.debate_engine.round_manager: Agent Economist done in 0.02s status=success round=3
2026-05-15 19:44:39,264 [INFO] app.services.debate_engine.round_manager: Agent Ethicist done in 0.02s status=success round=3
2026-05-15 19:44:39,264 [INFO] app.services.debate_engine.round_manager: Agent Engineer done in 0.02s status=success round=3
2026-05-15 19:44:39,264 [INFO] app.services.debate_engine.round_manager: Round 3 parallel done in 0.02s failed=0/3
2026-05-15 19:44:39,267 [INFO] app.services.debate_engine.round_manager: Round 3 completed.
2026-05-15 19:44:39,267 [INFO] app.services.debate_engine.round_manager: WS emit round_completed round=3 turn=784ccdc6-1c22-46b1-b6cc-b514993b1d6a
2026-05-15 19:44:39,269 [INFO] app.services.chat_engine: Turn 784ccdc6-1c22-46b1-b6cc-b514993b1d6a completed successfully.
2026-05-15 19:44:39,269 [INFO] app.services.chat_engine: WS emit turn_completed turn=784ccdc6-1c22-46b1-b6cc-b514993b1d6a
2026-05-15 19:44:39,270 [INFO] app.services.execution_runner: Turn 784ccdc6-1c22-46b1-b6cc-b514993b1d6a committed (failed=False)
2026-05-15 19:44:39,270 [INFO] httpx: HTTP Request: POST http://test/debates/start "HTTP/1.1 201 Created"
2026-05-15 19:44:39,289 [INFO] httpx: HTTP Request: GET http://test/debates/4f536190-2452-414c-a2f1-7cc27f2ec3ef "HTTP/1.1 200 OK"
------------------------------ Captured log call ------------------------------
INFO     app.services.execution_runner:execution_runner.py:74 Background execution starting for turn 784ccdc6-1c22-46b1-b6cc-b514993b1d6a
INFO     app.services.debate_engine.step_controller:step_controller.py:59 StepController: registered turn=784ccdc6-1c22-46b1-b6cc-b514993b1d6a mode=auto
INFO     app.services.chat_engine:chat_engine.py:112 Turn 784ccdc6-1c22-46b1-b6cc-b514993b1d6a started: question='Should AI be regulated?' agents=3
INFO     app.services.chat_engine:chat_engine.py:113 WS emit turn_started turn=784ccdc6-1c22-46b1-b6cc-b514993b1d6a
INFO     app.services.debate_engine.round_manager:round_manager.py:1172 Round 1 running (id=f308487c-a568-4db9-95de-0129a856913e, turn=784ccdc6-1c22-46b1-b6cc-b514993b1d6a)
INFO     app.services.debate_engine.round_manager:round_manager.py:1179 WS emit round_started round=1 turn=784ccdc6-1c22-46b1-b6cc-b514993b1d6a
INFO     app.services.debate_engine.round_manager:round_manager.py:903 Round 1 parallel start agents=3 concurrency=3
INFO     app.services.debate_engine.round_manager:round_manager.py:1400 WS emit agent_started: turn=784ccdc6-1c22-46b1-b6cc-b514993b1d6a round=1 agent=f885f793-873f-4c78-a739-01517b793867 role=Economist type=agent_response idx=0
INFO     app.services.debate_engine.round_manager:round_manager.py:1453 LLM start: turn=784ccdc6-1c22-46b1-b6cc-b514993b1d6a round=1 agent=f885f793-873f-4c78-a739-01517b793867 role=Economist provider=openrouter model=anthropic/claude-sonnet-4.5 prompt_chars=7803 est_prompt_tokens=1950 max_tokens=1800 retrieval_chunks=0 started_at=2026-05-15T10:44:39.194889+00:00
INFO     app.services.debate_engine.round_manager:round_manager.py:1588 LLM done: turn=784ccdc6-1c22-46b1-b6cc-b514993b1d6a round=1 agent=f885f793-873f-4c78-a739-01517b793867 status=success duration_ms=0 provider_latency_ms=1 output_chars=1541 prompt_tokens=10 completion_tokens=50 finished_at=2026-05-15T10:44:39.195552+00:00
INFO     app.services.debate_engine.round_manager:round_manager.py:1400 WS emit agent_started: turn=784ccdc6-1c22-46b1-b6cc-b514993b1d6a round=1 agent=8d79ba8e-f878-4166-8353-30af5bd7be23 role=Ethicist type=agent_response idx=1
INFO     app.services.debate_engine.round_manager:round_manager.py:1453 LLM start: turn=784ccdc6-1c22-46b1-b6cc-b514993b1d6a round=1 agent=8d79ba8e-f878-4166-8353-30af5bd7be23 role=Ethicist provider=openrouter model=anthropic/claude-sonnet-4.5 prompt_chars=7802 est_prompt_tokens=1950 max_tokens=1800 retrieval_chunks=0 started_at=2026-05-15T10:44:39.196701+00:00
INFO     app.services.debate_engine.round_manager:round_manager.py:1588 LLM done: turn=784ccdc6-1c22-46b1-b6cc-b514993b1d6a round=1 agent=8d79ba8e-f878-4166-8353-30af5bd7be23 status=success duration_ms=0 provider_latency_ms=1 output_chars=1541 prompt_tokens=10 completion_tokens=50 finished_at=2026-05-15T10:44:39.197556+00:00
INFO     app.services.debate_engine.round_manager:round_manager.py:1400 WS emit agent_started: turn=784ccdc6-1c22-46b1-b6cc-b514993b1d6a round=1 agent=74999ee1-5979-4b00-91bc-71165ae8548c role=Engineer type=agent_response idx=2
INFO     app.services.debate_engine.round_manager:round_manager.py:1453 LLM start: turn=784ccdc6-1c22-46b1-b6cc-b514993b1d6a round=1 agent=74999ee1-5979-4b00-91bc-71165ae8548c role=Engineer provider=openrouter model=anthropic/claude-sonnet-4.5 prompt_chars=7802 est_prompt_tokens=1950 max_tokens=1800 retrieval_chunks=0 started_at=2026-05-15T10:44:39.198927+00:00
INFO     app.services.debate_engine.round_manager:round_manager.py:1588 LLM done: turn=784ccdc6-1c22-46b1-b6cc-b514993b1d6a round=1 agent=74999ee1-5979-4b00-91bc-71165ae8548c status=success duration_ms=1 provider_latency_ms=1 output_chars=1541 prompt_tokens=10 completion_tokens=50 finished_at=2026-05-15T10:44:39.199978+00:00
INFO     app.services.debate_engine.round_manager:round_manager.py:1661 WS emit message_created: turn=784ccdc6-1c22-46b1-b6cc-b514993b1d6a round=1 agent=f885f793-873f-4c78-a739-01517b793867 status=success content_len=1541
INFO     app.services.debate_engine.round_manager:round_manager.py:1661 WS emit message_created: turn=784ccdc6-1c22-46b1-b6cc-b514993b1d6a round=1 agent=8d79ba8e-f878-4166-8353-30af5bd7be23 status=success content_len=1541
INFO     app.services.debate_engine.round_manager:round_manager.py:1661 WS emit message_created: turn=784ccdc6-1c22-46b1-b6cc-b514993b1d6a round=1 agent=74999ee1-5979-4b00-91bc-71165ae8548c status=success content_len=1541
INFO     app.services.debate_engine.round_manager:round_manager.py:1009 Agent Economist done in 0.02s status=success round=1
INFO     app.services.debate_engine.round_manager:round_manager.py:1009 Agent Ethicist done in 0.02s status=success round=1
INFO     app.services.debate_engine.round_manager:round_manager.py:1009 Agent Engineer done in 0.02s status=success round=1
INFO     app.services.debate_engine.round_manager:round_manager.py:948 Round 1 parallel done in 0.02s failed=0/3
INFO     app.services.debate_engine.round_manager:round_manager.py:1202 Round 1 completed.
INFO     app.services.debate_engine.round_manager:round_manager.py:1204 WS emit round_completed round=1 turn=784ccdc6-1c22-46b1-b6cc-b514993b1d6a
INFO     app.services.debate_engine.round_manager:round_manager.py:1172 Round 2 running (id=801439b2-139a-48d7-aa7c-bfd999a9ef3d, turn=784ccdc6-1c22-46b1-b6cc-b514993b1d6a)
INFO     app.services.debate_engine.round_manager:round_manager.py:1179 WS emit round_started round=2 turn=784ccdc6-1c22-46b1-b6cc-b514993b1d6a
INFO     app.services.debate_engine.round_manager:round_manager.py:903 Round 2 parallel start agents=3 concurrency=3
INFO     app.services.debate_engine.round_manager:round_manager.py:1400 WS emit agent_started: turn=784ccdc6-1c22-46b1-b6cc-b514993b1d6a round=2 agent=f885f793-873f-4c78-a739-01517b793867 role=Economist type=critique idx=0
INFO     app.services.debate_engine.round_manager:round_manager.py:1453 LLM start: turn=784ccdc6-1c22-46b1-b6cc-b514993b1d6a round=2 agent=f885f793-873f-4c78-a739-01517b793867 role=Economist provider=openrouter model=anthropic/claude-sonnet-4.5 prompt_chars=8158 est_prompt_tokens=2039 max_tokens=1800 retrieval_chunks=0 started_at=2026-05-15T10:44:39.222787+00:00
INFO     app.services.debate_engine.round_manager:round_manager.py:1588 LLM done: turn=784ccdc6-1c22-46b1-b6cc-b514993b1d6a round=2 agent=f885f793-873f-4c78-a739-01517b793867 status=success duration_ms=0 provider_latency_ms=1 output_chars=1718 prompt_tokens=10 completion_tokens=50 finished_at=2026-05-15T10:44:39.223516+00:00
INFO     app.services.debate_engine.round_manager:round_manager.py:1400 WS emit agent_started: turn=784ccdc6-1c22-46b1-b6cc-b514993b1d6a round=2 agent=8d79ba8e-f878-4166-8353-30af5bd7be23 role=Ethicist type=critique idx=1
INFO     app.services.debate_engine.round_manager:round_manager.py:1453 LLM start: turn=784ccdc6-1c22-46b1-b6cc-b514993b1d6a round=2 agent=8d79ba8e-f878-4166-8353-30af5bd7be23 role=Ethicist provider=openrouter model=anthropic/claude-sonnet-4.5 prompt_chars=8158 est_prompt_tokens=2039 max_tokens=1800 retrieval_chunks=0 started_at=2026-05-15T10:44:39.225250+00:00
INFO     app.services.debate_engine.round_manager:round_manager.py:1588 LLM done: turn=784ccdc6-1c22-46b1-b6cc-b514993b1d6a round=2 agent=8d79ba8e-f878-4166-8353-30af5bd7be23 status=success duration_ms=1 provider_latency_ms=1 output_chars=1718 prompt_tokens=10 completion_tokens=50 finished_at=2026-05-15T10:44:39.226263+00:00
INFO     app.services.debate_engine.round_manager:round_manager.py:1400 WS emit agent_started: turn=784ccdc6-1c22-46b1-b6cc-b514993b1d6a round=2 agent=74999ee1-5979-4b00-91bc-71165ae8548c role=Engineer type=critique idx=2
INFO     app.services.debate_engine.round_manager:round_manager.py:1453 LLM start: turn=784ccdc6-1c22-46b1-b6cc-b514993b1d6a round=2 agent=74999ee1-5979-4b00-91bc-71165ae8548c role=Engineer provider=openrouter model=anthropic/claude-sonnet-4.5 prompt_chars=8158 est_prompt_tokens=2039 max_tokens=1800 retrieval_chunks=0 started_at=2026-05-15T10:44:39.227514+00:00
INFO     app.services.debate_engine.round_manager:round_manager.py:1588 LLM done: turn=784ccdc6-1c22-46b1-b6cc-b514993b1d6a round=2 agent=74999ee1-5979-4b00-91bc-71165ae8548c status=success duration_ms=0 provider_latency_ms=1 output_chars=1718 prompt_tokens=10 completion_tokens=50 finished_at=2026-05-15T10:44:39.228177+00:00
INFO     app.services.debate_engine.round_manager:round_manager.py:1661 WS emit message_created: turn=784ccdc6-1c22-46b1-b6cc-b514993b1d6a round=2 agent=f885f793-873f-4c78-a739-01517b793867 status=success content_len=1718
INFO     app.services.debate_engine.round_manager:round_manager.py:1661 WS emit message_created: turn=784ccdc6-1c22-46b1-b6cc-b514993b1d6a round=2 agent=8d79ba8e-f878-4166-8353-30af5bd7be23 status=success content_len=1718
INFO     app.services.debate_engine.round_manager:round_manager.py:1661 WS emit message_created: turn=784ccdc6-1c22-46b1-b6cc-b514993b1d6a round=2 agent=74999ee1-5979-4b00-91bc-71165ae8548c status=success content_len=1718
INFO     app.services.debate_engine.round_manager:round_manager.py:1009 Agent Economist done in 0.02s status=success round=2
INFO     app.services.debate_engine.round_manager:round_manager.py:1009 Agent Ethicist done in 0.02s status=success round=2
INFO     app.services.debate_engine.round_manager:round_manager.py:1009 Agent Engineer done in 0.02s status=success round=2
INFO     app.services.debate_engine.round_manager:round_manager.py:948 Round 2 parallel done in 0.02s failed=0/3
INFO     app.services.debate_engine.round_manager:round_manager.py:1202 Round 2 completed.
INFO     app.services.debate_engine.round_manager:round_manager.py:1204 WS emit round_completed round=2 turn=784ccdc6-1c22-46b1-b6cc-b514993b1d6a
INFO     app.services.debate_engine.round_manager:round_manager.py:1172 Round 3 running (id=7ec60be0-f775-471d-9e7e-e1e4dc9fd11c, turn=784ccdc6-1c22-46b1-b6cc-b514993b1d6a)
INFO     app.services.debate_engine.round_manager:round_manager.py:1179 WS emit round_started round=3 turn=784ccdc6-1c22-46b1-b6cc-b514993b1d6a
INFO     app.services.debate_engine.round_manager:round_manager.py:903 Round 3 parallel start agents=3 concurrency=3
INFO     app.services.debate_engine.round_manager:round_manager.py:1400 WS emit agent_started: turn=784ccdc6-1c22-46b1-b6cc-b514993b1d6a round=3 agent=f885f793-873f-4c78-a739-01517b793867 role=Economist type=final_summary idx=0
INFO     app.services.debate_engine.round_manager:round_manager.py:1453 LLM start: turn=784ccdc6-1c22-46b1-b6cc-b514993b1d6a round=3 agent=f885f793-873f-4c78-a739-01517b793867 role=Economist provider=openrouter model=anthropic/claude-sonnet-4.5 prompt_chars=9867 est_prompt_tokens=2466 max_tokens=2500 retrieval_chunks=0 started_at=2026-05-15T10:44:39.250868+00:00
INFO     app.services.debate_engine.round_manager:round_manager.py:1588 LLM done: turn=784ccdc6-1c22-46b1-b6cc-b514993b1d6a round=3 agent=f885f793-873f-4c78-a739-01517b793867 status=success duration_ms=0 provider_latency_ms=1 output_chars=2280 prompt_tokens=10 completion_tokens=50 finished_at=2026-05-15T10:44:39.251461+00:00
INFO     app.services.debate_engine.round_manager:round_manager.py:1400 WS emit agent_started: turn=784ccdc6-1c22-46b1-b6cc-b514993b1d6a round=3 agent=8d79ba8e-f878-4166-8353-30af5bd7be23 role=Ethicist type=final_summary idx=1
INFO     app.services.debate_engine.round_manager:round_manager.py:1453 LLM start: turn=784ccdc6-1c22-46b1-b6cc-b514993b1d6a round=3 agent=8d79ba8e-f878-4166-8353-30af5bd7be23 role=Ethicist provider=openrouter model=anthropic/claude-sonnet-4.5 prompt_chars=9866 est_prompt_tokens=2466 max_tokens=2500 retrieval_chunks=0 started_at=2026-05-15T10:44:39.252594+00:00
INFO     app.services.debate_engine.round_manager:round_manager.py:1588 LLM done: turn=784ccdc6-1c22-46b1-b6cc-b514993b1d6a round=3 agent=8d79ba8e-f878-4166-8353-30af5bd7be23 status=success duration_ms=0 provider_latency_ms=1 output_chars=2280 prompt_tokens=10 completion_tokens=50 finished_at=2026-05-15T10:44:39.253499+00:00
INFO     app.services.debate_engine.round_manager:round_manager.py:1400 WS emit agent_started: turn=784ccdc6-1c22-46b1-b6cc-b514993b1d6a round=3 agent=74999ee1-5979-4b00-91bc-71165ae8548c role=Engineer type=final_summary idx=2
INFO     app.services.debate_engine.round_manager:round_manager.py:1453 LLM start: turn=784ccdc6-1c22-46b1-b6cc-b514993b1d6a round=3 agent=74999ee1-5979-4b00-91bc-71165ae8548c role=Engineer provider=openrouter model=anthropic/claude-sonnet-4.5 prompt_chars=9866 est_prompt_tokens=2466 max_tokens=2500 retrieval_chunks=0 started_at=2026-05-15T10:44:39.255138+00:00
INFO     app.services.debate_engine.round_manager:round_manager.py:1588 LLM done: turn=784ccdc6-1c22-46b1-b6cc-b514993b1d6a round=3 agent=74999ee1-5979-4b00-91bc-71165ae8548c status=success duration_ms=0 provider_latency_ms=1 output_chars=2280 prompt_tokens=10 completion_tokens=50 finished_at=2026-05-15T10:44:39.255757+00:00
INFO     app.services.debate_engine.round_manager:round_manager.py:1661 WS emit message_created: turn=784ccdc6-1c22-46b1-b6cc-b514993b1d6a round=3 agent=f885f793-873f-4c78-a739-01517b793867 status=success content_len=2280
INFO     app.services.debate_engine.round_manager:round_manager.py:1661 WS emit message_created: turn=784ccdc6-1c22-46b1-b6cc-b514993b1d6a round=3 agent=8d79ba8e-f878-4166-8353-30af5bd7be23 status=success content_len=2280
INFO     app.services.debate_engine.round_manager:round_manager.py:1661 WS emit message_created: turn=784ccdc6-1c22-46b1-b6cc-b514993b1d6a round=3 agent=74999ee1-5979-4b00-91bc-71165ae8548c status=success content_len=2280
INFO     app.services.debate_engine.round_manager:round_manager.py:1009 Agent Economist done in 0.02s status=success round=3
INFO     app.services.debate_engine.round_manager:round_manager.py:1009 Agent Ethicist done in 0.02s status=success round=3
INFO     app.services.debate_engine.round_manager:round_manager.py:1009 Agent Engineer done in 0.02s status=success round=3
INFO     app.services.debate_engine.round_manager:round_manager.py:948 Round 3 parallel done in 0.02s failed=0/3
INFO     app.services.debate_engine.round_manager:round_manager.py:1202 Round 3 completed.
INFO     app.services.debate_engine.round_manager:round_manager.py:1204 WS emit round_completed round=3 turn=784ccdc6-1c22-46b1-b6cc-b514993b1d6a
INFO     app.services.chat_engine:chat_engine.py:149 Turn 784ccdc6-1c22-46b1-b6cc-b514993b1d6a completed successfully.
INFO     app.services.chat_engine:chat_engine.py:150 WS emit turn_completed turn=784ccdc6-1c22-46b1-b6cc-b514993b1d6a
INFO     app.services.execution_runner:execution_runner.py:134 Turn 784ccdc6-1c22-46b1-b6cc-b514993b1d6a committed (failed=False)
INFO     httpx:_client.py:1740 HTTP Request: POST http://test/debates/start "HTTP/1.1 201 Created"
INFO     httpx:_client.py:1740 HTTP Request: GET http://test/debates/4f536190-2452-414c-a2f1-7cc27f2ec3ef "HTTP/1.1 200 OK"
D:\Programing\Teamwork\Agora\Agora\server\tests\api\test_debates.py:209: AssertionError: assert 'confidence' in {'display_content': 'Mock stance: this topic has multiple valid perspectives.', 'is_fallback': False, 'key_points': ['...argument addressing counterpoints.'], 'main_argument': 'Mock stance: this topic has multiple valid perspectives.', ...}
E   AssertionError: assert 'critiques' in {'assumption_attacked': 'Relies on anecdotal evidence rather than data.', 'challenge': 'The opposing argument lacks em...n constraints and provide clearer evidence.', 'display_content': 'The opposing argument lacks empirical support.', ...}
---------------------------- Captured stderr call -----------------------------
2026-05-15 19:44:39,570 [INFO] app.services.execution_runner: Background execution starting for turn b276ad81-ece7-4549-ba13-d25c6cc616f1
2026-05-15 19:44:39,573 [INFO] app.services.debate_engine.step_controller: StepController: registered turn=b276ad81-ece7-4549-ba13-d25c6cc616f1 mode=auto
2026-05-15 19:44:39,584 [INFO] app.services.chat_engine: Turn b276ad81-ece7-4549-ba13-d25c6cc616f1 started: question='Should AI be regulated?' agents=2
2026-05-15 19:44:39,584 [INFO] app.services.chat_engine: WS emit turn_started turn=b276ad81-ece7-4549-ba13-d25c6cc616f1
2026-05-15 19:44:39,589 [INFO] app.services.debate_engine.round_manager: Round 1 running (id=faa11cdc-f589-42ca-9b84-00ec4cd5fa96, turn=b276ad81-ece7-4549-ba13-d25c6cc616f1)
2026-05-15 19:44:39,589 [INFO] app.services.debate_engine.round_manager: WS emit round_started round=1 turn=b276ad81-ece7-4549-ba13-d25c6cc616f1
2026-05-15 19:44:39,589 [INFO] app.services.debate_engine.round_manager: Round 1 parallel start agents=2 concurrency=2
2026-05-15 19:44:39,591 [INFO] app.services.debate_engine.round_manager: WS emit agent_started: turn=b276ad81-ece7-4549-ba13-d25c6cc616f1 round=1 agent=b3970054-b2f8-4208-89d5-4a945aa9213d role=Economist type=agent_response idx=0
2026-05-15 19:44:39,592 [INFO] app.services.debate_engine.round_manager: LLM start: turn=b276ad81-ece7-4549-ba13-d25c6cc616f1 round=1 agent=b3970054-b2f8-4208-89d5-4a945aa9213d role=Economist provider=openrouter model=anthropic/claude-sonnet-4.5 prompt_chars=7803 est_prompt_tokens=1950 max_tokens=1800 retrieval_chunks=0 started_at=2026-05-15T10:44:39.592078+00:00
2026-05-15 19:44:39,592 [INFO] app.services.debate_engine.round_manager: LLM done: turn=b276ad81-ece7-4549-ba13-d25c6cc616f1 round=1 agent=b3970054-b2f8-4208-89d5-4a945aa9213d status=success duration_ms=0 provider_latency_ms=1 output_chars=1541 prompt_tokens=10 completion_tokens=50 finished_at=2026-05-15T10:44:39.592890+00:00
2026-05-15 19:44:39,594 [INFO] app.services.debate_engine.round_manager: WS emit agent_started: turn=b276ad81-ece7-4549-ba13-d25c6cc616f1 round=1 agent=8093ed8c-06af-4533-870b-87284e9b0e9c role=Ethicist type=agent_response idx=1
2026-05-15 19:44:39,594 [INFO] app.services.debate_engine.round_manager: LLM start: turn=b276ad81-ece7-4549-ba13-d25c6cc616f1 round=1 agent=8093ed8c-06af-4533-870b-87284e9b0e9c role=Ethicist provider=openrouter model=anthropic/claude-sonnet-4.5 prompt_chars=7802 est_prompt_tokens=1950 max_tokens=1800 retrieval_chunks=0 started_at=2026-05-15T10:44:39.594584+00:00
2026-05-15 19:44:39,595 [INFO] app.services.debate_engine.round_manager: LLM done: turn=b276ad81-ece7-4549-ba13-d25c6cc616f1 round=1 agent=8093ed8c-06af-4533-870b-87284e9b0e9c status=success duration_ms=0 provider_latency_ms=1 output_chars=1541 prompt_tokens=10 completion_tokens=50 finished_at=2026-05-15T10:44:39.595195+00:00
2026-05-15 19:44:39,599 [INFO] app.services.debate_engine.round_manager: WS emit message_created: turn=b276ad81-ece7-4549-ba13-d25c6cc616f1 round=1 agent=b3970054-b2f8-4208-89d5-4a945aa9213d status=success content_len=1541
2026-05-15 19:44:39,599 [INFO] app.services.debate_engine.round_manager: WS emit message_created: turn=b276ad81-ece7-4549-ba13-d25c6cc616f1 round=1 agent=8093ed8c-06af-4533-870b-87284e9b0e9c status=success content_len=1541
2026-05-15 19:44:39,600 [INFO] app.services.debate_engine.round_manager: Agent Economist done in 0.01s status=success round=1
2026-05-15 19:44:39,600 [INFO] app.services.debate_engine.round_manager: Agent Ethicist done in 0.01s status=success round=1
2026-05-15 19:44:39,600 [INFO] app.services.debate_engine.round_manager: Round 1 parallel done in 0.01s failed=0/2
2026-05-15 19:44:39,603 [INFO] app.services.debate_engine.round_manager: Round 1 completed.
2026-05-15 19:44:39,604 [INFO] app.services.debate_engine.round_manager: WS emit round_completed round=1 turn=b276ad81-ece7-4549-ba13-d25c6cc616f1
2026-05-15 19:44:39,610 [INFO] app.services.debate_engine.round_manager: Round 2 running (id=0aef86e6-c8d3-4a78-be13-419a620c2c9d, turn=b276ad81-ece7-4549-ba13-d25c6cc616f1)
2026-05-15 19:44:39,610 [INFO] app.services.debate_engine.round_manager: WS emit round_started round=2 turn=b276ad81-ece7-4549-ba13-d25c6cc616f1
2026-05-15 19:44:39,610 [INFO] app.services.debate_engine.round_manager: Round 2 parallel start agents=2 concurrency=2
2026-05-15 19:44:39,613 [INFO] app.services.debate_engine.round_manager: WS emit agent_started: turn=b276ad81-ece7-4549-ba13-d25c6cc616f1 round=2 agent=b3970054-b2f8-4208-89d5-4a945aa9213d role=Economist type=critique idx=0
2026-05-15 19:44:39,613 [INFO] app.services.debate_engine.round_manager: LLM start: turn=b276ad81-ece7-4549-ba13-d25c6cc616f1 round=2 agent=b3970054-b2f8-4208-89d5-4a945aa9213d role=Economist provider=openrouter model=anthropic/claude-sonnet-4.5 prompt_chars=7962 est_prompt_tokens=1990 max_tokens=1800 retrieval_chunks=0 started_at=2026-05-15T10:44:39.613519+00:00
2026-05-15 19:44:39,614 [INFO] app.services.debate_engine.round_manager: LLM done: turn=b276ad81-ece7-4549-ba13-d25c6cc616f1 round=2 agent=b3970054-b2f8-4208-89d5-4a945aa9213d status=success duration_ms=0 provider_latency_ms=1 output_chars=1718 prompt_tokens=10 completion_tokens=50 finished_at=2026-05-15T10:44:39.614501+00:00
2026-05-15 19:44:39,615 [INFO] app.services.debate_engine.round_manager: WS emit agent_started: turn=b276ad81-ece7-4549-ba13-d25c6cc616f1 round=2 agent=8093ed8c-06af-4533-870b-87284e9b0e9c role=Ethicist type=critique idx=1
2026-05-15 19:44:39,615 [INFO] app.services.debate_engine.round_manager: LLM start: turn=b276ad81-ece7-4549-ba13-d25c6cc616f1 round=2 agent=8093ed8c-06af-4533-870b-87284e9b0e9c role=Ethicist provider=openrouter model=anthropic/claude-sonnet-4.5 prompt_chars=7962 est_prompt_tokens=1990 max_tokens=1800 retrieval_chunks=0 started_at=2026-05-15T10:44:39.615936+00:00
2026-05-15 19:44:39,616 [INFO] app.services.debate_engine.round_manager: LLM done: turn=b276ad81-ece7-4549-ba13-d25c6cc616f1 round=2 agent=8093ed8c-06af-4533-870b-87284e9b0e9c status=success duration_ms=0 provider_latency_ms=1 output_chars=1718 prompt_tokens=10 completion_tokens=50 finished_at=2026-05-15T10:44:39.616511+00:00
2026-05-15 19:44:39,620 [INFO] app.services.debate_engine.round_manager: WS emit message_created: turn=b276ad81-ece7-4549-ba13-d25c6cc616f1 round=2 agent=b3970054-b2f8-4208-89d5-4a945aa9213d status=success content_len=1718
2026-05-15 19:44:39,620 [INFO] app.services.debate_engine.round_manager: WS emit message_created: turn=b276ad81-ece7-4549-ba13-d25c6cc616f1 round=2 agent=8093ed8c-06af-4533-870b-87284e9b0e9c status=success content_len=1718
2026-05-15 19:44:39,621 [INFO] app.services.debate_engine.round_manager: Agent Economist done in 0.01s status=success round=2
2026-05-15 19:44:39,621 [INFO] app.services.debate_engine.round_manager: Agent Ethicist done in 0.01s status=success round=2
2026-05-15 19:44:39,621 [INFO] app.services.debate_engine.round_manager: Round 2 parallel done in 0.01s failed=0/2
2026-05-15 19:44:39,624 [INFO] app.services.debate_engine.round_manager: Round 2 completed.
2026-05-15 19:44:39,624 [INFO] app.services.debate_engine.round_manager: WS emit round_completed round=2 turn=b276ad81-ece7-4549-ba13-d25c6cc616f1
2026-05-15 19:44:39,629 [INFO] app.services.debate_engine.round_manager: Round 3 running (id=b60b51a5-e10c-4002-97b2-9473b9c5e71b, turn=b276ad81-ece7-4549-ba13-d25c6cc616f1)
2026-05-15 19:44:39,630 [INFO] app.services.debate_engine.round_manager: WS emit round_started round=3 turn=b276ad81-ece7-4549-ba13-d25c6cc616f1
2026-05-15 19:44:39,630 [INFO] app.services.debate_engine.round_manager: Round 3 parallel start agents=2 concurrency=2
2026-05-15 19:44:39,632 [INFO] app.services.debate_engine.round_manager: WS emit agent_started: turn=b276ad81-ece7-4549-ba13-d25c6cc616f1 round=3 agent=b3970054-b2f8-4208-89d5-4a945aa9213d role=Economist type=final_summary idx=0
2026-05-15 19:44:39,632 [INFO] app.services.debate_engine.round_manager: LLM start: turn=b276ad81-ece7-4549-ba13-d25c6cc616f1 round=3 agent=b3970054-b2f8-4208-89d5-4a945aa9213d role=Economist provider=openrouter model=anthropic/claude-sonnet-4.5 prompt_chars=9860 est_prompt_tokens=2465 max_tokens=2500 retrieval_chunks=0 started_at=2026-05-15T10:44:39.632420+00:00
2026-05-15 19:44:39,633 [INFO] app.services.debate_engine.round_manager: LLM done: turn=b276ad81-ece7-4549-ba13-d25c6cc616f1 round=3 agent=b3970054-b2f8-4208-89d5-4a945aa9213d status=success duration_ms=0 provider_latency_ms=1 output_chars=2280 prompt_tokens=10 completion_tokens=50 finished_at=2026-05-15T10:44:39.633010+00:00
2026-05-15 19:44:39,634 [INFO] app.services.debate_engine.round_manager: WS emit agent_started: turn=b276ad81-ece7-4549-ba13-d25c6cc616f1 round=3 agent=8093ed8c-06af-4533-870b-87284e9b0e9c role=Ethicist type=final_summary idx=1
2026-05-15 19:44:39,635 [INFO] app.services.debate_engine.round_manager: LLM start: turn=b276ad81-ece7-4549-ba13-d25c6cc616f1 round=3 agent=8093ed8c-06af-4533-870b-87284e9b0e9c role=Ethicist provider=openrouter model=anthropic/claude-sonnet-4.5 prompt_chars=9859 est_prompt_tokens=2464 max_tokens=2500 retrieval_chunks=0 started_at=2026-05-15T10:44:39.635146+00:00
2026-05-15 19:44:39,636 [INFO] app.services.debate_engine.round_manager: LLM done: turn=b276ad81-ece7-4549-ba13-d25c6cc616f1 round=3 agent=8093ed8c-06af-4533-870b-87284e9b0e9c status=success duration_ms=1 provider_latency_ms=1 output_chars=2280 prompt_tokens=10 completion_tokens=50 finished_at=2026-05-15T10:44:39.636351+00:00
2026-05-15 19:44:39,641 [INFO] app.services.debate_engine.round_manager: WS emit message_created: turn=b276ad81-ece7-4549-ba13-d25c6cc616f1 round=3 agent=b3970054-b2f8-4208-89d5-4a945aa9213d status=success content_len=2280
2026-05-15 19:44:39,642 [INFO] app.services.debate_engine.round_manager: WS emit message_created: turn=b276ad81-ece7-4549-ba13-d25c6cc616f1 round=3 agent=8093ed8c-06af-4533-870b-87284e9b0e9c status=success content_len=2280
2026-05-15 19:44:39,643 [INFO] app.services.debate_engine.round_manager: Agent Economist done in 0.01s status=success round=3
2026-05-15 19:44:39,643 [INFO] app.services.debate_engine.round_manager: Agent Ethicist done in 0.01s status=success round=3
2026-05-15 19:44:39,643 [INFO] app.services.debate_engine.round_manager: Round 3 parallel done in 0.01s failed=0/2
2026-05-15 19:44:39,645 [INFO] app.services.debate_engine.round_manager: Round 3 completed.
2026-05-15 19:44:39,645 [INFO] app.services.debate_engine.round_manager: WS emit round_completed round=3 turn=b276ad81-ece7-4549-ba13-d25c6cc616f1
2026-05-15 19:44:39,646 [INFO] app.services.chat_engine: Turn b276ad81-ece7-4549-ba13-d25c6cc616f1 completed successfully.
2026-05-15 19:44:39,646 [INFO] app.services.chat_engine: WS emit turn_completed turn=b276ad81-ece7-4549-ba13-d25c6cc616f1
2026-05-15 19:44:39,647 [INFO] app.services.execution_runner: Turn b276ad81-ece7-4549-ba13-d25c6cc616f1 committed (failed=False)
2026-05-15 19:44:39,647 [INFO] httpx: HTTP Request: POST http://test/debates/start "HTTP/1.1 201 Created"
2026-05-15 19:44:39,669 [INFO] httpx: HTTP Request: GET http://test/debates/aa43d5ee-1048-44cf-96c6-45c06777ea35 "HTTP/1.1 200 OK"
------------------------------ Captured log call ------------------------------
INFO     app.services.execution_runner:execution_runner.py:74 Background execution starting for turn b276ad81-ece7-4549-ba13-d25c6cc616f1
INFO     app.services.debate_engine.step_controller:step_controller.py:59 StepController: registered turn=b276ad81-ece7-4549-ba13-d25c6cc616f1 mode=auto
INFO     app.services.chat_engine:chat_engine.py:112 Turn b276ad81-ece7-4549-ba13-d25c6cc616f1 started: question='Should AI be regulated?' agents=2
INFO     app.services.chat_engine:chat_engine.py:113 WS emit turn_started turn=b276ad81-ece7-4549-ba13-d25c6cc616f1
INFO     app.services.debate_engine.round_manager:round_manager.py:1172 Round 1 running (id=faa11cdc-f589-42ca-9b84-00ec4cd5fa96, turn=b276ad81-ece7-4549-ba13-d25c6cc616f1)
INFO     app.services.debate_engine.round_manager:round_manager.py:1179 WS emit round_started round=1 turn=b276ad81-ece7-4549-ba13-d25c6cc616f1
INFO     app.services.debate_engine.round_manager:round_manager.py:903 Round 1 parallel start agents=2 concurrency=2
INFO     app.services.debate_engine.round_manager:round_manager.py:1400 WS emit agent_started: turn=b276ad81-ece7-4549-ba13-d25c6cc616f1 round=1 agent=b3970054-b2f8-4208-89d5-4a945aa9213d role=Economist type=agent_response idx=0
INFO     app.services.debate_engine.round_manager:round_manager.py:1453 LLM start: turn=b276ad81-ece7-4549-ba13-d25c6cc616f1 round=1 agent=b3970054-b2f8-4208-89d5-4a945aa9213d role=Economist provider=openrouter model=anthropic/claude-sonnet-4.5 prompt_chars=7803 est_prompt_tokens=1950 max_tokens=1800 retrieval_chunks=0 started_at=2026-05-15T10:44:39.592078+00:00
INFO     app.services.debate_engine.round_manager:round_manager.py:1588 LLM done: turn=b276ad81-ece7-4549-ba13-d25c6cc616f1 round=1 agent=b3970054-b2f8-4208-89d5-4a945aa9213d status=success duration_ms=0 provider_latency_ms=1 output_chars=1541 prompt_tokens=10 completion_tokens=50 finished_at=2026-05-15T10:44:39.592890+00:00
INFO     app.services.debate_engine.round_manager:round_manager.py:1400 WS emit agent_started: turn=b276ad81-ece7-4549-ba13-d25c6cc616f1 round=1 agent=8093ed8c-06af-4533-870b-87284e9b0e9c role=Ethicist type=agent_response idx=1
INFO     app.services.debate_engine.round_manager:round_manager.py:1453 LLM start: turn=b276ad81-ece7-4549-ba13-d25c6cc616f1 round=1 agent=8093ed8c-06af-4533-870b-87284e9b0e9c role=Ethicist provider=openrouter model=anthropic/claude-sonnet-4.5 prompt_chars=7802 est_prompt_tokens=1950 max_tokens=1800 retrieval_chunks=0 started_at=2026-05-15T10:44:39.594584+00:00
INFO     app.services.debate_engine.round_manager:round_manager.py:1588 LLM done: turn=b276ad81-ece7-4549-ba13-d25c6cc616f1 round=1 agent=8093ed8c-06af-4533-870b-87284e9b0e9c status=success duration_ms=0 provider_latency_ms=1 output_chars=1541 prompt_tokens=10 completion_tokens=50 finished_at=2026-05-15T10:44:39.595195+00:00
INFO     app.services.debate_engine.round_manager:round_manager.py:1661 WS emit message_created: turn=b276ad81-ece7-4549-ba13-d25c6cc616f1 round=1 agent=b3970054-b2f8-4208-89d5-4a945aa9213d status=success content_len=1541
INFO     app.services.debate_engine.round_manager:round_manager.py:1661 WS emit message_created: turn=b276ad81-ece7-4549-ba13-d25c6cc616f1 round=1 agent=8093ed8c-06af-4533-870b-87284e9b0e9c status=success content_len=1541
INFO     app.services.debate_engine.round_manager:round_manager.py:1009 Agent Economist done in 0.01s status=success round=1
INFO     app.services.debate_engine.round_manager:round_manager.py:1009 Agent Ethicist done in 0.01s status=success round=1
INFO     app.services.debate_engine.round_manager:round_manager.py:948 Round 1 parallel done in 0.01s failed=0/2
INFO     app.services.debate_engine.round_manager:round_manager.py:1202 Round 1 completed.
INFO     app.services.debate_engine.round_manager:round_manager.py:1204 WS emit round_completed round=1 turn=b276ad81-ece7-4549-ba13-d25c6cc616f1
INFO     app.services.debate_engine.round_manager:round_manager.py:1172 Round 2 running (id=0aef86e6-c8d3-4a78-be13-419a620c2c9d, turn=b276ad81-ece7-4549-ba13-d25c6cc616f1)
INFO     app.services.debate_engine.round_manager:round_manager.py:1179 WS emit round_started round=2 turn=b276ad81-ece7-4549-ba13-d25c6cc616f1
INFO     app.services.debate_engine.round_manager:round_manager.py:903 Round 2 parallel start agents=2 concurrency=2
INFO     app.services.debate_engine.round_manager:round_manager.py:1400 WS emit agent_started: turn=b276ad81-ece7-4549-ba13-d25c6cc616f1 round=2 agent=b3970054-b2f8-4208-89d5-4a945aa9213d role=Economist type=critique idx=0
INFO     app.services.debate_engine.round_manager:round_manager.py:1453 LLM start: turn=b276ad81-ece7-4549-ba13-d25c6cc616f1 round=2 agent=b3970054-b2f8-4208-89d5-4a945aa9213d role=Economist provider=openrouter model=anthropic/claude-sonnet-4.5 prompt_chars=7962 est_prompt_tokens=1990 max_tokens=1800 retrieval_chunks=0 started_at=2026-05-15T10:44:39.613519+00:00
INFO     app.services.debate_engine.round_manager:round_manager.py:1588 LLM done: turn=b276ad81-ece7-4549-ba13-d25c6cc616f1 round=2 agent=b3970054-b2f8-4208-89d5-4a945aa9213d status=success duration_ms=0 provider_latency_ms=1 output_chars=1718 prompt_tokens=10 completion_tokens=50 finished_at=2026-05-15T10:44:39.614501+00:00
INFO     app.services.debate_engine.round_manager:round_manager.py:1400 WS emit agent_started: turn=b276ad81-ece7-4549-ba13-d25c6cc616f1 round=2 agent=8093ed8c-06af-4533-870b-87284e9b0e9c role=Ethicist type=critique idx=1
INFO     app.services.debate_engine.round_manager:round_manager.py:1453 LLM start: turn=b276ad81-ece7-4549-ba13-d25c6cc616f1 round=2 agent=8093ed8c-06af-4533-870b-87284e9b0e9c role=Ethicist provider=openrouter model=anthropic/claude-sonnet-4.5 prompt_chars=7962 est_prompt_tokens=1990 max_tokens=1800 retrieval_chunks=0 started_at=2026-05-15T10:44:39.615936+00:00
INFO     app.services.debate_engine.round_manager:round_manager.py:1588 LLM done: turn=b276ad81-ece7-4549-ba13-d25c6cc616f1 round=2 agent=8093ed8c-06af-4533-870b-87284e9b0e9c status=success duration_ms=0 provider_latency_ms=1 output_chars=1718 prompt_tokens=10 completion_tokens=50 finished_at=2026-05-15T10:44:39.616511+00:00
INFO     app.services.debate_engine.round_manager:round_manager.py:1661 WS emit message_created: turn=b276ad81-ece7-4549-ba13-d25c6cc616f1 round=2 agent=b3970054-b2f8-4208-89d5-4a945aa9213d status=success content_len=1718
INFO     app.services.debate_engine.round_manager:round_manager.py:1661 WS emit message_created: turn=b276ad81-ece7-4549-ba13-d25c6cc616f1 round=2 agent=8093ed8c-06af-4533-870b-87284e9b0e9c status=success content_len=1718
INFO     app.services.debate_engine.round_manager:round_manager.py:1009 Agent Economist done in 0.01s status=success round=2
INFO     app.services.debate_engine.round_manager:round_manager.py:1009 Agent Ethicist done in 0.01s status=success round=2
INFO     app.services.debate_engine.round_manager:round_manager.py:948 Round 2 parallel done in 0.01s failed=0/2
INFO     app.services.debate_engine.round_manager:round_manager.py:1202 Round 2 completed.
INFO     app.services.debate_engine.round_manager:round_manager.py:1204 WS emit round_completed round=2 turn=b276ad81-ece7-4549-ba13-d25c6cc616f1
INFO     app.services.debate_engine.round_manager:round_manager.py:1172 Round 3 running (id=b60b51a5-e10c-4002-97b2-9473b9c5e71b, turn=b276ad81-ece7-4549-ba13-d25c6cc616f1)
INFO     app.services.debate_engine.round_manager:round_manager.py:1179 WS emit round_started round=3 turn=b276ad81-ece7-4549-ba13-d25c6cc616f1
INFO     app.services.debate_engine.round_manager:round_manager.py:903 Round 3 parallel start agents=2 concurrency=2
INFO     app.services.debate_engine.round_manager:round_manager.py:1400 WS emit agent_started: turn=b276ad81-ece7-4549-ba13-d25c6cc616f1 round=3 agent=b3970054-b2f8-4208-89d5-4a945aa9213d role=Economist type=final_summary idx=0
INFO     app.services.debate_engine.round_manager:round_manager.py:1453 LLM start: turn=b276ad81-ece7-4549-ba13-d25c6cc616f1 round=3 agent=b3970054-b2f8-4208-89d5-4a945aa9213d role=Economist provider=openrouter model=anthropic/claude-sonnet-4.5 prompt_chars=9860 est_prompt_tokens=2465 max_tokens=2500 retrieval_chunks=0 started_at=2026-05-15T10:44:39.632420+00:00
INFO     app.services.debate_engine.round_manager:round_manager.py:1588 LLM done: turn=b276ad81-ece7-4549-ba13-d25c6cc616f1 round=3 agent=b3970054-b2f8-4208-89d5-4a945aa9213d status=success duration_ms=0 provider_latency_ms=1 output_chars=2280 prompt_tokens=10 completion_tokens=50 finished_at=2026-05-15T10:44:39.633010+00:00
INFO     app.services.debate_engine.round_manager:round_manager.py:1400 WS emit agent_started: turn=b276ad81-ece7-4549-ba13-d25c6cc616f1 round=3 agent=8093ed8c-06af-4533-870b-87284e9b0e9c role=Ethicist type=final_summary idx=1
INFO     app.services.debate_engine.round_manager:round_manager.py:1453 LLM start: turn=b276ad81-ece7-4549-ba13-d25c6cc616f1 round=3 agent=8093ed8c-06af-4533-870b-87284e9b0e9c role=Ethicist provider=openrouter model=anthropic/claude-sonnet-4.5 prompt_chars=9859 est_prompt_tokens=2464 max_tokens=2500 retrieval_chunks=0 started_at=2026-05-15T10:44:39.635146+00:00
INFO     app.services.debate_engine.round_manager:round_manager.py:1588 LLM done: turn=b276ad81-ece7-4549-ba13-d25c6cc616f1 round=3 agent=8093ed8c-06af-4533-870b-87284e9b0e9c status=success duration_ms=1 provider_latency_ms=1 output_chars=2280 prompt_tokens=10 completion_tokens=50 finished_at=2026-05-15T10:44:39.636351+00:00
INFO     app.services.debate_engine.round_manager:round_manager.py:1661 WS emit message_created: turn=b276ad81-ece7-4549-ba13-d25c6cc616f1 round=3 agent=b3970054-b2f8-4208-89d5-4a945aa9213d status=success content_len=2280
INFO     app.services.debate_engine.round_manager:round_manager.py:1661 WS emit message_created: turn=b276ad81-ece7-4549-ba13-d25c6cc616f1 round=3 agent=8093ed8c-06af-4533-870b-87284e9b0e9c status=success content_len=2280
INFO     app.services.debate_engine.round_manager:round_manager.py:1009 Agent Economist done in 0.01s status=success round=3
INFO     app.services.debate_engine.round_manager:round_manager.py:1009 Agent Ethicist done in 0.01s status=success round=3
INFO     app.services.debate_engine.round_manager:round_manager.py:948 Round 3 parallel done in 0.01s failed=0/2
INFO     app.services.debate_engine.round_manager:round_manager.py:1202 Round 3 completed.
INFO     app.services.debate_engine.round_manager:round_manager.py:1204 WS emit round_completed round=3 turn=b276ad81-ece7-4549-ba13-d25c6cc616f1
INFO     app.services.chat_engine:chat_engine.py:149 Turn b276ad81-ece7-4549-ba13-d25c6cc616f1 completed successfully.
INFO     app.services.chat_engine:chat_engine.py:150 WS emit turn_completed turn=b276ad81-ece7-4549-ba13-d25c6cc616f1
INFO     app.services.execution_runner:execution_runner.py:134 Turn b276ad81-ece7-4549-ba13-d25c6cc616f1 committed (failed=False)
INFO     httpx:_client.py:1740 HTTP Request: POST http://test/debates/start "HTTP/1.1 201 Created"
INFO     httpx:_client.py:1740 HTTP Request: GET http://test/debates/aa43d5ee-1048-44cf-96c6-45c06777ea35 "HTTP/1.1 200 OK"
D:\Programing\Teamwork\Agora\Agora\server\tests\api\test_debates.py:236: AssertionError: assert 'critiques' in {'assumption_attacked': 'Relies on anecdotal evidence rather than data.', 'challenge': 'The opposing argument lacks em...n constraints and provide clearer evidence.', 'display_content': 'The opposing argument lacks empirical support.', ...}
E   AssertionError: assert 'final_stance' in {'conclusion': 'A balanced approach incorporating both perspectives is optimal.', 'confidence': 'medium', 'confidence_level': 'medium', 'core_consensus': '', ...}
---------------------------- Captured stderr call -----------------------------
2026-05-15 19:44:39,770 [INFO] app.services.execution_runner: Background execution starting for turn b14293ae-c7ee-4e14-a658-07a50fe47585
2026-05-15 19:44:39,772 [INFO] app.services.debate_engine.step_controller: StepController: registered turn=b14293ae-c7ee-4e14-a658-07a50fe47585 mode=auto
2026-05-15 19:44:39,784 [INFO] app.services.chat_engine: Turn b14293ae-c7ee-4e14-a658-07a50fe47585 started: question='Should AI be regulated?' agents=2
2026-05-15 19:44:39,784 [INFO] app.services.chat_engine: WS emit turn_started turn=b14293ae-c7ee-4e14-a658-07a50fe47585
2026-05-15 19:44:39,787 [INFO] app.services.debate_engine.round_manager: Round 1 running (id=8c1012c3-53f4-469a-8a1e-dcdcba48c9c7, turn=b14293ae-c7ee-4e14-a658-07a50fe47585)
2026-05-15 19:44:39,787 [INFO] app.services.debate_engine.round_manager: WS emit round_started round=1 turn=b14293ae-c7ee-4e14-a658-07a50fe47585
2026-05-15 19:44:39,787 [INFO] app.services.debate_engine.round_manager: Round 1 parallel start agents=2 concurrency=2
2026-05-15 19:44:39,790 [INFO] app.services.debate_engine.round_manager: WS emit agent_started: turn=b14293ae-c7ee-4e14-a658-07a50fe47585 round=1 agent=7bade962-e85b-483e-b3f0-0027747b2667 role=Economist type=agent_response idx=0
2026-05-15 19:44:39,790 [INFO] app.services.debate_engine.round_manager: LLM start: turn=b14293ae-c7ee-4e14-a658-07a50fe47585 round=1 agent=7bade962-e85b-483e-b3f0-0027747b2667 role=Economist provider=openrouter model=anthropic/claude-sonnet-4.5 prompt_chars=7803 est_prompt_tokens=1950 max_tokens=1800 retrieval_chunks=0 started_at=2026-05-15T10:44:39.790633+00:00
2026-05-15 19:44:39,791 [INFO] app.services.debate_engine.round_manager: LLM done: turn=b14293ae-c7ee-4e14-a658-07a50fe47585 round=1 agent=7bade962-e85b-483e-b3f0-0027747b2667 status=success duration_ms=0 provider_latency_ms=1 output_chars=1541 prompt_tokens=10 completion_tokens=50 finished_at=2026-05-15T10:44:39.791227+00:00
2026-05-15 19:44:39,792 [INFO] app.services.debate_engine.round_manager: WS emit agent_started: turn=b14293ae-c7ee-4e14-a658-07a50fe47585 round=1 agent=4041dbc3-868e-479f-a41c-7730205a59f5 role=Ethicist type=agent_response idx=1
2026-05-15 19:44:39,792 [INFO] app.services.debate_engine.round_manager: LLM start: turn=b14293ae-c7ee-4e14-a658-07a50fe47585 round=1 agent=4041dbc3-868e-479f-a41c-7730205a59f5 role=Ethicist provider=openrouter model=anthropic/claude-sonnet-4.5 prompt_chars=7802 est_prompt_tokens=1950 max_tokens=1800 retrieval_chunks=0 started_at=2026-05-15T10:44:39.792221+00:00
2026-05-15 19:44:39,792 [INFO] app.services.debate_engine.round_manager: LLM done: turn=b14293ae-c7ee-4e14-a658-07a50fe47585 round=1 agent=4041dbc3-868e-479f-a41c-7730205a59f5 status=success duration_ms=0 provider_latency_ms=1 output_chars=1541 prompt_tokens=10 completion_tokens=50 finished_at=2026-05-15T10:44:39.792785+00:00
2026-05-15 19:44:39,797 [INFO] app.services.debate_engine.round_manager: WS emit message_created: turn=b14293ae-c7ee-4e14-a658-07a50fe47585 round=1 agent=7bade962-e85b-483e-b3f0-0027747b2667 status=success content_len=1541
2026-05-15 19:44:39,798 [INFO] app.services.debate_engine.round_manager: WS emit message_created: turn=b14293ae-c7ee-4e14-a658-07a50fe47585 round=1 agent=4041dbc3-868e-479f-a41c-7730205a59f5 status=success content_len=1541
2026-05-15 19:44:39,798 [INFO] app.services.debate_engine.round_manager: Agent Economist done in 0.01s status=success round=1
2026-05-15 19:44:39,798 [INFO] app.services.debate_engine.round_manager: Agent Ethicist done in 0.01s status=success round=1
2026-05-15 19:44:39,798 [INFO] app.services.debate_engine.round_manager: Round 1 parallel done in 0.01s failed=0/2
2026-05-15 19:44:39,800 [INFO] app.services.debate_engine.round_manager: Round 1 completed.
2026-05-15 19:44:39,800 [INFO] app.services.debate_engine.round_manager: WS emit round_completed round=1 turn=b14293ae-c7ee-4e14-a658-07a50fe47585
2026-05-15 19:44:39,806 [INFO] app.services.debate_engine.round_manager: Round 2 running (id=e14ede13-85eb-4502-a529-934f01db42c4, turn=b14293ae-c7ee-4e14-a658-07a50fe47585)
2026-05-15 19:44:39,806 [INFO] app.services.debate_engine.round_manager: WS emit round_started round=2 turn=b14293ae-c7ee-4e14-a658-07a50fe47585
2026-05-15 19:44:39,806 [INFO] app.services.debate_engine.round_manager: Round 2 parallel start agents=2 concurrency=2
2026-05-15 19:44:39,809 [INFO] app.services.debate_engine.round_manager: WS emit agent_started: turn=b14293ae-c7ee-4e14-a658-07a50fe47585 round=2 agent=7bade962-e85b-483e-b3f0-0027747b2667 role=Economist type=critique idx=0
2026-05-15 19:44:39,810 [INFO] app.services.debate_engine.round_manager: LLM start: turn=b14293ae-c7ee-4e14-a658-07a50fe47585 round=2 agent=7bade962-e85b-483e-b3f0-0027747b2667 role=Economist provider=openrouter model=anthropic/claude-sonnet-4.5 prompt_chars=7962 est_prompt_tokens=1990 max_tokens=1800 retrieval_chunks=0 started_at=2026-05-15T10:44:39.810015+00:00
2026-05-15 19:44:39,810 [INFO] app.services.debate_engine.round_manager: LLM done: turn=b14293ae-c7ee-4e14-a658-07a50fe47585 round=2 agent=7bade962-e85b-483e-b3f0-0027747b2667 status=success duration_ms=0 provider_latency_ms=1 output_chars=1718 prompt_tokens=10 completion_tokens=50 finished_at=2026-05-15T10:44:39.810573+00:00
2026-05-15 19:44:39,811 [INFO] app.services.debate_engine.round_manager: WS emit agent_started: turn=b14293ae-c7ee-4e14-a658-07a50fe47585 round=2 agent=4041dbc3-868e-479f-a41c-7730205a59f5 role=Ethicist type=critique idx=1
2026-05-15 19:44:39,811 [INFO] app.services.debate_engine.round_manager: LLM start: turn=b14293ae-c7ee-4e14-a658-07a50fe47585 round=2 agent=4041dbc3-868e-479f-a41c-7730205a59f5 role=Ethicist provider=openrouter model=anthropic/claude-sonnet-4.5 prompt_chars=7962 est_prompt_tokens=1990 max_tokens=1800 retrieval_chunks=0 started_at=2026-05-15T10:44:39.811725+00:00
2026-05-15 19:44:39,812 [INFO] app.services.debate_engine.round_manager: LLM done: turn=b14293ae-c7ee-4e14-a658-07a50fe47585 round=2 agent=4041dbc3-868e-479f-a41c-7730205a59f5 status=success duration_ms=0 provider_latency_ms=1 output_chars=1718 prompt_tokens=10 completion_tokens=50 finished_at=2026-05-15T10:44:39.812271+00:00
2026-05-15 19:44:39,817 [INFO] app.services.debate_engine.round_manager: WS emit message_created: turn=b14293ae-c7ee-4e14-a658-07a50fe47585 round=2 agent=7bade962-e85b-483e-b3f0-0027747b2667 status=success content_len=1718
2026-05-15 19:44:39,817 [INFO] app.services.debate_engine.round_manager: WS emit message_created: turn=b14293ae-c7ee-4e14-a658-07a50fe47585 round=2 agent=4041dbc3-868e-479f-a41c-7730205a59f5 status=success content_len=1718
2026-05-15 19:44:39,817 [INFO] app.services.debate_engine.round_manager: Agent Economist done in 0.01s status=success round=2
2026-05-15 19:44:39,817 [INFO] app.services.debate_engine.round_manager: Agent Ethicist done in 0.01s status=success round=2
2026-05-15 19:44:39,817 [INFO] app.services.debate_engine.round_manager: Round 2 parallel done in 0.01s failed=0/2
2026-05-15 19:44:39,820 [INFO] app.services.debate_engine.round_manager: Round 2 completed.
2026-05-15 19:44:39,820 [INFO] app.services.debate_engine.round_manager: WS emit round_completed round=2 turn=b14293ae-c7ee-4e14-a658-07a50fe47585
2026-05-15 19:44:39,826 [INFO] app.services.debate_engine.round_manager: Round 3 running (id=a4f3045d-7dee-42ec-adde-1d42109e8f5b, turn=b14293ae-c7ee-4e14-a658-07a50fe47585)
2026-05-15 19:44:39,826 [INFO] app.services.debate_engine.round_manager: WS emit round_started round=3 turn=b14293ae-c7ee-4e14-a658-07a50fe47585
2026-05-15 19:44:39,826 [INFO] app.services.debate_engine.round_manager: Round 3 parallel start agents=2 concurrency=2
2026-05-15 19:44:39,830 [INFO] app.services.debate_engine.round_manager: WS emit agent_started: turn=b14293ae-c7ee-4e14-a658-07a50fe47585 round=3 agent=7bade962-e85b-483e-b3f0-0027747b2667 role=Economist type=final_summary idx=0
2026-05-15 19:44:39,830 [INFO] app.services.debate_engine.round_manager: LLM start: turn=b14293ae-c7ee-4e14-a658-07a50fe47585 round=3 agent=7bade962-e85b-483e-b3f0-0027747b2667 role=Economist provider=openrouter model=anthropic/claude-sonnet-4.5 prompt_chars=9860 est_prompt_tokens=2465 max_tokens=2500 retrieval_chunks=0 started_at=2026-05-15T10:44:39.830494+00:00
2026-05-15 19:44:39,831 [INFO] app.services.debate_engine.round_manager: LLM done: turn=b14293ae-c7ee-4e14-a658-07a50fe47585 round=3 agent=7bade962-e85b-483e-b3f0-0027747b2667 status=success duration_ms=0 provider_latency_ms=1 output_chars=2280 prompt_tokens=10 completion_tokens=50 finished_at=2026-05-15T10:44:39.831370+00:00
2026-05-15 19:44:39,832 [INFO] app.services.debate_engine.round_manager: WS emit agent_started: turn=b14293ae-c7ee-4e14-a658-07a50fe47585 round=3 agent=4041dbc3-868e-479f-a41c-7730205a59f5 role=Ethicist type=final_summary idx=1
2026-05-15 19:44:39,832 [INFO] app.services.debate_engine.round_manager: LLM start: turn=b14293ae-c7ee-4e14-a658-07a50fe47585 round=3 agent=4041dbc3-868e-479f-a41c-7730205a59f5 role=Ethicist provider=openrouter model=anthropic/claude-sonnet-4.5 prompt_chars=9859 est_prompt_tokens=2464 max_tokens=2500 retrieval_chunks=0 started_at=2026-05-15T10:44:39.832866+00:00
2026-05-15 19:44:39,833 [INFO] app.services.debate_engine.round_manager: LLM done: turn=b14293ae-c7ee-4e14-a658-07a50fe47585 round=3 agent=4041dbc3-868e-479f-a41c-7730205a59f5 status=success duration_ms=0 provider_latency_ms=1 output_chars=2280 prompt_tokens=10 completion_tokens=50 finished_at=2026-05-15T10:44:39.833439+00:00
2026-05-15 19:44:39,838 [INFO] app.services.debate_engine.round_manager: WS emit message_created: turn=b14293ae-c7ee-4e14-a658-07a50fe47585 round=3 agent=7bade962-e85b-483e-b3f0-0027747b2667 status=success content_len=2280
2026-05-15 19:44:39,839 [INFO] app.services.debate_engine.round_manager: WS emit message_created: turn=b14293ae-c7ee-4e14-a658-07a50fe47585 round=3 agent=4041dbc3-868e-479f-a41c-7730205a59f5 status=success content_len=2280
2026-05-15 19:44:39,839 [INFO] app.services.debate_engine.round_manager: Agent Economist done in 0.01s status=success round=3
2026-05-15 19:44:39,840 [INFO] app.services.debate_engine.round_manager: Agent Ethicist done in 0.01s status=success round=3
2026-05-15 19:44:39,840 [INFO] app.services.debate_engine.round_manager: Round 3 parallel done in 0.01s failed=0/2
2026-05-15 19:44:39,841 [INFO] app.services.debate_engine.round_manager: Round 3 completed.
2026-05-15 19:44:39,842 [INFO] app.services.debate_engine.round_manager: WS emit round_completed round=3 turn=b14293ae-c7ee-4e14-a658-07a50fe47585
2026-05-15 19:44:39,844 [INFO] app.services.chat_engine: Turn b14293ae-c7ee-4e14-a658-07a50fe47585 completed successfully.
2026-05-15 19:44:39,844 [INFO] app.services.chat_engine: WS emit turn_completed turn=b14293ae-c7ee-4e14-a658-07a50fe47585
2026-05-15 19:44:39,845 [INFO] app.services.execution_runner: Turn b14293ae-c7ee-4e14-a658-07a50fe47585 committed (failed=False)
2026-05-15 19:44:39,846 [INFO] httpx: HTTP Request: POST http://test/debates/start "HTTP/1.1 201 Created"
2026-05-15 19:44:39,867 [INFO] httpx: HTTP Request: GET http://test/debates/d135ebf6-55f9-4bfb-9c72-ce295f12646a "HTTP/1.1 200 OK"
------------------------------ Captured log call ------------------------------
INFO     app.services.execution_runner:execution_runner.py:74 Background execution starting for turn b14293ae-c7ee-4e14-a658-07a50fe47585
INFO     app.services.debate_engine.step_controller:step_controller.py:59 StepController: registered turn=b14293ae-c7ee-4e14-a658-07a50fe47585 mode=auto
INFO     app.services.chat_engine:chat_engine.py:112 Turn b14293ae-c7ee-4e14-a658-07a50fe47585 started: question='Should AI be regulated?' agents=2
INFO     app.services.chat_engine:chat_engine.py:113 WS emit turn_started turn=b14293ae-c7ee-4e14-a658-07a50fe47585
INFO     app.services.debate_engine.round_manager:round_manager.py:1172 Round 1 running (id=8c1012c3-53f4-469a-8a1e-dcdcba48c9c7, turn=b14293ae-c7ee-4e14-a658-07a50fe47585)
INFO     app.services.debate_engine.round_manager:round_manager.py:1179 WS emit round_started round=1 turn=b14293ae-c7ee-4e14-a658-07a50fe47585
INFO     app.services.debate_engine.round_manager:round_manager.py:903 Round 1 parallel start agents=2 concurrency=2
INFO     app.services.debate_engine.round_manager:round_manager.py:1400 WS emit agent_started: turn=b14293ae-c7ee-4e14-a658-07a50fe47585 round=1 agent=7bade962-e85b-483e-b3f0-0027747b2667 role=Economist type=agent_response idx=0
INFO     app.services.debate_engine.round_manager:round_manager.py:1453 LLM start: turn=b14293ae-c7ee-4e14-a658-07a50fe47585 round=1 agent=7bade962-e85b-483e-b3f0-0027747b2667 role=Economist provider=openrouter model=anthropic/claude-sonnet-4.5 prompt_chars=7803 est_prompt_tokens=1950 max_tokens=1800 retrieval_chunks=0 started_at=2026-05-15T10:44:39.790633+00:00
INFO     app.services.debate_engine.round_manager:round_manager.py:1588 LLM done: turn=b14293ae-c7ee-4e14-a658-07a50fe47585 round=1 agent=7bade962-e85b-483e-b3f0-0027747b2667 status=success duration_ms=0 provider_latency_ms=1 output_chars=1541 prompt_tokens=10 completion_tokens=50 finished_at=2026-05-15T10:44:39.791227+00:00
INFO     app.services.debate_engine.round_manager:round_manager.py:1400 WS emit agent_started: turn=b14293ae-c7ee-4e14-a658-07a50fe47585 round=1 agent=4041dbc3-868e-479f-a41c-7730205a59f5 role=Ethicist type=agent_response idx=1
INFO     app.services.debate_engine.round_manager:round_manager.py:1453 LLM start: turn=b14293ae-c7ee-4e14-a658-07a50fe47585 round=1 agent=4041dbc3-868e-479f-a41c-7730205a59f5 role=Ethicist provider=openrouter model=anthropic/claude-sonnet-4.5 prompt_chars=7802 est_prompt_tokens=1950 max_tokens=1800 retrieval_chunks=0 started_at=2026-05-15T10:44:39.792221+00:00
INFO     app.services.debate_engine.round_manager:round_manager.py:1588 LLM done: turn=b14293ae-c7ee-4e14-a658-07a50fe47585 round=1 agent=4041dbc3-868e-479f-a41c-7730205a59f5 status=success duration_ms=0 provider_latency_ms=1 output_chars=1541 prompt_tokens=10 completion_tokens=50 finished_at=2026-05-15T10:44:39.792785+00:00
INFO     app.services.debate_engine.round_manager:round_manager.py:1661 WS emit message_created: turn=b14293ae-c7ee-4e14-a658-07a50fe47585 round=1 agent=7bade962-e85b-483e-b3f0-0027747b2667 status=success content_len=1541
INFO     app.services.debate_engine.round_manager:round_manager.py:1661 WS emit message_created: turn=b14293ae-c7ee-4e14-a658-07a50fe47585 round=1 agent=4041dbc3-868e-479f-a41c-7730205a59f5 status=success content_len=1541
INFO     app.services.debate_engine.round_manager:round_manager.py:1009 Agent Economist done in 0.01s status=success round=1
INFO     app.services.debate_engine.round_manager:round_manager.py:1009 Agent Ethicist done in 0.01s status=success round=1
INFO     app.services.debate_engine.round_manager:round_manager.py:948 Round 1 parallel done in 0.01s failed=0/2
INFO     app.services.debate_engine.round_manager:round_manager.py:1202 Round 1 completed.
INFO     app.services.debate_engine.round_manager:round_manager.py:1204 WS emit round_completed round=1 turn=b14293ae-c7ee-4e14-a658-07a50fe47585
INFO     app.services.debate_engine.round_manager:round_manager.py:1172 Round 2 running (id=e14ede13-85eb-4502-a529-934f01db42c4, turn=b14293ae-c7ee-4e14-a658-07a50fe47585)
INFO     app.services.debate_engine.round_manager:round_manager.py:1179 WS emit round_started round=2 turn=b14293ae-c7ee-4e14-a658-07a50fe47585
INFO     app.services.debate_engine.round_manager:round_manager.py:903 Round 2 parallel start agents=2 concurrency=2
INFO     app.services.debate_engine.round_manager:round_manager.py:1400 WS emit agent_started: turn=b14293ae-c7ee-4e14-a658-07a50fe47585 round=2 agent=7bade962-e85b-483e-b3f0-0027747b2667 role=Economist type=critique idx=0
INFO     app.services.debate_engine.round_manager:round_manager.py:1453 LLM start: turn=b14293ae-c7ee-4e14-a658-07a50fe47585 round=2 agent=7bade962-e85b-483e-b3f0-0027747b2667 role=Economist provider=openrouter model=anthropic/claude-sonnet-4.5 prompt_chars=7962 est_prompt_tokens=1990 max_tokens=1800 retrieval_chunks=0 started_at=2026-05-15T10:44:39.810015+00:00
INFO     app.services.debate_engine.round_manager:round_manager.py:1588 LLM done: turn=b14293ae-c7ee-4e14-a658-07a50fe47585 round=2 agent=7bade962-e85b-483e-b3f0-0027747b2667 status=success duration_ms=0 provider_latency_ms=1 output_chars=1718 prompt_tokens=10 completion_tokens=50 finished_at=2026-05-15T10:44:39.810573+00:00
INFO     app.services.debate_engine.round_manager:round_manager.py:1400 WS emit agent_started: turn=b14293ae-c7ee-4e14-a658-07a50fe47585 round=2 agent=4041dbc3-868e-479f-a41c-7730205a59f5 role=Ethicist type=critique idx=1
INFO     app.services.debate_engine.round_manager:round_manager.py:1453 LLM start: turn=b14293ae-c7ee-4e14-a658-07a50fe47585 round=2 agent=4041dbc3-868e-479f-a41c-7730205a59f5 role=Ethicist provider=openrouter model=anthropic/claude-sonnet-4.5 prompt_chars=7962 est_prompt_tokens=1990 max_tokens=1800 retrieval_chunks=0 started_at=2026-05-15T10:44:39.811725+00:00
INFO     app.services.debate_engine.round_manager:round_manager.py:1588 LLM done: turn=b14293ae-c7ee-4e14-a658-07a50fe47585 round=2 agent=4041dbc3-868e-479f-a41c-7730205a59f5 status=success duration_ms=0 provider_latency_ms=1 output_chars=1718 prompt_tokens=10 completion_tokens=50 finished_at=2026-05-15T10:44:39.812271+00:00
INFO     app.services.debate_engine.round_manager:round_manager.py:1661 WS emit message_created: turn=b14293ae-c7ee-4e14-a658-07a50fe47585 round=2 agent=7bade962-e85b-483e-b3f0-0027747b2667 status=success content_len=1718
INFO     app.services.debate_engine.round_manager:round_manager.py:1661 WS emit message_created: turn=b14293ae-c7ee-4e14-a658-07a50fe47585 round=2 agent=4041dbc3-868e-479f-a41c-7730205a59f5 status=success content_len=1718
INFO     app.services.debate_engine.round_manager:round_manager.py:1009 Agent Economist done in 0.01s status=success round=2
INFO     app.services.debate_engine.round_manager:round_manager.py:1009 Agent Ethicist done in 0.01s status=success round=2
INFO     app.services.debate_engine.round_manager:round_manager.py:948 Round 2 parallel done in 0.01s failed=0/2
INFO     app.services.debate_engine.round_manager:round_manager.py:1202 Round 2 completed.
INFO     app.services.debate_engine.round_manager:round_manager.py:1204 WS emit round_completed round=2 turn=b14293ae-c7ee-4e14-a658-07a50fe47585
INFO     app.services.debate_engine.round_manager:round_manager.py:1172 Round 3 running (id=a4f3045d-7dee-42ec-adde-1d42109e8f5b, turn=b14293ae-c7ee-4e14-a658-07a50fe47585)
INFO     app.services.debate_engine.round_manager:round_manager.py:1179 WS emit round_started round=3 turn=b14293ae-c7ee-4e14-a658-07a50fe47585
INFO     app.services.debate_engine.round_manager:round_manager.py:903 Round 3 parallel start agents=2 concurrency=2
INFO     app.services.debate_engine.round_manager:round_manager.py:1400 WS emit agent_started: turn=b14293ae-c7ee-4e14-a658-07a50fe47585 round=3 agent=7bade962-e85b-483e-b3f0-0027747b2667 role=Economist type=final_summary idx=0
INFO     app.services.debate_engine.round_manager:round_manager.py:1453 LLM start: turn=b14293ae-c7ee-4e14-a658-07a50fe47585 round=3 agent=7bade962-e85b-483e-b3f0-0027747b2667 role=Economist provider=openrouter model=anthropic/claude-sonnet-4.5 prompt_chars=9860 est_prompt_tokens=2465 max_tokens=2500 retrieval_chunks=0 started_at=2026-05-15T10:44:39.830494+00:00
INFO     app.services.debate_engine.round_manager:round_manager.py:1588 LLM done: turn=b14293ae-c7ee-4e14-a658-07a50fe47585 round=3 agent=7bade962-e85b-483e-b3f0-0027747b2667 status=success duration_ms=0 provider_latency_ms=1 output_chars=2280 prompt_tokens=10 completion_tokens=50 finished_at=2026-05-15T10:44:39.831370+00:00
INFO     app.services.debate_engine.round_manager:round_manager.py:1400 WS emit agent_started: turn=b14293ae-c7ee-4e14-a658-07a50fe47585 round=3 agent=4041dbc3-868e-479f-a41c-7730205a59f5 role=Ethicist type=final_summary idx=1
INFO     app.services.debate_engine.round_manager:round_manager.py:1453 LLM start: turn=b14293ae-c7ee-4e14-a658-07a50fe47585 round=3 agent=4041dbc3-868e-479f-a41c-7730205a59f5 role=Ethicist provider=openrouter model=anthropic/claude-sonnet-4.5 prompt_chars=9859 est_prompt_tokens=2464 max_tokens=2500 retrieval_chunks=0 started_at=2026-05-15T10:44:39.832866+00:00
INFO     app.services.debate_engine.round_manager:round_manager.py:1588 LLM done: turn=b14293ae-c7ee-4e14-a658-07a50fe47585 round=3 agent=4041dbc3-868e-479f-a41c-7730205a59f5 status=success duration_ms=0 provider_latency_ms=1 output_chars=2280 prompt_tokens=10 completion_tokens=50 finished_at=2026-05-15T10:44:39.833439+00:00
INFO     app.services.debate_engine.round_manager:round_manager.py:1661 WS emit message_created: turn=b14293ae-c7ee-4e14-a658-07a50fe47585 round=3 agent=7bade962-e85b-483e-b3f0-0027747b2667 status=success content_len=2280
INFO     app.services.debate_engine.round_manager:round_manager.py:1661 WS emit message_created: turn=b14293ae-c7ee-4e14-a658-07a50fe47585 round=3 agent=4041dbc3-868e-479f-a41c-7730205a59f5 status=success content_len=2280
INFO     app.services.debate_engine.round_manager:round_manager.py:1009 Agent Economist done in 0.01s status=success round=3
INFO     app.services.debate_engine.round_manager:round_manager.py:1009 Agent Ethicist done in 0.01s status=success round=3
INFO     app.services.debate_engine.round_manager:round_manager.py:948 Round 3 parallel done in 0.01s failed=0/2
INFO     app.services.debate_engine.round_manager:round_manager.py:1202 Round 3 completed.
INFO     app.services.debate_engine.round_manager:round_manager.py:1204 WS emit round_completed round=3 turn=b14293ae-c7ee-4e14-a658-07a50fe47585
INFO     app.services.chat_engine:chat_engine.py:149 Turn b14293ae-c7ee-4e14-a658-07a50fe47585 completed successfully.
INFO     app.services.chat_engine:chat_engine.py:150 WS emit turn_completed turn=b14293ae-c7ee-4e14-a658-07a50fe47585
INFO     app.services.execution_runner:execution_runner.py:134 Turn b14293ae-c7ee-4e14-a658-07a50fe47585 committed (failed=False)
INFO     httpx:_client.py:1740 HTTP Request: POST http://test/debates/start "HTTP/1.1 201 Created"
INFO     httpx:_client.py:1740 HTTP Request: GET http://test/debates/d135ebf6-55f9-4bfb-9c72-ce295f12646a "HTTP/1.1 200 OK"
D:\Programing\Teamwork\Agora\Agora\server\tests\api\test_debates.py:254: AssertionError: assert 'final_stance' in {'conclusion': 'A balanced approach incorporating both perspectives is optimal.', 'confidence': 'medium', 'confidence_level': 'medium', 'core_consensus': '', ...}
E   assert 500 in (401, 403)
     +  where 500 = <Response [500 Internal Server Error]>.status_code
---------------------------- Captured stderr call -----------------------------
2026-05-15 19:44:48,098 [INFO] httpx: HTTP Request: GET http://test/users/me "HTTP/1.1 500 Internal Server Error"
------------------------------ Captured log call ------------------------------
INFO     httpx:_client.py:1740 HTTP Request: GET http://test/users/me "HTTP/1.1 500 Internal Server Error"
D:\Programing\Teamwork\Agora\Agora\server\tests\test_auth.py:128: assert 500 in (401, 403)
E   assert 500 == 401
     +  where 500 = <Response [500 Internal Server Error]>.status_code
---------------------------- Captured stderr call -----------------------------
2026-05-15 19:44:48,180 [INFO] httpx: HTTP Request: GET http://test/users/me "HTTP/1.1 500 Internal Server Error"
------------------------------ Captured log call ------------------------------
INFO     httpx:_client.py:1740 HTTP Request: GET http://test/users/me "HTTP/1.1 500 Internal Server Error"
D:\Programing\Teamwork\Agora\Agora\server\tests\test_auth.py:132: assert 500 == 401
E   assert 500 == 401
     +  where 500 = <Response [500 Internal Server Error]>.status_code
---------------------------- Captured stderr call -----------------------------
2026-05-15 19:44:48,264 [INFO] httpx: HTTP Request: GET http://test/users/me "HTTP/1.1 500 Internal Server Error"
------------------------------ Captured log call ------------------------------
INFO     httpx:_client.py:1740 HTTP Request: GET http://test/users/me "HTTP/1.1 500 Internal Server Error"
D:\Programing\Teamwork\Agora\Agora\server\tests\test_auth.py:149: assert 500 == 401
E   assert 500 == 200
     +  where 500 = <Response [500 Internal Server Error]>.status_code
---------------------------- Captured stderr call -----------------------------
2026-05-15 19:44:48,575 [INFO] httpx: HTTP Request: POST http://test/auth/signup "HTTP/1.1 201 Created"
2026-05-15 19:44:48,576 [INFO] httpx: HTTP Request: GET http://test/users/me "HTTP/1.1 500 Internal Server Error"
------------------------------ Captured log call ------------------------------
INFO     httpx:_client.py:1740 HTTP Request: POST http://test/auth/signup "HTTP/1.1 201 Created"
INFO     httpx:_client.py:1740 HTTP Request: GET http://test/users/me "HTTP/1.1 500 Internal Server Error"
D:\Programing\Teamwork\Agora\Agora\server\tests\test_auth.py:155: assert 500 == 200
E   assert 405 == 200
     +  where 405 = <Response [405 Method Not Allowed]>.status_code
---------------------------- Captured stderr call -----------------------------
2026-05-15 19:44:48,892 [INFO] httpx: HTTP Request: POST http://test/auth/signup "HTTP/1.1 201 Created"
2026-05-15 19:44:48,892 [INFO] httpx: HTTP Request: PATCH http://test/users/me/settings "HTTP/1.1 405 Method Not Allowed"
------------------------------ Captured log call ------------------------------
INFO     httpx:_client.py:1740 HTTP Request: POST http://test/auth/signup "HTTP/1.1 201 Created"
INFO     httpx:_client.py:1740 HTTP Request: PATCH http://test/users/me/settings "HTTP/1.1 405 Method Not Allowed"
D:\Programing\Teamwork\Agora\Agora\server\tests\test_auth.py:175: assert 405 == 200
E   assert 405 == 200
     +  where 405 = <Response [405 Method Not Allowed]>.status_code
---------------------------- Captured stderr call -----------------------------
2026-05-15 19:44:49,214 [INFO] httpx: HTTP Request: POST http://test/auth/signup "HTTP/1.1 201 Created"
2026-05-15 19:44:49,214 [INFO] httpx: HTTP Request: PATCH http://test/users/me/settings "HTTP/1.1 405 Method Not Allowed"
------------------------------ Captured log call ------------------------------
INFO     httpx:_client.py:1740 HTTP Request: POST http://test/auth/signup "HTTP/1.1 201 Created"
INFO     httpx:_client.py:1740 HTTP Request: PATCH http://test/users/me/settings "HTTP/1.1 405 Method Not Allowed"
D:\Programing\Teamwork\Agora\Agora\server\tests\test_auth.py:191: assert 405 == 200
E   assert 405 in (401, 403)
     +  where 405 = <Response [405 Method Not Allowed]>.status_code
---------------------------- Captured stderr call -----------------------------
2026-05-15 19:44:49,309 [INFO] httpx: HTTP Request: PATCH http://test/users/me/settings "HTTP/1.1 405 Method Not Allowed"
------------------------------ Captured log call ------------------------------
INFO     httpx:_client.py:1740 HTTP Request: PATCH http://test/users/me/settings "HTTP/1.1 405 Method Not Allowed"
D:\Programing\Teamwork\Agora\Agora\server\tests\test_auth.py:198: assert 405 in (401, 403)
E   RuntimeError: All agents failed in Round 1.
---------------------------- Captured stderr call -----------------------------
2026-05-15 19:44:49,422 [INFO] app.services.chat_engine: Turn 35932639-0b17-4e47-8976-70a711c66aee started: question='Should AI be regulated?' agents=2
2026-05-15 19:44:49,422 [INFO] app.services.chat_engine: WS emit turn_started turn=35932639-0b17-4e47-8976-70a711c66aee
2026-05-15 19:44:49,425 [INFO] app.services.debate_engine.round_manager: Round 1 running (id=d71010a0-cfc3-4b64-8530-899ee15a0b5f, turn=35932639-0b17-4e47-8976-70a711c66aee)
2026-05-15 19:44:49,426 [INFO] app.services.debate_engine.round_manager: Round 1 parallel start agents=2 concurrency=2
2026-05-15 19:44:49,426 [ERROR] app.services.debate_engine.round_manager: Unhandled agent task exception: round=1 agent=390c93b3-3f66-4cb8-b012-a517d1315d73 role=Economist
Traceback (most recent call last):
  File "C:\Users\asadb\AppData\Local\Programs\Python\Python314\Lib\site-packages\sqlalchemy\ext\asyncio\engine.py", line 1442, in _get_sync_engine_or_connection
    return async_engine.sync_engine
           ^^^^^^^^^^^^^^^^^^^^^^^^
AttributeError: 'Engine' object has no attribute 'sync_engine'

The above exception was the direct cause of the following exception:

Traceback (most recent call last):
  File "D:\Programing\Teamwork\Agora\Agora\server\app\services\debate_engine\round_manager.py", line 919, in _run_plan
    return await self._run_agent_task(ctx, round_record, plan)
           ^^^^^^^^^^^^^^^^^^^^^^^^^^^^^^^^^^^^^^^^^^^^^^^^^^^
  File "D:\Programing\Teamwork\Agora\Agora\server\app\services\debate_engine\round_manager.py", line 965, in _run_agent_task
    async with self._session_factory() as task_db:
               ~~~~~~~~~~~~~~~~~~~~~^^
  File "C:\Users\asadb\AppData\Local\Programs\Python\Python314\Lib\site-packages\sqlalchemy\ext\asyncio\session.py", line 1762, in __call__
    return self.class_(**local_kw)
           ~~~~~~~~~~~^^^^^^^^^^^^
  File "C:\Users\asadb\AppData\Local\Programs\Python\Python314\Lib\site-packages\sqlalchemy\ext\asyncio\session.py", line 257, in __init__
    sync_bind = engine._get_sync_engine_or_connection(bind)
  File "C:\Users\asadb\AppData\Local\Programs\Python\Python314\Lib\site-packages\sqlalchemy\ext\asyncio\engine.py", line 1444, in _get_sync_engine_or_connection
    raise exc.ArgumentError(
        "AsyncEngine expected, got %r" % async_engine
    ) from e
sqlalchemy.exc.ArgumentError: AsyncEngine expected, got Engine(sqlite+aiosqlite://)
2026-05-15 19:44:49,430 [ERROR] app.services.debate_engine.round_manager: Failed to persist fallback error message: round=1 agent=390c93b3-3f66-4cb8-b012-a517d1315d73
Traceback (most recent call last):
  File "C:\Users\asadb\AppData\Local\Programs\Python\Python314\Lib\site-packages\sqlalchemy\ext\asyncio\engine.py", line 1442, in _get_sync_engine_or_connection
    return async_engine.sync_engine
           ^^^^^^^^^^^^^^^^^^^^^^^^
AttributeError: 'Engine' object has no attribute 'sync_engine'

The above exception was the direct cause of the following exception:

Traceback (most recent call last):
  File "D:\Programing\Teamwork\Agora\Agora\server\app\services\debate_engine\round_manager.py", line 1079, in _persist_unhandled_task_failure
    async with self._session_factory() as task_db:
               ~~~~~~~~~~~~~~~~~~~~~^^
  File "C:\Users\asadb\AppData\Local\Programs\Python\Python314\Lib\site-packages\sqlalchemy\ext\asyncio\session.py", line 1762, in __call__
    return self.class_(**local_kw)
           ~~~~~~~~~~~^^^^^^^^^^^^
  File "C:\Users\asadb\AppData\Local\Programs\Python\Python314\Lib\site-packages\sqlalchemy\ext\asyncio\session.py", line 257, in __init__
    sync_bind = engine._get_sync_engine_or_connection(bind)
  File "C:\Users\asadb\AppData\Local\Programs\Python\Python314\Lib\site-packages\sqlalchemy\ext\asyncio\engine.py", line 1444, in _get_sync_engine_or_connection
    raise exc.ArgumentError(
        "AsyncEngine expected, got %r" % async_engine
    ) from e
sqlalchemy.exc.ArgumentError: AsyncEngine expected, got Engine(sqlite+aiosqlite://)
2026-05-15 19:44:49,431 [ERROR] app.services.debate_engine.round_manager: Unhandled agent task exception: round=1 agent=b28dd9d2-c10a-43a1-bc6a-bb0df513b769 role=Ethicist
Traceback (most recent call last):
  File "C:\Users\asadb\AppData\Local\Programs\Python\Python314\Lib\site-packages\sqlalchemy\ext\asyncio\engine.py", line 1442, in _get_sync_engine_or_connection
    return async_engine.sync_engine
           ^^^^^^^^^^^^^^^^^^^^^^^^
AttributeError: 'Engine' object has no attribute 'sync_engine'

The above exception was the direct cause of the following exception:

Traceback (most recent call last):
  File "D:\Programing\Teamwork\Agora\Agora\server\app\services\debate_engine\round_manager.py", line 919, in _run_plan
    return await self._run_agent_task(ctx, round_record, plan)
           ^^^^^^^^^^^^^^^^^^^^^^^^^^^^^^^^^^^^^^^^^^^^^^^^^^^
  File "D:\Programing\Teamwork\Agora\Agora\server\app\services\debate_engine\round_manager.py", line 965, in _run_agent_task
    async with self._session_factory() as task_db:
               ~~~~~~~~~~~~~~~~~~~~~^^
  File "C:\Users\asadb\AppData\Local\Programs\Python\Python314\Lib\site-packages\sqlalchemy\ext\asyncio\session.py", line 1762, in __call__
    return self.class_(**local_kw)
           ~~~~~~~~~~~^^^^^^^^^^^^
  File "C:\Users\asadb\AppData\Local\Programs\Python\Python314\Lib\site-packages\sqlalchemy\ext\asyncio\session.py", line 257, in __init__
    sync_bind = engine._get_sync_engine_or_connection(bind)
  File "C:\Users\asadb\AppData\Local\Programs\Python\Python314\Lib\site-packages\sqlalchemy\ext\asyncio\engine.py", line 1444, in _get_sync_engine_or_connection
    raise exc.ArgumentError(
        "AsyncEngine expected, got %r" % async_engine
    ) from e
sqlalchemy.exc.ArgumentError: AsyncEngine expected, got Engine(sqlite+aiosqlite://)
2026-05-15 19:44:49,433 [ERROR] app.services.debate_engine.round_manager: Failed to persist fallback error message: round=1 agent=b28dd9d2-c10a-43a1-bc6a-bb0df513b769
Traceback (most recent call last):
  File "C:\Users\asadb\AppData\Local\Programs\Python\Python314\Lib\site-packages\sqlalchemy\ext\asyncio\engine.py", line 1442, in _get_sync_engine_or_connection
    return async_engine.sync_engine
           ^^^^^^^^^^^^^^^^^^^^^^^^
AttributeError: 'Engine' object has no attribute 'sync_engine'

The above exception was the direct cause of the following exception:

Traceback (most recent call last):
  File "D:\Programing\Teamwork\Agora\Agora\server\app\services\debate_engine\round_manager.py", line 1079, in _persist_unhandled_task_failure
    async with self._session_factory() as task_db:
               ~~~~~~~~~~~~~~~~~~~~~^^
  File "C:\Users\asadb\AppData\Local\Programs\Python\Python314\Lib\site-packages\sqlalchemy\ext\asyncio\session.py", line 1762, in __call__
    return self.class_(**local_kw)
           ~~~~~~~~~~~^^^^^^^^^^^^
  File "C:\Users\asadb\AppData\Local\Programs\Python\Python314\Lib\site-packages\sqlalchemy\ext\asyncio\session.py", line 257, in __init__
    sync_bind = engine._get_sync_engine_or_connection(bind)
  File "C:\Users\asadb\AppData\Local\Programs\Python\Python314\Lib\site-packages\sqlalchemy\ext\asyncio\engine.py", line 1444, in _get_sync_engine_or_connection
    raise exc.ArgumentError(
        "AsyncEngine expected, got %r" % async_engine
    ) from e
sqlalchemy.exc.ArgumentError: AsyncEngine expected, got Engine(sqlite+aiosqlite://)
2026-05-15 19:44:49,434 [INFO] app.services.debate_engine.round_manager: Round 1 parallel done in 0.01s failed=2/2
2026-05-15 19:44:49,437 [ERROR] app.services.debate_engine.round_manager: Round 1 failed: All agents failed in Round 1.
2026-05-15 19:44:49,439 [ERROR] app.services.chat_engine: Turn 35932639-0b17-4e47-8976-70a711c66aee failed: All agents failed in Round 1.
Traceback (most recent call last):
  File "D:\Programing\Teamwork\Agora\Agora\server\app\services\chat_engine.py", line 131, in start_turn_execution
    r1: list[AgentRoundResult] = await round_manager.execute_round_1(ctx)
                                 ^^^^^^^^^^^^^^^^^^^^^^^^^^^^^^^^^^^^^^^^
  File "D:\Programing\Teamwork\Agora\Agora\server\app\services\debate_engine\round_manager.py", line 209, in execute_round_1
    raise RuntimeError(reason)
RuntimeError: All agents failed in Round 1.
------------------------------ Captured log call ------------------------------
INFO     app.services.chat_engine:chat_engine.py:112 Turn 35932639-0b17-4e47-8976-70a711c66aee started: question='Should AI be regulated?' agents=2
INFO     app.services.chat_engine:chat_engine.py:113 WS emit turn_started turn=35932639-0b17-4e47-8976-70a711c66aee
INFO     app.services.debate_engine.round_manager:round_manager.py:1172 Round 1 running (id=d71010a0-cfc3-4b64-8530-899ee15a0b5f, turn=35932639-0b17-4e47-8976-70a711c66aee)
INFO     app.services.debate_engine.round_manager:round_manager.py:903 Round 1 parallel start agents=2 concurrency=2
ERROR    app.services.debate_engine.round_manager:round_manager.py:929 Unhandled agent task exception: round=1 agent=390c93b3-3f66-4cb8-b012-a517d1315d73 role=Economist
Traceback (most recent call last):
  File "C:\Users\asadb\AppData\Local\Programs\Python\Python314\Lib\site-packages\sqlalchemy\ext\asyncio\engine.py", line 1442, in _get_sync_engine_or_connection
    return async_engine.sync_engine
           ^^^^^^^^^^^^^^^^^^^^^^^^
AttributeError: 'Engine' object has no attribute 'sync_engine'

The above exception was the direct cause of the following exception:

Traceback (most recent call last):
  File "D:\Programing\Teamwork\Agora\Agora\server\app\services\debate_engine\round_manager.py", line 919, in _run_plan
    return await self._run_agent_task(ctx, round_record, plan)
           ^^^^^^^^^^^^^^^^^^^^^^^^^^^^^^^^^^^^^^^^^^^^^^^^^^^
  File "D:\Programing\Teamwork\Agora\Agora\server\app\services\debate_engine\round_manager.py", line 965, in _run_agent_task
    async with self._session_factory() as task_db:
               ~~~~~~~~~~~~~~~~~~~~~^^
  File "C:\Users\asadb\AppData\Local\Programs\Python\Python314\Lib\site-packages\sqlalchemy\ext\asyncio\session.py", line 1762, in __call__
    return self.class_(**local_kw)
           ~~~~~~~~~~~^^^^^^^^^^^^
  File "C:\Users\asadb\AppData\Local\Programs\Python\Python314\Lib\site-packages\sqlalchemy\ext\asyncio\session.py", line 257, in __init__
    sync_bind = engine._get_sync_engine_or_connection(bind)
  File "C:\Users\asadb\AppData\Local\Programs\Python\Python314\Lib\site-packages\sqlalchemy\ext\asyncio\engine.py", line 1444, in _get_sync_engine_or_connection
    raise exc.ArgumentError(
        "AsyncEngine expected, got %r" % async_engine
    ) from e
sqlalchemy.exc.ArgumentError: AsyncEngine expected, got Engine(sqlite+aiosqlite://)
ERROR    app.services.debate_engine.round_manager:round_manager.py:1094 Failed to persist fallback error message: round=1 agent=390c93b3-3f66-4cb8-b012-a517d1315d73
Traceback (most recent call last):
  File "C:\Users\asadb\AppData\Local\Programs\Python\Python314\Lib\site-packages\sqlalchemy\ext\asyncio\engine.py", line 1442, in _get_sync_engine_or_connection
    return async_engine.sync_engine
           ^^^^^^^^^^^^^^^^^^^^^^^^
AttributeError: 'Engine' object has no attribute 'sync_engine'

The above exception was the direct cause of the following exception:

Traceback (most recent call last):
  File "D:\Programing\Teamwork\Agora\Agora\server\app\services\debate_engine\round_manager.py", line 1079, in _persist_unhandled_task_failure
    async with self._session_factory() as task_db:
               ~~~~~~~~~~~~~~~~~~~~~^^
  File "C:\Users\asadb\AppData\Local\Programs\Python\Python314\Lib\site-packages\sqlalchemy\ext\asyncio\session.py", line 1762, in __call__
    return self.class_(**local_kw)
           ~~~~~~~~~~~^^^^^^^^^^^^
  File "C:\Users\asadb\AppData\Local\Programs\Python\Python314\Lib\site-packages\sqlalchemy\ext\asyncio\session.py", line 257, in __init__
    sync_bind = engine._get_sync_engine_or_connection(bind)
  File "C:\Users\asadb\AppData\Local\Programs\Python\Python314\Lib\site-packages\sqlalchemy\ext\asyncio\engine.py", line 1444, in _get_sync_engine_or_connection
    raise exc.ArgumentError(
        "AsyncEngine expected, got %r" % async_engine
    ) from e
sqlalchemy.exc.ArgumentError: AsyncEngine expected, got Engine(sqlite+aiosqlite://)
ERROR    app.services.debate_engine.round_manager:round_manager.py:929 Unhandled agent task exception: round=1 agent=b28dd9d2-c10a-43a1-bc6a-bb0df513b769 role=Ethicist
Traceback (most recent call last):
  File "C:\Users\asadb\AppData\Local\Programs\Python\Python314\Lib\site-packages\sqlalchemy\ext\asyncio\engine.py", line 1442, in _get_sync_engine_or_connection
    return async_engine.sync_engine
           ^^^^^^^^^^^^^^^^^^^^^^^^
AttributeError: 'Engine' object has no attribute 'sync_engine'

The above exception was the direct cause of the following exception:

Traceback (most recent call last):
  File "D:\Programing\Teamwork\Agora\Agora\server\app\services\debate_engine\round_manager.py", line 919, in _run_plan
    return await self._run_agent_task(ctx, round_record, plan)
           ^^^^^^^^^^^^^^^^^^^^^^^^^^^^^^^^^^^^^^^^^^^^^^^^^^^
  File "D:\Programing\Teamwork\Agora\Agora\server\app\services\debate_engine\round_manager.py", line 965, in _run_agent_task
    async with self._session_factory() as task_db:
               ~~~~~~~~~~~~~~~~~~~~~^^
  File "C:\Users\asadb\AppData\Local\Programs\Python\Python314\Lib\site-packages\sqlalchemy\ext\asyncio\session.py", line 1762, in __call__
    return self.class_(**local_kw)
           ~~~~~~~~~~~^^^^^^^^^^^^
  File "C:\Users\asadb\AppData\Local\Programs\Python\Python314\Lib\site-packages\sqlalchemy\ext\asyncio\session.py", line 257, in __init__
    sync_bind = engine._get_sync_engine_or_connection(bind)
  File "C:\Users\asadb\AppData\Local\Programs\Python\Python314\Lib\site-packages\sqlalchemy\ext\asyncio\engine.py", line 1444, in _get_sync_engine_or_connection
    raise exc.ArgumentError(
        "AsyncEngine expected, got %r" % async_engine
    ) from e
sqlalchemy.exc.ArgumentError: AsyncEngine expected, got Engine(sqlite+aiosqlite://)
ERROR    app.services.debate_engine.round_manager:round_manager.py:1094 Failed to persist fallback error message: round=1 agent=b28dd9d2-c10a-43a1-bc6a-bb0df513b769
Traceback (most recent call last):
  File "C:\Users\asadb\AppData\Local\Programs\Python\Python314\Lib\site-packages\sqlalchemy\ext\asyncio\engine.py", line 1442, in _get_sync_engine_or_connection
    return async_engine.sync_engine
           ^^^^^^^^^^^^^^^^^^^^^^^^
AttributeError: 'Engine' object has no attribute 'sync_engine'

The above exception was the direct cause of the following exception:

Traceback (most recent call last):
  File "D:\Programing\Teamwork\Agora\Agora\server\app\services\debate_engine\round_manager.py", line 1079, in _persist_unhandled_task_failure
    async with self._session_factory() as task_db:
               ~~~~~~~~~~~~~~~~~~~~~^^
  File "C:\Users\asadb\AppData\Local\Programs\Python\Python314\Lib\site-packages\sqlalchemy\ext\asyncio\session.py", line 1762, in __call__
    return self.class_(**local_kw)
           ~~~~~~~~~~~^^^^^^^^^^^^
  File "C:\Users\asadb\AppData\Local\Programs\Python\Python314\Lib\site-packages\sqlalchemy\ext\asyncio\session.py", line 257, in __init__
    sync_bind = engine._get_sync_engine_or_connection(bind)
  File "C:\Users\asadb\AppData\Local\Programs\Python\Python314\Lib\site-packages\sqlalchemy\ext\asyncio\engine.py", line 1444, in _get_sync_engine_or_connection
    raise exc.ArgumentError(
        "AsyncEngine expected, got %r" % async_engine
    ) from e
sqlalchemy.exc.ArgumentError: AsyncEngine expected, got Engine(sqlite+aiosqlite://)
INFO     app.services.debate_engine.round_manager:round_manager.py:948 Round 1 parallel done in 0.01s failed=2/2
ERROR    app.services.debate_engine.round_manager:round_manager.py:1225 Round 1 failed: All agents failed in Round 1.
ERROR    app.services.chat_engine:chat_engine.py:162 Turn 35932639-0b17-4e47-8976-70a711c66aee failed: All agents failed in Round 1.
Traceback (most recent call last):
  File "D:\Programing\Teamwork\Agora\Agora\server\app\services\chat_engine.py", line 131, in start_turn_execution
    r1: list[AgentRoundResult] = await round_manager.execute_round_1(ctx)
                                 ^^^^^^^^^^^^^^^^^^^^^^^^^^^^^^^^^^^^^^^^
  File "D:\Programing\Teamwork\Agora\Agora\server\app\services\debate_engine\round_manager.py", line 209, in execute_round_1
    raise RuntimeError(reason)
RuntimeError: All agents failed in Round 1.
D:\Programing\Teamwork\Agora\Agora\server\app\services\debate_engine\round_manager.py:209: RuntimeError: All agents failed in Round 1.
E   RuntimeError: All agents failed in Round 1.
---------------------------- Captured stderr call -----------------------------
2026-05-15 19:44:49,553 [INFO] app.services.chat_engine: Turn 70a591d2-56aa-4d67-b652-db41e0cb3183 started: question='Should AI be regulated?' agents=2
2026-05-15 19:44:49,554 [INFO] app.services.chat_engine: WS emit turn_started turn=70a591d2-56aa-4d67-b652-db41e0cb3183
2026-05-15 19:44:49,558 [INFO] app.services.debate_engine.round_manager: Round 1 running (id=8627f2bb-1971-411e-a965-a129d2aa0da1, turn=70a591d2-56aa-4d67-b652-db41e0cb3183)
2026-05-15 19:44:49,558 [INFO] app.services.debate_engine.round_manager: Round 1 parallel start agents=2 concurrency=2
2026-05-15 19:44:49,559 [ERROR] app.services.debate_engine.round_manager: Unhandled agent task exception: round=1 agent=fad9db21-87e0-43e4-9575-bc3175160efa role=Economist
Traceback (most recent call last):
  File "C:\Users\asadb\AppData\Local\Programs\Python\Python314\Lib\site-packages\sqlalchemy\ext\asyncio\engine.py", line 1442, in _get_sync_engine_or_connection
    return async_engine.sync_engine
           ^^^^^^^^^^^^^^^^^^^^^^^^
AttributeError: 'Engine' object has no attribute 'sync_engine'

The above exception was the direct cause of the following exception:

Traceback (most recent call last):
  File "D:\Programing\Teamwork\Agora\Agora\server\app\services\debate_engine\round_manager.py", line 919, in _run_plan
    return await self._run_agent_task(ctx, round_record, plan)
           ^^^^^^^^^^^^^^^^^^^^^^^^^^^^^^^^^^^^^^^^^^^^^^^^^^^
  File "D:\Programing\Teamwork\Agora\Agora\server\app\services\debate_engine\round_manager.py", line 965, in _run_agent_task
    async with self._session_factory() as task_db:
               ~~~~~~~~~~~~~~~~~~~~~^^
  File "C:\Users\asadb\AppData\Local\Programs\Python\Python314\Lib\site-packages\sqlalchemy\ext\asyncio\session.py", line 1762, in __call__
    return self.class_(**local_kw)
           ~~~~~~~~~~~^^^^^^^^^^^^
  File "C:\Users\asadb\AppData\Local\Programs\Python\Python314\Lib\site-packages\sqlalchemy\ext\asyncio\session.py", line 257, in __init__
    sync_bind = engine._get_sync_engine_or_connection(bind)
  File "C:\Users\asadb\AppData\Local\Programs\Python\Python314\Lib\site-packages\sqlalchemy\ext\asyncio\engine.py", line 1444, in _get_sync_engine_or_connection
    raise exc.ArgumentError(
        "AsyncEngine expected, got %r" % async_engine
    ) from e
sqlalchemy.exc.ArgumentError: AsyncEngine expected, got Engine(sqlite+aiosqlite://)
2026-05-15 19:44:49,560 [ERROR] app.services.debate_engine.round_manager: Failed to persist fallback error message: round=1 agent=fad9db21-87e0-43e4-9575-bc3175160efa
Traceback (most recent call last):
  File "C:\Users\asadb\AppData\Local\Programs\Python\Python314\Lib\site-packages\sqlalchemy\ext\asyncio\engine.py", line 1442, in _get_sync_engine_or_connection
    return async_engine.sync_engine
           ^^^^^^^^^^^^^^^^^^^^^^^^
AttributeError: 'Engine' object has no attribute 'sync_engine'

The above exception was the direct cause of the following exception:

Traceback (most recent call last):
  File "D:\Programing\Teamwork\Agora\Agora\server\app\services\debate_engine\round_manager.py", line 1079, in _persist_unhandled_task_failure
    async with self._session_factory() as task_db:
               ~~~~~~~~~~~~~~~~~~~~~^^
  File "C:\Users\asadb\AppData\Local\Programs\Python\Python314\Lib\site-packages\sqlalchemy\ext\asyncio\session.py", line 1762, in __call__
    return self.class_(**local_kw)
           ~~~~~~~~~~~^^^^^^^^^^^^
  File "C:\Users\asadb\AppData\Local\Programs\Python\Python314\Lib\site-packages\sqlalchemy\ext\asyncio\session.py", line 257, in __init__
    sync_bind = engine._get_sync_engine_or_connection(bind)
  File "C:\Users\asadb\AppData\Local\Programs\Python\Python314\Lib\site-packages\sqlalchemy\ext\asyncio\engine.py", line 1444, in _get_sync_engine_or_connection
    raise exc.ArgumentError(
        "AsyncEngine expected, got %r" % async_engine
    ) from e
sqlalchemy.exc.ArgumentError: AsyncEngine expected, got Engine(sqlite+aiosqlite://)
2026-05-15 19:44:49,561 [ERROR] app.services.debate_engine.round_manager: Unhandled agent task exception: round=1 agent=0eb3195b-4cf3-496a-870b-2fac6b895756 role=Ethicist
Traceback (most recent call last):
  File "C:\Users\asadb\AppData\Local\Programs\Python\Python314\Lib\site-packages\sqlalchemy\ext\asyncio\engine.py", line 1442, in _get_sync_engine_or_connection
    return async_engine.sync_engine
           ^^^^^^^^^^^^^^^^^^^^^^^^
AttributeError: 'Engine' object has no attribute 'sync_engine'

The above exception was the direct cause of the following exception:

Traceback (most recent call last):
  File "D:\Programing\Teamwork\Agora\Agora\server\app\services\debate_engine\round_manager.py", line 919, in _run_plan
    return await self._run_agent_task(ctx, round_record, plan)
           ^^^^^^^^^^^^^^^^^^^^^^^^^^^^^^^^^^^^^^^^^^^^^^^^^^^
  File "D:\Programing\Teamwork\Agora\Agora\server\app\services\debate_engine\round_manager.py", line 965, in _run_agent_task
    async with self._session_factory() as task_db:
               ~~~~~~~~~~~~~~~~~~~~~^^
  File "C:\Users\asadb\AppData\Local\Programs\Python\Python314\Lib\site-packages\sqlalchemy\ext\asyncio\session.py", line 1762, in __call__
    return self.class_(**local_kw)
           ~~~~~~~~~~~^^^^^^^^^^^^
  File "C:\Users\asadb\AppData\Local\Programs\Python\Python314\Lib\site-packages\sqlalchemy\ext\asyncio\session.py", line 257, in __init__
    sync_bind = engine._get_sync_engine_or_connection(bind)
  File "C:\Users\asadb\AppData\Local\Programs\Python\Python314\Lib\site-packages\sqlalchemy\ext\asyncio\engine.py", line 1444, in _get_sync_engine_or_connection
    raise exc.ArgumentError(
        "AsyncEngine expected, got %r" % async_engine
    ) from e
sqlalchemy.exc.ArgumentError: AsyncEngine expected, got Engine(sqlite+aiosqlite://)
2026-05-15 19:44:49,563 [ERROR] app.services.debate_engine.round_manager: Failed to persist fallback error message: round=1 agent=0eb3195b-4cf3-496a-870b-2fac6b895756
Traceback (most recent call last):
  File "C:\Users\asadb\AppData\Local\Programs\Python\Python314\Lib\site-packages\sqlalchemy\ext\asyncio\engine.py", line 1442, in _get_sync_engine_or_connection
    return async_engine.sync_engine
           ^^^^^^^^^^^^^^^^^^^^^^^^
AttributeError: 'Engine' object has no attribute 'sync_engine'

The above exception was the direct cause of the following exception:

Traceback (most recent call last):
  File "D:\Programing\Teamwork\Agora\Agora\server\app\services\debate_engine\round_manager.py", line 1079, in _persist_unhandled_task_failure
    async with self._session_factory() as task_db:
               ~~~~~~~~~~~~~~~~~~~~~^^
  File "C:\Users\asadb\AppData\Local\Programs\Python\Python314\Lib\site-packages\sqlalchemy\ext\asyncio\session.py", line 1762, in __call__
    return self.class_(**local_kw)
           ~~~~~~~~~~~^^^^^^^^^^^^
  File "C:\Users\asadb\AppData\Local\Programs\Python\Python314\Lib\site-packages\sqlalchemy\ext\asyncio\session.py", line 257, in __init__
    sync_bind = engine._get_sync_engine_or_connection(bind)
  File "C:\Users\asadb\AppData\Local\Programs\Python\Python314\Lib\site-packages\sqlalchemy\ext\asyncio\engine.py", line 1444, in _get_sync_engine_or_connection
    raise exc.ArgumentError(
        "AsyncEngine expected, got %r" % async_engine
    ) from e
sqlalchemy.exc.ArgumentError: AsyncEngine expected, got Engine(sqlite+aiosqlite://)
2026-05-15 19:44:49,564 [INFO] app.services.debate_engine.round_manager: Round 1 parallel done in 0.01s failed=2/2
2026-05-15 19:44:49,567 [ERROR] app.services.debate_engine.round_manager: Round 1 failed: All agents failed in Round 1.
2026-05-15 19:44:49,569 [ERROR] app.services.chat_engine: Turn 70a591d2-56aa-4d67-b652-db41e0cb3183 failed: All agents failed in Round 1.
Traceback (most recent call last):
  File "D:\Programing\Teamwork\Agora\Agora\server\app\services\chat_engine.py", line 131, in start_turn_execution
    r1: list[AgentRoundResult] = await round_manager.execute_round_1(ctx)
                                 ^^^^^^^^^^^^^^^^^^^^^^^^^^^^^^^^^^^^^^^^
  File "D:\Programing\Teamwork\Agora\Agora\server\app\services\debate_engine\round_manager.py", line 209, in execute_round_1
    raise RuntimeError(reason)
RuntimeError: All agents failed in Round 1.
------------------------------ Captured log call ------------------------------
INFO     app.services.chat_engine:chat_engine.py:112 Turn 70a591d2-56aa-4d67-b652-db41e0cb3183 started: question='Should AI be regulated?' agents=2
INFO     app.services.chat_engine:chat_engine.py:113 WS emit turn_started turn=70a591d2-56aa-4d67-b652-db41e0cb3183
INFO     app.services.debate_engine.round_manager:round_manager.py:1172 Round 1 running (id=8627f2bb-1971-411e-a965-a129d2aa0da1, turn=70a591d2-56aa-4d67-b652-db41e0cb3183)
INFO     app.services.debate_engine.round_manager:round_manager.py:903 Round 1 parallel start agents=2 concurrency=2
ERROR    app.services.debate_engine.round_manager:round_manager.py:929 Unhandled agent task exception: round=1 agent=fad9db21-87e0-43e4-9575-bc3175160efa role=Economist
Traceback (most recent call last):
  File "C:\Users\asadb\AppData\Local\Programs\Python\Python314\Lib\site-packages\sqlalchemy\ext\asyncio\engine.py", line 1442, in _get_sync_engine_or_connection
    return async_engine.sync_engine
           ^^^^^^^^^^^^^^^^^^^^^^^^
AttributeError: 'Engine' object has no attribute 'sync_engine'

The above exception was the direct cause of the following exception:

Traceback (most recent call last):
  File "D:\Programing\Teamwork\Agora\Agora\server\app\services\debate_engine\round_manager.py", line 919, in _run_plan
    return await self._run_agent_task(ctx, round_record, plan)
           ^^^^^^^^^^^^^^^^^^^^^^^^^^^^^^^^^^^^^^^^^^^^^^^^^^^
  File "D:\Programing\Teamwork\Agora\Agora\server\app\services\debate_engine\round_manager.py", line 965, in _run_agent_task
    async with self._session_factory() as task_db:
               ~~~~~~~~~~~~~~~~~~~~~^^
  File "C:\Users\asadb\AppData\Local\Programs\Python\Python314\Lib\site-packages\sqlalchemy\ext\asyncio\session.py", line 1762, in __call__
    return self.class_(**local_kw)
           ~~~~~~~~~~~^^^^^^^^^^^^
  File "C:\Users\asadb\AppData\Local\Programs\Python\Python314\Lib\site-packages\sqlalchemy\ext\asyncio\session.py", line 257, in __init__
    sync_bind = engine._get_sync_engine_or_connection(bind)
  File "C:\Users\asadb\AppData\Local\Programs\Python\Python314\Lib\site-packages\sqlalchemy\ext\asyncio\engine.py", line 1444, in _get_sync_engine_or_connection
    raise exc.ArgumentError(
        "AsyncEngine expected, got %r" % async_engine
    ) from e
sqlalchemy.exc.ArgumentError: AsyncEngine expected, got Engine(sqlite+aiosqlite://)
ERROR    app.services.debate_engine.round_manager:round_manager.py:1094 Failed to persist fallback error message: round=1 agent=fad9db21-87e0-43e4-9575-bc3175160efa
Traceback (most recent call last):
  File "C:\Users\asadb\AppData\Local\Programs\Python\Python314\Lib\site-packages\sqlalchemy\ext\asyncio\engine.py", line 1442, in _get_sync_engine_or_connection
    return async_engine.sync_engine
           ^^^^^^^^^^^^^^^^^^^^^^^^
AttributeError: 'Engine' object has no attribute 'sync_engine'

The above exception was the direct cause of the following exception:

Traceback (most recent call last):
  File "D:\Programing\Teamwork\Agora\Agora\server\app\services\debate_engine\round_manager.py", line 1079, in _persist_unhandled_task_failure
    async with self._session_factory() as task_db:
               ~~~~~~~~~~~~~~~~~~~~~^^
  File "C:\Users\asadb\AppData\Local\Programs\Python\Python314\Lib\site-packages\sqlalchemy\ext\asyncio\session.py", line 1762, in __call__
    return self.class_(**local_kw)
           ~~~~~~~~~~~^^^^^^^^^^^^
  File "C:\Users\asadb\AppData\Local\Programs\Python\Python314\Lib\site-packages\sqlalchemy\ext\asyncio\session.py", line 257, in __init__
    sync_bind = engine._get_sync_engine_or_connection(bind)
  File "C:\Users\asadb\AppData\Local\Programs\Python\Python314\Lib\site-packages\sqlalchemy\ext\asyncio\engine.py", line 1444, in _get_sync_engine_or_connection
    raise exc.ArgumentError(
        "AsyncEngine expected, got %r" % async_engine
    ) from e
sqlalchemy.exc.ArgumentError: AsyncEngine expected, got Engine(sqlite+aiosqlite://)
ERROR    app.services.debate_engine.round_manager:round_manager.py:929 Unhandled agent task exception: round=1 agent=0eb3195b-4cf3-496a-870b-2fac6b895756 role=Ethicist
Traceback (most recent call last):
  File "C:\Users\asadb\AppData\Local\Programs\Python\Python314\Lib\site-packages\sqlalchemy\ext\asyncio\engine.py", line 1442, in _get_sync_engine_or_connection
    return async_engine.sync_engine
           ^^^^^^^^^^^^^^^^^^^^^^^^
AttributeError: 'Engine' object has no attribute 'sync_engine'

The above exception was the direct cause of the following exception:

Traceback (most recent call last):
  File "D:\Programing\Teamwork\Agora\Agora\server\app\services\debate_engine\round_manager.py", line 919, in _run_plan
    return await self._run_agent_task(ctx, round_record, plan)
           ^^^^^^^^^^^^^^^^^^^^^^^^^^^^^^^^^^^^^^^^^^^^^^^^^^^
  File "D:\Programing\Teamwork\Agora\Agora\server\app\services\debate_engine\round_manager.py", line 965, in _run_agent_task
    async with self._session_factory() as task_db:
               ~~~~~~~~~~~~~~~~~~~~~^^
  File "C:\Users\asadb\AppData\Local\Programs\Python\Python314\Lib\site-packages\sqlalchemy\ext\asyncio\session.py", line 1762, in __call__
    return self.class_(**local_kw)
           ~~~~~~~~~~~^^^^^^^^^^^^
  File "C:\Users\asadb\AppData\Local\Programs\Python\Python314\Lib\site-packages\sqlalchemy\ext\asyncio\session.py", line 257, in __init__
    sync_bind = engine._get_sync_engine_or_connection(bind)
  File "C:\Users\asadb\AppData\Local\Programs\Python\Python314\Lib\site-packages\sqlalchemy\ext\asyncio\engine.py", line 1444, in _get_sync_engine_or_connection
    raise exc.ArgumentError(
        "AsyncEngine expected, got %r" % async_engine
    ) from e
sqlalchemy.exc.ArgumentError: AsyncEngine expected, got Engine(sqlite+aiosqlite://)
ERROR    app.services.debate_engine.round_manager:round_manager.py:1094 Failed to persist fallback error message: round=1 agent=0eb3195b-4cf3-496a-870b-2fac6b895756
Traceback (most recent call last):
  File "C:\Users\asadb\AppData\Local\Programs\Python\Python314\Lib\site-packages\sqlalchemy\ext\asyncio\engine.py", line 1442, in _get_sync_engine_or_connection
    return async_engine.sync_engine
           ^^^^^^^^^^^^^^^^^^^^^^^^
AttributeError: 'Engine' object has no attribute 'sync_engine'

The above exception was the direct cause of the following exception:

Traceback (most recent call last):
  File "D:\Programing\Teamwork\Agora\Agora\server\app\services\debate_engine\round_manager.py", line 1079, in _persist_unhandled_task_failure
    async with self._session_factory() as task_db:
               ~~~~~~~~~~~~~~~~~~~~~^^
  File "C:\Users\asadb\AppData\Local\Programs\Python\Python314\Lib\site-packages\sqlalchemy\ext\asyncio\session.py", line 1762, in __call__
    return self.class_(**local_kw)
           ~~~~~~~~~~~^^^^^^^^^^^^
  File "C:\Users\asadb\AppData\Local\Programs\Python\Python314\Lib\site-packages\sqlalchemy\ext\asyncio\session.py", line 257, in __init__
    sync_bind = engine._get_sync_engine_or_connection(bind)
  File "C:\Users\asadb\AppData\Local\Programs\Python\Python314\Lib\site-packages\sqlalchemy\ext\asyncio\engine.py", line 1444, in _get_sync_engine_or_connection
    raise exc.ArgumentError(
        "AsyncEngine expected, got %r" % async_engine
    ) from e
sqlalchemy.exc.ArgumentError: AsyncEngine expected, got Engine(sqlite+aiosqlite://)
INFO     app.services.debate_engine.round_manager:round_manager.py:948 Round 1 parallel done in 0.01s failed=2/2
ERROR    app.services.debate_engine.round_manager:round_manager.py:1225 Round 1 failed: All agents failed in Round 1.
ERROR    app.services.chat_engine:chat_engine.py:162 Turn 70a591d2-56aa-4d67-b652-db41e0cb3183 failed: All agents failed in Round 1.
Traceback (most recent call last):
  File "D:\Programing\Teamwork\Agora\Agora\server\app\services\chat_engine.py", line 131, in start_turn_execution
    r1: list[AgentRoundResult] = await round_manager.execute_round_1(ctx)
                                 ^^^^^^^^^^^^^^^^^^^^^^^^^^^^^^^^^^^^^^^^
  File "D:\Programing\Teamwork\Agora\Agora\server\app\services\debate_engine\round_manager.py", line 209, in execute_round_1
    raise RuntimeError(reason)
RuntimeError: All agents failed in Round 1.
D:\Programing\Teamwork\Agora\Agora\server\app\services\debate_engine\round_manager.py:209: RuntimeError: All agents failed in Round 1.
E   RuntimeError: All agents failed in Round 1.
---------------------------- Captured stderr call -----------------------------
2026-05-15 19:44:49,680 [INFO] app.services.chat_engine: Turn c76ab9b2-696d-448e-a73c-5e224081fb73 started: question='Should AI be regulated?' agents=2
2026-05-15 19:44:49,680 [INFO] app.services.chat_engine: WS emit turn_started turn=c76ab9b2-696d-448e-a73c-5e224081fb73
2026-05-15 19:44:49,685 [INFO] app.services.debate_engine.round_manager: Round 1 running (id=f937c34a-dd7f-4586-9f52-c327ca837760, turn=c76ab9b2-696d-448e-a73c-5e224081fb73)
2026-05-15 19:44:49,685 [INFO] app.services.debate_engine.round_manager: Round 1 parallel start agents=2 concurrency=2
2026-05-15 19:44:49,685 [ERROR] app.services.debate_engine.round_manager: Unhandled agent task exception: round=1 agent=80c9077d-39b0-4e49-a3d5-547b93819bad role=Economist
Traceback (most recent call last):
  File "C:\Users\asadb\AppData\Local\Programs\Python\Python314\Lib\site-packages\sqlalchemy\ext\asyncio\engine.py", line 1442, in _get_sync_engine_or_connection
    return async_engine.sync_engine
           ^^^^^^^^^^^^^^^^^^^^^^^^
AttributeError: 'Engine' object has no attribute 'sync_engine'

The above exception was the direct cause of the following exception:

Traceback (most recent call last):
  File "D:\Programing\Teamwork\Agora\Agora\server\app\services\debate_engine\round_manager.py", line 919, in _run_plan
    return await self._run_agent_task(ctx, round_record, plan)
           ^^^^^^^^^^^^^^^^^^^^^^^^^^^^^^^^^^^^^^^^^^^^^^^^^^^
  File "D:\Programing\Teamwork\Agora\Agora\server\app\services\debate_engine\round_manager.py", line 965, in _run_agent_task
    async with self._session_factory() as task_db:
               ~~~~~~~~~~~~~~~~~~~~~^^
  File "C:\Users\asadb\AppData\Local\Programs\Python\Python314\Lib\site-packages\sqlalchemy\ext\asyncio\session.py", line 1762, in __call__
    return self.class_(**local_kw)
           ~~~~~~~~~~~^^^^^^^^^^^^
  File "C:\Users\asadb\AppData\Local\Programs\Python\Python314\Lib\site-packages\sqlalchemy\ext\asyncio\session.py", line 257, in __init__
    sync_bind = engine._get_sync_engine_or_connection(bind)
  File "C:\Users\asadb\AppData\Local\Programs\Python\Python314\Lib\site-packages\sqlalchemy\ext\asyncio\engine.py", line 1444, in _get_sync_engine_or_connection
    raise exc.ArgumentError(
        "AsyncEngine expected, got %r" % async_engine
    ) from e
sqlalchemy.exc.ArgumentError: AsyncEngine expected, got Engine(sqlite+aiosqlite://)
2026-05-15 19:44:49,687 [ERROR] app.services.debate_engine.round_manager: Failed to persist fallback error message: round=1 agent=80c9077d-39b0-4e49-a3d5-547b93819bad
Traceback (most recent call last):
  File "C:\Users\asadb\AppData\Local\Programs\Python\Python314\Lib\site-packages\sqlalchemy\ext\asyncio\engine.py", line 1442, in _get_sync_engine_or_connection
    return async_engine.sync_engine
           ^^^^^^^^^^^^^^^^^^^^^^^^
AttributeError: 'Engine' object has no attribute 'sync_engine'

The above exception was the direct cause of the following exception:

Traceback (most recent call last):
  File "D:\Programing\Teamwork\Agora\Agora\server\app\services\debate_engine\round_manager.py", line 1079, in _persist_unhandled_task_failure
    async with self._session_factory() as task_db:
               ~~~~~~~~~~~~~~~~~~~~~^^
  File "C:\Users\asadb\AppData\Local\Programs\Python\Python314\Lib\site-packages\sqlalchemy\ext\asyncio\session.py", line 1762, in __call__
    return self.class_(**local_kw)
           ~~~~~~~~~~~^^^^^^^^^^^^
  File "C:\Users\asadb\AppData\Local\Programs\Python\Python314\Lib\site-packages\sqlalchemy\ext\asyncio\session.py", line 257, in __init__
    sync_bind = engine._get_sync_engine_or_connection(bind)
  File "C:\Users\asadb\AppData\Local\Programs\Python\Python314\Lib\site-packages\sqlalchemy\ext\asyncio\engine.py", line 1444, in _get_sync_engine_or_connection
    raise exc.ArgumentError(
        "AsyncEngine expected, got %r" % async_engine
    ) from e
sqlalchemy.exc.ArgumentError: AsyncEngine expected, got Engine(sqlite+aiosqlite://)
2026-05-15 19:44:49,688 [ERROR] app.services.debate_engine.round_manager: Unhandled agent task exception: round=1 agent=6bc64982-d47a-4400-ab6d-ab880b6b2729 role=Ethicist
Traceback (most recent call last):
  File "C:\Users\asadb\AppData\Local\Programs\Python\Python314\Lib\site-packages\sqlalchemy\ext\asyncio\engine.py", line 1442, in _get_sync_engine_or_connection
    return async_engine.sync_engine
           ^^^^^^^^^^^^^^^^^^^^^^^^
AttributeError: 'Engine' object has no attribute 'sync_engine'

The above exception was the direct cause of the following exception:

Traceback (most recent call last):
  File "D:\Programing\Teamwork\Agora\Agora\server\app\services\debate_engine\round_manager.py", line 919, in _run_plan
    return await self._run_agent_task(ctx, round_record, plan)
           ^^^^^^^^^^^^^^^^^^^^^^^^^^^^^^^^^^^^^^^^^^^^^^^^^^^
  File "D:\Programing\Teamwork\Agora\Agora\server\app\services\debate_engine\round_manager.py", line 965, in _run_agent_task
    async with self._session_factory() as task_db:
               ~~~~~~~~~~~~~~~~~~~~~^^
  File "C:\Users\asadb\AppData\Local\Programs\Python\Python314\Lib\site-packages\sqlalchemy\ext\asyncio\session.py", line 1762, in __call__
    return self.class_(**local_kw)
           ~~~~~~~~~~~^^^^^^^^^^^^
  File "C:\Users\asadb\AppData\Local\Programs\Python\Python314\Lib\site-packages\sqlalchemy\ext\asyncio\session.py", line 257, in __init__
    sync_bind = engine._get_sync_engine_or_connection(bind)
  File "C:\Users\asadb\AppData\Local\Programs\Python\Python314\Lib\site-packages\sqlalchemy\ext\asyncio\engine.py", line 1444, in _get_sync_engine_or_connection
    raise exc.ArgumentError(
        "AsyncEngine expected, got %r" % async_engine
    ) from e
sqlalchemy.exc.ArgumentError: AsyncEngine expected, got Engine(sqlite+aiosqlite://)
2026-05-15 19:44:49,689 [ERROR] app.services.debate_engine.round_manager: Failed to persist fallback error message: round=1 agent=6bc64982-d47a-4400-ab6d-ab880b6b2729
Traceback (most recent call last):
  File "C:\Users\asadb\AppData\Local\Programs\Python\Python314\Lib\site-packages\sqlalchemy\ext\asyncio\engine.py", line 1442, in _get_sync_engine_or_connection
    return async_engine.sync_engine
           ^^^^^^^^^^^^^^^^^^^^^^^^
AttributeError: 'Engine' object has no attribute 'sync_engine'

The above exception was the direct cause of the following exception:

Traceback (most recent call last):
  File "D:\Programing\Teamwork\Agora\Agora\server\app\services\debate_engine\round_manager.py", line 1079, in _persist_unhandled_task_failure
    async with self._session_factory() as task_db:
               ~~~~~~~~~~~~~~~~~~~~~^^
  File "C:\Users\asadb\AppData\Local\Programs\Python\Python314\Lib\site-packages\sqlalchemy\ext\asyncio\session.py", line 1762, in __call__
    return self.class_(**local_kw)
           ~~~~~~~~~~~^^^^^^^^^^^^
  File "C:\Users\asadb\AppData\Local\Programs\Python\Python314\Lib\site-packages\sqlalchemy\ext\asyncio\session.py", line 257, in __init__
    sync_bind = engine._get_sync_engine_or_connection(bind)
  File "C:\Users\asadb\AppData\Local\Programs\Python\Python314\Lib\site-packages\sqlalchemy\ext\asyncio\engine.py", line 1444, in _get_sync_engine_or_connection
    raise exc.ArgumentError(
        "AsyncEngine expected, got %r" % async_engine
    ) from e
sqlalchemy.exc.ArgumentError: AsyncEngine expected, got Engine(sqlite+aiosqlite://)
2026-05-15 19:44:49,691 [INFO] app.services.debate_engine.round_manager: Round 1 parallel done in 0.01s failed=2/2
2026-05-15 19:44:49,694 [ERROR] app.services.debate_engine.round_manager: Round 1 failed: All agents failed in Round 1.
2026-05-15 19:44:49,697 [ERROR] app.services.chat_engine: Turn c76ab9b2-696d-448e-a73c-5e224081fb73 failed: All agents failed in Round 1.
Traceback (most recent call last):
  File "D:\Programing\Teamwork\Agora\Agora\server\app\services\chat_engine.py", line 131, in start_turn_execution
    r1: list[AgentRoundResult] = await round_manager.execute_round_1(ctx)
                                 ^^^^^^^^^^^^^^^^^^^^^^^^^^^^^^^^^^^^^^^^
  File "D:\Programing\Teamwork\Agora\Agora\server\app\services\debate_engine\round_manager.py", line 209, in execute_round_1
    raise RuntimeError(reason)
RuntimeError: All agents failed in Round 1.
------------------------------ Captured log call ------------------------------
INFO     app.services.chat_engine:chat_engine.py:112 Turn c76ab9b2-696d-448e-a73c-5e224081fb73 started: question='Should AI be regulated?' agents=2
INFO     app.services.chat_engine:chat_engine.py:113 WS emit turn_started turn=c76ab9b2-696d-448e-a73c-5e224081fb73
INFO     app.services.debate_engine.round_manager:round_manager.py:1172 Round 1 running (id=f937c34a-dd7f-4586-9f52-c327ca837760, turn=c76ab9b2-696d-448e-a73c-5e224081fb73)
INFO     app.services.debate_engine.round_manager:round_manager.py:903 Round 1 parallel start agents=2 concurrency=2
ERROR    app.services.debate_engine.round_manager:round_manager.py:929 Unhandled agent task exception: round=1 agent=80c9077d-39b0-4e49-a3d5-547b93819bad role=Economist
Traceback (most recent call last):
  File "C:\Users\asadb\AppData\Local\Programs\Python\Python314\Lib\site-packages\sqlalchemy\ext\asyncio\engine.py", line 1442, in _get_sync_engine_or_connection
    return async_engine.sync_engine
           ^^^^^^^^^^^^^^^^^^^^^^^^
AttributeError: 'Engine' object has no attribute 'sync_engine'

The above exception was the direct cause of the following exception:

Traceback (most recent call last):
  File "D:\Programing\Teamwork\Agora\Agora\server\app\services\debate_engine\round_manager.py", line 919, in _run_plan
    return await self._run_agent_task(ctx, round_record, plan)
           ^^^^^^^^^^^^^^^^^^^^^^^^^^^^^^^^^^^^^^^^^^^^^^^^^^^
  File "D:\Programing\Teamwork\Agora\Agora\server\app\services\debate_engine\round_manager.py", line 965, in _run_agent_task
    async with self._session_factory() as task_db:
               ~~~~~~~~~~~~~~~~~~~~~^^
  File "C:\Users\asadb\AppData\Local\Programs\Python\Python314\Lib\site-packages\sqlalchemy\ext\asyncio\session.py", line 1762, in __call__
    return self.class_(**local_kw)
           ~~~~~~~~~~~^^^^^^^^^^^^
  File "C:\Users\asadb\AppData\Local\Programs\Python\Python314\Lib\site-packages\sqlalchemy\ext\asyncio\session.py", line 257, in __init__
    sync_bind = engine._get_sync_engine_or_connection(bind)
  File "C:\Users\asadb\AppData\Local\Programs\Python\Python314\Lib\site-packages\sqlalchemy\ext\asyncio\engine.py", line 1444, in _get_sync_engine_or_connection
    raise exc.ArgumentError(
        "AsyncEngine expected, got %r" % async_engine
    ) from e
sqlalchemy.exc.ArgumentError: AsyncEngine expected, got Engine(sqlite+aiosqlite://)
ERROR    app.services.debate_engine.round_manager:round_manager.py:1094 Failed to persist fallback error message: round=1 agent=80c9077d-39b0-4e49-a3d5-547b93819bad
Traceback (most recent call last):
  File "C:\Users\asadb\AppData\Local\Programs\Python\Python314\Lib\site-packages\sqlalchemy\ext\asyncio\engine.py", line 1442, in _get_sync_engine_or_connection
    return async_engine.sync_engine
           ^^^^^^^^^^^^^^^^^^^^^^^^
AttributeError: 'Engine' object has no attribute 'sync_engine'

The above exception was the direct cause of the following exception:

Traceback (most recent call last):
  File "D:\Programing\Teamwork\Agora\Agora\server\app\services\debate_engine\round_manager.py", line 1079, in _persist_unhandled_task_failure
    async with self._session_factory() as task_db:
               ~~~~~~~~~~~~~~~~~~~~~^^
  File "C:\Users\asadb\AppData\Local\Programs\Python\Python314\Lib\site-packages\sqlalchemy\ext\asyncio\session.py", line 1762, in __call__
    return self.class_(**local_kw)
           ~~~~~~~~~~~^^^^^^^^^^^^
  File "C:\Users\asadb\AppData\Local\Programs\Python\Python314\Lib\site-packages\sqlalchemy\ext\asyncio\session.py", line 257, in __init__
    sync_bind = engine._get_sync_engine_or_connection(bind)
  File "C:\Users\asadb\AppData\Local\Programs\Python\Python314\Lib\site-packages\sqlalchemy\ext\asyncio\engine.py", line 1444, in _get_sync_engine_or_connection
    raise exc.ArgumentError(
        "AsyncEngine expected, got %r" % async_engine
    ) from e
sqlalchemy.exc.ArgumentError: AsyncEngine expected, got Engine(sqlite+aiosqlite://)
ERROR    app.services.debate_engine.round_manager:round_manager.py:929 Unhandled agent task exception: round=1 agent=6bc64982-d47a-4400-ab6d-ab880b6b2729 role=Ethicist
Traceback (most recent call last):
  File "C:\Users\asadb\AppData\Local\Programs\Python\Python314\Lib\site-packages\sqlalchemy\ext\asyncio\engine.py", line 1442, in _get_sync_engine_or_connection
    return async_engine.sync_engine
           ^^^^^^^^^^^^^^^^^^^^^^^^
AttributeError: 'Engine' object has no attribute 'sync_engine'

The above exception was the direct cause of the following exception:

Traceback (most recent call last):
  File "D:\Programing\Teamwork\Agora\Agora\server\app\services\debate_engine\round_manager.py", line 919, in _run_plan
    return await self._run_agent_task(ctx, round_record, plan)
           ^^^^^^^^^^^^^^^^^^^^^^^^^^^^^^^^^^^^^^^^^^^^^^^^^^^
  File "D:\Programing\Teamwork\Agora\Agora\server\app\services\debate_engine\round_manager.py", line 965, in _run_agent_task
    async with self._session_factory() as task_db:
               ~~~~~~~~~~~~~~~~~~~~~^^
  File "C:\Users\asadb\AppData\Local\Programs\Python\Python314\Lib\site-packages\sqlalchemy\ext\asyncio\session.py", line 1762, in __call__
    return self.class_(**local_kw)
           ~~~~~~~~~~~^^^^^^^^^^^^
  File "C:\Users\asadb\AppData\Local\Programs\Python\Python314\Lib\site-packages\sqlalchemy\ext\asyncio\session.py", line 257, in __init__
    sync_bind = engine._get_sync_engine_or_connection(bind)
  File "C:\Users\asadb\AppData\Local\Programs\Python\Python314\Lib\site-packages\sqlalchemy\ext\asyncio\engine.py", line 1444, in _get_sync_engine_or_connection
    raise exc.ArgumentError(
        "AsyncEngine expected, got %r" % async_engine
    ) from e
sqlalchemy.exc.ArgumentError: AsyncEngine expected, got Engine(sqlite+aiosqlite://)
ERROR    app.services.debate_engine.round_manager:round_manager.py:1094 Failed to persist fallback error message: round=1 agent=6bc64982-d47a-4400-ab6d-ab880b6b2729
Traceback (most recent call last):
  File "C:\Users\asadb\AppData\Local\Programs\Python\Python314\Lib\site-packages\sqlalchemy\ext\asyncio\engine.py", line 1442, in _get_sync_engine_or_connection
    return async_engine.sync_engine
           ^^^^^^^^^^^^^^^^^^^^^^^^
AttributeError: 'Engine' object has no attribute 'sync_engine'

The above exception was the direct cause of the following exception:

Traceback (most recent call last):
  File "D:\Programing\Teamwork\Agora\Agora\server\app\services\debate_engine\round_manager.py", line 1079, in _persist_unhandled_task_failure
    async with self._session_factory() as task_db:
               ~~~~~~~~~~~~~~~~~~~~~^^
  File "C:\Users\asadb\AppData\Local\Programs\Python\Python314\Lib\site-packages\sqlalchemy\ext\asyncio\session.py", line 1762, in __call__
    return self.class_(**local_kw)
           ~~~~~~~~~~~^^^^^^^^^^^^
  File "C:\Users\asadb\AppData\Local\Programs\Python\Python314\Lib\site-packages\sqlalchemy\ext\asyncio\session.py", line 257, in __init__
    sync_bind = engine._get_sync_engine_or_connection(bind)
  File "C:\Users\asadb\AppData\Local\Programs\Python\Python314\Lib\site-packages\sqlalchemy\ext\asyncio\engine.py", line 1444, in _get_sync_engine_or_connection
    raise exc.ArgumentError(
        "AsyncEngine expected, got %r" % async_engine
    ) from e
sqlalchemy.exc.ArgumentError: AsyncEngine expected, got Engine(sqlite+aiosqlite://)
INFO     app.services.debate_engine.round_manager:round_manager.py:948 Round 1 parallel done in 0.01s failed=2/2
ERROR    app.services.debate_engine.round_manager:round_manager.py:1225 Round 1 failed: All agents failed in Round 1.
ERROR    app.services.chat_engine:chat_engine.py:162 Turn c76ab9b2-696d-448e-a73c-5e224081fb73 failed: All agents failed in Round 1.
Traceback (most recent call last):
  File "D:\Programing\Teamwork\Agora\Agora\server\app\services\chat_engine.py", line 131, in start_turn_execution
    r1: list[AgentRoundResult] = await round_manager.execute_round_1(ctx)
                                 ^^^^^^^^^^^^^^^^^^^^^^^^^^^^^^^^^^^^^^^^
  File "D:\Programing\Teamwork\Agora\Agora\server\app\services\debate_engine\round_manager.py", line 209, in execute_round_1
    raise RuntimeError(reason)
RuntimeError: All agents failed in Round 1.
D:\Programing\Teamwork\Agora\Agora\server\app\services\debate_engine\round_manager.py:209: RuntimeError: All agents failed in Round 1.
E   RuntimeError: All agents failed in Round 1.
---------------------------- Captured stderr call -----------------------------
2026-05-15 19:44:49,827 [INFO] app.services.chat_engine: Turn 06fc51c1-86b2-4639-a563-49ad8378779f started: question='Should AI be regulated?' agents=2
2026-05-15 19:44:49,828 [INFO] app.services.chat_engine: WS emit turn_started turn=06fc51c1-86b2-4639-a563-49ad8378779f
2026-05-15 19:44:49,832 [INFO] app.services.debate_engine.round_manager: Round 1 running (id=3bee858a-c8d8-4954-aafc-cfd1877d1e32, turn=06fc51c1-86b2-4639-a563-49ad8378779f)
2026-05-15 19:44:49,833 [INFO] app.services.debate_engine.round_manager: Round 1 parallel start agents=2 concurrency=2
2026-05-15 19:44:49,833 [ERROR] app.services.debate_engine.round_manager: Unhandled agent task exception: round=1 agent=2ec7379f-ac90-4ac7-98b2-7d8283b9dcd9 role=Economist
Traceback (most recent call last):
  File "C:\Users\asadb\AppData\Local\Programs\Python\Python314\Lib\site-packages\sqlalchemy\ext\asyncio\engine.py", line 1442, in _get_sync_engine_or_connection
    return async_engine.sync_engine
           ^^^^^^^^^^^^^^^^^^^^^^^^
AttributeError: 'Engine' object has no attribute 'sync_engine'

The above exception was the direct cause of the following exception:

Traceback (most recent call last):
  File "D:\Programing\Teamwork\Agora\Agora\server\app\services\debate_engine\round_manager.py", line 919, in _run_plan
    return await self._run_agent_task(ctx, round_record, plan)
           ^^^^^^^^^^^^^^^^^^^^^^^^^^^^^^^^^^^^^^^^^^^^^^^^^^^
  File "D:\Programing\Teamwork\Agora\Agora\server\app\services\debate_engine\round_manager.py", line 965, in _run_agent_task
    async with self._session_factory() as task_db:
               ~~~~~~~~~~~~~~~~~~~~~^^
  File "C:\Users\asadb\AppData\Local\Programs\Python\Python314\Lib\site-packages\sqlalchemy\ext\asyncio\session.py", line 1762, in __call__
    return self.class_(**local_kw)
           ~~~~~~~~~~~^^^^^^^^^^^^
  File "C:\Users\asadb\AppData\Local\Programs\Python\Python314\Lib\site-packages\sqlalchemy\ext\asyncio\session.py", line 257, in __init__
    sync_bind = engine._get_sync_engine_or_connection(bind)
  File "C:\Users\asadb\AppData\Local\Programs\Python\Python314\Lib\site-packages\sqlalchemy\ext\asyncio\engine.py", line 1444, in _get_sync_engine_or_connection
    raise exc.ArgumentError(
        "AsyncEngine expected, got %r" % async_engine
    ) from e
sqlalchemy.exc.ArgumentError: AsyncEngine expected, got Engine(sqlite+aiosqlite://)
2026-05-15 19:44:49,834 [ERROR] app.services.debate_engine.round_manager: Failed to persist fallback error message: round=1 agent=2ec7379f-ac90-4ac7-98b2-7d8283b9dcd9
Traceback (most recent call last):
  File "C:\Users\asadb\AppData\Local\Programs\Python\Python314\Lib\site-packages\sqlalchemy\ext\asyncio\engine.py", line 1442, in _get_sync_engine_or_connection
    return async_engine.sync_engine
           ^^^^^^^^^^^^^^^^^^^^^^^^
AttributeError: 'Engine' object has no attribute 'sync_engine'

The above exception was the direct cause of the following exception:

Traceback (most recent call last):
  File "D:\Programing\Teamwork\Agora\Agora\server\app\services\debate_engine\round_manager.py", line 1079, in _persist_unhandled_task_failure
    async with self._session_factory() as task_db:
               ~~~~~~~~~~~~~~~~~~~~~^^
  File "C:\Users\asadb\AppData\Local\Programs\Python\Python314\Lib\site-packages\sqlalchemy\ext\asyncio\session.py", line 1762, in __call__
    return self.class_(**local_kw)
           ~~~~~~~~~~~^^^^^^^^^^^^
  File "C:\Users\asadb\AppData\Local\Programs\Python\Python314\Lib\site-packages\sqlalchemy\ext\asyncio\session.py", line 257, in __init__
    sync_bind = engine._get_sync_engine_or_connection(bind)
  File "C:\Users\asadb\AppData\Local\Programs\Python\Python314\Lib\site-packages\sqlalchemy\ext\asyncio\engine.py", line 1444, in _get_sync_engine_or_connection
    raise exc.ArgumentError(
        "AsyncEngine expected, got %r" % async_engine
    ) from e
sqlalchemy.exc.ArgumentError: AsyncEngine expected, got Engine(sqlite+aiosqlite://)
2026-05-15 19:44:49,836 [ERROR] app.services.debate_engine.round_manager: Unhandled agent task exception: round=1 agent=7f5b6668-7226-4b4a-ab37-2f78ce23c5c8 role=Ethicist
Traceback (most recent call last):
  File "C:\Users\asadb\AppData\Local\Programs\Python\Python314\Lib\site-packages\sqlalchemy\ext\asyncio\engine.py", line 1442, in _get_sync_engine_or_connection
    return async_engine.sync_engine
           ^^^^^^^^^^^^^^^^^^^^^^^^
AttributeError: 'Engine' object has no attribute 'sync_engine'

The above exception was the direct cause of the following exception:

Traceback (most recent call last):
  File "D:\Programing\Teamwork\Agora\Agora\server\app\services\debate_engine\round_manager.py", line 919, in _run_plan
    return await self._run_agent_task(ctx, round_record, plan)
           ^^^^^^^^^^^^^^^^^^^^^^^^^^^^^^^^^^^^^^^^^^^^^^^^^^^
  File "D:\Programing\Teamwork\Agora\Agora\server\app\services\debate_engine\round_manager.py", line 965, in _run_agent_task
    async with self._session_factory() as task_db:
               ~~~~~~~~~~~~~~~~~~~~~^^
  File "C:\Users\asadb\AppData\Local\Programs\Python\Python314\Lib\site-packages\sqlalchemy\ext\asyncio\session.py", line 1762, in __call__
    return self.class_(**local_kw)
           ~~~~~~~~~~~^^^^^^^^^^^^
  File "C:\Users\asadb\AppData\Local\Programs\Python\Python314\Lib\site-packages\sqlalchemy\ext\asyncio\session.py", line 257, in __init__
    sync_bind = engine._get_sync_engine_or_connection(bind)
  File "C:\Users\asadb\AppData\Local\Programs\Python\Python314\Lib\site-packages\sqlalchemy\ext\asyncio\engine.py", line 1444, in _get_sync_engine_or_connection
    raise exc.ArgumentError(
        "AsyncEngine expected, got %r" % async_engine
    ) from e
sqlalchemy.exc.ArgumentError: AsyncEngine expected, got Engine(sqlite+aiosqlite://)
2026-05-15 19:44:49,837 [ERROR] app.services.debate_engine.round_manager: Failed to persist fallback error message: round=1 agent=7f5b6668-7226-4b4a-ab37-2f78ce23c5c8
Traceback (most recent call last):
  File "C:\Users\asadb\AppData\Local\Programs\Python\Python314\Lib\site-packages\sqlalchemy\ext\asyncio\engine.py", line 1442, in _get_sync_engine_or_connection
    return async_engine.sync_engine
           ^^^^^^^^^^^^^^^^^^^^^^^^
AttributeError: 'Engine' object has no attribute 'sync_engine'

The above exception was the direct cause of the following exception:

Traceback (most recent call last):
  File "D:\Programing\Teamwork\Agora\Agora\server\app\services\debate_engine\round_manager.py", line 1079, in _persist_unhandled_task_failure
    async with self._session_factory() as task_db:
               ~~~~~~~~~~~~~~~~~~~~~^^
  File "C:\Users\asadb\AppData\Local\Programs\Python\Python314\Lib\site-packages\sqlalchemy\ext\asyncio\session.py", line 1762, in __call__
    return self.class_(**local_kw)
           ~~~~~~~~~~~^^^^^^^^^^^^
  File "C:\Users\asadb\AppData\Local\Programs\Python\Python314\Lib\site-packages\sqlalchemy\ext\asyncio\session.py", line 257, in __init__
    sync_bind = engine._get_sync_engine_or_connection(bind)
  File "C:\Users\asadb\AppData\Local\Programs\Python\Python314\Lib\site-packages\sqlalchemy\ext\asyncio\engine.py", line 1444, in _get_sync_engine_or_connection
    raise exc.ArgumentError(
        "AsyncEngine expected, got %r" % async_engine
    ) from e
sqlalchemy.exc.ArgumentError: AsyncEngine expected, got Engine(sqlite+aiosqlite://)
2026-05-15 19:44:49,838 [INFO] app.services.debate_engine.round_manager: Round 1 parallel done in 0.01s failed=2/2
2026-05-15 19:44:49,840 [ERROR] app.services.debate_engine.round_manager: Round 1 failed: All agents failed in Round 1.
2026-05-15 19:44:49,842 [ERROR] app.services.chat_engine: Turn 06fc51c1-86b2-4639-a563-49ad8378779f failed: All agents failed in Round 1.
Traceback (most recent call last):
  File "D:\Programing\Teamwork\Agora\Agora\server\app\services\chat_engine.py", line 131, in start_turn_execution
    r1: list[AgentRoundResult] = await round_manager.execute_round_1(ctx)
                                 ^^^^^^^^^^^^^^^^^^^^^^^^^^^^^^^^^^^^^^^^
  File "D:\Programing\Teamwork\Agora\Agora\server\app\services\debate_engine\round_manager.py", line 209, in execute_round_1
    raise RuntimeError(reason)
RuntimeError: All agents failed in Round 1.
------------------------------ Captured log call ------------------------------
INFO     app.services.chat_engine:chat_engine.py:112 Turn 06fc51c1-86b2-4639-a563-49ad8378779f started: question='Should AI be regulated?' agents=2
INFO     app.services.chat_engine:chat_engine.py:113 WS emit turn_started turn=06fc51c1-86b2-4639-a563-49ad8378779f
INFO     app.services.debate_engine.round_manager:round_manager.py:1172 Round 1 running (id=3bee858a-c8d8-4954-aafc-cfd1877d1e32, turn=06fc51c1-86b2-4639-a563-49ad8378779f)
INFO     app.services.debate_engine.round_manager:round_manager.py:903 Round 1 parallel start agents=2 concurrency=2
ERROR    app.services.debate_engine.round_manager:round_manager.py:929 Unhandled agent task exception: round=1 agent=2ec7379f-ac90-4ac7-98b2-7d8283b9dcd9 role=Economist
Traceback (most recent call last):
  File "C:\Users\asadb\AppData\Local\Programs\Python\Python314\Lib\site-packages\sqlalchemy\ext\asyncio\engine.py", line 1442, in _get_sync_engine_or_connection
    return async_engine.sync_engine
           ^^^^^^^^^^^^^^^^^^^^^^^^
AttributeError: 'Engine' object has no attribute 'sync_engine'

The above exception was the direct cause of the following exception:

Traceback (most recent call last):
  File "D:\Programing\Teamwork\Agora\Agora\server\app\services\debate_engine\round_manager.py", line 919, in _run_plan
    return await self._run_agent_task(ctx, round_record, plan)
           ^^^^^^^^^^^^^^^^^^^^^^^^^^^^^^^^^^^^^^^^^^^^^^^^^^^
  File "D:\Programing\Teamwork\Agora\Agora\server\app\services\debate_engine\round_manager.py", line 965, in _run_agent_task
    async with self._session_factory() as task_db:
               ~~~~~~~~~~~~~~~~~~~~~^^
  File "C:\Users\asadb\AppData\Local\Programs\Python\Python314\Lib\site-packages\sqlalchemy\ext\asyncio\session.py", line 1762, in __call__
    return self.class_(**local_kw)
           ~~~~~~~~~~~^^^^^^^^^^^^
  File "C:\Users\asadb\AppData\Local\Programs\Python\Python314\Lib\site-packages\sqlalchemy\ext\asyncio\session.py", line 257, in __init__
    sync_bind = engine._get_sync_engine_or_connection(bind)
  File "C:\Users\asadb\AppData\Local\Programs\Python\Python314\Lib\site-packages\sqlalchemy\ext\asyncio\engine.py", line 1444, in _get_sync_engine_or_connection
    raise exc.ArgumentError(
        "AsyncEngine expected, got %r" % async_engine
    ) from e
sqlalchemy.exc.ArgumentError: AsyncEngine expected, got Engine(sqlite+aiosqlite://)
ERROR    app.services.debate_engine.round_manager:round_manager.py:1094 Failed to persist fallback error message: round=1 agent=2ec7379f-ac90-4ac7-98b2-7d8283b9dcd9
Traceback (most recent call last):
  File "C:\Users\asadb\AppData\Local\Programs\Python\Python314\Lib\site-packages\sqlalchemy\ext\asyncio\engine.py", line 1442, in _get_sync_engine_or_connection
    return async_engine.sync_engine
           ^^^^^^^^^^^^^^^^^^^^^^^^
AttributeError: 'Engine' object has no attribute 'sync_engine'

The above exception was the direct cause of the following exception:

Traceback (most recent call last):
  File "D:\Programing\Teamwork\Agora\Agora\server\app\services\debate_engine\round_manager.py", line 1079, in _persist_unhandled_task_failure
    async with self._session_factory() as task_db:
               ~~~~~~~~~~~~~~~~~~~~~^^
  File "C:\Users\asadb\AppData\Local\Programs\Python\Python314\Lib\site-packages\sqlalchemy\ext\asyncio\session.py", line 1762, in __call__
    return self.class_(**local_kw)
           ~~~~~~~~~~~^^^^^^^^^^^^
  File "C:\Users\asadb\AppData\Local\Programs\Python\Python314\Lib\site-packages\sqlalchemy\ext\asyncio\session.py", line 257, in __init__
    sync_bind = engine._get_sync_engine_or_connection(bind)
  File "C:\Users\asadb\AppData\Local\Programs\Python\Python314\Lib\site-packages\sqlalchemy\ext\asyncio\engine.py", line 1444, in _get_sync_engine_or_connection
    raise exc.ArgumentError(
        "AsyncEngine expected, got %r" % async_engine
    ) from e
sqlalchemy.exc.ArgumentError: AsyncEngine expected, got Engine(sqlite+aiosqlite://)
ERROR    app.services.debate_engine.round_manager:round_manager.py:929 Unhandled agent task exception: round=1 agent=7f5b6668-7226-4b4a-ab37-2f78ce23c5c8 role=Ethicist
Traceback (most recent call last):
  File "C:\Users\asadb\AppData\Local\Programs\Python\Python314\Lib\site-packages\sqlalchemy\ext\asyncio\engine.py", line 1442, in _get_sync_engine_or_connection
    return async_engine.sync_engine
           ^^^^^^^^^^^^^^^^^^^^^^^^
AttributeError: 'Engine' object has no attribute 'sync_engine'

The above exception was the direct cause of the following exception:

Traceback (most recent call last):
  File "D:\Programing\Teamwork\Agora\Agora\server\app\services\debate_engine\round_manager.py", line 919, in _run_plan
    return await self._run_agent_task(ctx, round_record, plan)
           ^^^^^^^^^^^^^^^^^^^^^^^^^^^^^^^^^^^^^^^^^^^^^^^^^^^
  File "D:\Programing\Teamwork\Agora\Agora\server\app\services\debate_engine\round_manager.py", line 965, in _run_agent_task
    async with self._session_factory() as task_db:
               ~~~~~~~~~~~~~~~~~~~~~^^
  File "C:\Users\asadb\AppData\Local\Programs\Python\Python314\Lib\site-packages\sqlalchemy\ext\asyncio\session.py", line 1762, in __call__
    return self.class_(**local_kw)
           ~~~~~~~~~~~^^^^^^^^^^^^
  File "C:\Users\asadb\AppData\Local\Programs\Python\Python314\Lib\site-packages\sqlalchemy\ext\asyncio\session.py", line 257, in __init__
    sync_bind = engine._get_sync_engine_or_connection(bind)
  File "C:\Users\asadb\AppData\Local\Programs\Python\Python314\Lib\site-packages\sqlalchemy\ext\asyncio\engine.py", line 1444, in _get_sync_engine_or_connection
    raise exc.ArgumentError(
        "AsyncEngine expected, got %r" % async_engine
    ) from e
sqlalchemy.exc.ArgumentError: AsyncEngine expected, got Engine(sqlite+aiosqlite://)
ERROR    app.services.debate_engine.round_manager:round_manager.py:1094 Failed to persist fallback error message: round=1 agent=7f5b6668-7226-4b4a-ab37-2f78ce23c5c8
Traceback (most recent call last):
  File "C:\Users\asadb\AppData\Local\Programs\Python\Python314\Lib\site-packages\sqlalchemy\ext\asyncio\engine.py", line 1442, in _get_sync_engine_or_connection
    return async_engine.sync_engine
           ^^^^^^^^^^^^^^^^^^^^^^^^
AttributeError: 'Engine' object has no attribute 'sync_engine'

The above exception was the direct cause of the following exception:

Traceback (most recent call last):
  File "D:\Programing\Teamwork\Agora\Agora\server\app\services\debate_engine\round_manager.py", line 1079, in _persist_unhandled_task_failure
    async with self._session_factory() as task_db:
               ~~~~~~~~~~~~~~~~~~~~~^^
  File "C:\Users\asadb\AppData\Local\Programs\Python\Python314\Lib\site-packages\sqlalchemy\ext\asyncio\session.py", line 1762, in __call__
    return self.class_(**local_kw)
           ~~~~~~~~~~~^^^^^^^^^^^^
  File "C:\Users\asadb\AppData\Local\Programs\Python\Python314\Lib\site-packages\sqlalchemy\ext\asyncio\session.py", line 257, in __init__
    sync_bind = engine._get_sync_engine_or_connection(bind)
  File "C:\Users\asadb\AppData\Local\Programs\Python\Python314\Lib\site-packages\sqlalchemy\ext\asyncio\engine.py", line 1444, in _get_sync_engine_or_connection
    raise exc.ArgumentError(
        "AsyncEngine expected, got %r" % async_engine
    ) from e
sqlalchemy.exc.ArgumentError: AsyncEngine expected, got Engine(sqlite+aiosqlite://)
INFO     app.services.debate_engine.round_manager:round_manager.py:948 Round 1 parallel done in 0.01s failed=2/2
ERROR    app.services.debate_engine.round_manager:round_manager.py:1225 Round 1 failed: All agents failed in Round 1.
ERROR    app.services.chat_engine:chat_engine.py:162 Turn 06fc51c1-86b2-4639-a563-49ad8378779f failed: All agents failed in Round 1.
Traceback (most recent call last):
  File "D:\Programing\Teamwork\Agora\Agora\server\app\services\chat_engine.py", line 131, in start_turn_execution
    r1: list[AgentRoundResult] = await round_manager.execute_round_1(ctx)
                                 ^^^^^^^^^^^^^^^^^^^^^^^^^^^^^^^^^^^^^^^^
  File "D:\Programing\Teamwork\Agora\Agora\server\app\services\debate_engine\round_manager.py", line 209, in execute_round_1
    raise RuntimeError(reason)
RuntimeError: All agents failed in Round 1.
D:\Programing\Teamwork\Agora\Agora\server\app\services\debate_engine\round_manager.py:209: RuntimeError: All agents failed in Round 1.
E   RuntimeError: All agents failed in Round 1.
---------------------------- Captured stderr call -----------------------------
2026-05-15 19:44:50,112 [INFO] app.services.chat_engine: Turn 3a6e1580-6c35-42a8-90fe-4e53cec1b7c5 started: question='Should AI be regulated?' agents=2
2026-05-15 19:44:50,112 [INFO] app.services.chat_engine: WS emit turn_started turn=3a6e1580-6c35-42a8-90fe-4e53cec1b7c5
2026-05-15 19:44:50,117 [INFO] app.services.debate_engine.round_manager: Round 1 running (id=de95fb68-c80c-4e77-971e-0196e60e67d5, turn=3a6e1580-6c35-42a8-90fe-4e53cec1b7c5)
2026-05-15 19:44:50,118 [INFO] app.services.debate_engine.round_manager: Round 1 parallel start agents=2 concurrency=2
2026-05-15 19:44:50,118 [ERROR] app.services.debate_engine.round_manager: Unhandled agent task exception: round=1 agent=baed74fe-c975-45ac-ad50-d664ffd32c61 role=Economist
Traceback (most recent call last):
  File "C:\Users\asadb\AppData\Local\Programs\Python\Python314\Lib\site-packages\sqlalchemy\ext\asyncio\engine.py", line 1442, in _get_sync_engine_or_connection
    return async_engine.sync_engine
           ^^^^^^^^^^^^^^^^^^^^^^^^
AttributeError: 'Engine' object has no attribute 'sync_engine'

The above exception was the direct cause of the following exception:

Traceback (most recent call last):
  File "D:\Programing\Teamwork\Agora\Agora\server\app\services\debate_engine\round_manager.py", line 919, in _run_plan
    return await self._run_agent_task(ctx, round_record, plan)
           ^^^^^^^^^^^^^^^^^^^^^^^^^^^^^^^^^^^^^^^^^^^^^^^^^^^
  File "D:\Programing\Teamwork\Agora\Agora\server\app\services\debate_engine\round_manager.py", line 965, in _run_agent_task
    async with self._session_factory() as task_db:
               ~~~~~~~~~~~~~~~~~~~~~^^
  File "C:\Users\asadb\AppData\Local\Programs\Python\Python314\Lib\site-packages\sqlalchemy\ext\asyncio\session.py", line 1762, in __call__
    return self.class_(**local_kw)
           ~~~~~~~~~~~^^^^^^^^^^^^
  File "C:\Users\asadb\AppData\Local\Programs\Python\Python314\Lib\site-packages\sqlalchemy\ext\asyncio\session.py", line 257, in __init__
    sync_bind = engine._get_sync_engine_or_connection(bind)
  File "C:\Users\asadb\AppData\Local\Programs\Python\Python314\Lib\site-packages\sqlalchemy\ext\asyncio\engine.py", line 1444, in _get_sync_engine_or_connection
    raise exc.ArgumentError(
        "AsyncEngine expected, got %r" % async_engine
    ) from e
sqlalchemy.exc.ArgumentError: AsyncEngine expected, got Engine(sqlite+aiosqlite://)
2026-05-15 19:44:50,119 [ERROR] app.services.debate_engine.round_manager: Failed to persist fallback error message: round=1 agent=baed74fe-c975-45ac-ad50-d664ffd32c61
Traceback (most recent call last):
  File "C:\Users\asadb\AppData\Local\Programs\Python\Python314\Lib\site-packages\sqlalchemy\ext\asyncio\engine.py", line 1442, in _get_sync_engine_or_connection
    return async_engine.sync_engine
           ^^^^^^^^^^^^^^^^^^^^^^^^
AttributeError: 'Engine' object has no attribute 'sync_engine'

The above exception was the direct cause of the following exception:

Traceback (most recent call last):
  File "D:\Programing\Teamwork\Agora\Agora\server\app\services\debate_engine\round_manager.py", line 1079, in _persist_unhandled_task_failure
    async with self._session_factory() as task_db:
               ~~~~~~~~~~~~~~~~~~~~~^^
  File "C:\Users\asadb\AppData\Local\Programs\Python\Python314\Lib\site-packages\sqlalchemy\ext\asyncio\session.py", line 1762, in __call__
    return self.class_(**local_kw)
           ~~~~~~~~~~~^^^^^^^^^^^^
  File "C:\Users\asadb\AppData\Local\Programs\Python\Python314\Lib\site-packages\sqlalchemy\ext\asyncio\session.py", line 257, in __init__
    sync_bind = engine._get_sync_engine_or_connection(bind)
  File "C:\Users\asadb\AppData\Local\Programs\Python\Python314\Lib\site-packages\sqlalchemy\ext\asyncio\engine.py", line 1444, in _get_sync_engine_or_connection
    raise exc.ArgumentError(
        "AsyncEngine expected, got %r" % async_engine
    ) from e
sqlalchemy.exc.ArgumentError: AsyncEngine expected, got Engine(sqlite+aiosqlite://)
2026-05-15 19:44:50,120 [ERROR] app.services.debate_engine.round_manager: Unhandled agent task exception: round=1 agent=d26721c6-349f-491e-942f-4a3d77843fb5 role=Ethicist
Traceback (most recent call last):
  File "C:\Users\asadb\AppData\Local\Programs\Python\Python314\Lib\site-packages\sqlalchemy\ext\asyncio\engine.py", line 1442, in _get_sync_engine_or_connection
    return async_engine.sync_engine
           ^^^^^^^^^^^^^^^^^^^^^^^^
AttributeError: 'Engine' object has no attribute 'sync_engine'

The above exception was the direct cause of the following exception:

Traceback (most recent call last):
  File "D:\Programing\Teamwork\Agora\Agora\server\app\services\debate_engine\round_manager.py", line 919, in _run_plan
    return await self._run_agent_task(ctx, round_record, plan)
           ^^^^^^^^^^^^^^^^^^^^^^^^^^^^^^^^^^^^^^^^^^^^^^^^^^^
  File "D:\Programing\Teamwork\Agora\Agora\server\app\services\debate_engine\round_manager.py", line 965, in _run_agent_task
    async with self._session_factory() as task_db:
               ~~~~~~~~~~~~~~~~~~~~~^^
  File "C:\Users\asadb\AppData\Local\Programs\Python\Python314\Lib\site-packages\sqlalchemy\ext\asyncio\session.py", line 1762, in __call__
    return self.class_(**local_kw)
           ~~~~~~~~~~~^^^^^^^^^^^^
  File "C:\Users\asadb\AppData\Local\Programs\Python\Python314\Lib\site-packages\sqlalchemy\ext\asyncio\session.py", line 257, in __init__
    sync_bind = engine._get_sync_engine_or_connection(bind)
  File "C:\Users\asadb\AppData\Local\Programs\Python\Python314\Lib\site-packages\sqlalchemy\ext\asyncio\engine.py", line 1444, in _get_sync_engine_or_connection
    raise exc.ArgumentError(
        "AsyncEngine expected, got %r" % async_engine
    ) from e
sqlalchemy.exc.ArgumentError: AsyncEngine expected, got Engine(sqlite+aiosqlite://)
2026-05-15 19:44:50,122 [ERROR] app.services.debate_engine.round_manager: Failed to persist fallback error message: round=1 agent=d26721c6-349f-491e-942f-4a3d77843fb5
Traceback (most recent call last):
  File "C:\Users\asadb\AppData\Local\Programs\Python\Python314\Lib\site-packages\sqlalchemy\ext\asyncio\engine.py", line 1442, in _get_sync_engine_or_connection
    return async_engine.sync_engine
           ^^^^^^^^^^^^^^^^^^^^^^^^
AttributeError: 'Engine' object has no attribute 'sync_engine'

The above exception was the direct cause of the following exception:

Traceback (most recent call last):
  File "D:\Programing\Teamwork\Agora\Agora\server\app\services\debate_engine\round_manager.py", line 1079, in _persist_unhandled_task_failure
    async with self._session_factory() as task_db:
               ~~~~~~~~~~~~~~~~~~~~~^^
  File "C:\Users\asadb\AppData\Local\Programs\Python\Python314\Lib\site-packages\sqlalchemy\ext\asyncio\session.py", line 1762, in __call__
    return self.class_(**local_kw)
           ~~~~~~~~~~~^^^^^^^^^^^^
  File "C:\Users\asadb\AppData\Local\Programs\Python\Python314\Lib\site-packages\sqlalchemy\ext\asyncio\session.py", line 257, in __init__
    sync_bind = engine._get_sync_engine_or_connection(bind)
  File "C:\Users\asadb\AppData\Local\Programs\Python\Python314\Lib\site-packages\sqlalchemy\ext\asyncio\engine.py", line 1444, in _get_sync_engine_or_connection
    raise exc.ArgumentError(
        "AsyncEngine expected, got %r" % async_engine
    ) from e
sqlalchemy.exc.ArgumentError: AsyncEngine expected, got Engine(sqlite+aiosqlite://)
2026-05-15 19:44:50,123 [INFO] app.services.debate_engine.round_manager: Round 1 parallel done in 0.01s failed=2/2
2026-05-15 19:44:50,125 [ERROR] app.services.debate_engine.round_manager: Round 1 failed: All agents failed in Round 1.
2026-05-15 19:44:50,126 [ERROR] app.services.chat_engine: Turn 3a6e1580-6c35-42a8-90fe-4e53cec1b7c5 failed: All agents failed in Round 1.
Traceback (most recent call last):
  File "D:\Programing\Teamwork\Agora\Agora\server\app\services\chat_engine.py", line 131, in start_turn_execution
    r1: list[AgentRoundResult] = await round_manager.execute_round_1(ctx)
                                 ^^^^^^^^^^^^^^^^^^^^^^^^^^^^^^^^^^^^^^^^
  File "D:\Programing\Teamwork\Agora\Agora\server\app\services\debate_engine\round_manager.py", line 209, in execute_round_1
    raise RuntimeError(reason)
RuntimeError: All agents failed in Round 1.
------------------------------ Captured log call ------------------------------
INFO     app.services.chat_engine:chat_engine.py:112 Turn 3a6e1580-6c35-42a8-90fe-4e53cec1b7c5 started: question='Should AI be regulated?' agents=2
INFO     app.services.chat_engine:chat_engine.py:113 WS emit turn_started turn=3a6e1580-6c35-42a8-90fe-4e53cec1b7c5
INFO     app.services.debate_engine.round_manager:round_manager.py:1172 Round 1 running (id=de95fb68-c80c-4e77-971e-0196e60e67d5, turn=3a6e1580-6c35-42a8-90fe-4e53cec1b7c5)
INFO     app.services.debate_engine.round_manager:round_manager.py:903 Round 1 parallel start agents=2 concurrency=2
ERROR    app.services.debate_engine.round_manager:round_manager.py:929 Unhandled agent task exception: round=1 agent=baed74fe-c975-45ac-ad50-d664ffd32c61 role=Economist
Traceback (most recent call last):
  File "C:\Users\asadb\AppData\Local\Programs\Python\Python314\Lib\site-packages\sqlalchemy\ext\asyncio\engine.py", line 1442, in _get_sync_engine_or_connection
    return async_engine.sync_engine
           ^^^^^^^^^^^^^^^^^^^^^^^^
AttributeError: 'Engine' object has no attribute 'sync_engine'

The above exception was the direct cause of the following exception:

Traceback (most recent call last):
  File "D:\Programing\Teamwork\Agora\Agora\server\app\services\debate_engine\round_manager.py", line 919, in _run_plan
    return await self._run_agent_task(ctx, round_record, plan)
           ^^^^^^^^^^^^^^^^^^^^^^^^^^^^^^^^^^^^^^^^^^^^^^^^^^^
  File "D:\Programing\Teamwork\Agora\Agora\server\app\services\debate_engine\round_manager.py", line 965, in _run_agent_task
    async with self._session_factory() as task_db:
               ~~~~~~~~~~~~~~~~~~~~~^^
  File "C:\Users\asadb\AppData\Local\Programs\Python\Python314\Lib\site-packages\sqlalchemy\ext\asyncio\session.py", line 1762, in __call__
    return self.class_(**local_kw)
           ~~~~~~~~~~~^^^^^^^^^^^^
  File "C:\Users\asadb\AppData\Local\Programs\Python\Python314\Lib\site-packages\sqlalchemy\ext\asyncio\session.py", line 257, in __init__
    sync_bind = engine._get_sync_engine_or_connection(bind)
  File "C:\Users\asadb\AppData\Local\Programs\Python\Python314\Lib\site-packages\sqlalchemy\ext\asyncio\engine.py", line 1444, in _get_sync_engine_or_connection
    raise exc.ArgumentError(
        "AsyncEngine expected, got %r" % async_engine
    ) from e
sqlalchemy.exc.ArgumentError: AsyncEngine expected, got Engine(sqlite+aiosqlite://)
ERROR    app.services.debate_engine.round_manager:round_manager.py:1094 Failed to persist fallback error message: round=1 agent=baed74fe-c975-45ac-ad50-d664ffd32c61
Traceback (most recent call last):
  File "C:\Users\asadb\AppData\Local\Programs\Python\Python314\Lib\site-packages\sqlalchemy\ext\asyncio\engine.py", line 1442, in _get_sync_engine_or_connection
    return async_engine.sync_engine
           ^^^^^^^^^^^^^^^^^^^^^^^^
AttributeError: 'Engine' object has no attribute 'sync_engine'

The above exception was the direct cause of the following exception:

Traceback (most recent call last):
  File "D:\Programing\Teamwork\Agora\Agora\server\app\services\debate_engine\round_manager.py", line 1079, in _persist_unhandled_task_failure
    async with self._session_factory() as task_db:
               ~~~~~~~~~~~~~~~~~~~~~^^
  File "C:\Users\asadb\AppData\Local\Programs\Python\Python314\Lib\site-packages\sqlalchemy\ext\asyncio\session.py", line 1762, in __call__
    return self.class_(**local_kw)
           ~~~~~~~~~~~^^^^^^^^^^^^
  File "C:\Users\asadb\AppData\Local\Programs\Python\Python314\Lib\site-packages\sqlalchemy\ext\asyncio\session.py", line 257, in __init__
    sync_bind = engine._get_sync_engine_or_connection(bind)
  File "C:\Users\asadb\AppData\Local\Programs\Python\Python314\Lib\site-packages\sqlalchemy\ext\asyncio\engine.py", line 1444, in _get_sync_engine_or_connection
    raise exc.ArgumentError(
        "AsyncEngine expected, got %r" % async_engine
    ) from e
sqlalchemy.exc.ArgumentError: AsyncEngine expected, got Engine(sqlite+aiosqlite://)
ERROR    app.services.debate_engine.round_manager:round_manager.py:929 Unhandled agent task exception: round=1 agent=d26721c6-349f-491e-942f-4a3d77843fb5 role=Ethicist
Traceback (most recent call last):
  File "C:\Users\asadb\AppData\Local\Programs\Python\Python314\Lib\site-packages\sqlalchemy\ext\asyncio\engine.py", line 1442, in _get_sync_engine_or_connection
    return async_engine.sync_engine
           ^^^^^^^^^^^^^^^^^^^^^^^^
AttributeError: 'Engine' object has no attribute 'sync_engine'

The above exception was the direct cause of the following exception:

Traceback (most recent call last):
  File "D:\Programing\Teamwork\Agora\Agora\server\app\services\debate_engine\round_manager.py", line 919, in _run_plan
    return await self._run_agent_task(ctx, round_record, plan)
           ^^^^^^^^^^^^^^^^^^^^^^^^^^^^^^^^^^^^^^^^^^^^^^^^^^^
  File "D:\Programing\Teamwork\Agora\Agora\server\app\services\debate_engine\round_manager.py", line 965, in _run_agent_task
    async with self._session_factory() as task_db:
               ~~~~~~~~~~~~~~~~~~~~~^^
  File "C:\Users\asadb\AppData\Local\Programs\Python\Python314\Lib\site-packages\sqlalchemy\ext\asyncio\session.py", line 1762, in __call__
    return self.class_(**local_kw)
           ~~~~~~~~~~~^^^^^^^^^^^^
  File "C:\Users\asadb\AppData\Local\Programs\Python\Python314\Lib\site-packages\sqlalchemy\ext\asyncio\session.py", line 257, in __init__
    sync_bind = engine._get_sync_engine_or_connection(bind)
  File "C:\Users\asadb\AppData\Local\Programs\Python\Python314\Lib\site-packages\sqlalchemy\ext\asyncio\engine.py", line 1444, in _get_sync_engine_or_connection
    raise exc.ArgumentError(
        "AsyncEngine expected, got %r" % async_engine
    ) from e
sqlalchemy.exc.ArgumentError: AsyncEngine expected, got Engine(sqlite+aiosqlite://)
ERROR    app.services.debate_engine.round_manager:round_manager.py:1094 Failed to persist fallback error message: round=1 agent=d26721c6-349f-491e-942f-4a3d77843fb5
Traceback (most recent call last):
  File "C:\Users\asadb\AppData\Local\Programs\Python\Python314\Lib\site-packages\sqlalchemy\ext\asyncio\engine.py", line 1442, in _get_sync_engine_or_connection
    return async_engine.sync_engine
           ^^^^^^^^^^^^^^^^^^^^^^^^
AttributeError: 'Engine' object has no attribute 'sync_engine'

The above exception was the direct cause of the following exception:

Traceback (most recent call last):
  File "D:\Programing\Teamwork\Agora\Agora\server\app\services\debate_engine\round_manager.py", line 1079, in _persist_unhandled_task_failure
    async with self._session_factory() as task_db:
               ~~~~~~~~~~~~~~~~~~~~~^^
  File "C:\Users\asadb\AppData\Local\Programs\Python\Python314\Lib\site-packages\sqlalchemy\ext\asyncio\session.py", line 1762, in __call__
    return self.class_(**local_kw)
           ~~~~~~~~~~~^^^^^^^^^^^^
  File "C:\Users\asadb\AppData\Local\Programs\Python\Python314\Lib\site-packages\sqlalchemy\ext\asyncio\session.py", line 257, in __init__
    sync_bind = engine._get_sync_engine_or_connection(bind)
  File "C:\Users\asadb\AppData\Local\Programs\Python\Python314\Lib\site-packages\sqlalchemy\ext\asyncio\engine.py", line 1444, in _get_sync_engine_or_connection
    raise exc.ArgumentError(
        "AsyncEngine expected, got %r" % async_engine
    ) from e
sqlalchemy.exc.ArgumentError: AsyncEngine expected, got Engine(sqlite+aiosqlite://)
INFO     app.services.debate_engine.round_manager:round_manager.py:948 Round 1 parallel done in 0.01s failed=2/2
ERROR    app.services.debate_engine.round_manager:round_manager.py:1225 Round 1 failed: All agents failed in Round 1.
ERROR    app.services.chat_engine:chat_engine.py:162 Turn 3a6e1580-6c35-42a8-90fe-4e53cec1b7c5 failed: All agents failed in Round 1.
Traceback (most recent call last):
  File "D:\Programing\Teamwork\Agora\Agora\server\app\services\chat_engine.py", line 131, in start_turn_execution
    r1: list[AgentRoundResult] = await round_manager.execute_round_1(ctx)
                                 ^^^^^^^^^^^^^^^^^^^^^^^^^^^^^^^^^^^^^^^^
  File "D:\Programing\Teamwork\Agora\Agora\server\app\services\debate_engine\round_manager.py", line 209, in execute_round_1
    raise RuntimeError(reason)
RuntimeError: All agents failed in Round 1.
D:\Programing\Teamwork\Agora\Agora\server\app\services\debate_engine\round_manager.py:209: RuntimeError: All agents failed in Round 1.
E   RuntimeError: All agents failed in Round 1.
---------------------------- Captured stderr call -----------------------------
2026-05-15 19:44:50,227 [INFO] app.services.chat_engine: Turn 8a53a581-8336-4c2b-a2ef-1c01ca1718d0 started: question='Should AI be regulated?' agents=2
2026-05-15 19:44:50,228 [INFO] app.services.chat_engine: WS emit turn_started turn=8a53a581-8336-4c2b-a2ef-1c01ca1718d0
2026-05-15 19:44:50,231 [INFO] app.services.debate_engine.round_manager: Round 1 running (id=a8d717cf-8b91-437a-8003-eb81180a809d, turn=8a53a581-8336-4c2b-a2ef-1c01ca1718d0)
2026-05-15 19:44:50,231 [INFO] app.services.debate_engine.round_manager: Round 1 parallel start agents=2 concurrency=2
2026-05-15 19:44:50,231 [ERROR] app.services.debate_engine.round_manager: Unhandled agent task exception: round=1 agent=dabd4e17-9bc6-4e5d-baa9-593dda7578aa role=Economist
Traceback (most recent call last):
  File "C:\Users\asadb\AppData\Local\Programs\Python\Python314\Lib\site-packages\sqlalchemy\ext\asyncio\engine.py", line 1442, in _get_sync_engine_or_connection
    return async_engine.sync_engine
           ^^^^^^^^^^^^^^^^^^^^^^^^
AttributeError: 'Engine' object has no attribute 'sync_engine'

The above exception was the direct cause of the following exception:

Traceback (most recent call last):
  File "D:\Programing\Teamwork\Agora\Agora\server\app\services\debate_engine\round_manager.py", line 919, in _run_plan
    return await self._run_agent_task(ctx, round_record, plan)
           ^^^^^^^^^^^^^^^^^^^^^^^^^^^^^^^^^^^^^^^^^^^^^^^^^^^
  File "D:\Programing\Teamwork\Agora\Agora\server\app\services\debate_engine\round_manager.py", line 965, in _run_agent_task
    async with self._session_factory() as task_db:
               ~~~~~~~~~~~~~~~~~~~~~^^
  File "C:\Users\asadb\AppData\Local\Programs\Python\Python314\Lib\site-packages\sqlalchemy\ext\asyncio\session.py", line 1762, in __call__
    return self.class_(**local_kw)
           ~~~~~~~~~~~^^^^^^^^^^^^
  File "C:\Users\asadb\AppData\Local\Programs\Python\Python314\Lib\site-packages\sqlalchemy\ext\asyncio\session.py", line 257, in __init__
    sync_bind = engine._get_sync_engine_or_connection(bind)
  File "C:\Users\asadb\AppData\Local\Programs\Python\Python314\Lib\site-packages\sqlalchemy\ext\asyncio\engine.py", line 1444, in _get_sync_engine_or_connection
    raise exc.ArgumentError(
        "AsyncEngine expected, got %r" % async_engine
    ) from e
sqlalchemy.exc.ArgumentError: AsyncEngine expected, got Engine(sqlite+aiosqlite://)
2026-05-15 19:44:50,233 [ERROR] app.services.debate_engine.round_manager: Failed to persist fallback error message: round=1 agent=dabd4e17-9bc6-4e5d-baa9-593dda7578aa
Traceback (most recent call last):
  File "C:\Users\asadb\AppData\Local\Programs\Python\Python314\Lib\site-packages\sqlalchemy\ext\asyncio\engine.py", line 1442, in _get_sync_engine_or_connection
    return async_engine.sync_engine
           ^^^^^^^^^^^^^^^^^^^^^^^^
AttributeError: 'Engine' object has no attribute 'sync_engine'

The above exception was the direct cause of the following exception:

Traceback (most recent call last):
  File "D:\Programing\Teamwork\Agora\Agora\server\app\services\debate_engine\round_manager.py", line 1079, in _persist_unhandled_task_failure
    async with self._session_factory() as task_db:
               ~~~~~~~~~~~~~~~~~~~~~^^
  File "C:\Users\asadb\AppData\Local\Programs\Python\Python314\Lib\site-packages\sqlalchemy\ext\asyncio\session.py", line 1762, in __call__
    return self.class_(**local_kw)
           ~~~~~~~~~~~^^^^^^^^^^^^
  File "C:\Users\asadb\AppData\Local\Programs\Python\Python314\Lib\site-packages\sqlalchemy\ext\asyncio\session.py", line 257, in __init__
    sync_bind = engine._get_sync_engine_or_connection(bind)
  File "C:\Users\asadb\AppData\Local\Programs\Python\Python314\Lib\site-packages\sqlalchemy\ext\asyncio\engine.py", line 1444, in _get_sync_engine_or_connection
    raise exc.ArgumentError(
        "AsyncEngine expected, got %r" % async_engine
    ) from e
sqlalchemy.exc.ArgumentError: AsyncEngine expected, got Engine(sqlite+aiosqlite://)
2026-05-15 19:44:50,234 [ERROR] app.services.debate_engine.round_manager: Unhandled agent task exception: round=1 agent=b3c2a8ff-0c0f-4492-a59b-a1fccfa7bd12 role=Ethicist
Traceback (most recent call last):
  File "C:\Users\asadb\AppData\Local\Programs\Python\Python314\Lib\site-packages\sqlalchemy\ext\asyncio\engine.py", line 1442, in _get_sync_engine_or_connection
    return async_engine.sync_engine
           ^^^^^^^^^^^^^^^^^^^^^^^^
AttributeError: 'Engine' object has no attribute 'sync_engine'

The above exception was the direct cause of the following exception:

Traceback (most recent call last):
  File "D:\Programing\Teamwork\Agora\Agora\server\app\services\debate_engine\round_manager.py", line 919, in _run_plan
    return await self._run_agent_task(ctx, round_record, plan)
           ^^^^^^^^^^^^^^^^^^^^^^^^^^^^^^^^^^^^^^^^^^^^^^^^^^^
  File "D:\Programing\Teamwork\Agora\Agora\server\app\services\debate_engine\round_manager.py", line 965, in _run_agent_task
    async with self._session_factory() as task_db:
               ~~~~~~~~~~~~~~~~~~~~~^^
  File "C:\Users\asadb\AppData\Local\Programs\Python\Python314\Lib\site-packages\sqlalchemy\ext\asyncio\session.py", line 1762, in __call__
    return self.class_(**local_kw)
           ~~~~~~~~~~~^^^^^^^^^^^^
  File "C:\Users\asadb\AppData\Local\Programs\Python\Python314\Lib\site-packages\sqlalchemy\ext\asyncio\session.py", line 257, in __init__
    sync_bind = engine._get_sync_engine_or_connection(bind)
  File "C:\Users\asadb\AppData\Local\Programs\Python\Python314\Lib\site-packages\sqlalchemy\ext\asyncio\engine.py", line 1444, in _get_sync_engine_or_connection
    raise exc.ArgumentError(
        "AsyncEngine expected, got %r" % async_engine
    ) from e
sqlalchemy.exc.ArgumentError: AsyncEngine expected, got Engine(sqlite+aiosqlite://)
2026-05-15 19:44:50,235 [ERROR] app.services.debate_engine.round_manager: Failed to persist fallback error message: round=1 agent=b3c2a8ff-0c0f-4492-a59b-a1fccfa7bd12
Traceback (most recent call last):
  File "C:\Users\asadb\AppData\Local\Programs\Python\Python314\Lib\site-packages\sqlalchemy\ext\asyncio\engine.py", line 1442, in _get_sync_engine_or_connection
    return async_engine.sync_engine
           ^^^^^^^^^^^^^^^^^^^^^^^^
AttributeError: 'Engine' object has no attribute 'sync_engine'

The above exception was the direct cause of the following exception:

Traceback (most recent call last):
  File "D:\Programing\Teamwork\Agora\Agora\server\app\services\debate_engine\round_manager.py", line 1079, in _persist_unhandled_task_failure
    async with self._session_factory() as task_db:
               ~~~~~~~~~~~~~~~~~~~~~^^
  File "C:\Users\asadb\AppData\Local\Programs\Python\Python314\Lib\site-packages\sqlalchemy\ext\asyncio\session.py", line 1762, in __call__
    return self.class_(**local_kw)
           ~~~~~~~~~~~^^^^^^^^^^^^
  File "C:\Users\asadb\AppData\Local\Programs\Python\Python314\Lib\site-packages\sqlalchemy\ext\asyncio\session.py", line 257, in __init__
    sync_bind = engine._get_sync_engine_or_connection(bind)
  File "C:\Users\asadb\AppData\Local\Programs\Python\Python314\Lib\site-packages\sqlalchemy\ext\asyncio\engine.py", line 1444, in _get_sync_engine_or_connection
    raise exc.ArgumentError(
        "AsyncEngine expected, got %r" % async_engine
    ) from e
sqlalchemy.exc.ArgumentError: AsyncEngine expected, got Engine(sqlite+aiosqlite://)
2026-05-15 19:44:50,237 [INFO] app.services.debate_engine.round_manager: Round 1 parallel done in 0.01s failed=2/2
2026-05-15 19:44:50,241 [ERROR] app.services.debate_engine.round_manager: Round 1 failed: All agents failed in Round 1.
2026-05-15 19:44:50,242 [ERROR] app.services.chat_engine: Turn 8a53a581-8336-4c2b-a2ef-1c01ca1718d0 failed: All agents failed in Round 1.
Traceback (most recent call last):
  File "D:\Programing\Teamwork\Agora\Agora\server\app\services\chat_engine.py", line 131, in start_turn_execution
    r1: list[AgentRoundResult] = await round_manager.execute_round_1(ctx)
                                 ^^^^^^^^^^^^^^^^^^^^^^^^^^^^^^^^^^^^^^^^
  File "D:\Programing\Teamwork\Agora\Agora\server\app\services\debate_engine\round_manager.py", line 209, in execute_round_1
    raise RuntimeError(reason)
RuntimeError: All agents failed in Round 1.
------------------------------ Captured log call ------------------------------
INFO     app.services.chat_engine:chat_engine.py:112 Turn 8a53a581-8336-4c2b-a2ef-1c01ca1718d0 started: question='Should AI be regulated?' agents=2
INFO     app.services.chat_engine:chat_engine.py:113 WS emit turn_started turn=8a53a581-8336-4c2b-a2ef-1c01ca1718d0
INFO     app.services.debate_engine.round_manager:round_manager.py:1172 Round 1 running (id=a8d717cf-8b91-437a-8003-eb81180a809d, turn=8a53a581-8336-4c2b-a2ef-1c01ca1718d0)
INFO     app.services.debate_engine.round_manager:round_manager.py:903 Round 1 parallel start agents=2 concurrency=2
ERROR    app.services.debate_engine.round_manager:round_manager.py:929 Unhandled agent task exception: round=1 agent=dabd4e17-9bc6-4e5d-baa9-593dda7578aa role=Economist
Traceback (most recent call last):
  File "C:\Users\asadb\AppData\Local\Programs\Python\Python314\Lib\site-packages\sqlalchemy\ext\asyncio\engine.py", line 1442, in _get_sync_engine_or_connection
    return async_engine.sync_engine
           ^^^^^^^^^^^^^^^^^^^^^^^^
AttributeError: 'Engine' object has no attribute 'sync_engine'

The above exception was the direct cause of the following exception:

Traceback (most recent call last):
  File "D:\Programing\Teamwork\Agora\Agora\server\app\services\debate_engine\round_manager.py", line 919, in _run_plan
    return await self._run_agent_task(ctx, round_record, plan)
           ^^^^^^^^^^^^^^^^^^^^^^^^^^^^^^^^^^^^^^^^^^^^^^^^^^^
  File "D:\Programing\Teamwork\Agora\Agora\server\app\services\debate_engine\round_manager.py", line 965, in _run_agent_task
    async with self._session_factory() as task_db:
               ~~~~~~~~~~~~~~~~~~~~~^^
  File "C:\Users\asadb\AppData\Local\Programs\Python\Python314\Lib\site-packages\sqlalchemy\ext\asyncio\session.py", line 1762, in __call__
    return self.class_(**local_kw)
           ~~~~~~~~~~~^^^^^^^^^^^^
  File "C:\Users\asadb\AppData\Local\Programs\Python\Python314\Lib\site-packages\sqlalchemy\ext\asyncio\session.py", line 257, in __init__
    sync_bind = engine._get_sync_engine_or_connection(bind)
  File "C:\Users\asadb\AppData\Local\Programs\Python\Python314\Lib\site-packages\sqlalchemy\ext\asyncio\engine.py", line 1444, in _get_sync_engine_or_connection
    raise exc.ArgumentError(
        "AsyncEngine expected, got %r" % async_engine
    ) from e
sqlalchemy.exc.ArgumentError: AsyncEngine expected, got Engine(sqlite+aiosqlite://)
ERROR    app.services.debate_engine.round_manager:round_manager.py:1094 Failed to persist fallback error message: round=1 agent=dabd4e17-9bc6-4e5d-baa9-593dda7578aa
Traceback (most recent call last):
  File "C:\Users\asadb\AppData\Local\Programs\Python\Python314\Lib\site-packages\sqlalchemy\ext\asyncio\engine.py", line 1442, in _get_sync_engine_or_connection
    return async_engine.sync_engine
           ^^^^^^^^^^^^^^^^^^^^^^^^
AttributeError: 'Engine' object has no attribute 'sync_engine'

The above exception was the direct cause of the following exception:

Traceback (most recent call last):
  File "D:\Programing\Teamwork\Agora\Agora\server\app\services\debate_engine\round_manager.py", line 1079, in _persist_unhandled_task_failure
    async with self._session_factory() as task_db:
               ~~~~~~~~~~~~~~~~~~~~~^^
  File "C:\Users\asadb\AppData\Local\Programs\Python\Python314\Lib\site-packages\sqlalchemy\ext\asyncio\session.py", line 1762, in __call__
    return self.class_(**local_kw)
           ~~~~~~~~~~~^^^^^^^^^^^^
  File "C:\Users\asadb\AppData\Local\Programs\Python\Python314\Lib\site-packages\sqlalchemy\ext\asyncio\session.py", line 257, in __init__
    sync_bind = engine._get_sync_engine_or_connection(bind)
  File "C:\Users\asadb\AppData\Local\Programs\Python\Python314\Lib\site-packages\sqlalchemy\ext\asyncio\engine.py", line 1444, in _get_sync_engine_or_connection
    raise exc.ArgumentError(
        "AsyncEngine expected, got %r" % async_engine
    ) from e
sqlalchemy.exc.ArgumentError: AsyncEngine expected, got Engine(sqlite+aiosqlite://)
ERROR    app.services.debate_engine.round_manager:round_manager.py:929 Unhandled agent task exception: round=1 agent=b3c2a8ff-0c0f-4492-a59b-a1fccfa7bd12 role=Ethicist
Traceback (most recent call last):
  File "C:\Users\asadb\AppData\Local\Programs\Python\Python314\Lib\site-packages\sqlalchemy\ext\asyncio\engine.py", line 1442, in _get_sync_engine_or_connection
    return async_engine.sync_engine
           ^^^^^^^^^^^^^^^^^^^^^^^^
AttributeError: 'Engine' object has no attribute 'sync_engine'

The above exception was the direct cause of the following exception:

Traceback (most recent call last):
  File "D:\Programing\Teamwork\Agora\Agora\server\app\services\debate_engine\round_manager.py", line 919, in _run_plan
    return await self._run_agent_task(ctx, round_record, plan)
           ^^^^^^^^^^^^^^^^^^^^^^^^^^^^^^^^^^^^^^^^^^^^^^^^^^^
  File "D:\Programing\Teamwork\Agora\Agora\server\app\services\debate_engine\round_manager.py", line 965, in _run_agent_task
    async with self._session_factory() as task_db:
               ~~~~~~~~~~~~~~~~~~~~~^^
  File "C:\Users\asadb\AppData\Local\Programs\Python\Python314\Lib\site-packages\sqlalchemy\ext\asyncio\session.py", line 1762, in __call__
    return self.class_(**local_kw)
           ~~~~~~~~~~~^^^^^^^^^^^^
  File "C:\Users\asadb\AppData\Local\Programs\Python\Python314\Lib\site-packages\sqlalchemy\ext\asyncio\session.py", line 257, in __init__
    sync_bind = engine._get_sync_engine_or_connection(bind)
  File "C:\Users\asadb\AppData\Local\Programs\Python\Python314\Lib\site-packages\sqlalchemy\ext\asyncio\engine.py", line 1444, in _get_sync_engine_or_connection
    raise exc.ArgumentError(
        "AsyncEngine expected, got %r" % async_engine
    ) from e
sqlalchemy.exc.ArgumentError: AsyncEngine expected, got Engine(sqlite+aiosqlite://)
ERROR    app.services.debate_engine.round_manager:round_manager.py:1094 Failed to persist fallback error message: round=1 agent=b3c2a8ff-0c0f-4492-a59b-a1fccfa7bd12
Traceback (most recent call last):
  File "C:\Users\asadb\AppData\Local\Programs\Python\Python314\Lib\site-packages\sqlalchemy\ext\asyncio\engine.py", line 1442, in _get_sync_engine_or_connection
    return async_engine.sync_engine
           ^^^^^^^^^^^^^^^^^^^^^^^^
AttributeError: 'Engine' object has no attribute 'sync_engine'

The above exception was the direct cause of the following exception:

Traceback (most recent call last):
  File "D:\Programing\Teamwork\Agora\Agora\server\app\services\debate_engine\round_manager.py", line 1079, in _persist_unhandled_task_failure
    async with self._session_factory() as task_db:
               ~~~~~~~~~~~~~~~~~~~~~^^
  File "C:\Users\asadb\AppData\Local\Programs\Python\Python314\Lib\site-packages\sqlalchemy\ext\asyncio\session.py", line 1762, in __call__
    return self.class_(**local_kw)
           ~~~~~~~~~~~^^^^^^^^^^^^
  File "C:\Users\asadb\AppData\Local\Programs\Python\Python314\Lib\site-packages\sqlalchemy\ext\asyncio\session.py", line 257, in __init__
    sync_bind = engine._get_sync_engine_or_connection(bind)
  File "C:\Users\asadb\AppData\Local\Programs\Python\Python314\Lib\site-packages\sqlalchemy\ext\asyncio\engine.py", line 1444, in _get_sync_engine_or_connection
    raise exc.ArgumentError(
        "AsyncEngine expected, got %r" % async_engine
    ) from e
sqlalchemy.exc.ArgumentError: AsyncEngine expected, got Engine(sqlite+aiosqlite://)
INFO     app.services.debate_engine.round_manager:round_manager.py:948 Round 1 parallel done in 0.01s failed=2/2
ERROR    app.services.debate_engine.round_manager:round_manager.py:1225 Round 1 failed: All agents failed in Round 1.
ERROR    app.services.chat_engine:chat_engine.py:162 Turn 8a53a581-8336-4c2b-a2ef-1c01ca1718d0 failed: All agents failed in Round 1.
Traceback (most recent call last):
  File "D:\Programing\Teamwork\Agora\Agora\server\app\services\chat_engine.py", line 131, in start_turn_execution
    r1: list[AgentRoundResult] = await round_manager.execute_round_1(ctx)
                                 ^^^^^^^^^^^^^^^^^^^^^^^^^^^^^^^^^^^^^^^^
  File "D:\Programing\Teamwork\Agora\Agora\server\app\services\debate_engine\round_manager.py", line 209, in execute_round_1
    raise RuntimeError(reason)
RuntimeError: All agents failed in Round 1.
D:\Programing\Teamwork\Agora\Agora\server\app\services\debate_engine\round_manager.py:209: RuntimeError: All agents failed in Round 1.
E   RuntimeError: All agents failed in Round 1.
---------------------------- Captured stderr call -----------------------------
2026-05-15 19:44:50,344 [INFO] app.services.chat_engine: Turn 9062888d-b7be-4947-aef9-259822a29eaf started: question='Should AI be regulated?' agents=2
2026-05-15 19:44:50,345 [INFO] app.services.chat_engine: WS emit turn_started turn=9062888d-b7be-4947-aef9-259822a29eaf
2026-05-15 19:44:50,347 [INFO] app.services.debate_engine.round_manager: Round 1 running (id=7b2889a9-c4ed-46a9-b5e4-0eb548249b0b, turn=9062888d-b7be-4947-aef9-259822a29eaf)
2026-05-15 19:44:50,348 [INFO] app.services.debate_engine.round_manager: Round 1 parallel start agents=2 concurrency=2
2026-05-15 19:44:50,348 [ERROR] app.services.debate_engine.round_manager: Unhandled agent task exception: round=1 agent=dae5021b-ff3b-4ba4-9945-cf66a3d4788f role=Economist
Traceback (most recent call last):
  File "C:\Users\asadb\AppData\Local\Programs\Python\Python314\Lib\site-packages\sqlalchemy\ext\asyncio\engine.py", line 1442, in _get_sync_engine_or_connection
    return async_engine.sync_engine
           ^^^^^^^^^^^^^^^^^^^^^^^^
AttributeError: 'Engine' object has no attribute 'sync_engine'

The above exception was the direct cause of the following exception:

Traceback (most recent call last):
  File "D:\Programing\Teamwork\Agora\Agora\server\app\services\debate_engine\round_manager.py", line 919, in _run_plan
    return await self._run_agent_task(ctx, round_record, plan)
           ^^^^^^^^^^^^^^^^^^^^^^^^^^^^^^^^^^^^^^^^^^^^^^^^^^^
  File "D:\Programing\Teamwork\Agora\Agora\server\app\services\debate_engine\round_manager.py", line 965, in _run_agent_task
    async with self._session_factory() as task_db:
               ~~~~~~~~~~~~~~~~~~~~~^^
  File "C:\Users\asadb\AppData\Local\Programs\Python\Python314\Lib\site-packages\sqlalchemy\ext\asyncio\session.py", line 1762, in __call__
    return self.class_(**local_kw)
           ~~~~~~~~~~~^^^^^^^^^^^^
  File "C:\Users\asadb\AppData\Local\Programs\Python\Python314\Lib\site-packages\sqlalchemy\ext\asyncio\session.py", line 257, in __init__
    sync_bind = engine._get_sync_engine_or_connection(bind)
  File "C:\Users\asadb\AppData\Local\Programs\Python\Python314\Lib\site-packages\sqlalchemy\ext\asyncio\engine.py", line 1444, in _get_sync_engine_or_connection
    raise exc.ArgumentError(
        "AsyncEngine expected, got %r" % async_engine
    ) from e
sqlalchemy.exc.ArgumentError: AsyncEngine expected, got Engine(sqlite+aiosqlite://)
2026-05-15 19:44:50,349 [ERROR] app.services.debate_engine.round_manager: Failed to persist fallback error message: round=1 agent=dae5021b-ff3b-4ba4-9945-cf66a3d4788f
Traceback (most recent call last):
  File "C:\Users\asadb\AppData\Local\Programs\Python\Python314\Lib\site-packages\sqlalchemy\ext\asyncio\engine.py", line 1442, in _get_sync_engine_or_connection
    return async_engine.sync_engine
           ^^^^^^^^^^^^^^^^^^^^^^^^
AttributeError: 'Engine' object has no attribute 'sync_engine'

The above exception was the direct cause of the following exception:

Traceback (most recent call last):
  File "D:\Programing\Teamwork\Agora\Agora\server\app\services\debate_engine\round_manager.py", line 1079, in _persist_unhandled_task_failure
    async with self._session_factory() as task_db:
               ~~~~~~~~~~~~~~~~~~~~~^^
  File "C:\Users\asadb\AppData\Local\Programs\Python\Python314\Lib\site-packages\sqlalchemy\ext\asyncio\session.py", line 1762, in __call__
    return self.class_(**local_kw)
           ~~~~~~~~~~~^^^^^^^^^^^^
  File "C:\Users\asadb\AppData\Local\Programs\Python\Python314\Lib\site-packages\sqlalchemy\ext\asyncio\session.py", line 257, in __init__
    sync_bind = engine._get_sync_engine_or_connection(bind)
  File "C:\Users\asadb\AppData\Local\Programs\Python\Python314\Lib\site-packages\sqlalchemy\ext\asyncio\engine.py", line 1444, in _get_sync_engine_or_connection
    raise exc.ArgumentError(
        "AsyncEngine expected, got %r" % async_engine
    ) from e
sqlalchemy.exc.ArgumentError: AsyncEngine expected, got Engine(sqlite+aiosqlite://)
2026-05-15 19:44:50,350 [ERROR] app.services.debate_engine.round_manager: Unhandled agent task exception: round=1 agent=081f1fc2-0ae0-47fd-a5df-a195c6315aac role=Ethicist
Traceback (most recent call last):
  File "C:\Users\asadb\AppData\Local\Programs\Python\Python314\Lib\site-packages\sqlalchemy\ext\asyncio\engine.py", line 1442, in _get_sync_engine_or_connection
    return async_engine.sync_engine
           ^^^^^^^^^^^^^^^^^^^^^^^^
AttributeError: 'Engine' object has no attribute 'sync_engine'

The above exception was the direct cause of the following exception:

Traceback (most recent call last):
  File "D:\Programing\Teamwork\Agora\Agora\server\app\services\debate_engine\round_manager.py", line 919, in _run_plan
    return await self._run_agent_task(ctx, round_record, plan)
           ^^^^^^^^^^^^^^^^^^^^^^^^^^^^^^^^^^^^^^^^^^^^^^^^^^^
  File "D:\Programing\Teamwork\Agora\Agora\server\app\services\debate_engine\round_manager.py", line 965, in _run_agent_task
    async with self._session_factory() as task_db:
               ~~~~~~~~~~~~~~~~~~~~~^^
  File "C:\Users\asadb\AppData\Local\Programs\Python\Python314\Lib\site-packages\sqlalchemy\ext\asyncio\session.py", line 1762, in __call__
    return self.class_(**local_kw)
           ~~~~~~~~~~~^^^^^^^^^^^^
  File "C:\Users\asadb\AppData\Local\Programs\Python\Python314\Lib\site-packages\sqlalchemy\ext\asyncio\session.py", line 257, in __init__
    sync_bind = engine._get_sync_engine_or_connection(bind)
  File "C:\Users\asadb\AppData\Local\Programs\Python\Python314\Lib\site-packages\sqlalchemy\ext\asyncio\engine.py", line 1444, in _get_sync_engine_or_connection
    raise exc.ArgumentError(
        "AsyncEngine expected, got %r" % async_engine
    ) from e
sqlalchemy.exc.ArgumentError: AsyncEngine expected, got Engine(sqlite+aiosqlite://)
2026-05-15 19:44:50,351 [ERROR] app.services.debate_engine.round_manager: Failed to persist fallback error message: round=1 agent=081f1fc2-0ae0-47fd-a5df-a195c6315aac
Traceback (most recent call last):
  File "C:\Users\asadb\AppData\Local\Programs\Python\Python314\Lib\site-packages\sqlalchemy\ext\asyncio\engine.py", line 1442, in _get_sync_engine_or_connection
    return async_engine.sync_engine
           ^^^^^^^^^^^^^^^^^^^^^^^^
AttributeError: 'Engine' object has no attribute 'sync_engine'

The above exception was the direct cause of the following exception:

Traceback (most recent call last):
  File "D:\Programing\Teamwork\Agora\Agora\server\app\services\debate_engine\round_manager.py", line 1079, in _persist_unhandled_task_failure
    async with self._session_factory() as task_db:
               ~~~~~~~~~~~~~~~~~~~~~^^
  File "C:\Users\asadb\AppData\Local\Programs\Python\Python314\Lib\site-packages\sqlalchemy\ext\asyncio\session.py", line 1762, in __call__
    return self.class_(**local_kw)
           ~~~~~~~~~~~^^^^^^^^^^^^
  File "C:\Users\asadb\AppData\Local\Programs\Python\Python314\Lib\site-packages\sqlalchemy\ext\asyncio\session.py", line 257, in __init__
    sync_bind = engine._get_sync_engine_or_connection(bind)
  File "C:\Users\asadb\AppData\Local\Programs\Python\Python314\Lib\site-packages\sqlalchemy\ext\asyncio\engine.py", line 1444, in _get_sync_engine_or_connection
    raise exc.ArgumentError(
        "AsyncEngine expected, got %r" % async_engine
    ) from e
sqlalchemy.exc.ArgumentError: AsyncEngine expected, got Engine(sqlite+aiosqlite://)
2026-05-15 19:44:50,352 [INFO] app.services.debate_engine.round_manager: Round 1 parallel done in 0.00s failed=2/2
2026-05-15 19:44:50,354 [ERROR] app.services.debate_engine.round_manager: Round 1 failed: All agents failed in Round 1.
2026-05-15 19:44:50,356 [ERROR] app.services.chat_engine: Turn 9062888d-b7be-4947-aef9-259822a29eaf failed: All agents failed in Round 1.
Traceback (most recent call last):
  File "D:\Programing\Teamwork\Agora\Agora\server\app\services\chat_engine.py", line 131, in start_turn_execution
    r1: list[AgentRoundResult] = await round_manager.execute_round_1(ctx)
                                 ^^^^^^^^^^^^^^^^^^^^^^^^^^^^^^^^^^^^^^^^
  File "D:\Programing\Teamwork\Agora\Agora\server\app\services\debate_engine\round_manager.py", line 209, in execute_round_1
    raise RuntimeError(reason)
RuntimeError: All agents failed in Round 1.
------------------------------ Captured log call ------------------------------
INFO     app.services.chat_engine:chat_engine.py:112 Turn 9062888d-b7be-4947-aef9-259822a29eaf started: question='Should AI be regulated?' agents=2
INFO     app.services.chat_engine:chat_engine.py:113 WS emit turn_started turn=9062888d-b7be-4947-aef9-259822a29eaf
INFO     app.services.debate_engine.round_manager:round_manager.py:1172 Round 1 running (id=7b2889a9-c4ed-46a9-b5e4-0eb548249b0b, turn=9062888d-b7be-4947-aef9-259822a29eaf)
INFO     app.services.debate_engine.round_manager:round_manager.py:903 Round 1 parallel start agents=2 concurrency=2
ERROR    app.services.debate_engine.round_manager:round_manager.py:929 Unhandled agent task exception: round=1 agent=dae5021b-ff3b-4ba4-9945-cf66a3d4788f role=Economist
Traceback (most recent call last):
  File "C:\Users\asadb\AppData\Local\Programs\Python\Python314\Lib\site-packages\sqlalchemy\ext\asyncio\engine.py", line 1442, in _get_sync_engine_or_connection
    return async_engine.sync_engine
           ^^^^^^^^^^^^^^^^^^^^^^^^
AttributeError: 'Engine' object has no attribute 'sync_engine'

The above exception was the direct cause of the following exception:

Traceback (most recent call last):
  File "D:\Programing\Teamwork\Agora\Agora\server\app\services\debate_engine\round_manager.py", line 919, in _run_plan
    return await self._run_agent_task(ctx, round_record, plan)
           ^^^^^^^^^^^^^^^^^^^^^^^^^^^^^^^^^^^^^^^^^^^^^^^^^^^
  File "D:\Programing\Teamwork\Agora\Agora\server\app\services\debate_engine\round_manager.py", line 965, in _run_agent_task
    async with self._session_factory() as task_db:
               ~~~~~~~~~~~~~~~~~~~~~^^
  File "C:\Users\asadb\AppData\Local\Programs\Python\Python314\Lib\site-packages\sqlalchemy\ext\asyncio\session.py", line 1762, in __call__
    return self.class_(**local_kw)
           ~~~~~~~~~~~^^^^^^^^^^^^
  File "C:\Users\asadb\AppData\Local\Programs\Python\Python314\Lib\site-packages\sqlalchemy\ext\asyncio\session.py", line 257, in __init__
    sync_bind = engine._get_sync_engine_or_connection(bind)
  File "C:\Users\asadb\AppData\Local\Programs\Python\Python314\Lib\site-packages\sqlalchemy\ext\asyncio\engine.py", line 1444, in _get_sync_engine_or_connection
    raise exc.ArgumentError(
        "AsyncEngine expected, got %r" % async_engine
    ) from e
sqlalchemy.exc.ArgumentError: AsyncEngine expected, got Engine(sqlite+aiosqlite://)
ERROR    app.services.debate_engine.round_manager:round_manager.py:1094 Failed to persist fallback error message: round=1 agent=dae5021b-ff3b-4ba4-9945-cf66a3d4788f
Traceback (most recent call last):
  File "C:\Users\asadb\AppData\Local\Programs\Python\Python314\Lib\site-packages\sqlalchemy\ext\asyncio\engine.py", line 1442, in _get_sync_engine_or_connection
    return async_engine.sync_engine
           ^^^^^^^^^^^^^^^^^^^^^^^^
AttributeError: 'Engine' object has no attribute 'sync_engine'

The above exception was the direct cause of the following exception:

Traceback (most recent call last):
  File "D:\Programing\Teamwork\Agora\Agora\server\app\services\debate_engine\round_manager.py", line 1079, in _persist_unhandled_task_failure
    async with self._session_factory() as task_db:
               ~~~~~~~~~~~~~~~~~~~~~^^
  File "C:\Users\asadb\AppData\Local\Programs\Python\Python314\Lib\site-packages\sqlalchemy\ext\asyncio\session.py", line 1762, in __call__
    return self.class_(**local_kw)
           ~~~~~~~~~~~^^^^^^^^^^^^
  File "C:\Users\asadb\AppData\Local\Programs\Python\Python314\Lib\site-packages\sqlalchemy\ext\asyncio\session.py", line 257, in __init__
    sync_bind = engine._get_sync_engine_or_connection(bind)
  File "C:\Users\asadb\AppData\Local\Programs\Python\Python314\Lib\site-packages\sqlalchemy\ext\asyncio\engine.py", line 1444, in _get_sync_engine_or_connection
    raise exc.ArgumentError(
        "AsyncEngine expected, got %r" % async_engine
    ) from e
sqlalchemy.exc.ArgumentError: AsyncEngine expected, got Engine(sqlite+aiosqlite://)
ERROR    app.services.debate_engine.round_manager:round_manager.py:929 Unhandled agent task exception: round=1 agent=081f1fc2-0ae0-47fd-a5df-a195c6315aac role=Ethicist
Traceback (most recent call last):
  File "C:\Users\asadb\AppData\Local\Programs\Python\Python314\Lib\site-packages\sqlalchemy\ext\asyncio\engine.py", line 1442, in _get_sync_engine_or_connection
    return async_engine.sync_engine
           ^^^^^^^^^^^^^^^^^^^^^^^^
AttributeError: 'Engine' object has no attribute 'sync_engine'

The above exception was the direct cause of the following exception:

Traceback (most recent call last):
  File "D:\Programing\Teamwork\Agora\Agora\server\app\services\debate_engine\round_manager.py", line 919, in _run_plan
    return await self._run_agent_task(ctx, round_record, plan)
           ^^^^^^^^^^^^^^^^^^^^^^^^^^^^^^^^^^^^^^^^^^^^^^^^^^^
  File "D:\Programing\Teamwork\Agora\Agora\server\app\services\debate_engine\round_manager.py", line 965, in _run_agent_task
    async with self._session_factory() as task_db:
               ~~~~~~~~~~~~~~~~~~~~~^^
  File "C:\Users\asadb\AppData\Local\Programs\Python\Python314\Lib\site-packages\sqlalchemy\ext\asyncio\session.py", line 1762, in __call__
    return self.class_(**local_kw)
           ~~~~~~~~~~~^^^^^^^^^^^^
  File "C:\Users\asadb\AppData\Local\Programs\Python\Python314\Lib\site-packages\sqlalchemy\ext\asyncio\session.py", line 257, in __init__
    sync_bind = engine._get_sync_engine_or_connection(bind)
  File "C:\Users\asadb\AppData\Local\Programs\Python\Python314\Lib\site-packages\sqlalchemy\ext\asyncio\engine.py", line 1444, in _get_sync_engine_or_connection
    raise exc.ArgumentError(
        "AsyncEngine expected, got %r" % async_engine
    ) from e
sqlalchemy.exc.ArgumentError: AsyncEngine expected, got Engine(sqlite+aiosqlite://)
ERROR    app.services.debate_engine.round_manager:round_manager.py:1094 Failed to persist fallback error message: round=1 agent=081f1fc2-0ae0-47fd-a5df-a195c6315aac
Traceback (most recent call last):
  File "C:\Users\asadb\AppData\Local\Programs\Python\Python314\Lib\site-packages\sqlalchemy\ext\asyncio\engine.py", line 1442, in _get_sync_engine_or_connection
    return async_engine.sync_engine
           ^^^^^^^^^^^^^^^^^^^^^^^^
AttributeError: 'Engine' object has no attribute 'sync_engine'

The above exception was the direct cause of the following exception:

Traceback (most recent call last):
  File "D:\Programing\Teamwork\Agora\Agora\server\app\services\debate_engine\round_manager.py", line 1079, in _persist_unhandled_task_failure
    async with self._session_factory() as task_db:
               ~~~~~~~~~~~~~~~~~~~~~^^
  File "C:\Users\asadb\AppData\Local\Programs\Python\Python314\Lib\site-packages\sqlalchemy\ext\asyncio\session.py", line 1762, in __call__
    return self.class_(**local_kw)
           ~~~~~~~~~~~^^^^^^^^^^^^
  File "C:\Users\asadb\AppData\Local\Programs\Python\Python314\Lib\site-packages\sqlalchemy\ext\asyncio\session.py", line 257, in __init__
    sync_bind = engine._get_sync_engine_or_connection(bind)
  File "C:\Users\asadb\AppData\Local\Programs\Python\Python314\Lib\site-packages\sqlalchemy\ext\asyncio\engine.py", line 1444, in _get_sync_engine_or_connection
    raise exc.ArgumentError(
        "AsyncEngine expected, got %r" % async_engine
    ) from e
sqlalchemy.exc.ArgumentError: AsyncEngine expected, got Engine(sqlite+aiosqlite://)
INFO     app.services.debate_engine.round_manager:round_manager.py:948 Round 1 parallel done in 0.00s failed=2/2
ERROR    app.services.debate_engine.round_manager:round_manager.py:1225 Round 1 failed: All agents failed in Round 1.
ERROR    app.services.chat_engine:chat_engine.py:162 Turn 9062888d-b7be-4947-aef9-259822a29eaf failed: All agents failed in Round 1.
Traceback (most recent call last):
  File "D:\Programing\Teamwork\Agora\Agora\server\app\services\chat_engine.py", line 131, in start_turn_execution
    r1: list[AgentRoundResult] = await round_manager.execute_round_1(ctx)
                                 ^^^^^^^^^^^^^^^^^^^^^^^^^^^^^^^^^^^^^^^^
  File "D:\Programing\Teamwork\Agora\Agora\server\app\services\debate_engine\round_manager.py", line 209, in execute_round_1
    raise RuntimeError(reason)
RuntimeError: All agents failed in Round 1.
D:\Programing\Teamwork\Agora\Agora\server\app\services\debate_engine\round_manager.py:209: RuntimeError: All agents failed in Round 1.
E   RuntimeError: All agents failed in Round 1.
---------------------------- Captured stderr call -----------------------------
2026-05-15 19:44:50,465 [INFO] app.services.chat_engine: Turn 769d3d64-55f5-4507-8500-ab984ba13b4c started: question='Should AI be regulated?' agents=2
2026-05-15 19:44:50,465 [INFO] app.services.chat_engine: WS emit turn_started turn=769d3d64-55f5-4507-8500-ab984ba13b4c
2026-05-15 19:44:50,470 [INFO] app.services.debate_engine.round_manager: Round 1 running (id=a86d4907-a56d-42cd-a968-0b703e97458b, turn=769d3d64-55f5-4507-8500-ab984ba13b4c)
2026-05-15 19:44:50,470 [INFO] app.services.debate_engine.round_manager: Round 1 parallel start agents=2 concurrency=2
2026-05-15 19:44:50,470 [ERROR] app.services.debate_engine.round_manager: Unhandled agent task exception: round=1 agent=6ffc3f23-759d-46e6-9636-4a805fdffb3a role=Economist
Traceback (most recent call last):
  File "C:\Users\asadb\AppData\Local\Programs\Python\Python314\Lib\site-packages\sqlalchemy\ext\asyncio\engine.py", line 1442, in _get_sync_engine_or_connection
    return async_engine.sync_engine
           ^^^^^^^^^^^^^^^^^^^^^^^^
AttributeError: 'Engine' object has no attribute 'sync_engine'

The above exception was the direct cause of the following exception:

Traceback (most recent call last):
  File "D:\Programing\Teamwork\Agora\Agora\server\app\services\debate_engine\round_manager.py", line 919, in _run_plan
    return await self._run_agent_task(ctx, round_record, plan)
           ^^^^^^^^^^^^^^^^^^^^^^^^^^^^^^^^^^^^^^^^^^^^^^^^^^^
  File "D:\Programing\Teamwork\Agora\Agora\server\app\services\debate_engine\round_manager.py", line 965, in _run_agent_task
    async with self._session_factory() as task_db:
               ~~~~~~~~~~~~~~~~~~~~~^^
  File "C:\Users\asadb\AppData\Local\Programs\Python\Python314\Lib\site-packages\sqlalchemy\ext\asyncio\session.py", line 1762, in __call__
    return self.class_(**local_kw)
           ~~~~~~~~~~~^^^^^^^^^^^^
  File "C:\Users\asadb\AppData\Local\Programs\Python\Python314\Lib\site-packages\sqlalchemy\ext\asyncio\session.py", line 257, in __init__
    sync_bind = engine._get_sync_engine_or_connection(bind)
  File "C:\Users\asadb\AppData\Local\Programs\Python\Python314\Lib\site-packages\sqlalchemy\ext\asyncio\engine.py", line 1444, in _get_sync_engine_or_connection
    raise exc.ArgumentError(
        "AsyncEngine expected, got %r" % async_engine
    ) from e
sqlalchemy.exc.ArgumentError: AsyncEngine expected, got Engine(sqlite+aiosqlite://)
2026-05-15 19:44:50,471 [ERROR] app.services.debate_engine.round_manager: Failed to persist fallback error message: round=1 agent=6ffc3f23-759d-46e6-9636-4a805fdffb3a
Traceback (most recent call last):
  File "C:\Users\asadb\AppData\Local\Programs\Python\Python314\Lib\site-packages\sqlalchemy\ext\asyncio\engine.py", line 1442, in _get_sync_engine_or_connection
    return async_engine.sync_engine
           ^^^^^^^^^^^^^^^^^^^^^^^^
AttributeError: 'Engine' object has no attribute 'sync_engine'

The above exception was the direct cause of the following exception:

Traceback (most recent call last):
  File "D:\Programing\Teamwork\Agora\Agora\server\app\services\debate_engine\round_manager.py", line 1079, in _persist_unhandled_task_failure
    async with self._session_factory() as task_db:
               ~~~~~~~~~~~~~~~~~~~~~^^
  File "C:\Users\asadb\AppData\Local\Programs\Python\Python314\Lib\site-packages\sqlalchemy\ext\asyncio\session.py", line 1762, in __call__
    return self.class_(**local_kw)
           ~~~~~~~~~~~^^^^^^^^^^^^
  File "C:\Users\asadb\AppData\Local\Programs\Python\Python314\Lib\site-packages\sqlalchemy\ext\asyncio\session.py", line 257, in __init__
    sync_bind = engine._get_sync_engine_or_connection(bind)
  File "C:\Users\asadb\AppData\Local\Programs\Python\Python314\Lib\site-packages\sqlalchemy\ext\asyncio\engine.py", line 1444, in _get_sync_engine_or_connection
    raise exc.ArgumentError(
        "AsyncEngine expected, got %r" % async_engine
    ) from e
sqlalchemy.exc.ArgumentError: AsyncEngine expected, got Engine(sqlite+aiosqlite://)
2026-05-15 19:44:50,472 [ERROR] app.services.debate_engine.round_manager: Unhandled agent task exception: round=1 agent=c357d8f9-d55c-4495-a67d-3b32b298f8f8 role=Ethicist
Traceback (most recent call last):
  File "C:\Users\asadb\AppData\Local\Programs\Python\Python314\Lib\site-packages\sqlalchemy\ext\asyncio\engine.py", line 1442, in _get_sync_engine_or_connection
    return async_engine.sync_engine
           ^^^^^^^^^^^^^^^^^^^^^^^^
AttributeError: 'Engine' object has no attribute 'sync_engine'

The above exception was the direct cause of the following exception:

Traceback (most recent call last):
  File "D:\Programing\Teamwork\Agora\Agora\server\app\services\debate_engine\round_manager.py", line 919, in _run_plan
    return await self._run_agent_task(ctx, round_record, plan)
           ^^^^^^^^^^^^^^^^^^^^^^^^^^^^^^^^^^^^^^^^^^^^^^^^^^^
  File "D:\Programing\Teamwork\Agora\Agora\server\app\services\debate_engine\round_manager.py", line 965, in _run_agent_task
    async with self._session_factory() as task_db:
               ~~~~~~~~~~~~~~~~~~~~~^^
  File "C:\Users\asadb\AppData\Local\Programs\Python\Python314\Lib\site-packages\sqlalchemy\ext\asyncio\session.py", line 1762, in __call__
    return self.class_(**local_kw)
           ~~~~~~~~~~~^^^^^^^^^^^^
  File "C:\Users\asadb\AppData\Local\Programs\Python\Python314\Lib\site-packages\sqlalchemy\ext\asyncio\session.py", line 257, in __init__
    sync_bind = engine._get_sync_engine_or_connection(bind)
  File "C:\Users\asadb\AppData\Local\Programs\Python\Python314\Lib\site-packages\sqlalchemy\ext\asyncio\engine.py", line 1444, in _get_sync_engine_or_connection
    raise exc.ArgumentError(
        "AsyncEngine expected, got %r" % async_engine
    ) from e
sqlalchemy.exc.ArgumentError: AsyncEngine expected, got Engine(sqlite+aiosqlite://)
2026-05-15 19:44:50,473 [ERROR] app.services.debate_engine.round_manager: Failed to persist fallback error message: round=1 agent=c357d8f9-d55c-4495-a67d-3b32b298f8f8
Traceback (most recent call last):
  File "C:\Users\asadb\AppData\Local\Programs\Python\Python314\Lib\site-packages\sqlalchemy\ext\asyncio\engine.py", line 1442, in _get_sync_engine_or_connection
    return async_engine.sync_engine
           ^^^^^^^^^^^^^^^^^^^^^^^^
AttributeError: 'Engine' object has no attribute 'sync_engine'

The above exception was the direct cause of the following exception:

Traceback (most recent call last):
  File "D:\Programing\Teamwork\Agora\Agora\server\app\services\debate_engine\round_manager.py", line 1079, in _persist_unhandled_task_failure
    async with self._session_factory() as task_db:
               ~~~~~~~~~~~~~~~~~~~~~^^
  File "C:\Users\asadb\AppData\Local\Programs\Python\Python314\Lib\site-packages\sqlalchemy\ext\asyncio\session.py", line 1762, in __call__
    return self.class_(**local_kw)
           ~~~~~~~~~~~^^^^^^^^^^^^
  File "C:\Users\asadb\AppData\Local\Programs\Python\Python314\Lib\site-packages\sqlalchemy\ext\asyncio\session.py", line 257, in __init__
    sync_bind = engine._get_sync_engine_or_connection(bind)
  File "C:\Users\asadb\AppData\Local\Programs\Python\Python314\Lib\site-packages\sqlalchemy\ext\asyncio\engine.py", line 1444, in _get_sync_engine_or_connection
    raise exc.ArgumentError(
        "AsyncEngine expected, got %r" % async_engine
    ) from e
sqlalchemy.exc.ArgumentError: AsyncEngine expected, got Engine(sqlite+aiosqlite://)
2026-05-15 19:44:50,474 [INFO] app.services.debate_engine.round_manager: Round 1 parallel done in 0.00s failed=2/2
2026-05-15 19:44:50,477 [ERROR] app.services.debate_engine.round_manager: Round 1 failed: All agents failed in Round 1.
2026-05-15 19:44:50,478 [ERROR] app.services.chat_engine: Turn 769d3d64-55f5-4507-8500-ab984ba13b4c failed: All agents failed in Round 1.
Traceback (most recent call last):
  File "D:\Programing\Teamwork\Agora\Agora\server\app\services\chat_engine.py", line 131, in start_turn_execution
    r1: list[AgentRoundResult] = await round_manager.execute_round_1(ctx)
                                 ^^^^^^^^^^^^^^^^^^^^^^^^^^^^^^^^^^^^^^^^
  File "D:\Programing\Teamwork\Agora\Agora\server\app\services\debate_engine\round_manager.py", line 209, in execute_round_1
    raise RuntimeError(reason)
RuntimeError: All agents failed in Round 1.
------------------------------ Captured log call ------------------------------
INFO     app.services.chat_engine:chat_engine.py:112 Turn 769d3d64-55f5-4507-8500-ab984ba13b4c started: question='Should AI be regulated?' agents=2
INFO     app.services.chat_engine:chat_engine.py:113 WS emit turn_started turn=769d3d64-55f5-4507-8500-ab984ba13b4c
INFO     app.services.debate_engine.round_manager:round_manager.py:1172 Round 1 running (id=a86d4907-a56d-42cd-a968-0b703e97458b, turn=769d3d64-55f5-4507-8500-ab984ba13b4c)
INFO     app.services.debate_engine.round_manager:round_manager.py:903 Round 1 parallel start agents=2 concurrency=2
ERROR    app.services.debate_engine.round_manager:round_manager.py:929 Unhandled agent task exception: round=1 agent=6ffc3f23-759d-46e6-9636-4a805fdffb3a role=Economist
Traceback (most recent call last):
  File "C:\Users\asadb\AppData\Local\Programs\Python\Python314\Lib\site-packages\sqlalchemy\ext\asyncio\engine.py", line 1442, in _get_sync_engine_or_connection
    return async_engine.sync_engine
           ^^^^^^^^^^^^^^^^^^^^^^^^
AttributeError: 'Engine' object has no attribute 'sync_engine'

The above exception was the direct cause of the following exception:

Traceback (most recent call last):
  File "D:\Programing\Teamwork\Agora\Agora\server\app\services\debate_engine\round_manager.py", line 919, in _run_plan
    return await self._run_agent_task(ctx, round_record, plan)
           ^^^^^^^^^^^^^^^^^^^^^^^^^^^^^^^^^^^^^^^^^^^^^^^^^^^
  File "D:\Programing\Teamwork\Agora\Agora\server\app\services\debate_engine\round_manager.py", line 965, in _run_agent_task
    async with self._session_factory() as task_db:
               ~~~~~~~~~~~~~~~~~~~~~^^
  File "C:\Users\asadb\AppData\Local\Programs\Python\Python314\Lib\site-packages\sqlalchemy\ext\asyncio\session.py", line 1762, in __call__
    return self.class_(**local_kw)
           ~~~~~~~~~~~^^^^^^^^^^^^
  File "C:\Users\asadb\AppData\Local\Programs\Python\Python314\Lib\site-packages\sqlalchemy\ext\asyncio\session.py", line 257, in __init__
    sync_bind = engine._get_sync_engine_or_connection(bind)
  File "C:\Users\asadb\AppData\Local\Programs\Python\Python314\Lib\site-packages\sqlalchemy\ext\asyncio\engine.py", line 1444, in _get_sync_engine_or_connection
    raise exc.ArgumentError(
        "AsyncEngine expected, got %r" % async_engine
    ) from e
sqlalchemy.exc.ArgumentError: AsyncEngine expected, got Engine(sqlite+aiosqlite://)
ERROR    app.services.debate_engine.round_manager:round_manager.py:1094 Failed to persist fallback error message: round=1 agent=6ffc3f23-759d-46e6-9636-4a805fdffb3a
Traceback (most recent call last):
  File "C:\Users\asadb\AppData\Local\Programs\Python\Python314\Lib\site-packages\sqlalchemy\ext\asyncio\engine.py", line 1442, in _get_sync_engine_or_connection
    return async_engine.sync_engine
           ^^^^^^^^^^^^^^^^^^^^^^^^
AttributeError: 'Engine' object has no attribute 'sync_engine'

The above exception was the direct cause of the following exception:

Traceback (most recent call last):
  File "D:\Programing\Teamwork\Agora\Agora\server\app\services\debate_engine\round_manager.py", line 1079, in _persist_unhandled_task_failure
    async with self._session_factory() as task_db:
               ~~~~~~~~~~~~~~~~~~~~~^^
  File "C:\Users\asadb\AppData\Local\Programs\Python\Python314\Lib\site-packages\sqlalchemy\ext\asyncio\session.py", line 1762, in __call__
    return self.class_(**local_kw)
           ~~~~~~~~~~~^^^^^^^^^^^^
  File "C:\Users\asadb\AppData\Local\Programs\Python\Python314\Lib\site-packages\sqlalchemy\ext\asyncio\session.py", line 257, in __init__
    sync_bind = engine._get_sync_engine_or_connection(bind)
  File "C:\Users\asadb\AppData\Local\Programs\Python\Python314\Lib\site-packages\sqlalchemy\ext\asyncio\engine.py", line 1444, in _get_sync_engine_or_connection
    raise exc.ArgumentError(
        "AsyncEngine expected, got %r" % async_engine
    ) from e
sqlalchemy.exc.ArgumentError: AsyncEngine expected, got Engine(sqlite+aiosqlite://)
ERROR    app.services.debate_engine.round_manager:round_manager.py:929 Unhandled agent task exception: round=1 agent=c357d8f9-d55c-4495-a67d-3b32b298f8f8 role=Ethicist
Traceback (most recent call last):
  File "C:\Users\asadb\AppData\Local\Programs\Python\Python314\Lib\site-packages\sqlalchemy\ext\asyncio\engine.py", line 1442, in _get_sync_engine_or_connection
    return async_engine.sync_engine
           ^^^^^^^^^^^^^^^^^^^^^^^^
AttributeError: 'Engine' object has no attribute 'sync_engine'

The above exception was the direct cause of the following exception:

Traceback (most recent call last):
  File "D:\Programing\Teamwork\Agora\Agora\server\app\services\debate_engine\round_manager.py", line 919, in _run_plan
    return await self._run_agent_task(ctx, round_record, plan)
           ^^^^^^^^^^^^^^^^^^^^^^^^^^^^^^^^^^^^^^^^^^^^^^^^^^^
  File "D:\Programing\Teamwork\Agora\Agora\server\app\services\debate_engine\round_manager.py", line 965, in _run_agent_task
    async with self._session_factory() as task_db:
               ~~~~~~~~~~~~~~~~~~~~~^^
  File "C:\Users\asadb\AppData\Local\Programs\Python\Python314\Lib\site-packages\sqlalchemy\ext\asyncio\session.py", line 1762, in __call__
    return self.class_(**local_kw)
           ~~~~~~~~~~~^^^^^^^^^^^^
  File "C:\Users\asadb\AppData\Local\Programs\Python\Python314\Lib\site-packages\sqlalchemy\ext\asyncio\session.py", line 257, in __init__
    sync_bind = engine._get_sync_engine_or_connection(bind)
  File "C:\Users\asadb\AppData\Local\Programs\Python\Python314\Lib\site-packages\sqlalchemy\ext\asyncio\engine.py", line 1444, in _get_sync_engine_or_connection
    raise exc.ArgumentError(
        "AsyncEngine expected, got %r" % async_engine
    ) from e
sqlalchemy.exc.ArgumentError: AsyncEngine expected, got Engine(sqlite+aiosqlite://)
ERROR    app.services.debate_engine.round_manager:round_manager.py:1094 Failed to persist fallback error message: round=1 agent=c357d8f9-d55c-4495-a67d-3b32b298f8f8
Traceback (most recent call last):
  File "C:\Users\asadb\AppData\Local\Programs\Python\Python314\Lib\site-packages\sqlalchemy\ext\asyncio\engine.py", line 1442, in _get_sync_engine_or_connection
    return async_engine.sync_engine
           ^^^^^^^^^^^^^^^^^^^^^^^^
AttributeError: 'Engine' object has no attribute 'sync_engine'

The above exception was the direct cause of the following exception:

Traceback (most recent call last):
  File "D:\Programing\Teamwork\Agora\Agora\server\app\services\debate_engine\round_manager.py", line 1079, in _persist_unhandled_task_failure
    async with self._session_factory() as task_db:
               ~~~~~~~~~~~~~~~~~~~~~^^
  File "C:\Users\asadb\AppData\Local\Programs\Python\Python314\Lib\site-packages\sqlalchemy\ext\asyncio\session.py", line 1762, in __call__
    return self.class_(**local_kw)
           ~~~~~~~~~~~^^^^^^^^^^^^
  File "C:\Users\asadb\AppData\Local\Programs\Python\Python314\Lib\site-packages\sqlalchemy\ext\asyncio\session.py", line 257, in __init__
    sync_bind = engine._get_sync_engine_or_connection(bind)
  File "C:\Users\asadb\AppData\Local\Programs\Python\Python314\Lib\site-packages\sqlalchemy\ext\asyncio\engine.py", line 1444, in _get_sync_engine_or_connection
    raise exc.ArgumentError(
        "AsyncEngine expected, got %r" % async_engine
    ) from e
sqlalchemy.exc.ArgumentError: AsyncEngine expected, got Engine(sqlite+aiosqlite://)
INFO     app.services.debate_engine.round_manager:round_manager.py:948 Round 1 parallel done in 0.00s failed=2/2
ERROR    app.services.debate_engine.round_manager:round_manager.py:1225 Round 1 failed: All agents failed in Round 1.
ERROR    app.services.chat_engine:chat_engine.py:162 Turn 769d3d64-55f5-4507-8500-ab984ba13b4c failed: All agents failed in Round 1.
Traceback (most recent call last):
  File "D:\Programing\Teamwork\Agora\Agora\server\app\services\chat_engine.py", line 131, in start_turn_execution
    r1: list[AgentRoundResult] = await round_manager.execute_round_1(ctx)
                                 ^^^^^^^^^^^^^^^^^^^^^^^^^^^^^^^^^^^^^^^^
  File "D:\Programing\Teamwork\Agora\Agora\server\app\services\debate_engine\round_manager.py", line 209, in execute_round_1
    raise RuntimeError(reason)
RuntimeError: All agents failed in Round 1.
D:\Programing\Teamwork\Agora\Agora\server\app\services\debate_engine\round_manager.py:209: RuntimeError: All agents failed in Round 1.
E   RuntimeError: All agents failed in Round 1.
---------------------------- Captured stderr call -----------------------------
2026-05-15 19:44:50,578 [INFO] app.services.chat_engine: Turn 60a02b23-c445-4539-b3c3-c41e7c0feba5 started: question='Should AI be regulated?' agents=2
2026-05-15 19:44:50,579 [INFO] app.services.chat_engine: WS emit turn_started turn=60a02b23-c445-4539-b3c3-c41e7c0feba5
2026-05-15 19:44:50,584 [INFO] app.services.debate_engine.round_manager: Round 1 running (id=152942f7-75b1-4c75-a2ed-7c9bc6151eaf, turn=60a02b23-c445-4539-b3c3-c41e7c0feba5)
2026-05-15 19:44:50,584 [INFO] app.services.debate_engine.round_manager: Round 1 parallel start agents=2 concurrency=2
2026-05-15 19:44:50,584 [ERROR] app.services.debate_engine.round_manager: Unhandled agent task exception: round=1 agent=c3936979-b07c-43e8-a450-2aab8854615e role=Economist
Traceback (most recent call last):
  File "C:\Users\asadb\AppData\Local\Programs\Python\Python314\Lib\site-packages\sqlalchemy\ext\asyncio\engine.py", line 1442, in _get_sync_engine_or_connection
    return async_engine.sync_engine
           ^^^^^^^^^^^^^^^^^^^^^^^^
AttributeError: 'Engine' object has no attribute 'sync_engine'

The above exception was the direct cause of the following exception:

Traceback (most recent call last):
  File "D:\Programing\Teamwork\Agora\Agora\server\app\services\debate_engine\round_manager.py", line 919, in _run_plan
    return await self._run_agent_task(ctx, round_record, plan)
           ^^^^^^^^^^^^^^^^^^^^^^^^^^^^^^^^^^^^^^^^^^^^^^^^^^^
  File "D:\Programing\Teamwork\Agora\Agora\server\app\services\debate_engine\round_manager.py", line 965, in _run_agent_task
    async with self._session_factory() as task_db:
               ~~~~~~~~~~~~~~~~~~~~~^^
  File "C:\Users\asadb\AppData\Local\Programs\Python\Python314\Lib\site-packages\sqlalchemy\ext\asyncio\session.py", line 1762, in __call__
    return self.class_(**local_kw)
           ~~~~~~~~~~~^^^^^^^^^^^^
  File "C:\Users\asadb\AppData\Local\Programs\Python\Python314\Lib\site-packages\sqlalchemy\ext\asyncio\session.py", line 257, in __init__
    sync_bind = engine._get_sync_engine_or_connection(bind)
  File "C:\Users\asadb\AppData\Local\Programs\Python\Python314\Lib\site-packages\sqlalchemy\ext\asyncio\engine.py", line 1444, in _get_sync_engine_or_connection
    raise exc.ArgumentError(
        "AsyncEngine expected, got %r" % async_engine
    ) from e
sqlalchemy.exc.ArgumentError: AsyncEngine expected, got Engine(sqlite+aiosqlite://)
2026-05-15 19:44:50,586 [ERROR] app.services.debate_engine.round_manager: Failed to persist fallback error message: round=1 agent=c3936979-b07c-43e8-a450-2aab8854615e
Traceback (most recent call last):
  File "C:\Users\asadb\AppData\Local\Programs\Python\Python314\Lib\site-packages\sqlalchemy\ext\asyncio\engine.py", line 1442, in _get_sync_engine_or_connection
    return async_engine.sync_engine
           ^^^^^^^^^^^^^^^^^^^^^^^^
AttributeError: 'Engine' object has no attribute 'sync_engine'

The above exception was the direct cause of the following exception:

Traceback (most recent call last):
  File "D:\Programing\Teamwork\Agora\Agora\server\app\services\debate_engine\round_manager.py", line 1079, in _persist_unhandled_task_failure
    async with self._session_factory() as task_db:
               ~~~~~~~~~~~~~~~~~~~~~^^
  File "C:\Users\asadb\AppData\Local\Programs\Python\Python314\Lib\site-packages\sqlalchemy\ext\asyncio\session.py", line 1762, in __call__
    return self.class_(**local_kw)
           ~~~~~~~~~~~^^^^^^^^^^^^
  File "C:\Users\asadb\AppData\Local\Programs\Python\Python314\Lib\site-packages\sqlalchemy\ext\asyncio\session.py", line 257, in __init__
    sync_bind = engine._get_sync_engine_or_connection(bind)
  File "C:\Users\asadb\AppData\Local\Programs\Python\Python314\Lib\site-packages\sqlalchemy\ext\asyncio\engine.py", line 1444, in _get_sync_engine_or_connection
    raise exc.ArgumentError(
        "AsyncEngine expected, got %r" % async_engine
    ) from e
sqlalchemy.exc.ArgumentError: AsyncEngine expected, got Engine(sqlite+aiosqlite://)
2026-05-15 19:44:50,588 [ERROR] app.services.debate_engine.round_manager: Unhandled agent task exception: round=1 agent=39d30454-065e-4050-b5a6-0e8f23b0bc78 role=Ethicist
Traceback (most recent call last):
  File "C:\Users\asadb\AppData\Local\Programs\Python\Python314\Lib\site-packages\sqlalchemy\ext\asyncio\engine.py", line 1442, in _get_sync_engine_or_connection
    return async_engine.sync_engine
           ^^^^^^^^^^^^^^^^^^^^^^^^
AttributeError: 'Engine' object has no attribute 'sync_engine'

The above exception was the direct cause of the following exception:

Traceback (most recent call last):
  File "D:\Programing\Teamwork\Agora\Agora\server\app\services\debate_engine\round_manager.py", line 919, in _run_plan
    return await self._run_agent_task(ctx, round_record, plan)
           ^^^^^^^^^^^^^^^^^^^^^^^^^^^^^^^^^^^^^^^^^^^^^^^^^^^
  File "D:\Programing\Teamwork\Agora\Agora\server\app\services\debate_engine\round_manager.py", line 965, in _run_agent_task
    async with self._session_factory() as task_db:
               ~~~~~~~~~~~~~~~~~~~~~^^
  File "C:\Users\asadb\AppData\Local\Programs\Python\Python314\Lib\site-packages\sqlalchemy\ext\asyncio\session.py", line 1762, in __call__
    return self.class_(**local_kw)
           ~~~~~~~~~~~^^^^^^^^^^^^
  File "C:\Users\asadb\AppData\Local\Programs\Python\Python314\Lib\site-packages\sqlalchemy\ext\asyncio\session.py", line 257, in __init__
    sync_bind = engine._get_sync_engine_or_connection(bind)
  File "C:\Users\asadb\AppData\Local\Programs\Python\Python314\Lib\site-packages\sqlalchemy\ext\asyncio\engine.py", line 1444, in _get_sync_engine_or_connection
    raise exc.ArgumentError(
        "AsyncEngine expected, got %r" % async_engine
    ) from e
sqlalchemy.exc.ArgumentError: AsyncEngine expected, got Engine(sqlite+aiosqlite://)
2026-05-15 19:44:50,589 [ERROR] app.services.debate_engine.round_manager: Failed to persist fallback error message: round=1 agent=39d30454-065e-4050-b5a6-0e8f23b0bc78
Traceback (most recent call last):
  File "C:\Users\asadb\AppData\Local\Programs\Python\Python314\Lib\site-packages\sqlalchemy\ext\asyncio\engine.py", line 1442, in _get_sync_engine_or_connection
    return async_engine.sync_engine
           ^^^^^^^^^^^^^^^^^^^^^^^^
AttributeError: 'Engine' object has no attribute 'sync_engine'

The above exception was the direct cause of the following exception:

Traceback (most recent call last):
  File "D:\Programing\Teamwork\Agora\Agora\server\app\services\debate_engine\round_manager.py", line 1079, in _persist_unhandled_task_failure
    async with self._session_factory() as task_db:
               ~~~~~~~~~~~~~~~~~~~~~^^
  File "C:\Users\asadb\AppData\Local\Programs\Python\Python314\Lib\site-packages\sqlalchemy\ext\asyncio\session.py", line 1762, in __call__
    return self.class_(**local_kw)
           ~~~~~~~~~~~^^^^^^^^^^^^
  File "C:\Users\asadb\AppData\Local\Programs\Python\Python314\Lib\site-packages\sqlalchemy\ext\asyncio\session.py", line 257, in __init__
    sync_bind = engine._get_sync_engine_or_connection(bind)
  File "C:\Users\asadb\AppData\Local\Programs\Python\Python314\Lib\site-packages\sqlalchemy\ext\asyncio\engine.py", line 1444, in _get_sync_engine_or_connection
    raise exc.ArgumentError(
        "AsyncEngine expected, got %r" % async_engine
    ) from e
sqlalchemy.exc.ArgumentError: AsyncEngine expected, got Engine(sqlite+aiosqlite://)
2026-05-15 19:44:50,590 [INFO] app.services.debate_engine.round_manager: Round 1 parallel done in 0.01s failed=2/2
2026-05-15 19:44:50,593 [ERROR] app.services.debate_engine.round_manager: Round 1 failed: All agents failed in Round 1.
2026-05-15 19:44:50,595 [ERROR] app.services.chat_engine: Turn 60a02b23-c445-4539-b3c3-c41e7c0feba5 failed: All agents failed in Round 1.
Traceback (most recent call last):
  File "D:\Programing\Teamwork\Agora\Agora\server\app\services\chat_engine.py", line 131, in start_turn_execution
    r1: list[AgentRoundResult] = await round_manager.execute_round_1(ctx)
                                 ^^^^^^^^^^^^^^^^^^^^^^^^^^^^^^^^^^^^^^^^
  File "D:\Programing\Teamwork\Agora\Agora\server\app\services\debate_engine\round_manager.py", line 209, in execute_round_1
    raise RuntimeError(reason)
RuntimeError: All agents failed in Round 1.
------------------------------ Captured log call ------------------------------
INFO     app.services.chat_engine:chat_engine.py:112 Turn 60a02b23-c445-4539-b3c3-c41e7c0feba5 started: question='Should AI be regulated?' agents=2
INFO     app.services.chat_engine:chat_engine.py:113 WS emit turn_started turn=60a02b23-c445-4539-b3c3-c41e7c0feba5
INFO     app.services.debate_engine.round_manager:round_manager.py:1172 Round 1 running (id=152942f7-75b1-4c75-a2ed-7c9bc6151eaf, turn=60a02b23-c445-4539-b3c3-c41e7c0feba5)
INFO     app.services.debate_engine.round_manager:round_manager.py:903 Round 1 parallel start agents=2 concurrency=2
ERROR    app.services.debate_engine.round_manager:round_manager.py:929 Unhandled agent task exception: round=1 agent=c3936979-b07c-43e8-a450-2aab8854615e role=Economist
Traceback (most recent call last):
  File "C:\Users\asadb\AppData\Local\Programs\Python\Python314\Lib\site-packages\sqlalchemy\ext\asyncio\engine.py", line 1442, in _get_sync_engine_or_connection
    return async_engine.sync_engine
           ^^^^^^^^^^^^^^^^^^^^^^^^
AttributeError: 'Engine' object has no attribute 'sync_engine'

The above exception was the direct cause of the following exception:

Traceback (most recent call last):
  File "D:\Programing\Teamwork\Agora\Agora\server\app\services\debate_engine\round_manager.py", line 919, in _run_plan
    return await self._run_agent_task(ctx, round_record, plan)
           ^^^^^^^^^^^^^^^^^^^^^^^^^^^^^^^^^^^^^^^^^^^^^^^^^^^
  File "D:\Programing\Teamwork\Agora\Agora\server\app\services\debate_engine\round_manager.py", line 965, in _run_agent_task
    async with self._session_factory() as task_db:
               ~~~~~~~~~~~~~~~~~~~~~^^
  File "C:\Users\asadb\AppData\Local\Programs\Python\Python314\Lib\site-packages\sqlalchemy\ext\asyncio\session.py", line 1762, in __call__
    return self.class_(**local_kw)
           ~~~~~~~~~~~^^^^^^^^^^^^
  File "C:\Users\asadb\AppData\Local\Programs\Python\Python314\Lib\site-packages\sqlalchemy\ext\asyncio\session.py", line 257, in __init__
    sync_bind = engine._get_sync_engine_or_connection(bind)
  File "C:\Users\asadb\AppData\Local\Programs\Python\Python314\Lib\site-packages\sqlalchemy\ext\asyncio\engine.py", line 1444, in _get_sync_engine_or_connection
    raise exc.ArgumentError(
        "AsyncEngine expected, got %r" % async_engine
    ) from e
sqlalchemy.exc.ArgumentError: AsyncEngine expected, got Engine(sqlite+aiosqlite://)
ERROR    app.services.debate_engine.round_manager:round_manager.py:1094 Failed to persist fallback error message: round=1 agent=c3936979-b07c-43e8-a450-2aab8854615e
Traceback (most recent call last):
  File "C:\Users\asadb\AppData\Local\Programs\Python\Python314\Lib\site-packages\sqlalchemy\ext\asyncio\engine.py", line 1442, in _get_sync_engine_or_connection
    return async_engine.sync_engine
           ^^^^^^^^^^^^^^^^^^^^^^^^
AttributeError: 'Engine' object has no attribute 'sync_engine'

The above exception was the direct cause of the following exception:

Traceback (most recent call last):
  File "D:\Programing\Teamwork\Agora\Agora\server\app\services\debate_engine\round_manager.py", line 1079, in _persist_unhandled_task_failure
    async with self._session_factory() as task_db:
               ~~~~~~~~~~~~~~~~~~~~~^^
  File "C:\Users\asadb\AppData\Local\Programs\Python\Python314\Lib\site-packages\sqlalchemy\ext\asyncio\session.py", line 1762, in __call__
    return self.class_(**local_kw)
           ~~~~~~~~~~~^^^^^^^^^^^^
  File "C:\Users\asadb\AppData\Local\Programs\Python\Python314\Lib\site-packages\sqlalchemy\ext\asyncio\session.py", line 257, in __init__
    sync_bind = engine._get_sync_engine_or_connection(bind)
  File "C:\Users\asadb\AppData\Local\Programs\Python\Python314\Lib\site-packages\sqlalchemy\ext\asyncio\engine.py", line 1444, in _get_sync_engine_or_connection
    raise exc.ArgumentError(
        "AsyncEngine expected, got %r" % async_engine
    ) from e
sqlalchemy.exc.ArgumentError: AsyncEngine expected, got Engine(sqlite+aiosqlite://)
ERROR    app.services.debate_engine.round_manager:round_manager.py:929 Unhandled agent task exception: round=1 agent=39d30454-065e-4050-b5a6-0e8f23b0bc78 role=Ethicist
Traceback (most recent call last):
  File "C:\Users\asadb\AppData\Local\Programs\Python\Python314\Lib\site-packages\sqlalchemy\ext\asyncio\engine.py", line 1442, in _get_sync_engine_or_connection
    return async_engine.sync_engine
           ^^^^^^^^^^^^^^^^^^^^^^^^
AttributeError: 'Engine' object has no attribute 'sync_engine'

The above exception was the direct cause of the following exception:

Traceback (most recent call last):
  File "D:\Programing\Teamwork\Agora\Agora\server\app\services\debate_engine\round_manager.py", line 919, in _run_plan
    return await self._run_agent_task(ctx, round_record, plan)
           ^^^^^^^^^^^^^^^^^^^^^^^^^^^^^^^^^^^^^^^^^^^^^^^^^^^
  File "D:\Programing\Teamwork\Agora\Agora\server\app\services\debate_engine\round_manager.py", line 965, in _run_agent_task
    async with self._session_factory() as task_db:
               ~~~~~~~~~~~~~~~~~~~~~^^
  File "C:\Users\asadb\AppData\Local\Programs\Python\Python314\Lib\site-packages\sqlalchemy\ext\asyncio\session.py", line 1762, in __call__
    return self.class_(**local_kw)
           ~~~~~~~~~~~^^^^^^^^^^^^
  File "C:\Users\asadb\AppData\Local\Programs\Python\Python314\Lib\site-packages\sqlalchemy\ext\asyncio\session.py", line 257, in __init__
    sync_bind = engine._get_sync_engine_or_connection(bind)
  File "C:\Users\asadb\AppData\Local\Programs\Python\Python314\Lib\site-packages\sqlalchemy\ext\asyncio\engine.py", line 1444, in _get_sync_engine_or_connection
    raise exc.ArgumentError(
        "AsyncEngine expected, got %r" % async_engine
    ) from e
sqlalchemy.exc.ArgumentError: AsyncEngine expected, got Engine(sqlite+aiosqlite://)
ERROR    app.services.debate_engine.round_manager:round_manager.py:1094 Failed to persist fallback error message: round=1 agent=39d30454-065e-4050-b5a6-0e8f23b0bc78
Traceback (most recent call last):
  File "C:\Users\asadb\AppData\Local\Programs\Python\Python314\Lib\site-packages\sqlalchemy\ext\asyncio\engine.py", line 1442, in _get_sync_engine_or_connection
    return async_engine.sync_engine
           ^^^^^^^^^^^^^^^^^^^^^^^^
AttributeError: 'Engine' object has no attribute 'sync_engine'

The above exception was the direct cause of the following exception:

Traceback (most recent call last):
  File "D:\Programing\Teamwork\Agora\Agora\server\app\services\debate_engine\round_manager.py", line 1079, in _persist_unhandled_task_failure
    async with self._session_factory() as task_db:
               ~~~~~~~~~~~~~~~~~~~~~^^
  File "C:\Users\asadb\AppData\Local\Programs\Python\Python314\Lib\site-packages\sqlalchemy\ext\asyncio\session.py", line 1762, in __call__
    return self.class_(**local_kw)
           ~~~~~~~~~~~^^^^^^^^^^^^
  File "C:\Users\asadb\AppData\Local\Programs\Python\Python314\Lib\site-packages\sqlalchemy\ext\asyncio\session.py", line 257, in __init__
    sync_bind = engine._get_sync_engine_or_connection(bind)
  File "C:\Users\asadb\AppData\Local\Programs\Python\Python314\Lib\site-packages\sqlalchemy\ext\asyncio\engine.py", line 1444, in _get_sync_engine_or_connection
    raise exc.ArgumentError(
        "AsyncEngine expected, got %r" % async_engine
    ) from e
sqlalchemy.exc.ArgumentError: AsyncEngine expected, got Engine(sqlite+aiosqlite://)
INFO     app.services.debate_engine.round_manager:round_manager.py:948 Round 1 parallel done in 0.01s failed=2/2
ERROR    app.services.debate_engine.round_manager:round_manager.py:1225 Round 1 failed: All agents failed in Round 1.
ERROR    app.services.chat_engine:chat_engine.py:162 Turn 60a02b23-c445-4539-b3c3-c41e7c0feba5 failed: All agents failed in Round 1.
Traceback (most recent call last):
  File "D:\Programing\Teamwork\Agora\Agora\server\app\services\chat_engine.py", line 131, in start_turn_execution
    r1: list[AgentRoundResult] = await round_manager.execute_round_1(ctx)
                                 ^^^^^^^^^^^^^^^^^^^^^^^^^^^^^^^^^^^^^^^^
  File "D:\Programing\Teamwork\Agora\Agora\server\app\services\debate_engine\round_manager.py", line 209, in execute_round_1
    raise RuntimeError(reason)
RuntimeError: All agents failed in Round 1.
D:\Programing\Teamwork\Agora\Agora\server\app\services\debate_engine\round_manager.py:209: RuntimeError: All agents failed in Round 1.
E   RuntimeError: All agents failed in Round 1.
---------------------------- Captured stderr call -----------------------------
2026-05-15 19:44:50,702 [INFO] app.services.chat_engine: Turn c3cb15b9-424a-4083-85f2-176d4a24adb9 started: question='Should AI be regulated?' agents=2
2026-05-15 19:44:50,702 [INFO] app.services.chat_engine: WS emit turn_started turn=c3cb15b9-424a-4083-85f2-176d4a24adb9
2026-05-15 19:44:50,707 [INFO] app.services.debate_engine.round_manager: Round 1 running (id=6be4a905-50b0-4003-9a18-229634f1c910, turn=c3cb15b9-424a-4083-85f2-176d4a24adb9)
2026-05-15 19:44:50,707 [INFO] app.services.debate_engine.round_manager: WS emit round_started round=1 turn=c3cb15b9-424a-4083-85f2-176d4a24adb9
2026-05-15 19:44:50,707 [INFO] app.services.debate_engine.round_manager: Round 1 parallel start agents=2 concurrency=2
2026-05-15 19:44:50,708 [ERROR] app.services.debate_engine.round_manager: Unhandled agent task exception: round=1 agent=891048ce-a45c-481b-bba0-f445b4a73572 role=Economist
Traceback (most recent call last):
  File "C:\Users\asadb\AppData\Local\Programs\Python\Python314\Lib\site-packages\sqlalchemy\ext\asyncio\engine.py", line 1442, in _get_sync_engine_or_connection
    return async_engine.sync_engine
           ^^^^^^^^^^^^^^^^^^^^^^^^
AttributeError: 'Engine' object has no attribute 'sync_engine'

The above exception was the direct cause of the following exception:

Traceback (most recent call last):
  File "D:\Programing\Teamwork\Agora\Agora\server\app\services\debate_engine\round_manager.py", line 919, in _run_plan
    return await self._run_agent_task(ctx, round_record, plan)
           ^^^^^^^^^^^^^^^^^^^^^^^^^^^^^^^^^^^^^^^^^^^^^^^^^^^
  File "D:\Programing\Teamwork\Agora\Agora\server\app\services\debate_engine\round_manager.py", line 965, in _run_agent_task
    async with self._session_factory() as task_db:
               ~~~~~~~~~~~~~~~~~~~~~^^
  File "C:\Users\asadb\AppData\Local\Programs\Python\Python314\Lib\site-packages\sqlalchemy\ext\asyncio\session.py", line 1762, in __call__
    return self.class_(**local_kw)
           ~~~~~~~~~~~^^^^^^^^^^^^
  File "C:\Users\asadb\AppData\Local\Programs\Python\Python314\Lib\site-packages\sqlalchemy\ext\asyncio\session.py", line 257, in __init__
    sync_bind = engine._get_sync_engine_or_connection(bind)
  File "C:\Users\asadb\AppData\Local\Programs\Python\Python314\Lib\site-packages\sqlalchemy\ext\asyncio\engine.py", line 1444, in _get_sync_engine_or_connection
    raise exc.ArgumentError(
        "AsyncEngine expected, got %r" % async_engine
    ) from e
sqlalchemy.exc.ArgumentError: AsyncEngine expected, got Engine(sqlite+aiosqlite://)
2026-05-15 19:44:50,709 [ERROR] app.services.debate_engine.round_manager: Failed to persist fallback error message: round=1 agent=891048ce-a45c-481b-bba0-f445b4a73572
Traceback (most recent call last):
  File "C:\Users\asadb\AppData\Local\Programs\Python\Python314\Lib\site-packages\sqlalchemy\ext\asyncio\engine.py", line 1442, in _get_sync_engine_or_connection
    return async_engine.sync_engine
           ^^^^^^^^^^^^^^^^^^^^^^^^
AttributeError: 'Engine' object has no attribute 'sync_engine'

The above exception was the direct cause of the following exception:

Traceback (most recent call last):
  File "D:\Programing\Teamwork\Agora\Agora\server\app\services\debate_engine\round_manager.py", line 1079, in _persist_unhandled_task_failure
    async with self._session_factory() as task_db:
               ~~~~~~~~~~~~~~~~~~~~~^^
  File "C:\Users\asadb\AppData\Local\Programs\Python\Python314\Lib\site-packages\sqlalchemy\ext\asyncio\session.py", line 1762, in __call__
    return self.class_(**local_kw)
           ~~~~~~~~~~~^^^^^^^^^^^^
  File "C:\Users\asadb\AppData\Local\Programs\Python\Python314\Lib\site-packages\sqlalchemy\ext\asyncio\session.py", line 257, in __init__
    sync_bind = engine._get_sync_engine_or_connection(bind)
  File "C:\Users\asadb\AppData\Local\Programs\Python\Python314\Lib\site-packages\sqlalchemy\ext\asyncio\engine.py", line 1444, in _get_sync_engine_or_connection
    raise exc.ArgumentError(
        "AsyncEngine expected, got %r" % async_engine
    ) from e
sqlalchemy.exc.ArgumentError: AsyncEngine expected, got Engine(sqlite+aiosqlite://)
2026-05-15 19:44:50,711 [ERROR] app.services.debate_engine.round_manager: Unhandled agent task exception: round=1 agent=7a429096-c7d0-4400-ae6b-5bdd6e81add1 role=Ethicist
Traceback (most recent call last):
  File "C:\Users\asadb\AppData\Local\Programs\Python\Python314\Lib\site-packages\sqlalchemy\ext\asyncio\engine.py", line 1442, in _get_sync_engine_or_connection
    return async_engine.sync_engine
           ^^^^^^^^^^^^^^^^^^^^^^^^
AttributeError: 'Engine' object has no attribute 'sync_engine'

The above exception was the direct cause of the following exception:

Traceback (most recent call last):
  File "D:\Programing\Teamwork\Agora\Agora\server\app\services\debate_engine\round_manager.py", line 919, in _run_plan
    return await self._run_agent_task(ctx, round_record, plan)
           ^^^^^^^^^^^^^^^^^^^^^^^^^^^^^^^^^^^^^^^^^^^^^^^^^^^
  File "D:\Programing\Teamwork\Agora\Agora\server\app\services\debate_engine\round_manager.py", line 965, in _run_agent_task
    async with self._session_factory() as task_db:
               ~~~~~~~~~~~~~~~~~~~~~^^
  File "C:\Users\asadb\AppData\Local\Programs\Python\Python314\Lib\site-packages\sqlalchemy\ext\asyncio\session.py", line 1762, in __call__
    return self.class_(**local_kw)
           ~~~~~~~~~~~^^^^^^^^^^^^
  File "C:\Users\asadb\AppData\Local\Programs\Python\Python314\Lib\site-packages\sqlalchemy\ext\asyncio\session.py", line 257, in __init__
    sync_bind = engine._get_sync_engine_or_connection(bind)
  File "C:\Users\asadb\AppData\Local\Programs\Python\Python314\Lib\site-packages\sqlalchemy\ext\asyncio\engine.py", line 1444, in _get_sync_engine_or_connection
    raise exc.ArgumentError(
        "AsyncEngine expected, got %r" % async_engine
    ) from e
sqlalchemy.exc.ArgumentError: AsyncEngine expected, got Engine(sqlite+aiosqlite://)
2026-05-15 19:44:50,713 [ERROR] app.services.debate_engine.round_manager: Failed to persist fallback error message: round=1 agent=7a429096-c7d0-4400-ae6b-5bdd6e81add1
Traceback (most recent call last):
  File "C:\Users\asadb\AppData\Local\Programs\Python\Python314\Lib\site-packages\sqlalchemy\ext\asyncio\engine.py", line 1442, in _get_sync_engine_or_connection
    return async_engine.sync_engine
           ^^^^^^^^^^^^^^^^^^^^^^^^
AttributeError: 'Engine' object has no attribute 'sync_engine'

The above exception was the direct cause of the following exception:

Traceback (most recent call last):
  File "D:\Programing\Teamwork\Agora\Agora\server\app\services\debate_engine\round_manager.py", line 1079, in _persist_unhandled_task_failure
    async with self._session_factory() as task_db:
               ~~~~~~~~~~~~~~~~~~~~~^^
  File "C:\Users\asadb\AppData\Local\Programs\Python\Python314\Lib\site-packages\sqlalchemy\ext\asyncio\session.py", line 1762, in __call__
    return self.class_(**local_kw)
           ~~~~~~~~~~~^^^^^^^^^^^^
  File "C:\Users\asadb\AppData\Local\Programs\Python\Python314\Lib\site-packages\sqlalchemy\ext\asyncio\session.py", line 257, in __init__
    sync_bind = engine._get_sync_engine_or_connection(bind)
  File "C:\Users\asadb\AppData\Local\Programs\Python\Python314\Lib\site-packages\sqlalchemy\ext\asyncio\engine.py", line 1444, in _get_sync_engine_or_connection
    raise exc.ArgumentError(
        "AsyncEngine expected, got %r" % async_engine
    ) from e
sqlalchemy.exc.ArgumentError: AsyncEngine expected, got Engine(sqlite+aiosqlite://)
2026-05-15 19:44:50,714 [INFO] app.services.debate_engine.round_manager: Round 1 parallel done in 0.01s failed=2/2
2026-05-15 19:44:50,716 [ERROR] app.services.debate_engine.round_manager: Round 1 failed: All agents failed in Round 1.
2026-05-15 19:44:50,719 [ERROR] app.services.chat_engine: Turn c3cb15b9-424a-4083-85f2-176d4a24adb9 failed: All agents failed in Round 1.
Traceback (most recent call last):
  File "D:\Programing\Teamwork\Agora\Agora\server\app\services\chat_engine.py", line 131, in start_turn_execution
    r1: list[AgentRoundResult] = await round_manager.execute_round_1(ctx)
                                 ^^^^^^^^^^^^^^^^^^^^^^^^^^^^^^^^^^^^^^^^
  File "D:\Programing\Teamwork\Agora\Agora\server\app\services\debate_engine\round_manager.py", line 209, in execute_round_1
    raise RuntimeError(reason)
RuntimeError: All agents failed in Round 1.
------------------------------ Captured log call ------------------------------
INFO     app.services.chat_engine:chat_engine.py:112 Turn c3cb15b9-424a-4083-85f2-176d4a24adb9 started: question='Should AI be regulated?' agents=2
INFO     app.services.chat_engine:chat_engine.py:113 WS emit turn_started turn=c3cb15b9-424a-4083-85f2-176d4a24adb9
INFO     app.services.debate_engine.round_manager:round_manager.py:1172 Round 1 running (id=6be4a905-50b0-4003-9a18-229634f1c910, turn=c3cb15b9-424a-4083-85f2-176d4a24adb9)
INFO     app.services.debate_engine.round_manager:round_manager.py:1179 WS emit round_started round=1 turn=c3cb15b9-424a-4083-85f2-176d4a24adb9
INFO     app.services.debate_engine.round_manager:round_manager.py:903 Round 1 parallel start agents=2 concurrency=2
ERROR    app.services.debate_engine.round_manager:round_manager.py:929 Unhandled agent task exception: round=1 agent=891048ce-a45c-481b-bba0-f445b4a73572 role=Economist
Traceback (most recent call last):
  File "C:\Users\asadb\AppData\Local\Programs\Python\Python314\Lib\site-packages\sqlalchemy\ext\asyncio\engine.py", line 1442, in _get_sync_engine_or_connection
    return async_engine.sync_engine
           ^^^^^^^^^^^^^^^^^^^^^^^^
AttributeError: 'Engine' object has no attribute 'sync_engine'

The above exception was the direct cause of the following exception:

Traceback (most recent call last):
  File "D:\Programing\Teamwork\Agora\Agora\server\app\services\debate_engine\round_manager.py", line 919, in _run_plan
    return await self._run_agent_task(ctx, round_record, plan)
           ^^^^^^^^^^^^^^^^^^^^^^^^^^^^^^^^^^^^^^^^^^^^^^^^^^^
  File "D:\Programing\Teamwork\Agora\Agora\server\app\services\debate_engine\round_manager.py", line 965, in _run_agent_task
    async with self._session_factory() as task_db:
               ~~~~~~~~~~~~~~~~~~~~~^^
  File "C:\Users\asadb\AppData\Local\Programs\Python\Python314\Lib\site-packages\sqlalchemy\ext\asyncio\session.py", line 1762, in __call__
    return self.class_(**local_kw)
           ~~~~~~~~~~~^^^^^^^^^^^^
  File "C:\Users\asadb\AppData\Local\Programs\Python\Python314\Lib\site-packages\sqlalchemy\ext\asyncio\session.py", line 257, in __init__
    sync_bind = engine._get_sync_engine_or_connection(bind)
  File "C:\Users\asadb\AppData\Local\Programs\Python\Python314\Lib\site-packages\sqlalchemy\ext\asyncio\engine.py", line 1444, in _get_sync_engine_or_connection
    raise exc.ArgumentError(
        "AsyncEngine expected, got %r" % async_engine
    ) from e
sqlalchemy.exc.ArgumentError: AsyncEngine expected, got Engine(sqlite+aiosqlite://)
ERROR    app.services.debate_engine.round_manager:round_manager.py:1094 Failed to persist fallback error message: round=1 agent=891048ce-a45c-481b-bba0-f445b4a73572
Traceback (most recent call last):
  File "C:\Users\asadb\AppData\Local\Programs\Python\Python314\Lib\site-packages\sqlalchemy\ext\asyncio\engine.py", line 1442, in _get_sync_engine_or_connection
    return async_engine.sync_engine
           ^^^^^^^^^^^^^^^^^^^^^^^^
AttributeError: 'Engine' object has no attribute 'sync_engine'

The above exception was the direct cause of the following exception:

Traceback (most recent call last):
  File "D:\Programing\Teamwork\Agora\Agora\server\app\services\debate_engine\round_manager.py", line 1079, in _persist_unhandled_task_failure
    async with self._session_factory() as task_db:
               ~~~~~~~~~~~~~~~~~~~~~^^
  File "C:\Users\asadb\AppData\Local\Programs\Python\Python314\Lib\site-packages\sqlalchemy\ext\asyncio\session.py", line 1762, in __call__
    return self.class_(**local_kw)
           ~~~~~~~~~~~^^^^^^^^^^^^
  File "C:\Users\asadb\AppData\Local\Programs\Python\Python314\Lib\site-packages\sqlalchemy\ext\asyncio\session.py", line 257, in __init__
    sync_bind = engine._get_sync_engine_or_connection(bind)
  File "C:\Users\asadb\AppData\Local\Programs\Python\Python314\Lib\site-packages\sqlalchemy\ext\asyncio\engine.py", line 1444, in _get_sync_engine_or_connection
    raise exc.ArgumentError(
        "AsyncEngine expected, got %r" % async_engine
    ) from e
sqlalchemy.exc.ArgumentError: AsyncEngine expected, got Engine(sqlite+aiosqlite://)
ERROR    app.services.debate_engine.round_manager:round_manager.py:929 Unhandled agent task exception: round=1 agent=7a429096-c7d0-4400-ae6b-5bdd6e81add1 role=Ethicist
Traceback (most recent call last):
  File "C:\Users\asadb\AppData\Local\Programs\Python\Python314\Lib\site-packages\sqlalchemy\ext\asyncio\engine.py", line 1442, in _get_sync_engine_or_connection
    return async_engine.sync_engine
           ^^^^^^^^^^^^^^^^^^^^^^^^
AttributeError: 'Engine' object has no attribute 'sync_engine'

The above exception was the direct cause of the following exception:

Traceback (most recent call last):
  File "D:\Programing\Teamwork\Agora\Agora\server\app\services\debate_engine\round_manager.py", line 919, in _run_plan
    return await self._run_agent_task(ctx, round_record, plan)
           ^^^^^^^^^^^^^^^^^^^^^^^^^^^^^^^^^^^^^^^^^^^^^^^^^^^
  File "D:\Programing\Teamwork\Agora\Agora\server\app\services\debate_engine\round_manager.py", line 965, in _run_agent_task
    async with self._session_factory() as task_db:
               ~~~~~~~~~~~~~~~~~~~~~^^
  File "C:\Users\asadb\AppData\Local\Programs\Python\Python314\Lib\site-packages\sqlalchemy\ext\asyncio\session.py", line 1762, in __call__
    return self.class_(**local_kw)
           ~~~~~~~~~~~^^^^^^^^^^^^
  File "C:\Users\asadb\AppData\Local\Programs\Python\Python314\Lib\site-packages\sqlalchemy\ext\asyncio\session.py", line 257, in __init__
    sync_bind = engine._get_sync_engine_or_connection(bind)
  File "C:\Users\asadb\AppData\Local\Programs\Python\Python314\Lib\site-packages\sqlalchemy\ext\asyncio\engine.py", line 1444, in _get_sync_engine_or_connection
    raise exc.ArgumentError(
        "AsyncEngine expected, got %r" % async_engine
    ) from e
sqlalchemy.exc.ArgumentError: AsyncEngine expected, got Engine(sqlite+aiosqlite://)
ERROR    app.services.debate_engine.round_manager:round_manager.py:1094 Failed to persist fallback error message: round=1 agent=7a429096-c7d0-4400-ae6b-5bdd6e81add1
Traceback (most recent call last):
  File "C:\Users\asadb\AppData\Local\Programs\Python\Python314\Lib\site-packages\sqlalchemy\ext\asyncio\engine.py", line 1442, in _get_sync_engine_or_connection
    return async_engine.sync_engine
           ^^^^^^^^^^^^^^^^^^^^^^^^
AttributeError: 'Engine' object has no attribute 'sync_engine'

The above exception was the direct cause of the following exception:

Traceback (most recent call last):
  File "D:\Programing\Teamwork\Agora\Agora\server\app\services\debate_engine\round_manager.py", line 1079, in _persist_unhandled_task_failure
    async with self._session_factory() as task_db:
               ~~~~~~~~~~~~~~~~~~~~~^^
  File "C:\Users\asadb\AppData\Local\Programs\Python\Python314\Lib\site-packages\sqlalchemy\ext\asyncio\session.py", line 1762, in __call__
    return self.class_(**local_kw)
           ~~~~~~~~~~~^^^^^^^^^^^^
  File "C:\Users\asadb\AppData\Local\Programs\Python\Python314\Lib\site-packages\sqlalchemy\ext\asyncio\session.py", line 257, in __init__
    sync_bind = engine._get_sync_engine_or_connection(bind)
  File "C:\Users\asadb\AppData\Local\Programs\Python\Python314\Lib\site-packages\sqlalchemy\ext\asyncio\engine.py", line 1444, in _get_sync_engine_or_connection
    raise exc.ArgumentError(
        "AsyncEngine expected, got %r" % async_engine
    ) from e
sqlalchemy.exc.ArgumentError: AsyncEngine expected, got Engine(sqlite+aiosqlite://)
INFO     app.services.debate_engine.round_manager:round_manager.py:948 Round 1 parallel done in 0.01s failed=2/2
ERROR    app.services.debate_engine.round_manager:round_manager.py:1225 Round 1 failed: All agents failed in Round 1.
ERROR    app.services.chat_engine:chat_engine.py:162 Turn c3cb15b9-424a-4083-85f2-176d4a24adb9 failed: All agents failed in Round 1.
Traceback (most recent call last):
  File "D:\Programing\Teamwork\Agora\Agora\server\app\services\chat_engine.py", line 131, in start_turn_execution
    r1: list[AgentRoundResult] = await round_manager.execute_round_1(ctx)
                                 ^^^^^^^^^^^^^^^^^^^^^^^^^^^^^^^^^^^^^^^^
  File "D:\Programing\Teamwork\Agora\Agora\server\app\services\debate_engine\round_manager.py", line 209, in execute_round_1
    raise RuntimeError(reason)
RuntimeError: All agents failed in Round 1.
D:\Programing\Teamwork\Agora\Agora\server\app\services\debate_engine\round_manager.py:209: RuntimeError: All agents failed in Round 1.
E   AttributeError: module 'app.services.llm' has no attribute 'factory'
C:\Users\asadb\AppData\Local\Programs\Python\Python314\Lib\pkgutil.py:473: AttributeError: module 'app.services.llm' has no attribute 'factory'
E   AttributeError: module 'app.services.llm' has no attribute 'factory'
C:\Users\asadb\AppData\Local\Programs\Python\Python314\Lib\pkgutil.py:473: AttributeError: module 'app.services.llm' has no attribute 'factory'
E   AssertionError: assert 'providers' in [{'id': 'openrouter', 'models': [{'context_length': 200000, 'id': 'anthropic/claude-sonnet-4.5', 'name': 'Claude Sonne... ...}, {'id': 'high_quality', 'model': 'openai/gpt-5.5', 'name': 'High Quality', 'provider': 'openrouter', ...}], ...}]
---------------------------- Captured stderr call -----------------------------
2026-05-15 19:45:01,185 [INFO] httpx: HTTP Request: GET http://test/llm/providers "HTTP/1.1 200 OK"
------------------------------ Captured log call ------------------------------
INFO     httpx:_client.py:1740 HTTP Request: GET http://test/llm/providers "HTTP/1.1 200 OK"
D:\Programing\Teamwork\Agora\Agora\server\tests\test_registry_and_config.py:183: AssertionError: assert 'providers' in [{'id': 'openrouter', 'models': [{'context_length': 200000, 'id': 'anthropic/claude-sonnet-4.5', 'name': 'Claude Sonne... ...}, {'id': 'high_quality', 'model': 'openai/gpt-5.5', 'name': 'High Quality', 'provider': 'openrouter', ...}], ...}]
E   assert 404 == 200
     +  where 404 = <Response [404 Not Found]>.status_code
---------------------------- Captured stderr call -----------------------------
2026-05-15 19:45:01,275 [INFO] httpx: HTTP Request: GET http://test/llm/models "HTTP/1.1 404 Not Found"
------------------------------ Captured log call ------------------------------
INFO     httpx:_client.py:1740 HTTP Request: GET http://test/llm/models "HTTP/1.1 404 Not Found"
D:\Programing\Teamwork\Agora\Agora\server\tests\test_registry_and_config.py:191: assert 404 == 200
E   assert 404 == 200
     +  where 404 = <Response [404 Not Found]>.status_code
---------------------------- Captured stderr call -----------------------------
2026-05-15 19:45:01,360 [INFO] httpx: HTTP Request: GET http://test/llm/models?provider=groq "HTTP/1.1 404 Not Found"
------------------------------ Captured log call ------------------------------
INFO     httpx:_client.py:1740 HTTP Request: GET http://test/llm/models?provider=groq "HTTP/1.1 404 Not Found"
D:\Programing\Teamwork\Agora\Agora\server\tests\test_registry_and_config.py:199: assert 404 == 200
E   assert 404 == 200
     +  where 404 = <Response [404 Not Found]>.status_code
---------------------------- Captured stderr call -----------------------------
2026-05-15 19:45:01,449 [INFO] httpx: HTTP Request: GET http://test/llm/models?provider=nonexistent "HTTP/1.1 404 Not Found"
------------------------------ Captured log call ------------------------------
INFO     httpx:_client.py:1740 HTTP Request: GET http://test/llm/models?provider=nonexistent "HTTP/1.1 404 Not Found"
D:\Programing\Teamwork\Agora\Agora\server\tests\test_registry_and_config.py:209: assert 404 == 200
E   json.decoder.JSONDecodeError: Expecting value: line 1 column 1 (char 0)
---------------------------- Captured stderr call -----------------------------
2026-05-15 19:45:01,587 [INFO] httpx: HTTP Request: GET http://test/agents/config/options "HTTP/1.1 200 OK"
------------------------------ Captured log call ------------------------------
INFO     httpx:_client.py:1740 HTTP Request: GET http://test/agents/config/options "HTTP/1.1 200 OK"
C:\Users\asadb\AppData\Local\Programs\Python\Python314\Lib\json\decoder.py:363: json.decoder.JSONDecodeError: Expecting value: line 1 column 1 (char 0)
E   KeyError: 'config'
---------------------------- Captured stderr call -----------------------------
2026-05-15 19:45:02,053 [INFO] app.services.execution_runner: Background execution starting for turn 33ee511c-127c-44e1-b937-0a7452e86daa
2026-05-15 19:45:02,055 [INFO] app.services.debate_engine.step_controller: StepController: registered turn=33ee511c-127c-44e1-b937-0a7452e86daa mode=auto
2026-05-15 19:45:02,069 [INFO] app.services.chat_engine: Turn 33ee511c-127c-44e1-b937-0a7452e86daa started: question='Test config storage?' agents=1
2026-05-15 19:45:02,069 [INFO] app.services.chat_engine: WS emit turn_started turn=33ee511c-127c-44e1-b937-0a7452e86daa
2026-05-15 19:45:02,075 [INFO] app.services.debate_engine.round_manager: Round 1 running (id=7da40d74-3f22-4a7b-878d-1a2d7e3a76b9, turn=33ee511c-127c-44e1-b937-0a7452e86daa)
2026-05-15 19:45:02,075 [INFO] app.services.debate_engine.round_manager: WS emit round_started round=1 turn=33ee511c-127c-44e1-b937-0a7452e86daa
2026-05-15 19:45:02,076 [INFO] app.services.debate_engine.round_manager: Round 1 parallel start agents=1 concurrency=1
2026-05-15 19:45:02,078 [INFO] app.services.debate_engine.round_manager: WS emit agent_started: turn=33ee511c-127c-44e1-b937-0a7452e86daa round=1 agent=2e838afc-87c5-4e2c-bb13-a89cc10f8af5 role=tester type=agent_response idx=0
2026-05-15 19:45:02,078 [INFO] app.services.debate_engine.round_manager: LLM start: turn=33ee511c-127c-44e1-b937-0a7452e86daa round=1 agent=2e838afc-87c5-4e2c-bb13-a89cc10f8af5 role=tester provider=openrouter model=anthropic/claude-sonnet-4.5 prompt_chars=7762 est_prompt_tokens=1940 max_tokens=1800 retrieval_chunks=0 started_at=2026-05-15T10:45:02.078629+00:00
2026-05-15 19:45:02,079 [INFO] app.services.debate_engine.round_manager: LLM done: turn=33ee511c-127c-44e1-b937-0a7452e86daa round=1 agent=2e838afc-87c5-4e2c-bb13-a89cc10f8af5 status=success duration_ms=0 provider_latency_ms=1 output_chars=1541 prompt_tokens=10 completion_tokens=50 finished_at=2026-05-15T10:45:02.079429+00:00
2026-05-15 19:45:02,083 [INFO] app.services.debate_engine.round_manager: WS emit message_created: turn=33ee511c-127c-44e1-b937-0a7452e86daa round=1 agent=2e838afc-87c5-4e2c-bb13-a89cc10f8af5 status=success content_len=1541
2026-05-15 19:45:02,083 [INFO] app.services.debate_engine.round_manager: Agent tester done in 0.01s status=success round=1
2026-05-15 19:45:02,083 [INFO] app.services.debate_engine.round_manager: Round 1 parallel done in 0.01s failed=0/1
2026-05-15 19:45:02,087 [INFO] app.services.debate_engine.round_manager: Round 1 completed.
2026-05-15 19:45:02,087 [INFO] app.services.debate_engine.round_manager: WS emit round_completed round=1 turn=33ee511c-127c-44e1-b937-0a7452e86daa
2026-05-15 19:45:02,094 [INFO] app.services.debate_engine.round_manager: Round 2 running (id=459778ce-b454-44b2-96b9-703dc6f374b8, turn=33ee511c-127c-44e1-b937-0a7452e86daa)
2026-05-15 19:45:02,094 [INFO] app.services.debate_engine.round_manager: WS emit round_started round=2 turn=33ee511c-127c-44e1-b937-0a7452e86daa
2026-05-15 19:45:02,094 [INFO] app.services.debate_engine.round_manager: Round 2 parallel start agents=1 concurrency=1
2026-05-15 19:45:02,097 [INFO] app.services.debate_engine.round_manager: Round 2 parallel done in 0.00s failed=0/1
2026-05-15 19:45:02,101 [INFO] app.services.debate_engine.round_manager: Round 2 completed.
2026-05-15 19:45:02,101 [INFO] app.services.debate_engine.round_manager: WS emit round_completed round=2 turn=33ee511c-127c-44e1-b937-0a7452e86daa
2026-05-15 19:45:02,108 [INFO] app.services.debate_engine.round_manager: Round 3 running (id=822bd54b-a484-41d6-a242-05b2613ea8af, turn=33ee511c-127c-44e1-b937-0a7452e86daa)
2026-05-15 19:45:02,108 [INFO] app.services.debate_engine.round_manager: WS emit round_started round=3 turn=33ee511c-127c-44e1-b937-0a7452e86daa
2026-05-15 19:45:02,109 [INFO] app.services.debate_engine.round_manager: Round 3 parallel start agents=1 concurrency=1
2026-05-15 19:45:02,110 [INFO] app.services.debate_engine.round_manager: WS emit agent_started: turn=33ee511c-127c-44e1-b937-0a7452e86daa round=3 agent=2e838afc-87c5-4e2c-bb13-a89cc10f8af5 role=tester type=final_summary idx=0
2026-05-15 19:45:02,111 [INFO] app.services.debate_engine.round_manager: LLM start: turn=33ee511c-127c-44e1-b937-0a7452e86daa round=3 agent=2e838afc-87c5-4e2c-bb13-a89cc10f8af5 role=tester provider=openrouter model=anthropic/claude-sonnet-4.5 prompt_chars=9324 est_prompt_tokens=2331 max_tokens=2500 retrieval_chunks=0 started_at=2026-05-15T10:45:02.111178+00:00
2026-05-15 19:45:02,111 [INFO] app.services.debate_engine.round_manager: LLM done: turn=33ee511c-127c-44e1-b937-0a7452e86daa round=3 agent=2e838afc-87c5-4e2c-bb13-a89cc10f8af5 status=success duration_ms=0 provider_latency_ms=1 output_chars=2280 prompt_tokens=10 completion_tokens=50 finished_at=2026-05-15T10:45:02.111775+00:00
2026-05-15 19:45:02,116 [INFO] app.services.debate_engine.round_manager: WS emit message_created: turn=33ee511c-127c-44e1-b937-0a7452e86daa round=3 agent=2e838afc-87c5-4e2c-bb13-a89cc10f8af5 status=success content_len=2280
2026-05-15 19:45:02,117 [INFO] app.services.debate_engine.round_manager: Agent tester done in 0.01s status=success round=3
2026-05-15 19:45:02,117 [INFO] app.services.debate_engine.round_manager: Round 3 parallel done in 0.01s failed=0/1
2026-05-15 19:45:02,119 [INFO] app.services.debate_engine.round_manager: Round 3 completed.
2026-05-15 19:45:02,120 [INFO] app.services.debate_engine.round_manager: WS emit round_completed round=3 turn=33ee511c-127c-44e1-b937-0a7452e86daa
2026-05-15 19:45:02,122 [INFO] app.services.chat_engine: Turn 33ee511c-127c-44e1-b937-0a7452e86daa completed successfully.
2026-05-15 19:45:02,122 [INFO] app.services.chat_engine: WS emit turn_completed turn=33ee511c-127c-44e1-b937-0a7452e86daa
2026-05-15 19:45:02,123 [INFO] app.services.execution_runner: Turn 33ee511c-127c-44e1-b937-0a7452e86daa committed (failed=False)
2026-05-15 19:45:02,124 [INFO] httpx: HTTP Request: POST http://test/debates/start "HTTP/1.1 201 Created"
2026-05-15 19:45:02,146 [INFO] httpx: HTTP Request: GET http://test/debates/950e4655-f15d-47a5-a915-9f5e9382b89b "HTTP/1.1 200 OK"
------------------------------ Captured log call ------------------------------
INFO     app.services.execution_runner:execution_runner.py:74 Background execution starting for turn 33ee511c-127c-44e1-b937-0a7452e86daa
INFO     app.services.debate_engine.step_controller:step_controller.py:59 StepController: registered turn=33ee511c-127c-44e1-b937-0a7452e86daa mode=auto
INFO     app.services.chat_engine:chat_engine.py:112 Turn 33ee511c-127c-44e1-b937-0a7452e86daa started: question='Test config storage?' agents=1
INFO     app.services.chat_engine:chat_engine.py:113 WS emit turn_started turn=33ee511c-127c-44e1-b937-0a7452e86daa
INFO     app.services.debate_engine.round_manager:round_manager.py:1172 Round 1 running (id=7da40d74-3f22-4a7b-878d-1a2d7e3a76b9, turn=33ee511c-127c-44e1-b937-0a7452e86daa)
INFO     app.services.debate_engine.round_manager:round_manager.py:1179 WS emit round_started round=1 turn=33ee511c-127c-44e1-b937-0a7452e86daa
INFO     app.services.debate_engine.round_manager:round_manager.py:903 Round 1 parallel start agents=1 concurrency=1
INFO     app.services.debate_engine.round_manager:round_manager.py:1400 WS emit agent_started: turn=33ee511c-127c-44e1-b937-0a7452e86daa round=1 agent=2e838afc-87c5-4e2c-bb13-a89cc10f8af5 role=tester type=agent_response idx=0
INFO     app.services.debate_engine.round_manager:round_manager.py:1453 LLM start: turn=33ee511c-127c-44e1-b937-0a7452e86daa round=1 agent=2e838afc-87c5-4e2c-bb13-a89cc10f8af5 role=tester provider=openrouter model=anthropic/claude-sonnet-4.5 prompt_chars=7762 est_prompt_tokens=1940 max_tokens=1800 retrieval_chunks=0 started_at=2026-05-15T10:45:02.078629+00:00
INFO     app.services.debate_engine.round_manager:round_manager.py:1588 LLM done: turn=33ee511c-127c-44e1-b937-0a7452e86daa round=1 agent=2e838afc-87c5-4e2c-bb13-a89cc10f8af5 status=success duration_ms=0 provider_latency_ms=1 output_chars=1541 prompt_tokens=10 completion_tokens=50 finished_at=2026-05-15T10:45:02.079429+00:00
INFO     app.services.debate_engine.round_manager:round_manager.py:1661 WS emit message_created: turn=33ee511c-127c-44e1-b937-0a7452e86daa round=1 agent=2e838afc-87c5-4e2c-bb13-a89cc10f8af5 status=success content_len=1541
INFO     app.services.debate_engine.round_manager:round_manager.py:1009 Agent tester done in 0.01s status=success round=1
INFO     app.services.debate_engine.round_manager:round_manager.py:948 Round 1 parallel done in 0.01s failed=0/1
INFO     app.services.debate_engine.round_manager:round_manager.py:1202 Round 1 completed.
INFO     app.services.debate_engine.round_manager:round_manager.py:1204 WS emit round_completed round=1 turn=33ee511c-127c-44e1-b937-0a7452e86daa
INFO     app.services.debate_engine.round_manager:round_manager.py:1172 Round 2 running (id=459778ce-b454-44b2-96b9-703dc6f374b8, turn=33ee511c-127c-44e1-b937-0a7452e86daa)
INFO     app.services.debate_engine.round_manager:round_manager.py:1179 WS emit round_started round=2 turn=33ee511c-127c-44e1-b937-0a7452e86daa
INFO     app.services.debate_engine.round_manager:round_manager.py:903 Round 2 parallel start agents=1 concurrency=1
INFO     app.services.debate_engine.round_manager:round_manager.py:948 Round 2 parallel done in 0.00s failed=0/1
INFO     app.services.debate_engine.round_manager:round_manager.py:1202 Round 2 completed.
INFO     app.services.debate_engine.round_manager:round_manager.py:1204 WS emit round_completed round=2 turn=33ee511c-127c-44e1-b937-0a7452e86daa
INFO     app.services.debate_engine.round_manager:round_manager.py:1172 Round 3 running (id=822bd54b-a484-41d6-a242-05b2613ea8af, turn=33ee511c-127c-44e1-b937-0a7452e86daa)
INFO     app.services.debate_engine.round_manager:round_manager.py:1179 WS emit round_started round=3 turn=33ee511c-127c-44e1-b937-0a7452e86daa
INFO     app.services.debate_engine.round_manager:round_manager.py:903 Round 3 parallel start agents=1 concurrency=1
INFO     app.services.debate_engine.round_manager:round_manager.py:1400 WS emit agent_started: turn=33ee511c-127c-44e1-b937-0a7452e86daa round=3 agent=2e838afc-87c5-4e2c-bb13-a89cc10f8af5 role=tester type=final_summary idx=0
INFO     app.services.debate_engine.round_manager:round_manager.py:1453 LLM start: turn=33ee511c-127c-44e1-b937-0a7452e86daa round=3 agent=2e838afc-87c5-4e2c-bb13-a89cc10f8af5 role=tester provider=openrouter model=anthropic/claude-sonnet-4.5 prompt_chars=9324 est_prompt_tokens=2331 max_tokens=2500 retrieval_chunks=0 started_at=2026-05-15T10:45:02.111178+00:00
INFO     app.services.debate_engine.round_manager:round_manager.py:1588 LLM done: turn=33ee511c-127c-44e1-b937-0a7452e86daa round=3 agent=2e838afc-87c5-4e2c-bb13-a89cc10f8af5 status=success duration_ms=0 provider_latency_ms=1 output_chars=2280 prompt_tokens=10 completion_tokens=50 finished_at=2026-05-15T10:45:02.111775+00:00
INFO     app.services.debate_engine.round_manager:round_manager.py:1661 WS emit message_created: turn=33ee511c-127c-44e1-b937-0a7452e86daa round=3 agent=2e838afc-87c5-4e2c-bb13-a89cc10f8af5 status=success content_len=2280
INFO     app.services.debate_engine.round_manager:round_manager.py:1009 Agent tester done in 0.01s status=success round=3
INFO     app.services.debate_engine.round_manager:round_manager.py:948 Round 3 parallel done in 0.01s failed=0/1
INFO     app.services.debate_engine.round_manager:round_manager.py:1202 Round 3 completed.
INFO     app.services.debate_engine.round_manager:round_manager.py:1204 WS emit round_completed round=3 turn=33ee511c-127c-44e1-b937-0a7452e86daa
INFO     app.services.chat_engine:chat_engine.py:149 Turn 33ee511c-127c-44e1-b937-0a7452e86daa completed successfully.
INFO     app.services.chat_engine:chat_engine.py:150 WS emit turn_completed turn=33ee511c-127c-44e1-b937-0a7452e86daa
INFO     app.services.execution_runner:execution_runner.py:134 Turn 33ee511c-127c-44e1-b937-0a7452e86daa committed (failed=False)
INFO     httpx:_client.py:1740 HTTP Request: POST http://test/debates/start "HTTP/1.1 201 Created"
INFO     httpx:_client.py:1740 HTTP Request: GET http://test/debates/950e4655-f15d-47a5-a915-9f5e9382b89b "HTTP/1.1 200 OK"
D:\Programing\Teamwork\Agora\Agora\server\tests\test_registry_and_config.py:291: KeyError: 'config'
E   RuntimeError: All agents failed in Round 1.
---------------------------- Captured stderr call -----------------------------
2026-05-15 19:45:03,442 [INFO] app.services.debate_engine.round_manager: Round 1 running (id=dde575fe-e936-4aa7-b818-180eec1c5206, turn=0c15b89b-8fb0-4535-8bc7-492f20a98939)
2026-05-15 19:45:03,443 [INFO] app.services.debate_engine.round_manager: Round 1 parallel start agents=2 concurrency=2
2026-05-15 19:45:03,443 [ERROR] app.services.debate_engine.round_manager: Unhandled agent task exception: round=1 agent=eb028488-a5fa-47f6-91a9-7018818cd761 role=Economist
Traceback (most recent call last):
  File "C:\Users\asadb\AppData\Local\Programs\Python\Python314\Lib\site-packages\sqlalchemy\ext\asyncio\engine.py", line 1442, in _get_sync_engine_or_connection
    return async_engine.sync_engine
           ^^^^^^^^^^^^^^^^^^^^^^^^
AttributeError: 'Engine' object has no attribute 'sync_engine'

The above exception was the direct cause of the following exception:

Traceback (most recent call last):
  File "D:\Programing\Teamwork\Agora\Agora\server\app\services\debate_engine\round_manager.py", line 919, in _run_plan
    return await self._run_agent_task(ctx, round_record, plan)
           ^^^^^^^^^^^^^^^^^^^^^^^^^^^^^^^^^^^^^^^^^^^^^^^^^^^
  File "D:\Programing\Teamwork\Agora\Agora\server\app\services\debate_engine\round_manager.py", line 965, in _run_agent_task
    async with self._session_factory() as task_db:
               ~~~~~~~~~~~~~~~~~~~~~^^
  File "C:\Users\asadb\AppData\Local\Programs\Python\Python314\Lib\site-packages\sqlalchemy\ext\asyncio\session.py", line 1762, in __call__
    return self.class_(**local_kw)
           ~~~~~~~~~~~^^^^^^^^^^^^
  File "C:\Users\asadb\AppData\Local\Programs\Python\Python314\Lib\site-packages\sqlalchemy\ext\asyncio\session.py", line 257, in __init__
    sync_bind = engine._get_sync_engine_or_connection(bind)
  File "C:\Users\asadb\AppData\Local\Programs\Python\Python314\Lib\site-packages\sqlalchemy\ext\asyncio\engine.py", line 1444, in _get_sync_engine_or_connection
    raise exc.ArgumentError(
        "AsyncEngine expected, got %r" % async_engine
    ) from e
sqlalchemy.exc.ArgumentError: AsyncEngine expected, got Engine(sqlite+aiosqlite://)
2026-05-15 19:45:03,444 [ERROR] app.services.debate_engine.round_manager: Failed to persist fallback error message: round=1 agent=eb028488-a5fa-47f6-91a9-7018818cd761
Traceback (most recent call last):
  File "C:\Users\asadb\AppData\Local\Programs\Python\Python314\Lib\site-packages\sqlalchemy\ext\asyncio\engine.py", line 1442, in _get_sync_engine_or_connection
    return async_engine.sync_engine
           ^^^^^^^^^^^^^^^^^^^^^^^^
AttributeError: 'Engine' object has no attribute 'sync_engine'

The above exception was the direct cause of the following exception:

Traceback (most recent call last):
  File "D:\Programing\Teamwork\Agora\Agora\server\app\services\debate_engine\round_manager.py", line 1079, in _persist_unhandled_task_failure
    async with self._session_factory() as task_db:
               ~~~~~~~~~~~~~~~~~~~~~^^
  File "C:\Users\asadb\AppData\Local\Programs\Python\Python314\Lib\site-packages\sqlalchemy\ext\asyncio\session.py", line 1762, in __call__
    return self.class_(**local_kw)
           ~~~~~~~~~~~^^^^^^^^^^^^
  File "C:\Users\asadb\AppData\Local\Programs\Python\Python314\Lib\site-packages\sqlalchemy\ext\asyncio\session.py", line 257, in __init__
    sync_bind = engine._get_sync_engine_or_connection(bind)
  File "C:\Users\asadb\AppData\Local\Programs\Python\Python314\Lib\site-packages\sqlalchemy\ext\asyncio\engine.py", line 1444, in _get_sync_engine_or_connection
    raise exc.ArgumentError(
        "AsyncEngine expected, got %r" % async_engine
    ) from e
sqlalchemy.exc.ArgumentError: AsyncEngine expected, got Engine(sqlite+aiosqlite://)
2026-05-15 19:45:03,445 [ERROR] app.services.debate_engine.round_manager: Unhandled agent task exception: round=1 agent=2a00a297-49ff-4138-955e-4ae72ae0ed43 role=Ethicist
Traceback (most recent call last):
  File "C:\Users\asadb\AppData\Local\Programs\Python\Python314\Lib\site-packages\sqlalchemy\ext\asyncio\engine.py", line 1442, in _get_sync_engine_or_connection
    return async_engine.sync_engine
           ^^^^^^^^^^^^^^^^^^^^^^^^
AttributeError: 'Engine' object has no attribute 'sync_engine'

The above exception was the direct cause of the following exception:

Traceback (most recent call last):
  File "D:\Programing\Teamwork\Agora\Agora\server\app\services\debate_engine\round_manager.py", line 919, in _run_plan
    return await self._run_agent_task(ctx, round_record, plan)
           ^^^^^^^^^^^^^^^^^^^^^^^^^^^^^^^^^^^^^^^^^^^^^^^^^^^
  File "D:\Programing\Teamwork\Agora\Agora\server\app\services\debate_engine\round_manager.py", line 965, in _run_agent_task
    async with self._session_factory() as task_db:
               ~~~~~~~~~~~~~~~~~~~~~^^
  File "C:\Users\asadb\AppData\Local\Programs\Python\Python314\Lib\site-packages\sqlalchemy\ext\asyncio\session.py", line 1762, in __call__
    return self.class_(**local_kw)
           ~~~~~~~~~~~^^^^^^^^^^^^
  File "C:\Users\asadb\AppData\Local\Programs\Python\Python314\Lib\site-packages\sqlalchemy\ext\asyncio\session.py", line 257, in __init__
    sync_bind = engine._get_sync_engine_or_connection(bind)
  File "C:\Users\asadb\AppData\Local\Programs\Python\Python314\Lib\site-packages\sqlalchemy\ext\asyncio\engine.py", line 1444, in _get_sync_engine_or_connection
    raise exc.ArgumentError(
        "AsyncEngine expected, got %r" % async_engine
    ) from e
sqlalchemy.exc.ArgumentError: AsyncEngine expected, got Engine(sqlite+aiosqlite://)
2026-05-15 19:45:03,446 [ERROR] app.services.debate_engine.round_manager: Failed to persist fallback error message: round=1 agent=2a00a297-49ff-4138-955e-4ae72ae0ed43
Traceback (most recent call last):
  File "C:\Users\asadb\AppData\Local\Programs\Python\Python314\Lib\site-packages\sqlalchemy\ext\asyncio\engine.py", line 1442, in _get_sync_engine_or_connection
    return async_engine.sync_engine
           ^^^^^^^^^^^^^^^^^^^^^^^^
AttributeError: 'Engine' object has no attribute 'sync_engine'

The above exception was the direct cause of the following exception:

Traceback (most recent call last):
  File "D:\Programing\Teamwork\Agora\Agora\server\app\services\debate_engine\round_manager.py", line 1079, in _persist_unhandled_task_failure
    async with self._session_factory() as task_db:
               ~~~~~~~~~~~~~~~~~~~~~^^
  File "C:\Users\asadb\AppData\Local\Programs\Python\Python314\Lib\site-packages\sqlalchemy\ext\asyncio\session.py", line 1762, in __call__
    return self.class_(**local_kw)
           ~~~~~~~~~~~^^^^^^^^^^^^
  File "C:\Users\asadb\AppData\Local\Programs\Python\Python314\Lib\site-packages\sqlalchemy\ext\asyncio\session.py", line 257, in __init__
    sync_bind = engine._get_sync_engine_or_connection(bind)
  File "C:\Users\asadb\AppData\Local\Programs\Python\Python314\Lib\site-packages\sqlalchemy\ext\asyncio\engine.py", line 1444, in _get_sync_engine_or_connection
    raise exc.ArgumentError(
        "AsyncEngine expected, got %r" % async_engine
    ) from e
sqlalchemy.exc.ArgumentError: AsyncEngine expected, got Engine(sqlite+aiosqlite://)
2026-05-15 19:45:03,447 [INFO] app.services.debate_engine.round_manager: Round 1 parallel done in 0.00s failed=2/2
2026-05-15 19:45:03,450 [ERROR] app.services.debate_engine.round_manager: Round 1 failed: All agents failed in Round 1.
------------------------------ Captured log call ------------------------------
INFO     app.services.debate_engine.round_manager:round_manager.py:1172 Round 1 running (id=dde575fe-e936-4aa7-b818-180eec1c5206, turn=0c15b89b-8fb0-4535-8bc7-492f20a98939)
INFO     app.services.debate_engine.round_manager:round_manager.py:903 Round 1 parallel start agents=2 concurrency=2
ERROR    app.services.debate_engine.round_manager:round_manager.py:929 Unhandled agent task exception: round=1 agent=eb028488-a5fa-47f6-91a9-7018818cd761 role=Economist
Traceback (most recent call last):
  File "C:\Users\asadb\AppData\Local\Programs\Python\Python314\Lib\site-packages\sqlalchemy\ext\asyncio\engine.py", line 1442, in _get_sync_engine_or_connection
    return async_engine.sync_engine
           ^^^^^^^^^^^^^^^^^^^^^^^^
AttributeError: 'Engine' object has no attribute 'sync_engine'

The above exception was the direct cause of the following exception:

Traceback (most recent call last):
  File "D:\Programing\Teamwork\Agora\Agora\server\app\services\debate_engine\round_manager.py", line 919, in _run_plan
    return await self._run_agent_task(ctx, round_record, plan)
           ^^^^^^^^^^^^^^^^^^^^^^^^^^^^^^^^^^^^^^^^^^^^^^^^^^^
  File "D:\Programing\Teamwork\Agora\Agora\server\app\services\debate_engine\round_manager.py", line 965, in _run_agent_task
    async with self._session_factory() as task_db:
               ~~~~~~~~~~~~~~~~~~~~~^^
  File "C:\Users\asadb\AppData\Local\Programs\Python\Python314\Lib\site-packages\sqlalchemy\ext\asyncio\session.py", line 1762, in __call__
    return self.class_(**local_kw)
           ~~~~~~~~~~~^^^^^^^^^^^^
  File "C:\Users\asadb\AppData\Local\Programs\Python\Python314\Lib\site-packages\sqlalchemy\ext\asyncio\session.py", line 257, in __init__
    sync_bind = engine._get_sync_engine_or_connection(bind)
  File "C:\Users\asadb\AppData\Local\Programs\Python\Python314\Lib\site-packages\sqlalchemy\ext\asyncio\engine.py", line 1444, in _get_sync_engine_or_connection
    raise exc.ArgumentError(
        "AsyncEngine expected, got %r" % async_engine
    ) from e
sqlalchemy.exc.ArgumentError: AsyncEngine expected, got Engine(sqlite+aiosqlite://)
ERROR    app.services.debate_engine.round_manager:round_manager.py:1094 Failed to persist fallback error message: round=1 agent=eb028488-a5fa-47f6-91a9-7018818cd761
Traceback (most recent call last):
  File "C:\Users\asadb\AppData\Local\Programs\Python\Python314\Lib\site-packages\sqlalchemy\ext\asyncio\engine.py", line 1442, in _get_sync_engine_or_connection
    return async_engine.sync_engine
           ^^^^^^^^^^^^^^^^^^^^^^^^
AttributeError: 'Engine' object has no attribute 'sync_engine'

The above exception was the direct cause of the following exception:

Traceback (most recent call last):
  File "D:\Programing\Teamwork\Agora\Agora\server\app\services\debate_engine\round_manager.py", line 1079, in _persist_unhandled_task_failure
    async with self._session_factory() as task_db:
               ~~~~~~~~~~~~~~~~~~~~~^^
  File "C:\Users\asadb\AppData\Local\Programs\Python\Python314\Lib\site-packages\sqlalchemy\ext\asyncio\session.py", line 1762, in __call__
    return self.class_(**local_kw)
           ~~~~~~~~~~~^^^^^^^^^^^^
  File "C:\Users\asadb\AppData\Local\Programs\Python\Python314\Lib\site-packages\sqlalchemy\ext\asyncio\session.py", line 257, in __init__
    sync_bind = engine._get_sync_engine_or_connection(bind)
  File "C:\Users\asadb\AppData\Local\Programs\Python\Python314\Lib\site-packages\sqlalchemy\ext\asyncio\engine.py", line 1444, in _get_sync_engine_or_connection
    raise exc.ArgumentError(
        "AsyncEngine expected, got %r" % async_engine
    ) from e
sqlalchemy.exc.ArgumentError: AsyncEngine expected, got Engine(sqlite+aiosqlite://)
ERROR    app.services.debate_engine.round_manager:round_manager.py:929 Unhandled agent task exception: round=1 agent=2a00a297-49ff-4138-955e-4ae72ae0ed43 role=Ethicist
Traceback (most recent call last):
  File "C:\Users\asadb\AppData\Local\Programs\Python\Python314\Lib\site-packages\sqlalchemy\ext\asyncio\engine.py", line 1442, in _get_sync_engine_or_connection
    return async_engine.sync_engine
           ^^^^^^^^^^^^^^^^^^^^^^^^
AttributeError: 'Engine' object has no attribute 'sync_engine'

The above exception was the direct cause of the following exception:

Traceback (most recent call last):
  File "D:\Programing\Teamwork\Agora\Agora\server\app\services\debate_engine\round_manager.py", line 919, in _run_plan
    return await self._run_agent_task(ctx, round_record, plan)
           ^^^^^^^^^^^^^^^^^^^^^^^^^^^^^^^^^^^^^^^^^^^^^^^^^^^
  File "D:\Programing\Teamwork\Agora\Agora\server\app\services\debate_engine\round_manager.py", line 965, in _run_agent_task
    async with self._session_factory() as task_db:
               ~~~~~~~~~~~~~~~~~~~~~^^
  File "C:\Users\asadb\AppData\Local\Programs\Python\Python314\Lib\site-packages\sqlalchemy\ext\asyncio\session.py", line 1762, in __call__
    return self.class_(**local_kw)
           ~~~~~~~~~~~^^^^^^^^^^^^
  File "C:\Users\asadb\AppData\Local\Programs\Python\Python314\Lib\site-packages\sqlalchemy\ext\asyncio\session.py", line 257, in __init__
    sync_bind = engine._get_sync_engine_or_connection(bind)
  File "C:\Users\asadb\AppData\Local\Programs\Python\Python314\Lib\site-packages\sqlalchemy\ext\asyncio\engine.py", line 1444, in _get_sync_engine_or_connection
    raise exc.ArgumentError(
        "AsyncEngine expected, got %r" % async_engine
    ) from e
sqlalchemy.exc.ArgumentError: AsyncEngine expected, got Engine(sqlite+aiosqlite://)
ERROR    app.services.debate_engine.round_manager:round_manager.py:1094 Failed to persist fallback error message: round=1 agent=2a00a297-49ff-4138-955e-4ae72ae0ed43
Traceback (most recent call last):
  File "C:\Users\asadb\AppData\Local\Programs\Python\Python314\Lib\site-packages\sqlalchemy\ext\asyncio\engine.py", line 1442, in _get_sync_engine_or_connection
    return async_engine.sync_engine
           ^^^^^^^^^^^^^^^^^^^^^^^^
AttributeError: 'Engine' object has no attribute 'sync_engine'

The above exception was the direct cause of the following exception:

Traceback (most recent call last):
  File "D:\Programing\Teamwork\Agora\Agora\server\app\services\debate_engine\round_manager.py", line 1079, in _persist_unhandled_task_failure
    async with self._session_factory() as task_db:
               ~~~~~~~~~~~~~~~~~~~~~^^
  File "C:\Users\asadb\AppData\Local\Programs\Python\Python314\Lib\site-packages\sqlalchemy\ext\asyncio\session.py", line 1762, in __call__
    return self.class_(**local_kw)
           ~~~~~~~~~~~^^^^^^^^^^^^
  File "C:\Users\asadb\AppData\Local\Programs\Python\Python314\Lib\site-packages\sqlalchemy\ext\asyncio\session.py", line 257, in __init__
    sync_bind = engine._get_sync_engine_or_connection(bind)
  File "C:\Users\asadb\AppData\Local\Programs\Python\Python314\Lib\site-packages\sqlalchemy\ext\asyncio\engine.py", line 1444, in _get_sync_engine_or_connection
    raise exc.ArgumentError(
        "AsyncEngine expected, got %r" % async_engine
    ) from e
sqlalchemy.exc.ArgumentError: AsyncEngine expected, got Engine(sqlite+aiosqlite://)
INFO     app.services.debate_engine.round_manager:round_manager.py:948 Round 1 parallel done in 0.00s failed=2/2
ERROR    app.services.debate_engine.round_manager:round_manager.py:1225 Round 1 failed: All agents failed in Round 1.
D:\Programing\Teamwork\Agora\Agora\server\app\services\debate_engine\round_manager.py:209: RuntimeError: All agents failed in Round 1.
E   RuntimeError: All agents failed in Round 1.
---------------------------- Captured stderr call -----------------------------
2026-05-15 19:45:03,546 [INFO] app.services.debate_engine.round_manager: Round 1 running (id=637b0ab7-7890-46d8-b7b9-7e61194c5e86, turn=704f2822-909f-49d9-8a64-ec4749656d75)
2026-05-15 19:45:03,546 [INFO] app.services.debate_engine.round_manager: Round 1 parallel start agents=1 concurrency=1
2026-05-15 19:45:03,547 [ERROR] app.services.debate_engine.round_manager: Unhandled agent task exception: round=1 agent=deb259bf-aade-4c6a-8bf1-6cd333f2f3ea role=Economist
Traceback (most recent call last):
  File "C:\Users\asadb\AppData\Local\Programs\Python\Python314\Lib\site-packages\sqlalchemy\ext\asyncio\engine.py", line 1442, in _get_sync_engine_or_connection
    return async_engine.sync_engine
           ^^^^^^^^^^^^^^^^^^^^^^^^
AttributeError: 'Engine' object has no attribute 'sync_engine'

The above exception was the direct cause of the following exception:

Traceback (most recent call last):
  File "D:\Programing\Teamwork\Agora\Agora\server\app\services\debate_engine\round_manager.py", line 919, in _run_plan
    return await self._run_agent_task(ctx, round_record, plan)
           ^^^^^^^^^^^^^^^^^^^^^^^^^^^^^^^^^^^^^^^^^^^^^^^^^^^
  File "D:\Programing\Teamwork\Agora\Agora\server\app\services\debate_engine\round_manager.py", line 965, in _run_agent_task
    async with self._session_factory() as task_db:
               ~~~~~~~~~~~~~~~~~~~~~^^
  File "C:\Users\asadb\AppData\Local\Programs\Python\Python314\Lib\site-packages\sqlalchemy\ext\asyncio\session.py", line 1762, in __call__
    return self.class_(**local_kw)
           ~~~~~~~~~~~^^^^^^^^^^^^
  File "C:\Users\asadb\AppData\Local\Programs\Python\Python314\Lib\site-packages\sqlalchemy\ext\asyncio\session.py", line 257, in __init__
    sync_bind = engine._get_sync_engine_or_connection(bind)
  File "C:\Users\asadb\AppData\Local\Programs\Python\Python314\Lib\site-packages\sqlalchemy\ext\asyncio\engine.py", line 1444, in _get_sync_engine_or_connection
    raise exc.ArgumentError(
        "AsyncEngine expected, got %r" % async_engine
    ) from e
sqlalchemy.exc.ArgumentError: AsyncEngine expected, got Engine(sqlite+aiosqlite://)
2026-05-15 19:45:03,548 [ERROR] app.services.debate_engine.round_manager: Failed to persist fallback error message: round=1 agent=deb259bf-aade-4c6a-8bf1-6cd333f2f3ea
Traceback (most recent call last):
  File "C:\Users\asadb\AppData\Local\Programs\Python\Python314\Lib\site-packages\sqlalchemy\ext\asyncio\engine.py", line 1442, in _get_sync_engine_or_connection
    return async_engine.sync_engine
           ^^^^^^^^^^^^^^^^^^^^^^^^
AttributeError: 'Engine' object has no attribute 'sync_engine'

The above exception was the direct cause of the following exception:

Traceback (most recent call last):
  File "D:\Programing\Teamwork\Agora\Agora\server\app\services\debate_engine\round_manager.py", line 1079, in _persist_unhandled_task_failure
    async with self._session_factory() as task_db:
               ~~~~~~~~~~~~~~~~~~~~~^^
  File "C:\Users\asadb\AppData\Local\Programs\Python\Python314\Lib\site-packages\sqlalchemy\ext\asyncio\session.py", line 1762, in __call__
    return self.class_(**local_kw)
           ~~~~~~~~~~~^^^^^^^^^^^^
  File "C:\Users\asadb\AppData\Local\Programs\Python\Python314\Lib\site-packages\sqlalchemy\ext\asyncio\session.py", line 257, in __init__
    sync_bind = engine._get_sync_engine_or_connection(bind)
  File "C:\Users\asadb\AppData\Local\Programs\Python\Python314\Lib\site-packages\sqlalchemy\ext\asyncio\engine.py", line 1444, in _get_sync_engine_or_connection
    raise exc.ArgumentError(
        "AsyncEngine expected, got %r" % async_engine
    ) from e
sqlalchemy.exc.ArgumentError: AsyncEngine expected, got Engine(sqlite+aiosqlite://)
2026-05-15 19:45:03,549 [INFO] app.services.debate_engine.round_manager: Round 1 parallel done in 0.00s failed=1/1
2026-05-15 19:45:03,552 [ERROR] app.services.debate_engine.round_manager: Round 1 failed: All agents failed in Round 1.
------------------------------ Captured log call ------------------------------
INFO     app.services.debate_engine.round_manager:round_manager.py:1172 Round 1 running (id=637b0ab7-7890-46d8-b7b9-7e61194c5e86, turn=704f2822-909f-49d9-8a64-ec4749656d75)
INFO     app.services.debate_engine.round_manager:round_manager.py:903 Round 1 parallel start agents=1 concurrency=1
ERROR    app.services.debate_engine.round_manager:round_manager.py:929 Unhandled agent task exception: round=1 agent=deb259bf-aade-4c6a-8bf1-6cd333f2f3ea role=Economist
Traceback (most recent call last):
  File "C:\Users\asadb\AppData\Local\Programs\Python\Python314\Lib\site-packages\sqlalchemy\ext\asyncio\engine.py", line 1442, in _get_sync_engine_or_connection
    return async_engine.sync_engine
           ^^^^^^^^^^^^^^^^^^^^^^^^
AttributeError: 'Engine' object has no attribute 'sync_engine'

The above exception was the direct cause of the following exception:

Traceback (most recent call last):
  File "D:\Programing\Teamwork\Agora\Agora\server\app\services\debate_engine\round_manager.py", line 919, in _run_plan
    return await self._run_agent_task(ctx, round_record, plan)
           ^^^^^^^^^^^^^^^^^^^^^^^^^^^^^^^^^^^^^^^^^^^^^^^^^^^
  File "D:\Programing\Teamwork\Agora\Agora\server\app\services\debate_engine\round_manager.py", line 965, in _run_agent_task
    async with self._session_factory() as task_db:
               ~~~~~~~~~~~~~~~~~~~~~^^
  File "C:\Users\asadb\AppData\Local\Programs\Python\Python314\Lib\site-packages\sqlalchemy\ext\asyncio\session.py", line 1762, in __call__
    return self.class_(**local_kw)
           ~~~~~~~~~~~^^^^^^^^^^^^
  File "C:\Users\asadb\AppData\Local\Programs\Python\Python314\Lib\site-packages\sqlalchemy\ext\asyncio\session.py", line 257, in __init__
    sync_bind = engine._get_sync_engine_or_connection(bind)
  File "C:\Users\asadb\AppData\Local\Programs\Python\Python314\Lib\site-packages\sqlalchemy\ext\asyncio\engine.py", line 1444, in _get_sync_engine_or_connection
    raise exc.ArgumentError(
        "AsyncEngine expected, got %r" % async_engine
    ) from e
sqlalchemy.exc.ArgumentError: AsyncEngine expected, got Engine(sqlite+aiosqlite://)
ERROR    app.services.debate_engine.round_manager:round_manager.py:1094 Failed to persist fallback error message: round=1 agent=deb259bf-aade-4c6a-8bf1-6cd333f2f3ea
Traceback (most recent call last):
  File "C:\Users\asadb\AppData\Local\Programs\Python\Python314\Lib\site-packages\sqlalchemy\ext\asyncio\engine.py", line 1442, in _get_sync_engine_or_connection
    return async_engine.sync_engine
           ^^^^^^^^^^^^^^^^^^^^^^^^
AttributeError: 'Engine' object has no attribute 'sync_engine'

The above exception was the direct cause of the following exception:

Traceback (most recent call last):
  File "D:\Programing\Teamwork\Agora\Agora\server\app\services\debate_engine\round_manager.py", line 1079, in _persist_unhandled_task_failure
    async with self._session_factory() as task_db:
               ~~~~~~~~~~~~~~~~~~~~~^^
  File "C:\Users\asadb\AppData\Local\Programs\Python\Python314\Lib\site-packages\sqlalchemy\ext\asyncio\session.py", line 1762, in __call__
    return self.class_(**local_kw)
           ~~~~~~~~~~~^^^^^^^^^^^^
  File "C:\Users\asadb\AppData\Local\Programs\Python\Python314\Lib\site-packages\sqlalchemy\ext\asyncio\session.py", line 257, in __init__
    sync_bind = engine._get_sync_engine_or_connection(bind)
  File "C:\Users\asadb\AppData\Local\Programs\Python\Python314\Lib\site-packages\sqlalchemy\ext\asyncio\engine.py", line 1444, in _get_sync_engine_or_connection
    raise exc.ArgumentError(
        "AsyncEngine expected, got %r" % async_engine
    ) from e
sqlalchemy.exc.ArgumentError: AsyncEngine expected, got Engine(sqlite+aiosqlite://)
INFO     app.services.debate_engine.round_manager:round_manager.py:948 Round 1 parallel done in 0.00s failed=1/1
ERROR    app.services.debate_engine.round_manager:round_manager.py:1225 Round 1 failed: All agents failed in Round 1.
D:\Programing\Teamwork\Agora\Agora\server\app\services\debate_engine\round_manager.py:209: RuntimeError: All agents failed in Round 1.
E   RuntimeError: All agents failed in Round 1.
---------------------------- Captured stderr call -----------------------------
2026-05-15 19:45:03,672 [INFO] app.services.debate_engine.round_manager: Round 1 running (id=1fe3ee50-0b7f-4b57-8742-99baff936974, turn=943a40b3-3fec-418a-a300-45107d7ad168)
2026-05-15 19:45:03,672 [INFO] app.services.debate_engine.round_manager: Round 1 parallel start agents=2 concurrency=2
2026-05-15 19:45:03,672 [ERROR] app.services.debate_engine.round_manager: Unhandled agent task exception: round=1 agent=4d4fec0c-e7ea-4758-be4e-42186fbc9e4c role=Economist
Traceback (most recent call last):
  File "C:\Users\asadb\AppData\Local\Programs\Python\Python314\Lib\site-packages\sqlalchemy\ext\asyncio\engine.py", line 1442, in _get_sync_engine_or_connection
    return async_engine.sync_engine
           ^^^^^^^^^^^^^^^^^^^^^^^^
AttributeError: 'Engine' object has no attribute 'sync_engine'

The above exception was the direct cause of the following exception:

Traceback (most recent call last):
  File "D:\Programing\Teamwork\Agora\Agora\server\app\services\debate_engine\round_manager.py", line 919, in _run_plan
    return await self._run_agent_task(ctx, round_record, plan)
           ^^^^^^^^^^^^^^^^^^^^^^^^^^^^^^^^^^^^^^^^^^^^^^^^^^^
  File "D:\Programing\Teamwork\Agora\Agora\server\app\services\debate_engine\round_manager.py", line 965, in _run_agent_task
    async with self._session_factory() as task_db:
               ~~~~~~~~~~~~~~~~~~~~~^^
  File "C:\Users\asadb\AppData\Local\Programs\Python\Python314\Lib\site-packages\sqlalchemy\ext\asyncio\session.py", line 1762, in __call__
    return self.class_(**local_kw)
           ~~~~~~~~~~~^^^^^^^^^^^^
  File "C:\Users\asadb\AppData\Local\Programs\Python\Python314\Lib\site-packages\sqlalchemy\ext\asyncio\session.py", line 257, in __init__
    sync_bind = engine._get_sync_engine_or_connection(bind)
  File "C:\Users\asadb\AppData\Local\Programs\Python\Python314\Lib\site-packages\sqlalchemy\ext\asyncio\engine.py", line 1444, in _get_sync_engine_or_connection
    raise exc.ArgumentError(
        "AsyncEngine expected, got %r" % async_engine
    ) from e
sqlalchemy.exc.ArgumentError: AsyncEngine expected, got Engine(sqlite+aiosqlite://)
2026-05-15 19:45:03,673 [ERROR] app.services.debate_engine.round_manager: Failed to persist fallback error message: round=1 agent=4d4fec0c-e7ea-4758-be4e-42186fbc9e4c
Traceback (most recent call last):
  File "C:\Users\asadb\AppData\Local\Programs\Python\Python314\Lib\site-packages\sqlalchemy\ext\asyncio\engine.py", line 1442, in _get_sync_engine_or_connection
    return async_engine.sync_engine
           ^^^^^^^^^^^^^^^^^^^^^^^^
AttributeError: 'Engine' object has no attribute 'sync_engine'

The above exception was the direct cause of the following exception:

Traceback (most recent call last):
  File "D:\Programing\Teamwork\Agora\Agora\server\app\services\debate_engine\round_manager.py", line 1079, in _persist_unhandled_task_failure
    async with self._session_factory() as task_db:
               ~~~~~~~~~~~~~~~~~~~~~^^
  File "C:\Users\asadb\AppData\Local\Programs\Python\Python314\Lib\site-packages\sqlalchemy\ext\asyncio\session.py", line 1762, in __call__
    return self.class_(**local_kw)
           ~~~~~~~~~~~^^^^^^^^^^^^
  File "C:\Users\asadb\AppData\Local\Programs\Python\Python314\Lib\site-packages\sqlalchemy\ext\asyncio\session.py", line 257, in __init__
    sync_bind = engine._get_sync_engine_or_connection(bind)
  File "C:\Users\asadb\AppData\Local\Programs\Python\Python314\Lib\site-packages\sqlalchemy\ext\asyncio\engine.py", line 1444, in _get_sync_engine_or_connection
    raise exc.ArgumentError(
        "AsyncEngine expected, got %r" % async_engine
    ) from e
sqlalchemy.exc.ArgumentError: AsyncEngine expected, got Engine(sqlite+aiosqlite://)
2026-05-15 19:45:03,674 [ERROR] app.services.debate_engine.round_manager: Unhandled agent task exception: round=1 agent=24f9f5cb-fffb-4121-9b84-eb3dd86ba5d2 role=Scientist
Traceback (most recent call last):
  File "C:\Users\asadb\AppData\Local\Programs\Python\Python314\Lib\site-packages\sqlalchemy\ext\asyncio\engine.py", line 1442, in _get_sync_engine_or_connection
    return async_engine.sync_engine
           ^^^^^^^^^^^^^^^^^^^^^^^^
AttributeError: 'Engine' object has no attribute 'sync_engine'

The above exception was the direct cause of the following exception:

Traceback (most recent call last):
  File "D:\Programing\Teamwork\Agora\Agora\server\app\services\debate_engine\round_manager.py", line 919, in _run_plan
    return await self._run_agent_task(ctx, round_record, plan)
           ^^^^^^^^^^^^^^^^^^^^^^^^^^^^^^^^^^^^^^^^^^^^^^^^^^^
  File "D:\Programing\Teamwork\Agora\Agora\server\app\services\debate_engine\round_manager.py", line 965, in _run_agent_task
    async with self._session_factory() as task_db:
               ~~~~~~~~~~~~~~~~~~~~~^^
  File "C:\Users\asadb\AppData\Local\Programs\Python\Python314\Lib\site-packages\sqlalchemy\ext\asyncio\session.py", line 1762, in __call__
    return self.class_(**local_kw)
           ~~~~~~~~~~~^^^^^^^^^^^^
  File "C:\Users\asadb\AppData\Local\Programs\Python\Python314\Lib\site-packages\sqlalchemy\ext\asyncio\session.py", line 257, in __init__
    sync_bind = engine._get_sync_engine_or_connection(bind)
  File "C:\Users\asadb\AppData\Local\Programs\Python\Python314\Lib\site-packages\sqlalchemy\ext\asyncio\engine.py", line 1444, in _get_sync_engine_or_connection
    raise exc.ArgumentError(
        "AsyncEngine expected, got %r" % async_engine
    ) from e
sqlalchemy.exc.ArgumentError: AsyncEngine expected, got Engine(sqlite+aiosqlite://)
2026-05-15 19:45:03,676 [ERROR] app.services.debate_engine.round_manager: Failed to persist fallback error message: round=1 agent=24f9f5cb-fffb-4121-9b84-eb3dd86ba5d2
Traceback (most recent call last):
  File "C:\Users\asadb\AppData\Local\Programs\Python\Python314\Lib\site-packages\sqlalchemy\ext\asyncio\engine.py", line 1442, in _get_sync_engine_or_connection
    return async_engine.sync_engine
           ^^^^^^^^^^^^^^^^^^^^^^^^
AttributeError: 'Engine' object has no attribute 'sync_engine'

The above exception was the direct cause of the following exception:

Traceback (most recent call last):
  File "D:\Programing\Teamwork\Agora\Agora\server\app\services\debate_engine\round_manager.py", line 1079, in _persist_unhandled_task_failure
    async with self._session_factory() as task_db:
               ~~~~~~~~~~~~~~~~~~~~~^^
  File "C:\Users\asadb\AppData\Local\Programs\Python\Python314\Lib\site-packages\sqlalchemy\ext\asyncio\session.py", line 1762, in __call__
    return self.class_(**local_kw)
           ~~~~~~~~~~~^^^^^^^^^^^^
  File "C:\Users\asadb\AppData\Local\Programs\Python\Python314\Lib\site-packages\sqlalchemy\ext\asyncio\session.py", line 257, in __init__
    sync_bind = engine._get_sync_engine_or_connection(bind)
  File "C:\Users\asadb\AppData\Local\Programs\Python\Python314\Lib\site-packages\sqlalchemy\ext\asyncio\engine.py", line 1444, in _get_sync_engine_or_connection
    raise exc.ArgumentError(
        "AsyncEngine expected, got %r" % async_engine
    ) from e
sqlalchemy.exc.ArgumentError: AsyncEngine expected, got Engine(sqlite+aiosqlite://)
2026-05-15 19:45:03,677 [INFO] app.services.debate_engine.round_manager: Round 1 parallel done in 0.01s failed=2/2
2026-05-15 19:45:03,679 [ERROR] app.services.debate_engine.round_manager: Round 1 failed: All agents failed in Round 1.
------------------------------ Captured log call ------------------------------
INFO     app.services.debate_engine.round_manager:round_manager.py:1172 Round 1 running (id=1fe3ee50-0b7f-4b57-8742-99baff936974, turn=943a40b3-3fec-418a-a300-45107d7ad168)
INFO     app.services.debate_engine.round_manager:round_manager.py:903 Round 1 parallel start agents=2 concurrency=2
ERROR    app.services.debate_engine.round_manager:round_manager.py:929 Unhandled agent task exception: round=1 agent=4d4fec0c-e7ea-4758-be4e-42186fbc9e4c role=Economist
Traceback (most recent call last):
  File "C:\Users\asadb\AppData\Local\Programs\Python\Python314\Lib\site-packages\sqlalchemy\ext\asyncio\engine.py", line 1442, in _get_sync_engine_or_connection
    return async_engine.sync_engine
           ^^^^^^^^^^^^^^^^^^^^^^^^
AttributeError: 'Engine' object has no attribute 'sync_engine'

The above exception was the direct cause of the following exception:

Traceback (most recent call last):
  File "D:\Programing\Teamwork\Agora\Agora\server\app\services\debate_engine\round_manager.py", line 919, in _run_plan
    return await self._run_agent_task(ctx, round_record, plan)
           ^^^^^^^^^^^^^^^^^^^^^^^^^^^^^^^^^^^^^^^^^^^^^^^^^^^
  File "D:\Programing\Teamwork\Agora\Agora\server\app\services\debate_engine\round_manager.py", line 965, in _run_agent_task
    async with self._session_factory() as task_db:
               ~~~~~~~~~~~~~~~~~~~~~^^
  File "C:\Users\asadb\AppData\Local\Programs\Python\Python314\Lib\site-packages\sqlalchemy\ext\asyncio\session.py", line 1762, in __call__
    return self.class_(**local_kw)
           ~~~~~~~~~~~^^^^^^^^^^^^
  File "C:\Users\asadb\AppData\Local\Programs\Python\Python314\Lib\site-packages\sqlalchemy\ext\asyncio\session.py", line 257, in __init__
    sync_bind = engine._get_sync_engine_or_connection(bind)
  File "C:\Users\asadb\AppData\Local\Programs\Python\Python314\Lib\site-packages\sqlalchemy\ext\asyncio\engine.py", line 1444, in _get_sync_engine_or_connection
    raise exc.ArgumentError(
        "AsyncEngine expected, got %r" % async_engine
    ) from e
sqlalchemy.exc.ArgumentError: AsyncEngine expected, got Engine(sqlite+aiosqlite://)
ERROR    app.services.debate_engine.round_manager:round_manager.py:1094 Failed to persist fallback error message: round=1 agent=4d4fec0c-e7ea-4758-be4e-42186fbc9e4c
Traceback (most recent call last):
  File "C:\Users\asadb\AppData\Local\Programs\Python\Python314\Lib\site-packages\sqlalchemy\ext\asyncio\engine.py", line 1442, in _get_sync_engine_or_connection
    return async_engine.sync_engine
           ^^^^^^^^^^^^^^^^^^^^^^^^
AttributeError: 'Engine' object has no attribute 'sync_engine'

The above exception was the direct cause of the following exception:

Traceback (most recent call last):
  File "D:\Programing\Teamwork\Agora\Agora\server\app\services\debate_engine\round_manager.py", line 1079, in _persist_unhandled_task_failure
    async with self._session_factory() as task_db:
               ~~~~~~~~~~~~~~~~~~~~~^^
  File "C:\Users\asadb\AppData\Local\Programs\Python\Python314\Lib\site-packages\sqlalchemy\ext\asyncio\session.py", line 1762, in __call__
    return self.class_(**local_kw)
           ~~~~~~~~~~~^^^^^^^^^^^^
  File "C:\Users\asadb\AppData\Local\Programs\Python\Python314\Lib\site-packages\sqlalchemy\ext\asyncio\session.py", line 257, in __init__
    sync_bind = engine._get_sync_engine_or_connection(bind)
  File "C:\Users\asadb\AppData\Local\Programs\Python\Python314\Lib\site-packages\sqlalchemy\ext\asyncio\engine.py", line 1444, in _get_sync_engine_or_connection
    raise exc.ArgumentError(
        "AsyncEngine expected, got %r" % async_engine
    ) from e
sqlalchemy.exc.ArgumentError: AsyncEngine expected, got Engine(sqlite+aiosqlite://)
ERROR    app.services.debate_engine.round_manager:round_manager.py:929 Unhandled agent task exception: round=1 agent=24f9f5cb-fffb-4121-9b84-eb3dd86ba5d2 role=Scientist
Traceback (most recent call last):
  File "C:\Users\asadb\AppData\Local\Programs\Python\Python314\Lib\site-packages\sqlalchemy\ext\asyncio\engine.py", line 1442, in _get_sync_engine_or_connection
    return async_engine.sync_engine
           ^^^^^^^^^^^^^^^^^^^^^^^^
AttributeError: 'Engine' object has no attribute 'sync_engine'

The above exception was the direct cause of the following exception:

Traceback (most recent call last):
  File "D:\Programing\Teamwork\Agora\Agora\server\app\services\debate_engine\round_manager.py", line 919, in _run_plan
    return await self._run_agent_task(ctx, round_record, plan)
           ^^^^^^^^^^^^^^^^^^^^^^^^^^^^^^^^^^^^^^^^^^^^^^^^^^^
  File "D:\Programing\Teamwork\Agora\Agora\server\app\services\debate_engine\round_manager.py", line 965, in _run_agent_task
    async with self._session_factory() as task_db:
               ~~~~~~~~~~~~~~~~~~~~~^^
  File "C:\Users\asadb\AppData\Local\Programs\Python\Python314\Lib\site-packages\sqlalchemy\ext\asyncio\session.py", line 1762, in __call__
    return self.class_(**local_kw)
           ~~~~~~~~~~~^^^^^^^^^^^^
  File "C:\Users\asadb\AppData\Local\Programs\Python\Python314\Lib\site-packages\sqlalchemy\ext\asyncio\session.py", line 257, in __init__
    sync_bind = engine._get_sync_engine_or_connection(bind)
  File "C:\Users\asadb\AppData\Local\Programs\Python\Python314\Lib\site-packages\sqlalchemy\ext\asyncio\engine.py", line 1444, in _get_sync_engine_or_connection
    raise exc.ArgumentError(
        "AsyncEngine expected, got %r" % async_engine
    ) from e
sqlalchemy.exc.ArgumentError: AsyncEngine expected, got Engine(sqlite+aiosqlite://)
ERROR    app.services.debate_engine.round_manager:round_manager.py:1094 Failed to persist fallback error message: round=1 agent=24f9f5cb-fffb-4121-9b84-eb3dd86ba5d2
Traceback (most recent call last):
  File "C:\Users\asadb\AppData\Local\Programs\Python\Python314\Lib\site-packages\sqlalchemy\ext\asyncio\engine.py", line 1442, in _get_sync_engine_or_connection
    return async_engine.sync_engine
           ^^^^^^^^^^^^^^^^^^^^^^^^
AttributeError: 'Engine' object has no attribute 'sync_engine'

The above exception was the direct cause of the following exception:

Traceback (most recent call last):
  File "D:\Programing\Teamwork\Agora\Agora\server\app\services\debate_engine\round_manager.py", line 1079, in _persist_unhandled_task_failure
    async with self._session_factory() as task_db:
               ~~~~~~~~~~~~~~~~~~~~~^^
  File "C:\Users\asadb\AppData\Local\Programs\Python\Python314\Lib\site-packages\sqlalchemy\ext\asyncio\session.py", line 1762, in __call__
    return self.class_(**local_kw)
           ~~~~~~~~~~~^^^^^^^^^^^^
  File "C:\Users\asadb\AppData\Local\Programs\Python\Python314\Lib\site-packages\sqlalchemy\ext\asyncio\session.py", line 257, in __init__
    sync_bind = engine._get_sync_engine_or_connection(bind)
  File "C:\Users\asadb\AppData\Local\Programs\Python\Python314\Lib\site-packages\sqlalchemy\ext\asyncio\engine.py", line 1444, in _get_sync_engine_or_connection
    raise exc.ArgumentError(
        "AsyncEngine expected, got %r" % async_engine
    ) from e
sqlalchemy.exc.ArgumentError: AsyncEngine expected, got Engine(sqlite+aiosqlite://)
INFO     app.services.debate_engine.round_manager:round_manager.py:948 Round 1 parallel done in 0.01s failed=2/2
ERROR    app.services.debate_engine.round_manager:round_manager.py:1225 Round 1 failed: All agents failed in Round 1.
D:\Programing\Teamwork\Agora\Agora\server\app\services\debate_engine\round_manager.py:209: RuntimeError: All agents failed in Round 1.
E   RuntimeError: All agents failed in Round 1.
---------------------------- Captured stderr call -----------------------------
2026-05-15 19:45:03,775 [INFO] app.services.debate_engine.round_manager: Round 1 running (id=c8e9ffa7-8e31-403b-8bd8-1cd085f4d95a, turn=02e0148d-28ac-4d91-88dd-8ec588a84827)
2026-05-15 19:45:03,775 [INFO] app.services.debate_engine.round_manager: Round 1 parallel start agents=1 concurrency=1
2026-05-15 19:45:03,775 [ERROR] app.services.debate_engine.round_manager: Unhandled agent task exception: round=1 agent=480caf25-e7f5-4bfb-be83-a706264cfbdd role=Economist
Traceback (most recent call last):
  File "C:\Users\asadb\AppData\Local\Programs\Python\Python314\Lib\site-packages\sqlalchemy\ext\asyncio\engine.py", line 1442, in _get_sync_engine_or_connection
    return async_engine.sync_engine
           ^^^^^^^^^^^^^^^^^^^^^^^^
AttributeError: 'Engine' object has no attribute 'sync_engine'

The above exception was the direct cause of the following exception:

Traceback (most recent call last):
  File "D:\Programing\Teamwork\Agora\Agora\server\app\services\debate_engine\round_manager.py", line 919, in _run_plan
    return await self._run_agent_task(ctx, round_record, plan)
           ^^^^^^^^^^^^^^^^^^^^^^^^^^^^^^^^^^^^^^^^^^^^^^^^^^^
  File "D:\Programing\Teamwork\Agora\Agora\server\app\services\debate_engine\round_manager.py", line 965, in _run_agent_task
    async with self._session_factory() as task_db:
               ~~~~~~~~~~~~~~~~~~~~~^^
  File "C:\Users\asadb\AppData\Local\Programs\Python\Python314\Lib\site-packages\sqlalchemy\ext\asyncio\session.py", line 1762, in __call__
    return self.class_(**local_kw)
           ~~~~~~~~~~~^^^^^^^^^^^^
  File "C:\Users\asadb\AppData\Local\Programs\Python\Python314\Lib\site-packages\sqlalchemy\ext\asyncio\session.py", line 257, in __init__
    sync_bind = engine._get_sync_engine_or_connection(bind)
  File "C:\Users\asadb\AppData\Local\Programs\Python\Python314\Lib\site-packages\sqlalchemy\ext\asyncio\engine.py", line 1444, in _get_sync_engine_or_connection
    raise exc.ArgumentError(
        "AsyncEngine expected, got %r" % async_engine
    ) from e
sqlalchemy.exc.ArgumentError: AsyncEngine expected, got Engine(sqlite+aiosqlite://)
2026-05-15 19:45:03,776 [ERROR] app.services.debate_engine.round_manager: Failed to persist fallback error message: round=1 agent=480caf25-e7f5-4bfb-be83-a706264cfbdd
Traceback (most recent call last):
  File "C:\Users\asadb\AppData\Local\Programs\Python\Python314\Lib\site-packages\sqlalchemy\ext\asyncio\engine.py", line 1442, in _get_sync_engine_or_connection
    return async_engine.sync_engine
           ^^^^^^^^^^^^^^^^^^^^^^^^
AttributeError: 'Engine' object has no attribute 'sync_engine'

The above exception was the direct cause of the following exception:

Traceback (most recent call last):
  File "D:\Programing\Teamwork\Agora\Agora\server\app\services\debate_engine\round_manager.py", line 1079, in _persist_unhandled_task_failure
    async with self._session_factory() as task_db:
               ~~~~~~~~~~~~~~~~~~~~~^^
  File "C:\Users\asadb\AppData\Local\Programs\Python\Python314\Lib\site-packages\sqlalchemy\ext\asyncio\session.py", line 1762, in __call__
    return self.class_(**local_kw)
           ~~~~~~~~~~~^^^^^^^^^^^^
  File "C:\Users\asadb\AppData\Local\Programs\Python\Python314\Lib\site-packages\sqlalchemy\ext\asyncio\session.py", line 257, in __init__
    sync_bind = engine._get_sync_engine_or_connection(bind)
  File "C:\Users\asadb\AppData\Local\Programs\Python\Python314\Lib\site-packages\sqlalchemy\ext\asyncio\engine.py", line 1444, in _get_sync_engine_or_connection
    raise exc.ArgumentError(
        "AsyncEngine expected, got %r" % async_engine
    ) from e
sqlalchemy.exc.ArgumentError: AsyncEngine expected, got Engine(sqlite+aiosqlite://)
2026-05-15 19:45:03,777 [INFO] app.services.debate_engine.round_manager: Round 1 parallel done in 0.00s failed=1/1
2026-05-15 19:45:03,780 [ERROR] app.services.debate_engine.round_manager: Round 1 failed: All agents failed in Round 1.
------------------------------ Captured log call ------------------------------
INFO     app.services.debate_engine.round_manager:round_manager.py:1172 Round 1 running (id=c8e9ffa7-8e31-403b-8bd8-1cd085f4d95a, turn=02e0148d-28ac-4d91-88dd-8ec588a84827)
INFO     app.services.debate_engine.round_manager:round_manager.py:903 Round 1 parallel start agents=1 concurrency=1
ERROR    app.services.debate_engine.round_manager:round_manager.py:929 Unhandled agent task exception: round=1 agent=480caf25-e7f5-4bfb-be83-a706264cfbdd role=Economist
Traceback (most recent call last):
  File "C:\Users\asadb\AppData\Local\Programs\Python\Python314\Lib\site-packages\sqlalchemy\ext\asyncio\engine.py", line 1442, in _get_sync_engine_or_connection
    return async_engine.sync_engine
           ^^^^^^^^^^^^^^^^^^^^^^^^
AttributeError: 'Engine' object has no attribute 'sync_engine'

The above exception was the direct cause of the following exception:

Traceback (most recent call last):
  File "D:\Programing\Teamwork\Agora\Agora\server\app\services\debate_engine\round_manager.py", line 919, in _run_plan
    return await self._run_agent_task(ctx, round_record, plan)
           ^^^^^^^^^^^^^^^^^^^^^^^^^^^^^^^^^^^^^^^^^^^^^^^^^^^
  File "D:\Programing\Teamwork\Agora\Agora\server\app\services\debate_engine\round_manager.py", line 965, in _run_agent_task
    async with self._session_factory() as task_db:
               ~~~~~~~~~~~~~~~~~~~~~^^
  File "C:\Users\asadb\AppData\Local\Programs\Python\Python314\Lib\site-packages\sqlalchemy\ext\asyncio\session.py", line 1762, in __call__
    return self.class_(**local_kw)
           ~~~~~~~~~~~^^^^^^^^^^^^
  File "C:\Users\asadb\AppData\Local\Programs\Python\Python314\Lib\site-packages\sqlalchemy\ext\asyncio\session.py", line 257, in __init__
    sync_bind = engine._get_sync_engine_or_connection(bind)
  File "C:\Users\asadb\AppData\Local\Programs\Python\Python314\Lib\site-packages\sqlalchemy\ext\asyncio\engine.py", line 1444, in _get_sync_engine_or_connection
    raise exc.ArgumentError(
        "AsyncEngine expected, got %r" % async_engine
    ) from e
sqlalchemy.exc.ArgumentError: AsyncEngine expected, got Engine(sqlite+aiosqlite://)
ERROR    app.services.debate_engine.round_manager:round_manager.py:1094 Failed to persist fallback error message: round=1 agent=480caf25-e7f5-4bfb-be83-a706264cfbdd
Traceback (most recent call last):
  File "C:\Users\asadb\AppData\Local\Programs\Python\Python314\Lib\site-packages\sqlalchemy\ext\asyncio\engine.py", line 1442, in _get_sync_engine_or_connection
    return async_engine.sync_engine
           ^^^^^^^^^^^^^^^^^^^^^^^^
AttributeError: 'Engine' object has no attribute 'sync_engine'

The above exception was the direct cause of the following exception:

Traceback (most recent call last):
  File "D:\Programing\Teamwork\Agora\Agora\server\app\services\debate_engine\round_manager.py", line 1079, in _persist_unhandled_task_failure
    async with self._session_factory() as task_db:
               ~~~~~~~~~~~~~~~~~~~~~^^
  File "C:\Users\asadb\AppData\Local\Programs\Python\Python314\Lib\site-packages\sqlalchemy\ext\asyncio\session.py", line 1762, in __call__
    return self.class_(**local_kw)
           ~~~~~~~~~~~^^^^^^^^^^^^
  File "C:\Users\asadb\AppData\Local\Programs\Python\Python314\Lib\site-packages\sqlalchemy\ext\asyncio\session.py", line 257, in __init__
    sync_bind = engine._get_sync_engine_or_connection(bind)
  File "C:\Users\asadb\AppData\Local\Programs\Python\Python314\Lib\site-packages\sqlalchemy\ext\asyncio\engine.py", line 1444, in _get_sync_engine_or_connection
    raise exc.ArgumentError(
        "AsyncEngine expected, got %r" % async_engine
    ) from e
sqlalchemy.exc.ArgumentError: AsyncEngine expected, got Engine(sqlite+aiosqlite://)
INFO     app.services.debate_engine.round_manager:round_manager.py:948 Round 1 parallel done in 0.00s failed=1/1
ERROR    app.services.debate_engine.round_manager:round_manager.py:1225 Round 1 failed: All agents failed in Round 1.
D:\Programing\Teamwork\Agora\Agora\server\app\services\debate_engine\round_manager.py:209: RuntimeError: All agents failed in Round 1.
E   RuntimeError: All agents failed in Round 1.
---------------------------- Captured stderr call -----------------------------
2026-05-15 19:45:03,872 [INFO] app.services.debate_engine.round_manager: Round 1 running (id=5bc8d236-20b1-4687-bcec-6e23a5d84f53, turn=2294ccb3-3bd0-4d05-862d-1ccfc8bdc424)
2026-05-15 19:45:03,872 [INFO] app.services.debate_engine.round_manager: Round 1 parallel start agents=1 concurrency=1
2026-05-15 19:45:03,872 [ERROR] app.services.debate_engine.round_manager: Unhandled agent task exception: round=1 agent=f5ed3485-1c0f-43f8-a0e5-f619388be555 role=Economist
Traceback (most recent call last):
  File "C:\Users\asadb\AppData\Local\Programs\Python\Python314\Lib\site-packages\sqlalchemy\ext\asyncio\engine.py", line 1442, in _get_sync_engine_or_connection
    return async_engine.sync_engine
           ^^^^^^^^^^^^^^^^^^^^^^^^
AttributeError: 'Engine' object has no attribute 'sync_engine'

The above exception was the direct cause of the following exception:

Traceback (most recent call last):
  File "D:\Programing\Teamwork\Agora\Agora\server\app\services\debate_engine\round_manager.py", line 919, in _run_plan
    return await self._run_agent_task(ctx, round_record, plan)
           ^^^^^^^^^^^^^^^^^^^^^^^^^^^^^^^^^^^^^^^^^^^^^^^^^^^
  File "D:\Programing\Teamwork\Agora\Agora\server\app\services\debate_engine\round_manager.py", line 965, in _run_agent_task
    async with self._session_factory() as task_db:
               ~~~~~~~~~~~~~~~~~~~~~^^
  File "C:\Users\asadb\AppData\Local\Programs\Python\Python314\Lib\site-packages\sqlalchemy\ext\asyncio\session.py", line 1762, in __call__
    return self.class_(**local_kw)
           ~~~~~~~~~~~^^^^^^^^^^^^
  File "C:\Users\asadb\AppData\Local\Programs\Python\Python314\Lib\site-packages\sqlalchemy\ext\asyncio\session.py", line 257, in __init__
    sync_bind = engine._get_sync_engine_or_connection(bind)
  File "C:\Users\asadb\AppData\Local\Programs\Python\Python314\Lib\site-packages\sqlalchemy\ext\asyncio\engine.py", line 1444, in _get_sync_engine_or_connection
    raise exc.ArgumentError(
        "AsyncEngine expected, got %r" % async_engine
    ) from e
sqlalchemy.exc.ArgumentError: AsyncEngine expected, got Engine(sqlite+aiosqlite://)
2026-05-15 19:45:03,873 [ERROR] app.services.debate_engine.round_manager: Failed to persist fallback error message: round=1 agent=f5ed3485-1c0f-43f8-a0e5-f619388be555
Traceback (most recent call last):
  File "C:\Users\asadb\AppData\Local\Programs\Python\Python314\Lib\site-packages\sqlalchemy\ext\asyncio\engine.py", line 1442, in _get_sync_engine_or_connection
    return async_engine.sync_engine
           ^^^^^^^^^^^^^^^^^^^^^^^^
AttributeError: 'Engine' object has no attribute 'sync_engine'

The above exception was the direct cause of the following exception:

Traceback (most recent call last):
  File "D:\Programing\Teamwork\Agora\Agora\server\app\services\debate_engine\round_manager.py", line 1079, in _persist_unhandled_task_failure
    async with self._session_factory() as task_db:
               ~~~~~~~~~~~~~~~~~~~~~^^
  File "C:\Users\asadb\AppData\Local\Programs\Python\Python314\Lib\site-packages\sqlalchemy\ext\asyncio\session.py", line 1762, in __call__
    return self.class_(**local_kw)
           ~~~~~~~~~~~^^^^^^^^^^^^
  File "C:\Users\asadb\AppData\Local\Programs\Python\Python314\Lib\site-packages\sqlalchemy\ext\asyncio\session.py", line 257, in __init__
    sync_bind = engine._get_sync_engine_or_connection(bind)
  File "C:\Users\asadb\AppData\Local\Programs\Python\Python314\Lib\site-packages\sqlalchemy\ext\asyncio\engine.py", line 1444, in _get_sync_engine_or_connection
    raise exc.ArgumentError(
        "AsyncEngine expected, got %r" % async_engine
    ) from e
sqlalchemy.exc.ArgumentError: AsyncEngine expected, got Engine(sqlite+aiosqlite://)
2026-05-15 19:45:03,874 [INFO] app.services.debate_engine.round_manager: Round 1 parallel done in 0.00s failed=1/1
2026-05-15 19:45:03,877 [ERROR] app.services.debate_engine.round_manager: Round 1 failed: All agents failed in Round 1.
------------------------------ Captured log call ------------------------------
INFO     app.services.debate_engine.round_manager:round_manager.py:1172 Round 1 running (id=5bc8d236-20b1-4687-bcec-6e23a5d84f53, turn=2294ccb3-3bd0-4d05-862d-1ccfc8bdc424)
INFO     app.services.debate_engine.round_manager:round_manager.py:903 Round 1 parallel start agents=1 concurrency=1
ERROR    app.services.debate_engine.round_manager:round_manager.py:929 Unhandled agent task exception: round=1 agent=f5ed3485-1c0f-43f8-a0e5-f619388be555 role=Economist
Traceback (most recent call last):
  File "C:\Users\asadb\AppData\Local\Programs\Python\Python314\Lib\site-packages\sqlalchemy\ext\asyncio\engine.py", line 1442, in _get_sync_engine_or_connection
    return async_engine.sync_engine
           ^^^^^^^^^^^^^^^^^^^^^^^^
AttributeError: 'Engine' object has no attribute 'sync_engine'

The above exception was the direct cause of the following exception:

Traceback (most recent call last):
  File "D:\Programing\Teamwork\Agora\Agora\server\app\services\debate_engine\round_manager.py", line 919, in _run_plan
    return await self._run_agent_task(ctx, round_record, plan)
           ^^^^^^^^^^^^^^^^^^^^^^^^^^^^^^^^^^^^^^^^^^^^^^^^^^^
  File "D:\Programing\Teamwork\Agora\Agora\server\app\services\debate_engine\round_manager.py", line 965, in _run_agent_task
    async with self._session_factory() as task_db:
               ~~~~~~~~~~~~~~~~~~~~~^^
  File "C:\Users\asadb\AppData\Local\Programs\Python\Python314\Lib\site-packages\sqlalchemy\ext\asyncio\session.py", line 1762, in __call__
    return self.class_(**local_kw)
           ~~~~~~~~~~~^^^^^^^^^^^^
  File "C:\Users\asadb\AppData\Local\Programs\Python\Python314\Lib\site-packages\sqlalchemy\ext\asyncio\session.py", line 257, in __init__
    sync_bind = engine._get_sync_engine_or_connection(bind)
  File "C:\Users\asadb\AppData\Local\Programs\Python\Python314\Lib\site-packages\sqlalchemy\ext\asyncio\engine.py", line 1444, in _get_sync_engine_or_connection
    raise exc.ArgumentError(
        "AsyncEngine expected, got %r" % async_engine
    ) from e
sqlalchemy.exc.ArgumentError: AsyncEngine expected, got Engine(sqlite+aiosqlite://)
ERROR    app.services.debate_engine.round_manager:round_manager.py:1094 Failed to persist fallback error message: round=1 agent=f5ed3485-1c0f-43f8-a0e5-f619388be555
Traceback (most recent call last):
  File "C:\Users\asadb\AppData\Local\Programs\Python\Python314\Lib\site-packages\sqlalchemy\ext\asyncio\engine.py", line 1442, in _get_sync_engine_or_connection
    return async_engine.sync_engine
           ^^^^^^^^^^^^^^^^^^^^^^^^
AttributeError: 'Engine' object has no attribute 'sync_engine'

The above exception was the direct cause of the following exception:

Traceback (most recent call last):
  File "D:\Programing\Teamwork\Agora\Agora\server\app\services\debate_engine\round_manager.py", line 1079, in _persist_unhandled_task_failure
    async with self._session_factory() as task_db:
               ~~~~~~~~~~~~~~~~~~~~~^^
  File "C:\Users\asadb\AppData\Local\Programs\Python\Python314\Lib\site-packages\sqlalchemy\ext\asyncio\session.py", line 1762, in __call__
    return self.class_(**local_kw)
           ~~~~~~~~~~~^^^^^^^^^^^^
  File "C:\Users\asadb\AppData\Local\Programs\Python\Python314\Lib\site-packages\sqlalchemy\ext\asyncio\session.py", line 257, in __init__
    sync_bind = engine._get_sync_engine_or_connection(bind)
  File "C:\Users\asadb\AppData\Local\Programs\Python\Python314\Lib\site-packages\sqlalchemy\ext\asyncio\engine.py", line 1444, in _get_sync_engine_or_connection
    raise exc.ArgumentError(
        "AsyncEngine expected, got %r" % async_engine
    ) from e
sqlalchemy.exc.ArgumentError: AsyncEngine expected, got Engine(sqlite+aiosqlite://)
INFO     app.services.debate_engine.round_manager:round_manager.py:948 Round 1 parallel done in 0.00s failed=1/1
ERROR    app.services.debate_engine.round_manager:round_manager.py:1225 Round 1 failed: All agents failed in Round 1.
D:\Programing\Teamwork\Agora\Agora\server\app\services\debate_engine\round_manager.py:209: RuntimeError: All agents failed in Round 1.
E   RuntimeError: All agents failed in Round 2.
---------------------------- Captured stderr call -----------------------------
2026-05-15 19:45:03,973 [INFO] app.services.debate_engine.round_manager: Round 2 running (id=6aa8553b-edcd-4a08-a232-d51cc1022e5f, turn=e2e28e8a-e2d6-44f6-a3bf-d302a8cb6ecb)
2026-05-15 19:45:03,973 [INFO] app.services.debate_engine.round_manager: Round 2 parallel start agents=2 concurrency=2
2026-05-15 19:45:03,973 [ERROR] app.services.debate_engine.round_manager: Unhandled agent task exception: round=2 agent=40ceabe4-7511-40eb-9a0e-0a63d92989ad role=Economist
Traceback (most recent call last):
  File "C:\Users\asadb\AppData\Local\Programs\Python\Python314\Lib\site-packages\sqlalchemy\ext\asyncio\engine.py", line 1442, in _get_sync_engine_or_connection
    return async_engine.sync_engine
           ^^^^^^^^^^^^^^^^^^^^^^^^
AttributeError: 'Engine' object has no attribute 'sync_engine'

The above exception was the direct cause of the following exception:

Traceback (most recent call last):
  File "D:\Programing\Teamwork\Agora\Agora\server\app\services\debate_engine\round_manager.py", line 919, in _run_plan
    return await self._run_agent_task(ctx, round_record, plan)
           ^^^^^^^^^^^^^^^^^^^^^^^^^^^^^^^^^^^^^^^^^^^^^^^^^^^
  File "D:\Programing\Teamwork\Agora\Agora\server\app\services\debate_engine\round_manager.py", line 965, in _run_agent_task
    async with self._session_factory() as task_db:
               ~~~~~~~~~~~~~~~~~~~~~^^
  File "C:\Users\asadb\AppData\Local\Programs\Python\Python314\Lib\site-packages\sqlalchemy\ext\asyncio\session.py", line 1762, in __call__
    return self.class_(**local_kw)
           ~~~~~~~~~~~^^^^^^^^^^^^
  File "C:\Users\asadb\AppData\Local\Programs\Python\Python314\Lib\site-packages\sqlalchemy\ext\asyncio\session.py", line 257, in __init__
    sync_bind = engine._get_sync_engine_or_connection(bind)
  File "C:\Users\asadb\AppData\Local\Programs\Python\Python314\Lib\site-packages\sqlalchemy\ext\asyncio\engine.py", line 1444, in _get_sync_engine_or_connection
    raise exc.ArgumentError(
        "AsyncEngine expected, got %r" % async_engine
    ) from e
sqlalchemy.exc.ArgumentError: AsyncEngine expected, got Engine(sqlite+aiosqlite://)
2026-05-15 19:45:03,975 [ERROR] app.services.debate_engine.round_manager: Failed to persist fallback error message: round=2 agent=40ceabe4-7511-40eb-9a0e-0a63d92989ad
Traceback (most recent call last):
  File "C:\Users\asadb\AppData\Local\Programs\Python\Python314\Lib\site-packages\sqlalchemy\ext\asyncio\engine.py", line 1442, in _get_sync_engine_or_connection
    return async_engine.sync_engine
           ^^^^^^^^^^^^^^^^^^^^^^^^
AttributeError: 'Engine' object has no attribute 'sync_engine'

The above exception was the direct cause of the following exception:

Traceback (most recent call last):
  File "D:\Programing\Teamwork\Agora\Agora\server\app\services\debate_engine\round_manager.py", line 1079, in _persist_unhandled_task_failure
    async with self._session_factory() as task_db:
               ~~~~~~~~~~~~~~~~~~~~~^^
  File "C:\Users\asadb\AppData\Local\Programs\Python\Python314\Lib\site-packages\sqlalchemy\ext\asyncio\session.py", line 1762, in __call__
    return self.class_(**local_kw)
           ~~~~~~~~~~~^^^^^^^^^^^^
  File "C:\Users\asadb\AppData\Local\Programs\Python\Python314\Lib\site-packages\sqlalchemy\ext\asyncio\session.py", line 257, in __init__
    sync_bind = engine._get_sync_engine_or_connection(bind)
  File "C:\Users\asadb\AppData\Local\Programs\Python\Python314\Lib\site-packages\sqlalchemy\ext\asyncio\engine.py", line 1444, in _get_sync_engine_or_connection
    raise exc.ArgumentError(
        "AsyncEngine expected, got %r" % async_engine
    ) from e
sqlalchemy.exc.ArgumentError: AsyncEngine expected, got Engine(sqlite+aiosqlite://)
2026-05-15 19:45:03,976 [ERROR] app.services.debate_engine.round_manager: Unhandled agent task exception: round=2 agent=34259dd6-a2c6-493a-b8a1-822bf7cbef22 role=Ethicist
Traceback (most recent call last):
  File "C:\Users\asadb\AppData\Local\Programs\Python\Python314\Lib\site-packages\sqlalchemy\ext\asyncio\engine.py", line 1442, in _get_sync_engine_or_connection
    return async_engine.sync_engine
           ^^^^^^^^^^^^^^^^^^^^^^^^
AttributeError: 'Engine' object has no attribute 'sync_engine'

The above exception was the direct cause of the following exception:

Traceback (most recent call last):
  File "D:\Programing\Teamwork\Agora\Agora\server\app\services\debate_engine\round_manager.py", line 919, in _run_plan
    return await self._run_agent_task(ctx, round_record, plan)
           ^^^^^^^^^^^^^^^^^^^^^^^^^^^^^^^^^^^^^^^^^^^^^^^^^^^
  File "D:\Programing\Teamwork\Agora\Agora\server\app\services\debate_engine\round_manager.py", line 965, in _run_agent_task
    async with self._session_factory() as task_db:
               ~~~~~~~~~~~~~~~~~~~~~^^
  File "C:\Users\asadb\AppData\Local\Programs\Python\Python314\Lib\site-packages\sqlalchemy\ext\asyncio\session.py", line 1762, in __call__
    return self.class_(**local_kw)
           ~~~~~~~~~~~^^^^^^^^^^^^
  File "C:\Users\asadb\AppData\Local\Programs\Python\Python314\Lib\site-packages\sqlalchemy\ext\asyncio\session.py", line 257, in __init__
    sync_bind = engine._get_sync_engine_or_connection(bind)
  File "C:\Users\asadb\AppData\Local\Programs\Python\Python314\Lib\site-packages\sqlalchemy\ext\asyncio\engine.py", line 1444, in _get_sync_engine_or_connection
    raise exc.ArgumentError(
        "AsyncEngine expected, got %r" % async_engine
    ) from e
sqlalchemy.exc.ArgumentError: AsyncEngine expected, got Engine(sqlite+aiosqlite://)
2026-05-15 19:45:03,977 [ERROR] app.services.debate_engine.round_manager: Failed to persist fallback error message: round=2 agent=34259dd6-a2c6-493a-b8a1-822bf7cbef22
Traceback (most recent call last):
  File "C:\Users\asadb\AppData\Local\Programs\Python\Python314\Lib\site-packages\sqlalchemy\ext\asyncio\engine.py", line 1442, in _get_sync_engine_or_connection
    return async_engine.sync_engine
           ^^^^^^^^^^^^^^^^^^^^^^^^
AttributeError: 'Engine' object has no attribute 'sync_engine'

The above exception was the direct cause of the following exception:

Traceback (most recent call last):
  File "D:\Programing\Teamwork\Agora\Agora\server\app\services\debate_engine\round_manager.py", line 1079, in _persist_unhandled_task_failure
    async with self._session_factory() as task_db:
               ~~~~~~~~~~~~~~~~~~~~~^^
  File "C:\Users\asadb\AppData\Local\Programs\Python\Python314\Lib\site-packages\sqlalchemy\ext\asyncio\session.py", line 1762, in __call__
    return self.class_(**local_kw)
           ~~~~~~~~~~~^^^^^^^^^^^^
  File "C:\Users\asadb\AppData\Local\Programs\Python\Python314\Lib\site-packages\sqlalchemy\ext\asyncio\session.py", line 257, in __init__
    sync_bind = engine._get_sync_engine_or_connection(bind)
  File "C:\Users\asadb\AppData\Local\Programs\Python\Python314\Lib\site-packages\sqlalchemy\ext\asyncio\engine.py", line 1444, in _get_sync_engine_or_connection
    raise exc.ArgumentError(
        "AsyncEngine expected, got %r" % async_engine
    ) from e
sqlalchemy.exc.ArgumentError: AsyncEngine expected, got Engine(sqlite+aiosqlite://)
2026-05-15 19:45:03,978 [INFO] app.services.debate_engine.round_manager: Round 2 parallel done in 0.00s failed=2/2
2026-05-15 19:45:03,980 [ERROR] app.services.debate_engine.round_manager: Round 2 failed: All agents failed in Round 2.
------------------------------ Captured log call ------------------------------
INFO     app.services.debate_engine.round_manager:round_manager.py:1172 Round 2 running (id=6aa8553b-edcd-4a08-a232-d51cc1022e5f, turn=e2e28e8a-e2d6-44f6-a3bf-d302a8cb6ecb)
INFO     app.services.debate_engine.round_manager:round_manager.py:903 Round 2 parallel start agents=2 concurrency=2
ERROR    app.services.debate_engine.round_manager:round_manager.py:929 Unhandled agent task exception: round=2 agent=40ceabe4-7511-40eb-9a0e-0a63d92989ad role=Economist
Traceback (most recent call last):
  File "C:\Users\asadb\AppData\Local\Programs\Python\Python314\Lib\site-packages\sqlalchemy\ext\asyncio\engine.py", line 1442, in _get_sync_engine_or_connection
    return async_engine.sync_engine
           ^^^^^^^^^^^^^^^^^^^^^^^^
AttributeError: 'Engine' object has no attribute 'sync_engine'

The above exception was the direct cause of the following exception:

Traceback (most recent call last):
  File "D:\Programing\Teamwork\Agora\Agora\server\app\services\debate_engine\round_manager.py", line 919, in _run_plan
    return await self._run_agent_task(ctx, round_record, plan)
           ^^^^^^^^^^^^^^^^^^^^^^^^^^^^^^^^^^^^^^^^^^^^^^^^^^^
  File "D:\Programing\Teamwork\Agora\Agora\server\app\services\debate_engine\round_manager.py", line 965, in _run_agent_task
    async with self._session_factory() as task_db:
               ~~~~~~~~~~~~~~~~~~~~~^^
  File "C:\Users\asadb\AppData\Local\Programs\Python\Python314\Lib\site-packages\sqlalchemy\ext\asyncio\session.py", line 1762, in __call__
    return self.class_(**local_kw)
           ~~~~~~~~~~~^^^^^^^^^^^^
  File "C:\Users\asadb\AppData\Local\Programs\Python\Python314\Lib\site-packages\sqlalchemy\ext\asyncio\session.py", line 257, in __init__
    sync_bind = engine._get_sync_engine_or_connection(bind)
  File "C:\Users\asadb\AppData\Local\Programs\Python\Python314\Lib\site-packages\sqlalchemy\ext\asyncio\engine.py", line 1444, in _get_sync_engine_or_connection
    raise exc.ArgumentError(
        "AsyncEngine expected, got %r" % async_engine
    ) from e
sqlalchemy.exc.ArgumentError: AsyncEngine expected, got Engine(sqlite+aiosqlite://)
ERROR    app.services.debate_engine.round_manager:round_manager.py:1094 Failed to persist fallback error message: round=2 agent=40ceabe4-7511-40eb-9a0e-0a63d92989ad
Traceback (most recent call last):
  File "C:\Users\asadb\AppData\Local\Programs\Python\Python314\Lib\site-packages\sqlalchemy\ext\asyncio\engine.py", line 1442, in _get_sync_engine_or_connection
    return async_engine.sync_engine
           ^^^^^^^^^^^^^^^^^^^^^^^^
AttributeError: 'Engine' object has no attribute 'sync_engine'

The above exception was the direct cause of the following exception:

Traceback (most recent call last):
  File "D:\Programing\Teamwork\Agora\Agora\server\app\services\debate_engine\round_manager.py", line 1079, in _persist_unhandled_task_failure
    async with self._session_factory() as task_db:
               ~~~~~~~~~~~~~~~~~~~~~^^
  File "C:\Users\asadb\AppData\Local\Programs\Python\Python314\Lib\site-packages\sqlalchemy\ext\asyncio\session.py", line 1762, in __call__
    return self.class_(**local_kw)
           ~~~~~~~~~~~^^^^^^^^^^^^
  File "C:\Users\asadb\AppData\Local\Programs\Python\Python314\Lib\site-packages\sqlalchemy\ext\asyncio\session.py", line 257, in __init__
    sync_bind = engine._get_sync_engine_or_connection(bind)
  File "C:\Users\asadb\AppData\Local\Programs\Python\Python314\Lib\site-packages\sqlalchemy\ext\asyncio\engine.py", line 1444, in _get_sync_engine_or_connection
    raise exc.ArgumentError(
        "AsyncEngine expected, got %r" % async_engine
    ) from e
sqlalchemy.exc.ArgumentError: AsyncEngine expected, got Engine(sqlite+aiosqlite://)
ERROR    app.services.debate_engine.round_manager:round_manager.py:929 Unhandled agent task exception: round=2 agent=34259dd6-a2c6-493a-b8a1-822bf7cbef22 role=Ethicist
Traceback (most recent call last):
  File "C:\Users\asadb\AppData\Local\Programs\Python\Python314\Lib\site-packages\sqlalchemy\ext\asyncio\engine.py", line 1442, in _get_sync_engine_or_connection
    return async_engine.sync_engine
           ^^^^^^^^^^^^^^^^^^^^^^^^
AttributeError: 'Engine' object has no attribute 'sync_engine'

The above exception was the direct cause of the following exception:

Traceback (most recent call last):
  File "D:\Programing\Teamwork\Agora\Agora\server\app\services\debate_engine\round_manager.py", line 919, in _run_plan
    return await self._run_agent_task(ctx, round_record, plan)
           ^^^^^^^^^^^^^^^^^^^^^^^^^^^^^^^^^^^^^^^^^^^^^^^^^^^
  File "D:\Programing\Teamwork\Agora\Agora\server\app\services\debate_engine\round_manager.py", line 965, in _run_agent_task
    async with self._session_factory() as task_db:
               ~~~~~~~~~~~~~~~~~~~~~^^
  File "C:\Users\asadb\AppData\Local\Programs\Python\Python314\Lib\site-packages\sqlalchemy\ext\asyncio\session.py", line 1762, in __call__
    return self.class_(**local_kw)
           ~~~~~~~~~~~^^^^^^^^^^^^
  File "C:\Users\asadb\AppData\Local\Programs\Python\Python314\Lib\site-packages\sqlalchemy\ext\asyncio\session.py", line 257, in __init__
    sync_bind = engine._get_sync_engine_or_connection(bind)
  File "C:\Users\asadb\AppData\Local\Programs\Python\Python314\Lib\site-packages\sqlalchemy\ext\asyncio\engine.py", line 1444, in _get_sync_engine_or_connection
    raise exc.ArgumentError(
        "AsyncEngine expected, got %r" % async_engine
    ) from e
sqlalchemy.exc.ArgumentError: AsyncEngine expected, got Engine(sqlite+aiosqlite://)
ERROR    app.services.debate_engine.round_manager:round_manager.py:1094 Failed to persist fallback error message: round=2 agent=34259dd6-a2c6-493a-b8a1-822bf7cbef22
Traceback (most recent call last):
  File "C:\Users\asadb\AppData\Local\Programs\Python\Python314\Lib\site-packages\sqlalchemy\ext\asyncio\engine.py", line 1442, in _get_sync_engine_or_connection
    return async_engine.sync_engine
           ^^^^^^^^^^^^^^^^^^^^^^^^
AttributeError: 'Engine' object has no attribute 'sync_engine'

The above exception was the direct cause of the following exception:

Traceback (most recent call last):
  File "D:\Programing\Teamwork\Agora\Agora\server\app\services\debate_engine\round_manager.py", line 1079, in _persist_unhandled_task_failure
    async with self._session_factory() as task_db:
               ~~~~~~~~~~~~~~~~~~~~~^^
  File "C:\Users\asadb\AppData\Local\Programs\Python\Python314\Lib\site-packages\sqlalchemy\ext\asyncio\session.py", line 1762, in __call__
    return self.class_(**local_kw)
           ~~~~~~~~~~~^^^^^^^^^^^^
  File "C:\Users\asadb\AppData\Local\Programs\Python\Python314\Lib\site-packages\sqlalchemy\ext\asyncio\session.py", line 257, in __init__
    sync_bind = engine._get_sync_engine_or_connection(bind)
  File "C:\Users\asadb\AppData\Local\Programs\Python\Python314\Lib\site-packages\sqlalchemy\ext\asyncio\engine.py", line 1444, in _get_sync_engine_or_connection
    raise exc.ArgumentError(
        "AsyncEngine expected, got %r" % async_engine
    ) from e
sqlalchemy.exc.ArgumentError: AsyncEngine expected, got Engine(sqlite+aiosqlite://)
INFO     app.services.debate_engine.round_manager:round_manager.py:948 Round 2 parallel done in 0.00s failed=2/2
ERROR    app.services.debate_engine.round_manager:round_manager.py:1225 Round 2 failed: All agents failed in Round 2.
D:\Programing\Teamwork\Agora\Agora\server\app\services\debate_engine\round_manager.py:335: RuntimeError: All agents failed in Round 2.
E   RuntimeError: All agents failed in Round 2.
---------------------------- Captured stderr call -----------------------------
2026-05-15 19:45:04,074 [INFO] app.services.debate_engine.round_manager: Round 2 running (id=9178d676-55bb-4e5a-815f-ca87280d13e1, turn=7737352c-2f3c-42e6-b5b0-4aae23d1b24d)
2026-05-15 19:45:04,075 [INFO] app.services.debate_engine.round_manager: Round 2 parallel start agents=2 concurrency=2
2026-05-15 19:45:04,075 [ERROR] app.services.debate_engine.round_manager: Unhandled agent task exception: round=2 agent=ea08c764-a96f-4ed7-b712-468f5fdd245f role=Economist
Traceback (most recent call last):
  File "C:\Users\asadb\AppData\Local\Programs\Python\Python314\Lib\site-packages\sqlalchemy\ext\asyncio\engine.py", line 1442, in _get_sync_engine_or_connection
    return async_engine.sync_engine
           ^^^^^^^^^^^^^^^^^^^^^^^^
AttributeError: 'Engine' object has no attribute 'sync_engine'

The above exception was the direct cause of the following exception:

Traceback (most recent call last):
  File "D:\Programing\Teamwork\Agora\Agora\server\app\services\debate_engine\round_manager.py", line 919, in _run_plan
    return await self._run_agent_task(ctx, round_record, plan)
           ^^^^^^^^^^^^^^^^^^^^^^^^^^^^^^^^^^^^^^^^^^^^^^^^^^^
  File "D:\Programing\Teamwork\Agora\Agora\server\app\services\debate_engine\round_manager.py", line 965, in _run_agent_task
    async with self._session_factory() as task_db:
               ~~~~~~~~~~~~~~~~~~~~~^^
  File "C:\Users\asadb\AppData\Local\Programs\Python\Python314\Lib\site-packages\sqlalchemy\ext\asyncio\session.py", line 1762, in __call__
    return self.class_(**local_kw)
           ~~~~~~~~~~~^^^^^^^^^^^^
  File "C:\Users\asadb\AppData\Local\Programs\Python\Python314\Lib\site-packages\sqlalchemy\ext\asyncio\session.py", line 257, in __init__
    sync_bind = engine._get_sync_engine_or_connection(bind)
  File "C:\Users\asadb\AppData\Local\Programs\Python\Python314\Lib\site-packages\sqlalchemy\ext\asyncio\engine.py", line 1444, in _get_sync_engine_or_connection
    raise exc.ArgumentError(
        "AsyncEngine expected, got %r" % async_engine
    ) from e
sqlalchemy.exc.ArgumentError: AsyncEngine expected, got Engine(sqlite+aiosqlite://)
2026-05-15 19:45:04,076 [ERROR] app.services.debate_engine.round_manager: Failed to persist fallback error message: round=2 agent=ea08c764-a96f-4ed7-b712-468f5fdd245f
Traceback (most recent call last):
  File "C:\Users\asadb\AppData\Local\Programs\Python\Python314\Lib\site-packages\sqlalchemy\ext\asyncio\engine.py", line 1442, in _get_sync_engine_or_connection
    return async_engine.sync_engine
           ^^^^^^^^^^^^^^^^^^^^^^^^
AttributeError: 'Engine' object has no attribute 'sync_engine'

The above exception was the direct cause of the following exception:

Traceback (most recent call last):
  File "D:\Programing\Teamwork\Agora\Agora\server\app\services\debate_engine\round_manager.py", line 1079, in _persist_unhandled_task_failure
    async with self._session_factory() as task_db:
               ~~~~~~~~~~~~~~~~~~~~~^^
  File "C:\Users\asadb\AppData\Local\Programs\Python\Python314\Lib\site-packages\sqlalchemy\ext\asyncio\session.py", line 1762, in __call__
    return self.class_(**local_kw)
           ~~~~~~~~~~~^^^^^^^^^^^^
  File "C:\Users\asadb\AppData\Local\Programs\Python\Python314\Lib\site-packages\sqlalchemy\ext\asyncio\session.py", line 257, in __init__
    sync_bind = engine._get_sync_engine_or_connection(bind)
  File "C:\Users\asadb\AppData\Local\Programs\Python\Python314\Lib\site-packages\sqlalchemy\ext\asyncio\engine.py", line 1444, in _get_sync_engine_or_connection
    raise exc.ArgumentError(
        "AsyncEngine expected, got %r" % async_engine
    ) from e
sqlalchemy.exc.ArgumentError: AsyncEngine expected, got Engine(sqlite+aiosqlite://)
2026-05-15 19:45:04,077 [ERROR] app.services.debate_engine.round_manager: Unhandled agent task exception: round=2 agent=c2b2cded-aa6a-4513-a24c-af3afeb63698 role=Ethicist
Traceback (most recent call last):
  File "C:\Users\asadb\AppData\Local\Programs\Python\Python314\Lib\site-packages\sqlalchemy\ext\asyncio\engine.py", line 1442, in _get_sync_engine_or_connection
    return async_engine.sync_engine
           ^^^^^^^^^^^^^^^^^^^^^^^^
AttributeError: 'Engine' object has no attribute 'sync_engine'

The above exception was the direct cause of the following exception:

Traceback (most recent call last):
  File "D:\Programing\Teamwork\Agora\Agora\server\app\services\debate_engine\round_manager.py", line 919, in _run_plan
    return await self._run_agent_task(ctx, round_record, plan)
           ^^^^^^^^^^^^^^^^^^^^^^^^^^^^^^^^^^^^^^^^^^^^^^^^^^^
  File "D:\Programing\Teamwork\Agora\Agora\server\app\services\debate_engine\round_manager.py", line 965, in _run_agent_task
    async with self._session_factory() as task_db:
               ~~~~~~~~~~~~~~~~~~~~~^^
  File "C:\Users\asadb\AppData\Local\Programs\Python\Python314\Lib\site-packages\sqlalchemy\ext\asyncio\session.py", line 1762, in __call__
    return self.class_(**local_kw)
           ~~~~~~~~~~~^^^^^^^^^^^^
  File "C:\Users\asadb\AppData\Local\Programs\Python\Python314\Lib\site-packages\sqlalchemy\ext\asyncio\session.py", line 257, in __init__
    sync_bind = engine._get_sync_engine_or_connection(bind)
  File "C:\Users\asadb\AppData\Local\Programs\Python\Python314\Lib\site-packages\sqlalchemy\ext\asyncio\engine.py", line 1444, in _get_sync_engine_or_connection
    raise exc.ArgumentError(
        "AsyncEngine expected, got %r" % async_engine
    ) from e
sqlalchemy.exc.ArgumentError: AsyncEngine expected, got Engine(sqlite+aiosqlite://)
2026-05-15 19:45:04,079 [ERROR] app.services.debate_engine.round_manager: Failed to persist fallback error message: round=2 agent=c2b2cded-aa6a-4513-a24c-af3afeb63698
Traceback (most recent call last):
  File "C:\Users\asadb\AppData\Local\Programs\Python\Python314\Lib\site-packages\sqlalchemy\ext\asyncio\engine.py", line 1442, in _get_sync_engine_or_connection
    return async_engine.sync_engine
           ^^^^^^^^^^^^^^^^^^^^^^^^
AttributeError: 'Engine' object has no attribute 'sync_engine'

The above exception was the direct cause of the following exception:

Traceback (most recent call last):
  File "D:\Programing\Teamwork\Agora\Agora\server\app\services\debate_engine\round_manager.py", line 1079, in _persist_unhandled_task_failure
    async with self._session_factory() as task_db:
               ~~~~~~~~~~~~~~~~~~~~~^^
  File "C:\Users\asadb\AppData\Local\Programs\Python\Python314\Lib\site-packages\sqlalchemy\ext\asyncio\session.py", line 1762, in __call__
    return self.class_(**local_kw)
           ~~~~~~~~~~~^^^^^^^^^^^^
  File "C:\Users\asadb\AppData\Local\Programs\Python\Python314\Lib\site-packages\sqlalchemy\ext\asyncio\session.py", line 257, in __init__
    sync_bind = engine._get_sync_engine_or_connection(bind)
  File "C:\Users\asadb\AppData\Local\Programs\Python\Python314\Lib\site-packages\sqlalchemy\ext\asyncio\engine.py", line 1444, in _get_sync_engine_or_connection
    raise exc.ArgumentError(
        "AsyncEngine expected, got %r" % async_engine
    ) from e
sqlalchemy.exc.ArgumentError: AsyncEngine expected, got Engine(sqlite+aiosqlite://)
2026-05-15 19:45:04,080 [INFO] app.services.debate_engine.round_manager: Round 2 parallel done in 0.01s failed=2/2
2026-05-15 19:45:04,082 [ERROR] app.services.debate_engine.round_manager: Round 2 failed: All agents failed in Round 2.
------------------------------ Captured log call ------------------------------
INFO     app.services.debate_engine.round_manager:round_manager.py:1172 Round 2 running (id=9178d676-55bb-4e5a-815f-ca87280d13e1, turn=7737352c-2f3c-42e6-b5b0-4aae23d1b24d)
INFO     app.services.debate_engine.round_manager:round_manager.py:903 Round 2 parallel start agents=2 concurrency=2
ERROR    app.services.debate_engine.round_manager:round_manager.py:929 Unhandled agent task exception: round=2 agent=ea08c764-a96f-4ed7-b712-468f5fdd245f role=Economist
Traceback (most recent call last):
  File "C:\Users\asadb\AppData\Local\Programs\Python\Python314\Lib\site-packages\sqlalchemy\ext\asyncio\engine.py", line 1442, in _get_sync_engine_or_connection
    return async_engine.sync_engine
           ^^^^^^^^^^^^^^^^^^^^^^^^
AttributeError: 'Engine' object has no attribute 'sync_engine'

The above exception was the direct cause of the following exception:

Traceback (most recent call last):
  File "D:\Programing\Teamwork\Agora\Agora\server\app\services\debate_engine\round_manager.py", line 919, in _run_plan
    return await self._run_agent_task(ctx, round_record, plan)
           ^^^^^^^^^^^^^^^^^^^^^^^^^^^^^^^^^^^^^^^^^^^^^^^^^^^
  File "D:\Programing\Teamwork\Agora\Agora\server\app\services\debate_engine\round_manager.py", line 965, in _run_agent_task
    async with self._session_factory() as task_db:
               ~~~~~~~~~~~~~~~~~~~~~^^
  File "C:\Users\asadb\AppData\Local\Programs\Python\Python314\Lib\site-packages\sqlalchemy\ext\asyncio\session.py", line 1762, in __call__
    return self.class_(**local_kw)
           ~~~~~~~~~~~^^^^^^^^^^^^
  File "C:\Users\asadb\AppData\Local\Programs\Python\Python314\Lib\site-packages\sqlalchemy\ext\asyncio\session.py", line 257, in __init__
    sync_bind = engine._get_sync_engine_or_connection(bind)
  File "C:\Users\asadb\AppData\Local\Programs\Python\Python314\Lib\site-packages\sqlalchemy\ext\asyncio\engine.py", line 1444, in _get_sync_engine_or_connection
    raise exc.ArgumentError(
        "AsyncEngine expected, got %r" % async_engine
    ) from e
sqlalchemy.exc.ArgumentError: AsyncEngine expected, got Engine(sqlite+aiosqlite://)
ERROR    app.services.debate_engine.round_manager:round_manager.py:1094 Failed to persist fallback error message: round=2 agent=ea08c764-a96f-4ed7-b712-468f5fdd245f
Traceback (most recent call last):
  File "C:\Users\asadb\AppData\Local\Programs\Python\Python314\Lib\site-packages\sqlalchemy\ext\asyncio\engine.py", line 1442, in _get_sync_engine_or_connection
    return async_engine.sync_engine
           ^^^^^^^^^^^^^^^^^^^^^^^^
AttributeError: 'Engine' object has no attribute 'sync_engine'

The above exception was the direct cause of the following exception:

Traceback (most recent call last):
  File "D:\Programing\Teamwork\Agora\Agora\server\app\services\debate_engine\round_manager.py", line 1079, in _persist_unhandled_task_failure
    async with self._session_factory() as task_db:
               ~~~~~~~~~~~~~~~~~~~~~^^
  File "C:\Users\asadb\AppData\Local\Programs\Python\Python314\Lib\site-packages\sqlalchemy\ext\asyncio\session.py", line 1762, in __call__
    return self.class_(**local_kw)
           ~~~~~~~~~~~^^^^^^^^^^^^
  File "C:\Users\asadb\AppData\Local\Programs\Python\Python314\Lib\site-packages\sqlalchemy\ext\asyncio\session.py", line 257, in __init__
    sync_bind = engine._get_sync_engine_or_connection(bind)
  File "C:\Users\asadb\AppData\Local\Programs\Python\Python314\Lib\site-packages\sqlalchemy\ext\asyncio\engine.py", line 1444, in _get_sync_engine_or_connection
    raise exc.ArgumentError(
        "AsyncEngine expected, got %r" % async_engine
    ) from e
sqlalchemy.exc.ArgumentError: AsyncEngine expected, got Engine(sqlite+aiosqlite://)
ERROR    app.services.debate_engine.round_manager:round_manager.py:929 Unhandled agent task exception: round=2 agent=c2b2cded-aa6a-4513-a24c-af3afeb63698 role=Ethicist
Traceback (most recent call last):
  File "C:\Users\asadb\AppData\Local\Programs\Python\Python314\Lib\site-packages\sqlalchemy\ext\asyncio\engine.py", line 1442, in _get_sync_engine_or_connection
    return async_engine.sync_engine
           ^^^^^^^^^^^^^^^^^^^^^^^^
AttributeError: 'Engine' object has no attribute 'sync_engine'

The above exception was the direct cause of the following exception:

Traceback (most recent call last):
  File "D:\Programing\Teamwork\Agora\Agora\server\app\services\debate_engine\round_manager.py", line 919, in _run_plan
    return await self._run_agent_task(ctx, round_record, plan)
           ^^^^^^^^^^^^^^^^^^^^^^^^^^^^^^^^^^^^^^^^^^^^^^^^^^^
  File "D:\Programing\Teamwork\Agora\Agora\server\app\services\debate_engine\round_manager.py", line 965, in _run_agent_task
    async with self._session_factory() as task_db:
               ~~~~~~~~~~~~~~~~~~~~~^^
  File "C:\Users\asadb\AppData\Local\Programs\Python\Python314\Lib\site-packages\sqlalchemy\ext\asyncio\session.py", line 1762, in __call__
    return self.class_(**local_kw)
           ~~~~~~~~~~~^^^^^^^^^^^^
  File "C:\Users\asadb\AppData\Local\Programs\Python\Python314\Lib\site-packages\sqlalchemy\ext\asyncio\session.py", line 257, in __init__
    sync_bind = engine._get_sync_engine_or_connection(bind)
  File "C:\Users\asadb\AppData\Local\Programs\Python\Python314\Lib\site-packages\sqlalchemy\ext\asyncio\engine.py", line 1444, in _get_sync_engine_or_connection
    raise exc.ArgumentError(
        "AsyncEngine expected, got %r" % async_engine
    ) from e
sqlalchemy.exc.ArgumentError: AsyncEngine expected, got Engine(sqlite+aiosqlite://)
ERROR    app.services.debate_engine.round_manager:round_manager.py:1094 Failed to persist fallback error message: round=2 agent=c2b2cded-aa6a-4513-a24c-af3afeb63698
Traceback (most recent call last):
  File "C:\Users\asadb\AppData\Local\Programs\Python\Python314\Lib\site-packages\sqlalchemy\ext\asyncio\engine.py", line 1442, in _get_sync_engine_or_connection
    return async_engine.sync_engine
           ^^^^^^^^^^^^^^^^^^^^^^^^
AttributeError: 'Engine' object has no attribute 'sync_engine'

The above exception was the direct cause of the following exception:

Traceback (most recent call last):
  File "D:\Programing\Teamwork\Agora\Agora\server\app\services\debate_engine\round_manager.py", line 1079, in _persist_unhandled_task_failure
    async with self._session_factory() as task_db:
               ~~~~~~~~~~~~~~~~~~~~~^^
  File "C:\Users\asadb\AppData\Local\Programs\Python\Python314\Lib\site-packages\sqlalchemy\ext\asyncio\session.py", line 1762, in __call__
    return self.class_(**local_kw)
           ~~~~~~~~~~~^^^^^^^^^^^^
  File "C:\Users\asadb\AppData\Local\Programs\Python\Python314\Lib\site-packages\sqlalchemy\ext\asyncio\session.py", line 257, in __init__
    sync_bind = engine._get_sync_engine_or_connection(bind)
  File "C:\Users\asadb\AppData\Local\Programs\Python\Python314\Lib\site-packages\sqlalchemy\ext\asyncio\engine.py", line 1444, in _get_sync_engine_or_connection
    raise exc.ArgumentError(
        "AsyncEngine expected, got %r" % async_engine
    ) from e
sqlalchemy.exc.ArgumentError: AsyncEngine expected, got Engine(sqlite+aiosqlite://)
INFO     app.services.debate_engine.round_manager:round_manager.py:948 Round 2 parallel done in 0.01s failed=2/2
ERROR    app.services.debate_engine.round_manager:round_manager.py:1225 Round 2 failed: All agents failed in Round 2.
D:\Programing\Teamwork\Agora\Agora\server\app\services\debate_engine\round_manager.py:335: RuntimeError: All agents failed in Round 2.
E   RuntimeError: All agents failed in Round 2.
---------------------------- Captured stderr call -----------------------------
2026-05-15 19:45:04,182 [INFO] app.services.debate_engine.round_manager: Round 2 running (id=4c8429dd-9bfb-48b9-bc12-71c7abc06f8e, turn=0ddab755-557b-49d1-815c-9085029a5fde)
2026-05-15 19:45:04,182 [INFO] app.services.debate_engine.round_manager: Round 2 parallel start agents=1 concurrency=1
2026-05-15 19:45:04,183 [ERROR] app.services.debate_engine.round_manager: Unhandled agent task exception: round=2 agent=372a535a-1e5d-4118-a239-60895180be61 role=Economist
Traceback (most recent call last):
  File "C:\Users\asadb\AppData\Local\Programs\Python\Python314\Lib\site-packages\sqlalchemy\ext\asyncio\engine.py", line 1442, in _get_sync_engine_or_connection
    return async_engine.sync_engine
           ^^^^^^^^^^^^^^^^^^^^^^^^
AttributeError: 'Engine' object has no attribute 'sync_engine'

The above exception was the direct cause of the following exception:

Traceback (most recent call last):
  File "D:\Programing\Teamwork\Agora\Agora\server\app\services\debate_engine\round_manager.py", line 916, in _run_plan
    return await self._persist_skipped_result(ctx, round_record, plan)
           ^^^^^^^^^^^^^^^^^^^^^^^^^^^^^^^^^^^^^^^^^^^^^^^^^^^^^^^^^^^
  File "D:\Programing\Teamwork\Agora\Agora\server\app\services\debate_engine\round_manager.py", line 1029, in _persist_skipped_result
    async with self._session_factory() as task_db:
               ~~~~~~~~~~~~~~~~~~~~~^^
  File "C:\Users\asadb\AppData\Local\Programs\Python\Python314\Lib\site-packages\sqlalchemy\ext\asyncio\session.py", line 1762, in __call__
    return self.class_(**local_kw)
           ~~~~~~~~~~~^^^^^^^^^^^^
  File "C:\Users\asadb\AppData\Local\Programs\Python\Python314\Lib\site-packages\sqlalchemy\ext\asyncio\session.py", line 257, in __init__
    sync_bind = engine._get_sync_engine_or_connection(bind)
  File "C:\Users\asadb\AppData\Local\Programs\Python\Python314\Lib\site-packages\sqlalchemy\ext\asyncio\engine.py", line 1444, in _get_sync_engine_or_connection
    raise exc.ArgumentError(
        "AsyncEngine expected, got %r" % async_engine
    ) from e
sqlalchemy.exc.ArgumentError: AsyncEngine expected, got Engine(sqlite+aiosqlite://)
2026-05-15 19:45:04,184 [ERROR] app.services.debate_engine.round_manager: Failed to persist fallback error message: round=2 agent=372a535a-1e5d-4118-a239-60895180be61
Traceback (most recent call last):
  File "C:\Users\asadb\AppData\Local\Programs\Python\Python314\Lib\site-packages\sqlalchemy\ext\asyncio\engine.py", line 1442, in _get_sync_engine_or_connection
    return async_engine.sync_engine
           ^^^^^^^^^^^^^^^^^^^^^^^^
AttributeError: 'Engine' object has no attribute 'sync_engine'

The above exception was the direct cause of the following exception:

Traceback (most recent call last):
  File "D:\Programing\Teamwork\Agora\Agora\server\app\services\debate_engine\round_manager.py", line 1079, in _persist_unhandled_task_failure
    async with self._session_factory() as task_db:
               ~~~~~~~~~~~~~~~~~~~~~^^
  File "C:\Users\asadb\AppData\Local\Programs\Python\Python314\Lib\site-packages\sqlalchemy\ext\asyncio\session.py", line 1762, in __call__
    return self.class_(**local_kw)
           ~~~~~~~~~~~^^^^^^^^^^^^
  File "C:\Users\asadb\AppData\Local\Programs\Python\Python314\Lib\site-packages\sqlalchemy\ext\asyncio\session.py", line 257, in __init__
    sync_bind = engine._get_sync_engine_or_connection(bind)
  File "C:\Users\asadb\AppData\Local\Programs\Python\Python314\Lib\site-packages\sqlalchemy\ext\asyncio\engine.py", line 1444, in _get_sync_engine_or_connection
    raise exc.ArgumentError(
        "AsyncEngine expected, got %r" % async_engine
    ) from e
sqlalchemy.exc.ArgumentError: AsyncEngine expected, got Engine(sqlite+aiosqlite://)
2026-05-15 19:45:04,185 [INFO] app.services.debate_engine.round_manager: Round 2 parallel done in 0.00s failed=1/1
2026-05-15 19:45:04,187 [ERROR] app.services.debate_engine.round_manager: Round 2 failed: All agents failed in Round 2.
------------------------------ Captured log call ------------------------------
INFO     app.services.debate_engine.round_manager:round_manager.py:1172 Round 2 running (id=4c8429dd-9bfb-48b9-bc12-71c7abc06f8e, turn=0ddab755-557b-49d1-815c-9085029a5fde)
INFO     app.services.debate_engine.round_manager:round_manager.py:903 Round 2 parallel start agents=1 concurrency=1
ERROR    app.services.debate_engine.round_manager:round_manager.py:929 Unhandled agent task exception: round=2 agent=372a535a-1e5d-4118-a239-60895180be61 role=Economist
Traceback (most recent call last):
  File "C:\Users\asadb\AppData\Local\Programs\Python\Python314\Lib\site-packages\sqlalchemy\ext\asyncio\engine.py", line 1442, in _get_sync_engine_or_connection
    return async_engine.sync_engine
           ^^^^^^^^^^^^^^^^^^^^^^^^
AttributeError: 'Engine' object has no attribute 'sync_engine'

The above exception was the direct cause of the following exception:

Traceback (most recent call last):
  File "D:\Programing\Teamwork\Agora\Agora\server\app\services\debate_engine\round_manager.py", line 916, in _run_plan
    return await self._persist_skipped_result(ctx, round_record, plan)
           ^^^^^^^^^^^^^^^^^^^^^^^^^^^^^^^^^^^^^^^^^^^^^^^^^^^^^^^^^^^
  File "D:\Programing\Teamwork\Agora\Agora\server\app\services\debate_engine\round_manager.py", line 1029, in _persist_skipped_result
    async with self._session_factory() as task_db:
               ~~~~~~~~~~~~~~~~~~~~~^^
  File "C:\Users\asadb\AppData\Local\Programs\Python\Python314\Lib\site-packages\sqlalchemy\ext\asyncio\session.py", line 1762, in __call__
    return self.class_(**local_kw)
           ~~~~~~~~~~~^^^^^^^^^^^^
  File "C:\Users\asadb\AppData\Local\Programs\Python\Python314\Lib\site-packages\sqlalchemy\ext\asyncio\session.py", line 257, in __init__
    sync_bind = engine._get_sync_engine_or_connection(bind)
  File "C:\Users\asadb\AppData\Local\Programs\Python\Python314\Lib\site-packages\sqlalchemy\ext\asyncio\engine.py", line 1444, in _get_sync_engine_or_connection
    raise exc.ArgumentError(
        "AsyncEngine expected, got %r" % async_engine
    ) from e
sqlalchemy.exc.ArgumentError: AsyncEngine expected, got Engine(sqlite+aiosqlite://)
ERROR    app.services.debate_engine.round_manager:round_manager.py:1094 Failed to persist fallback error message: round=2 agent=372a535a-1e5d-4118-a239-60895180be61
Traceback (most recent call last):
  File "C:\Users\asadb\AppData\Local\Programs\Python\Python314\Lib\site-packages\sqlalchemy\ext\asyncio\engine.py", line 1442, in _get_sync_engine_or_connection
    return async_engine.sync_engine
           ^^^^^^^^^^^^^^^^^^^^^^^^
AttributeError: 'Engine' object has no attribute 'sync_engine'

The above exception was the direct cause of the following exception:

Traceback (most recent call last):
  File "D:\Programing\Teamwork\Agora\Agora\server\app\services\debate_engine\round_manager.py", line 1079, in _persist_unhandled_task_failure
    async with self._session_factory() as task_db:
               ~~~~~~~~~~~~~~~~~~~~~^^
  File "C:\Users\asadb\AppData\Local\Programs\Python\Python314\Lib\site-packages\sqlalchemy\ext\asyncio\session.py", line 1762, in __call__
    return self.class_(**local_kw)
           ~~~~~~~~~~~^^^^^^^^^^^^
  File "C:\Users\asadb\AppData\Local\Programs\Python\Python314\Lib\site-packages\sqlalchemy\ext\asyncio\session.py", line 257, in __init__
    sync_bind = engine._get_sync_engine_or_connection(bind)
  File "C:\Users\asadb\AppData\Local\Programs\Python\Python314\Lib\site-packages\sqlalchemy\ext\asyncio\engine.py", line 1444, in _get_sync_engine_or_connection
    raise exc.ArgumentError(
        "AsyncEngine expected, got %r" % async_engine
    ) from e
sqlalchemy.exc.ArgumentError: AsyncEngine expected, got Engine(sqlite+aiosqlite://)
INFO     app.services.debate_engine.round_manager:round_manager.py:948 Round 2 parallel done in 0.00s failed=1/1
ERROR    app.services.debate_engine.round_manager:round_manager.py:1225 Round 2 failed: All agents failed in Round 2.
D:\Programing\Teamwork\Agora\Agora\server\app\services\debate_engine\round_manager.py:335: RuntimeError: All agents failed in Round 2.
E   RuntimeError: All agents failed in Round 2.
---------------------------- Captured stderr call -----------------------------
2026-05-15 19:45:04,281 [INFO] app.services.debate_engine.round_manager: Round 2 running (id=73968a6c-6f3f-4527-9422-8687d7eabfd5, turn=5d87e499-fbca-4104-9ad1-059b2b26e74e)
2026-05-15 19:45:04,282 [INFO] app.services.debate_engine.round_manager: Round 2 parallel start agents=2 concurrency=2
2026-05-15 19:45:04,282 [ERROR] app.services.debate_engine.round_manager: Unhandled agent task exception: round=2 agent=8da83861-5665-4378-97b4-1d77cd6fc0b5 role=Economist
Traceback (most recent call last):
  File "C:\Users\asadb\AppData\Local\Programs\Python\Python314\Lib\site-packages\sqlalchemy\ext\asyncio\engine.py", line 1442, in _get_sync_engine_or_connection
    return async_engine.sync_engine
           ^^^^^^^^^^^^^^^^^^^^^^^^
AttributeError: 'Engine' object has no attribute 'sync_engine'

The above exception was the direct cause of the following exception:

Traceback (most recent call last):
  File "D:\Programing\Teamwork\Agora\Agora\server\app\services\debate_engine\round_manager.py", line 919, in _run_plan
    return await self._run_agent_task(ctx, round_record, plan)
           ^^^^^^^^^^^^^^^^^^^^^^^^^^^^^^^^^^^^^^^^^^^^^^^^^^^
  File "D:\Programing\Teamwork\Agora\Agora\server\app\services\debate_engine\round_manager.py", line 965, in _run_agent_task
    async with self._session_factory() as task_db:
               ~~~~~~~~~~~~~~~~~~~~~^^
  File "C:\Users\asadb\AppData\Local\Programs\Python\Python314\Lib\site-packages\sqlalchemy\ext\asyncio\session.py", line 1762, in __call__
    return self.class_(**local_kw)
           ~~~~~~~~~~~^^^^^^^^^^^^
  File "C:\Users\asadb\AppData\Local\Programs\Python\Python314\Lib\site-packages\sqlalchemy\ext\asyncio\session.py", line 257, in __init__
    sync_bind = engine._get_sync_engine_or_connection(bind)
  File "C:\Users\asadb\AppData\Local\Programs\Python\Python314\Lib\site-packages\sqlalchemy\ext\asyncio\engine.py", line 1444, in _get_sync_engine_or_connection
    raise exc.ArgumentError(
        "AsyncEngine expected, got %r" % async_engine
    ) from e
sqlalchemy.exc.ArgumentError: AsyncEngine expected, got Engine(sqlite+aiosqlite://)
2026-05-15 19:45:04,283 [ERROR] app.services.debate_engine.round_manager: Failed to persist fallback error message: round=2 agent=8da83861-5665-4378-97b4-1d77cd6fc0b5
Traceback (most recent call last):
  File "C:\Users\asadb\AppData\Local\Programs\Python\Python314\Lib\site-packages\sqlalchemy\ext\asyncio\engine.py", line 1442, in _get_sync_engine_or_connection
    return async_engine.sync_engine
           ^^^^^^^^^^^^^^^^^^^^^^^^
AttributeError: 'Engine' object has no attribute 'sync_engine'

The above exception was the direct cause of the following exception:

Traceback (most recent call last):
  File "D:\Programing\Teamwork\Agora\Agora\server\app\services\debate_engine\round_manager.py", line 1079, in _persist_unhandled_task_failure
    async with self._session_factory() as task_db:
               ~~~~~~~~~~~~~~~~~~~~~^^
  File "C:\Users\asadb\AppData\Local\Programs\Python\Python314\Lib\site-packages\sqlalchemy\ext\asyncio\session.py", line 1762, in __call__
    return self.class_(**local_kw)
           ~~~~~~~~~~~^^^^^^^^^^^^
  File "C:\Users\asadb\AppData\Local\Programs\Python\Python314\Lib\site-packages\sqlalchemy\ext\asyncio\session.py", line 257, in __init__
    sync_bind = engine._get_sync_engine_or_connection(bind)
  File "C:\Users\asadb\AppData\Local\Programs\Python\Python314\Lib\site-packages\sqlalchemy\ext\asyncio\engine.py", line 1444, in _get_sync_engine_or_connection
    raise exc.ArgumentError(
        "AsyncEngine expected, got %r" % async_engine
    ) from e
sqlalchemy.exc.ArgumentError: AsyncEngine expected, got Engine(sqlite+aiosqlite://)
2026-05-15 19:45:04,284 [ERROR] app.services.debate_engine.round_manager: Unhandled agent task exception: round=2 agent=33dc0da4-05b9-4bc9-a108-ddf7d296ade1 role=Economist
Traceback (most recent call last):
  File "C:\Users\asadb\AppData\Local\Programs\Python\Python314\Lib\site-packages\sqlalchemy\ext\asyncio\engine.py", line 1442, in _get_sync_engine_or_connection
    return async_engine.sync_engine
           ^^^^^^^^^^^^^^^^^^^^^^^^
AttributeError: 'Engine' object has no attribute 'sync_engine'

The above exception was the direct cause of the following exception:

Traceback (most recent call last):
  File "D:\Programing\Teamwork\Agora\Agora\server\app\services\debate_engine\round_manager.py", line 919, in _run_plan
    return await self._run_agent_task(ctx, round_record, plan)
           ^^^^^^^^^^^^^^^^^^^^^^^^^^^^^^^^^^^^^^^^^^^^^^^^^^^
  File "D:\Programing\Teamwork\Agora\Agora\server\app\services\debate_engine\round_manager.py", line 965, in _run_agent_task
    async with self._session_factory() as task_db:
               ~~~~~~~~~~~~~~~~~~~~~^^
  File "C:\Users\asadb\AppData\Local\Programs\Python\Python314\Lib\site-packages\sqlalchemy\ext\asyncio\session.py", line 1762, in __call__
    return self.class_(**local_kw)
           ~~~~~~~~~~~^^^^^^^^^^^^
  File "C:\Users\asadb\AppData\Local\Programs\Python\Python314\Lib\site-packages\sqlalchemy\ext\asyncio\session.py", line 257, in __init__
    sync_bind = engine._get_sync_engine_or_connection(bind)
  File "C:\Users\asadb\AppData\Local\Programs\Python\Python314\Lib\site-packages\sqlalchemy\ext\asyncio\engine.py", line 1444, in _get_sync_engine_or_connection
    raise exc.ArgumentError(
        "AsyncEngine expected, got %r" % async_engine
    ) from e
sqlalchemy.exc.ArgumentError: AsyncEngine expected, got Engine(sqlite+aiosqlite://)
2026-05-15 19:45:04,285 [ERROR] app.services.debate_engine.round_manager: Failed to persist fallback error message: round=2 agent=33dc0da4-05b9-4bc9-a108-ddf7d296ade1
Traceback (most recent call last):
  File "C:\Users\asadb\AppData\Local\Programs\Python\Python314\Lib\site-packages\sqlalchemy\ext\asyncio\engine.py", line 1442, in _get_sync_engine_or_connection
    return async_engine.sync_engine
           ^^^^^^^^^^^^^^^^^^^^^^^^
AttributeError: 'Engine' object has no attribute 'sync_engine'

The above exception was the direct cause of the following exception:

Traceback (most recent call last):
  File "D:\Programing\Teamwork\Agora\Agora\server\app\services\debate_engine\round_manager.py", line 1079, in _persist_unhandled_task_failure
    async with self._session_factory() as task_db:
               ~~~~~~~~~~~~~~~~~~~~~^^
  File "C:\Users\asadb\AppData\Local\Programs\Python\Python314\Lib\site-packages\sqlalchemy\ext\asyncio\session.py", line 1762, in __call__
    return self.class_(**local_kw)
           ~~~~~~~~~~~^^^^^^^^^^^^
  File "C:\Users\asadb\AppData\Local\Programs\Python\Python314\Lib\site-packages\sqlalchemy\ext\asyncio\session.py", line 257, in __init__
    sync_bind = engine._get_sync_engine_or_connection(bind)
  File "C:\Users\asadb\AppData\Local\Programs\Python\Python314\Lib\site-packages\sqlalchemy\ext\asyncio\engine.py", line 1444, in _get_sync_engine_or_connection
    raise exc.ArgumentError(
        "AsyncEngine expected, got %r" % async_engine
    ) from e
sqlalchemy.exc.ArgumentError: AsyncEngine expected, got Engine(sqlite+aiosqlite://)
2026-05-15 19:45:04,286 [INFO] app.services.debate_engine.round_manager: Round 2 parallel done in 0.00s failed=2/2
2026-05-15 19:45:04,290 [ERROR] app.services.debate_engine.round_manager: Round 2 failed: All agents failed in Round 2.
------------------------------ Captured log call ------------------------------
INFO     app.services.debate_engine.round_manager:round_manager.py:1172 Round 2 running (id=73968a6c-6f3f-4527-9422-8687d7eabfd5, turn=5d87e499-fbca-4104-9ad1-059b2b26e74e)
INFO     app.services.debate_engine.round_manager:round_manager.py:903 Round 2 parallel start agents=2 concurrency=2
ERROR    app.services.debate_engine.round_manager:round_manager.py:929 Unhandled agent task exception: round=2 agent=8da83861-5665-4378-97b4-1d77cd6fc0b5 role=Economist
Traceback (most recent call last):
  File "C:\Users\asadb\AppData\Local\Programs\Python\Python314\Lib\site-packages\sqlalchemy\ext\asyncio\engine.py", line 1442, in _get_sync_engine_or_connection
    return async_engine.sync_engine
           ^^^^^^^^^^^^^^^^^^^^^^^^
AttributeError: 'Engine' object has no attribute 'sync_engine'

The above exception was the direct cause of the following exception:

Traceback (most recent call last):
  File "D:\Programing\Teamwork\Agora\Agora\server\app\services\debate_engine\round_manager.py", line 919, in _run_plan
    return await self._run_agent_task(ctx, round_record, plan)
           ^^^^^^^^^^^^^^^^^^^^^^^^^^^^^^^^^^^^^^^^^^^^^^^^^^^
  File "D:\Programing\Teamwork\Agora\Agora\server\app\services\debate_engine\round_manager.py", line 965, in _run_agent_task
    async with self._session_factory() as task_db:
               ~~~~~~~~~~~~~~~~~~~~~^^
  File "C:\Users\asadb\AppData\Local\Programs\Python\Python314\Lib\site-packages\sqlalchemy\ext\asyncio\session.py", line 1762, in __call__
    return self.class_(**local_kw)
           ~~~~~~~~~~~^^^^^^^^^^^^
  File "C:\Users\asadb\AppData\Local\Programs\Python\Python314\Lib\site-packages\sqlalchemy\ext\asyncio\session.py", line 257, in __init__
    sync_bind = engine._get_sync_engine_or_connection(bind)
  File "C:\Users\asadb\AppData\Local\Programs\Python\Python314\Lib\site-packages\sqlalchemy\ext\asyncio\engine.py", line 1444, in _get_sync_engine_or_connection
    raise exc.ArgumentError(
        "AsyncEngine expected, got %r" % async_engine
    ) from e
sqlalchemy.exc.ArgumentError: AsyncEngine expected, got Engine(sqlite+aiosqlite://)
ERROR    app.services.debate_engine.round_manager:round_manager.py:1094 Failed to persist fallback error message: round=2 agent=8da83861-5665-4378-97b4-1d77cd6fc0b5
Traceback (most recent call last):
  File "C:\Users\asadb\AppData\Local\Programs\Python\Python314\Lib\site-packages\sqlalchemy\ext\asyncio\engine.py", line 1442, in _get_sync_engine_or_connection
    return async_engine.sync_engine
           ^^^^^^^^^^^^^^^^^^^^^^^^
AttributeError: 'Engine' object has no attribute 'sync_engine'

The above exception was the direct cause of the following exception:

Traceback (most recent call last):
  File "D:\Programing\Teamwork\Agora\Agora\server\app\services\debate_engine\round_manager.py", line 1079, in _persist_unhandled_task_failure
    async with self._session_factory() as task_db:
               ~~~~~~~~~~~~~~~~~~~~~^^
  File "C:\Users\asadb\AppData\Local\Programs\Python\Python314\Lib\site-packages\sqlalchemy\ext\asyncio\session.py", line 1762, in __call__
    return self.class_(**local_kw)
           ~~~~~~~~~~~^^^^^^^^^^^^
  File "C:\Users\asadb\AppData\Local\Programs\Python\Python314\Lib\site-packages\sqlalchemy\ext\asyncio\session.py", line 257, in __init__
    sync_bind = engine._get_sync_engine_or_connection(bind)
  File "C:\Users\asadb\AppData\Local\Programs\Python\Python314\Lib\site-packages\sqlalchemy\ext\asyncio\engine.py", line 1444, in _get_sync_engine_or_connection
    raise exc.ArgumentError(
        "AsyncEngine expected, got %r" % async_engine
    ) from e
sqlalchemy.exc.ArgumentError: AsyncEngine expected, got Engine(sqlite+aiosqlite://)
ERROR    app.services.debate_engine.round_manager:round_manager.py:929 Unhandled agent task exception: round=2 agent=33dc0da4-05b9-4bc9-a108-ddf7d296ade1 role=Economist
Traceback (most recent call last):
  File "C:\Users\asadb\AppData\Local\Programs\Python\Python314\Lib\site-packages\sqlalchemy\ext\asyncio\engine.py", line 1442, in _get_sync_engine_or_connection
    return async_engine.sync_engine
           ^^^^^^^^^^^^^^^^^^^^^^^^
AttributeError: 'Engine' object has no attribute 'sync_engine'

The above exception was the direct cause of the following exception:

Traceback (most recent call last):
  File "D:\Programing\Teamwork\Agora\Agora\server\app\services\debate_engine\round_manager.py", line 919, in _run_plan
    return await self._run_agent_task(ctx, round_record, plan)
           ^^^^^^^^^^^^^^^^^^^^^^^^^^^^^^^^^^^^^^^^^^^^^^^^^^^
  File "D:\Programing\Teamwork\Agora\Agora\server\app\services\debate_engine\round_manager.py", line 965, in _run_agent_task
    async with self._session_factory() as task_db:
               ~~~~~~~~~~~~~~~~~~~~~^^
  File "C:\Users\asadb\AppData\Local\Programs\Python\Python314\Lib\site-packages\sqlalchemy\ext\asyncio\session.py", line 1762, in __call__
    return self.class_(**local_kw)
           ~~~~~~~~~~~^^^^^^^^^^^^
  File "C:\Users\asadb\AppData\Local\Programs\Python\Python314\Lib\site-packages\sqlalchemy\ext\asyncio\session.py", line 257, in __init__
    sync_bind = engine._get_sync_engine_or_connection(bind)
  File "C:\Users\asadb\AppData\Local\Programs\Python\Python314\Lib\site-packages\sqlalchemy\ext\asyncio\engine.py", line 1444, in _get_sync_engine_or_connection
    raise exc.ArgumentError(
        "AsyncEngine expected, got %r" % async_engine
    ) from e
sqlalchemy.exc.ArgumentError: AsyncEngine expected, got Engine(sqlite+aiosqlite://)
ERROR    app.services.debate_engine.round_manager:round_manager.py:1094 Failed to persist fallback error message: round=2 agent=33dc0da4-05b9-4bc9-a108-ddf7d296ade1
Traceback (most recent call last):
  File "C:\Users\asadb\AppData\Local\Programs\Python\Python314\Lib\site-packages\sqlalchemy\ext\asyncio\engine.py", line 1442, in _get_sync_engine_or_connection
    return async_engine.sync_engine
           ^^^^^^^^^^^^^^^^^^^^^^^^
AttributeError: 'Engine' object has no attribute 'sync_engine'

The above exception was the direct cause of the following exception:

Traceback (most recent call last):
  File "D:\Programing\Teamwork\Agora\Agora\server\app\services\debate_engine\round_manager.py", line 1079, in _persist_unhandled_task_failure
    async with self._session_factory() as task_db:
               ~~~~~~~~~~~~~~~~~~~~~^^
  File "C:\Users\asadb\AppData\Local\Programs\Python\Python314\Lib\site-packages\sqlalchemy\ext\asyncio\session.py", line 1762, in __call__
    return self.class_(**local_kw)
           ~~~~~~~~~~~^^^^^^^^^^^^
  File "C:\Users\asadb\AppData\Local\Programs\Python\Python314\Lib\site-packages\sqlalchemy\ext\asyncio\session.py", line 257, in __init__
    sync_bind = engine._get_sync_engine_or_connection(bind)
  File "C:\Users\asadb\AppData\Local\Programs\Python\Python314\Lib\site-packages\sqlalchemy\ext\asyncio\engine.py", line 1444, in _get_sync_engine_or_connection
    raise exc.ArgumentError(
        "AsyncEngine expected, got %r" % async_engine
    ) from e
sqlalchemy.exc.ArgumentError: AsyncEngine expected, got Engine(sqlite+aiosqlite://)
INFO     app.services.debate_engine.round_manager:round_manager.py:948 Round 2 parallel done in 0.00s failed=2/2
ERROR    app.services.debate_engine.round_manager:round_manager.py:1225 Round 2 failed: All agents failed in Round 2.
D:\Programing\Teamwork\Agora\Agora\server\app\services\debate_engine\round_manager.py:335: RuntimeError: All agents failed in Round 2.
E   RuntimeError: All agents failed in Round 3.
---------------------------- Captured stderr call -----------------------------
2026-05-15 19:45:04,383 [INFO] app.services.debate_engine.round_manager: Round 3 running (id=e4114a48-fdae-48cc-afc4-6495588024ac, turn=6f3e4472-e2e7-41fb-b29c-58cbc0dbf6a6)
2026-05-15 19:45:04,384 [INFO] app.services.debate_engine.round_manager: Round 3 parallel start agents=2 concurrency=2
2026-05-15 19:45:04,384 [ERROR] app.services.debate_engine.round_manager: Unhandled agent task exception: round=3 agent=32fb0f8a-17a0-4659-aa74-ec668f8ba62c role=Economist
Traceback (most recent call last):
  File "C:\Users\asadb\AppData\Local\Programs\Python\Python314\Lib\site-packages\sqlalchemy\ext\asyncio\engine.py", line 1442, in _get_sync_engine_or_connection
    return async_engine.sync_engine
           ^^^^^^^^^^^^^^^^^^^^^^^^
AttributeError: 'Engine' object has no attribute 'sync_engine'

The above exception was the direct cause of the following exception:

Traceback (most recent call last):
  File "D:\Programing\Teamwork\Agora\Agora\server\app\services\debate_engine\round_manager.py", line 919, in _run_plan
    return await self._run_agent_task(ctx, round_record, plan)
           ^^^^^^^^^^^^^^^^^^^^^^^^^^^^^^^^^^^^^^^^^^^^^^^^^^^
  File "D:\Programing\Teamwork\Agora\Agora\server\app\services\debate_engine\round_manager.py", line 965, in _run_agent_task
    async with self._session_factory() as task_db:
               ~~~~~~~~~~~~~~~~~~~~~^^
  File "C:\Users\asadb\AppData\Local\Programs\Python\Python314\Lib\site-packages\sqlalchemy\ext\asyncio\session.py", line 1762, in __call__
    return self.class_(**local_kw)
           ~~~~~~~~~~~^^^^^^^^^^^^
  File "C:\Users\asadb\AppData\Local\Programs\Python\Python314\Lib\site-packages\sqlalchemy\ext\asyncio\session.py", line 257, in __init__
    sync_bind = engine._get_sync_engine_or_connection(bind)
  File "C:\Users\asadb\AppData\Local\Programs\Python\Python314\Lib\site-packages\sqlalchemy\ext\asyncio\engine.py", line 1444, in _get_sync_engine_or_connection
    raise exc.ArgumentError(
        "AsyncEngine expected, got %r" % async_engine
    ) from e
sqlalchemy.exc.ArgumentError: AsyncEngine expected, got Engine(sqlite+aiosqlite://)
2026-05-15 19:45:04,386 [ERROR] app.services.debate_engine.round_manager: Failed to persist fallback error message: round=3 agent=32fb0f8a-17a0-4659-aa74-ec668f8ba62c
Traceback (most recent call last):
  File "C:\Users\asadb\AppData\Local\Programs\Python\Python314\Lib\site-packages\sqlalchemy\ext\asyncio\engine.py", line 1442, in _get_sync_engine_or_connection
    return async_engine.sync_engine
           ^^^^^^^^^^^^^^^^^^^^^^^^
AttributeError: 'Engine' object has no attribute 'sync_engine'

The above exception was the direct cause of the following exception:

Traceback (most recent call last):
  File "D:\Programing\Teamwork\Agora\Agora\server\app\services\debate_engine\round_manager.py", line 1079, in _persist_unhandled_task_failure
    async with self._session_factory() as task_db:
               ~~~~~~~~~~~~~~~~~~~~~^^
  File "C:\Users\asadb\AppData\Local\Programs\Python\Python314\Lib\site-packages\sqlalchemy\ext\asyncio\session.py", line 1762, in __call__
    return self.class_(**local_kw)
           ~~~~~~~~~~~^^^^^^^^^^^^
  File "C:\Users\asadb\AppData\Local\Programs\Python\Python314\Lib\site-packages\sqlalchemy\ext\asyncio\session.py", line 257, in __init__
    sync_bind = engine._get_sync_engine_or_connection(bind)
  File "C:\Users\asadb\AppData\Local\Programs\Python\Python314\Lib\site-packages\sqlalchemy\ext\asyncio\engine.py", line 1444, in _get_sync_engine_or_connection
    raise exc.ArgumentError(
        "AsyncEngine expected, got %r" % async_engine
    ) from e
sqlalchemy.exc.ArgumentError: AsyncEngine expected, got Engine(sqlite+aiosqlite://)
2026-05-15 19:45:04,387 [ERROR] app.services.debate_engine.round_manager: Unhandled agent task exception: round=3 agent=5a0fb928-705d-4ac1-8842-2b568c948196 role=Ethicist
Traceback (most recent call last):
  File "C:\Users\asadb\AppData\Local\Programs\Python\Python314\Lib\site-packages\sqlalchemy\ext\asyncio\engine.py", line 1442, in _get_sync_engine_or_connection
    return async_engine.sync_engine
           ^^^^^^^^^^^^^^^^^^^^^^^^
AttributeError: 'Engine' object has no attribute 'sync_engine'

The above exception was the direct cause of the following exception:

Traceback (most recent call last):
  File "D:\Programing\Teamwork\Agora\Agora\server\app\services\debate_engine\round_manager.py", line 919, in _run_plan
    return await self._run_agent_task(ctx, round_record, plan)
           ^^^^^^^^^^^^^^^^^^^^^^^^^^^^^^^^^^^^^^^^^^^^^^^^^^^
  File "D:\Programing\Teamwork\Agora\Agora\server\app\services\debate_engine\round_manager.py", line 965, in _run_agent_task
    async with self._session_factory() as task_db:
               ~~~~~~~~~~~~~~~~~~~~~^^
  File "C:\Users\asadb\AppData\Local\Programs\Python\Python314\Lib\site-packages\sqlalchemy\ext\asyncio\session.py", line 1762, in __call__
    return self.class_(**local_kw)
           ~~~~~~~~~~~^^^^^^^^^^^^
  File "C:\Users\asadb\AppData\Local\Programs\Python\Python314\Lib\site-packages\sqlalchemy\ext\asyncio\session.py", line 257, in __init__
    sync_bind = engine._get_sync_engine_or_connection(bind)
  File "C:\Users\asadb\AppData\Local\Programs\Python\Python314\Lib\site-packages\sqlalchemy\ext\asyncio\engine.py", line 1444, in _get_sync_engine_or_connection
    raise exc.ArgumentError(
        "AsyncEngine expected, got %r" % async_engine
    ) from e
sqlalchemy.exc.ArgumentError: AsyncEngine expected, got Engine(sqlite+aiosqlite://)
2026-05-15 19:45:04,388 [ERROR] app.services.debate_engine.round_manager: Failed to persist fallback error message: round=3 agent=5a0fb928-705d-4ac1-8842-2b568c948196
Traceback (most recent call last):
  File "C:\Users\asadb\AppData\Local\Programs\Python\Python314\Lib\site-packages\sqlalchemy\ext\asyncio\engine.py", line 1442, in _get_sync_engine_or_connection
    return async_engine.sync_engine
           ^^^^^^^^^^^^^^^^^^^^^^^^
AttributeError: 'Engine' object has no attribute 'sync_engine'

The above exception was the direct cause of the following exception:

Traceback (most recent call last):
  File "D:\Programing\Teamwork\Agora\Agora\server\app\services\debate_engine\round_manager.py", line 1079, in _persist_unhandled_task_failure
    async with self._session_factory() as task_db:
               ~~~~~~~~~~~~~~~~~~~~~^^
  File "C:\Users\asadb\AppData\Local\Programs\Python\Python314\Lib\site-packages\sqlalchemy\ext\asyncio\session.py", line 1762, in __call__
    return self.class_(**local_kw)
           ~~~~~~~~~~~^^^^^^^^^^^^
  File "C:\Users\asadb\AppData\Local\Programs\Python\Python314\Lib\site-packages\sqlalchemy\ext\asyncio\session.py", line 257, in __init__
    sync_bind = engine._get_sync_engine_or_connection(bind)
  File "C:\Users\asadb\AppData\Local\Programs\Python\Python314\Lib\site-packages\sqlalchemy\ext\asyncio\engine.py", line 1444, in _get_sync_engine_or_connection
    raise exc.ArgumentError(
        "AsyncEngine expected, got %r" % async_engine
    ) from e
sqlalchemy.exc.ArgumentError: AsyncEngine expected, got Engine(sqlite+aiosqlite://)
2026-05-15 19:45:04,389 [INFO] app.services.debate_engine.round_manager: Round 3 parallel done in 0.01s failed=2/2
2026-05-15 19:45:04,392 [ERROR] app.services.debate_engine.round_manager: Round 3 failed: All agents failed in Round 3.
------------------------------ Captured log call ------------------------------
INFO     app.services.debate_engine.round_manager:round_manager.py:1172 Round 3 running (id=e4114a48-fdae-48cc-afc4-6495588024ac, turn=6f3e4472-e2e7-41fb-b29c-58cbc0dbf6a6)
INFO     app.services.debate_engine.round_manager:round_manager.py:903 Round 3 parallel start agents=2 concurrency=2
ERROR    app.services.debate_engine.round_manager:round_manager.py:929 Unhandled agent task exception: round=3 agent=32fb0f8a-17a0-4659-aa74-ec668f8ba62c role=Economist
Traceback (most recent call last):
  File "C:\Users\asadb\AppData\Local\Programs\Python\Python314\Lib\site-packages\sqlalchemy\ext\asyncio\engine.py", line 1442, in _get_sync_engine_or_connection
    return async_engine.sync_engine
           ^^^^^^^^^^^^^^^^^^^^^^^^
AttributeError: 'Engine' object has no attribute 'sync_engine'

The above exception was the direct cause of the following exception:

Traceback (most recent call last):
  File "D:\Programing\Teamwork\Agora\Agora\server\app\services\debate_engine\round_manager.py", line 919, in _run_plan
    return await self._run_agent_task(ctx, round_record, plan)
           ^^^^^^^^^^^^^^^^^^^^^^^^^^^^^^^^^^^^^^^^^^^^^^^^^^^
  File "D:\Programing\Teamwork\Agora\Agora\server\app\services\debate_engine\round_manager.py", line 965, in _run_agent_task
    async with self._session_factory() as task_db:
               ~~~~~~~~~~~~~~~~~~~~~^^
  File "C:\Users\asadb\AppData\Local\Programs\Python\Python314\Lib\site-packages\sqlalchemy\ext\asyncio\session.py", line 1762, in __call__
    return self.class_(**local_kw)
           ~~~~~~~~~~~^^^^^^^^^^^^
  File "C:\Users\asadb\AppData\Local\Programs\Python\Python314\Lib\site-packages\sqlalchemy\ext\asyncio\session.py", line 257, in __init__
    sync_bind = engine._get_sync_engine_or_connection(bind)
  File "C:\Users\asadb\AppData\Local\Programs\Python\Python314\Lib\site-packages\sqlalchemy\ext\asyncio\engine.py", line 1444, in _get_sync_engine_or_connection
    raise exc.ArgumentError(
        "AsyncEngine expected, got %r" % async_engine
    ) from e
sqlalchemy.exc.ArgumentError: AsyncEngine expected, got Engine(sqlite+aiosqlite://)
ERROR    app.services.debate_engine.round_manager:round_manager.py:1094 Failed to persist fallback error message: round=3 agent=32fb0f8a-17a0-4659-aa74-ec668f8ba62c
Traceback (most recent call last):
  File "C:\Users\asadb\AppData\Local\Programs\Python\Python314\Lib\site-packages\sqlalchemy\ext\asyncio\engine.py", line 1442, in _get_sync_engine_or_connection
    return async_engine.sync_engine
           ^^^^^^^^^^^^^^^^^^^^^^^^
AttributeError: 'Engine' object has no attribute 'sync_engine'

The above exception was the direct cause of the following exception:

Traceback (most recent call last):
  File "D:\Programing\Teamwork\Agora\Agora\server\app\services\debate_engine\round_manager.py", line 1079, in _persist_unhandled_task_failure
    async with self._session_factory() as task_db:
               ~~~~~~~~~~~~~~~~~~~~~^^
  File "C:\Users\asadb\AppData\Local\Programs\Python\Python314\Lib\site-packages\sqlalchemy\ext\asyncio\session.py", line 1762, in __call__
    return self.class_(**local_kw)
           ~~~~~~~~~~~^^^^^^^^^^^^
  File "C:\Users\asadb\AppData\Local\Programs\Python\Python314\Lib\site-packages\sqlalchemy\ext\asyncio\session.py", line 257, in __init__
    sync_bind = engine._get_sync_engine_or_connection(bind)
  File "C:\Users\asadb\AppData\Local\Programs\Python\Python314\Lib\site-packages\sqlalchemy\ext\asyncio\engine.py", line 1444, in _get_sync_engine_or_connection
    raise exc.ArgumentError(
        "AsyncEngine expected, got %r" % async_engine
    ) from e
sqlalchemy.exc.ArgumentError: AsyncEngine expected, got Engine(sqlite+aiosqlite://)
ERROR    app.services.debate_engine.round_manager:round_manager.py:929 Unhandled agent task exception: round=3 agent=5a0fb928-705d-4ac1-8842-2b568c948196 role=Ethicist
Traceback (most recent call last):
  File "C:\Users\asadb\AppData\Local\Programs\Python\Python314\Lib\site-packages\sqlalchemy\ext\asyncio\engine.py", line 1442, in _get_sync_engine_or_connection
    return async_engine.sync_engine
           ^^^^^^^^^^^^^^^^^^^^^^^^
AttributeError: 'Engine' object has no attribute 'sync_engine'

The above exception was the direct cause of the following exception:

Traceback (most recent call last):
  File "D:\Programing\Teamwork\Agora\Agora\server\app\services\debate_engine\round_manager.py", line 919, in _run_plan
    return await self._run_agent_task(ctx, round_record, plan)
           ^^^^^^^^^^^^^^^^^^^^^^^^^^^^^^^^^^^^^^^^^^^^^^^^^^^
  File "D:\Programing\Teamwork\Agora\Agora\server\app\services\debate_engine\round_manager.py", line 965, in _run_agent_task
    async with self._session_factory() as task_db:
               ~~~~~~~~~~~~~~~~~~~~~^^
  File "C:\Users\asadb\AppData\Local\Programs\Python\Python314\Lib\site-packages\sqlalchemy\ext\asyncio\session.py", line 1762, in __call__
    return self.class_(**local_kw)
           ~~~~~~~~~~~^^^^^^^^^^^^
  File "C:\Users\asadb\AppData\Local\Programs\Python\Python314\Lib\site-packages\sqlalchemy\ext\asyncio\session.py", line 257, in __init__
    sync_bind = engine._get_sync_engine_or_connection(bind)
  File "C:\Users\asadb\AppData\Local\Programs\Python\Python314\Lib\site-packages\sqlalchemy\ext\asyncio\engine.py", line 1444, in _get_sync_engine_or_connection
    raise exc.ArgumentError(
        "AsyncEngine expected, got %r" % async_engine
    ) from e
sqlalchemy.exc.ArgumentError: AsyncEngine expected, got Engine(sqlite+aiosqlite://)
ERROR    app.services.debate_engine.round_manager:round_manager.py:1094 Failed to persist fallback error message: round=3 agent=5a0fb928-705d-4ac1-8842-2b568c948196
Traceback (most recent call last):
  File "C:\Users\asadb\AppData\Local\Programs\Python\Python314\Lib\site-packages\sqlalchemy\ext\asyncio\engine.py", line 1442, in _get_sync_engine_or_connection
    return async_engine.sync_engine
           ^^^^^^^^^^^^^^^^^^^^^^^^
AttributeError: 'Engine' object has no attribute 'sync_engine'

The above exception was the direct cause of the following exception:

Traceback (most recent call last):
  File "D:\Programing\Teamwork\Agora\Agora\server\app\services\debate_engine\round_manager.py", line 1079, in _persist_unhandled_task_failure
    async with self._session_factory() as task_db:
               ~~~~~~~~~~~~~~~~~~~~~^^
  File "C:\Users\asadb\AppData\Local\Programs\Python\Python314\Lib\site-packages\sqlalchemy\ext\asyncio\session.py", line 1762, in __call__
    return self.class_(**local_kw)
           ~~~~~~~~~~~^^^^^^^^^^^^
  File "C:\Users\asadb\AppData\Local\Programs\Python\Python314\Lib\site-packages\sqlalchemy\ext\asyncio\session.py", line 257, in __init__
    sync_bind = engine._get_sync_engine_or_connection(bind)
  File "C:\Users\asadb\AppData\Local\Programs\Python\Python314\Lib\site-packages\sqlalchemy\ext\asyncio\engine.py", line 1444, in _get_sync_engine_or_connection
    raise exc.ArgumentError(
        "AsyncEngine expected, got %r" % async_engine
    ) from e
sqlalchemy.exc.ArgumentError: AsyncEngine expected, got Engine(sqlite+aiosqlite://)
INFO     app.services.debate_engine.round_manager:round_manager.py:948 Round 3 parallel done in 0.01s failed=2/2
ERROR    app.services.debate_engine.round_manager:round_manager.py:1225 Round 3 failed: All agents failed in Round 3.
D:\Programing\Teamwork\Agora\Agora\server\app\services\debate_engine\round_manager.py:408: RuntimeError: All agents failed in Round 3.
E   RuntimeError: All agents failed in Round 3.
---------------------------- Captured stderr call -----------------------------
2026-05-15 19:45:04,487 [INFO] app.services.debate_engine.round_manager: Round 3 running (id=9f0a8b4f-1f19-4364-9671-1bd6b609c144, turn=78894564-7f3e-431e-b154-92a52ba999b6)
2026-05-15 19:45:04,488 [INFO] app.services.debate_engine.round_manager: Round 3 parallel start agents=1 concurrency=1
2026-05-15 19:45:04,489 [ERROR] app.services.debate_engine.round_manager: Unhandled agent task exception: round=3 agent=cf96f669-46cb-41e2-836c-23c0aaf39d5b role=Economist
Traceback (most recent call last):
  File "C:\Users\asadb\AppData\Local\Programs\Python\Python314\Lib\site-packages\sqlalchemy\ext\asyncio\engine.py", line 1442, in _get_sync_engine_or_connection
    return async_engine.sync_engine
           ^^^^^^^^^^^^^^^^^^^^^^^^
AttributeError: 'Engine' object has no attribute 'sync_engine'

The above exception was the direct cause of the following exception:

Traceback (most recent call last):
  File "D:\Programing\Teamwork\Agora\Agora\server\app\services\debate_engine\round_manager.py", line 919, in _run_plan
    return await self._run_agent_task(ctx, round_record, plan)
           ^^^^^^^^^^^^^^^^^^^^^^^^^^^^^^^^^^^^^^^^^^^^^^^^^^^
  File "D:\Programing\Teamwork\Agora\Agora\server\app\services\debate_engine\round_manager.py", line 965, in _run_agent_task
    async with self._session_factory() as task_db:
               ~~~~~~~~~~~~~~~~~~~~~^^
  File "C:\Users\asadb\AppData\Local\Programs\Python\Python314\Lib\site-packages\sqlalchemy\ext\asyncio\session.py", line 1762, in __call__
    return self.class_(**local_kw)
           ~~~~~~~~~~~^^^^^^^^^^^^
  File "C:\Users\asadb\AppData\Local\Programs\Python\Python314\Lib\site-packages\sqlalchemy\ext\asyncio\session.py", line 257, in __init__
    sync_bind = engine._get_sync_engine_or_connection(bind)
  File "C:\Users\asadb\AppData\Local\Programs\Python\Python314\Lib\site-packages\sqlalchemy\ext\asyncio\engine.py", line 1444, in _get_sync_engine_or_connection
    raise exc.ArgumentError(
        "AsyncEngine expected, got %r" % async_engine
    ) from e
sqlalchemy.exc.ArgumentError: AsyncEngine expected, got Engine(sqlite+aiosqlite://)
2026-05-15 19:45:04,491 [ERROR] app.services.debate_engine.round_manager: Failed to persist fallback error message: round=3 agent=cf96f669-46cb-41e2-836c-23c0aaf39d5b
Traceback (most recent call last):
  File "C:\Users\asadb\AppData\Local\Programs\Python\Python314\Lib\site-packages\sqlalchemy\ext\asyncio\engine.py", line 1442, in _get_sync_engine_or_connection
    return async_engine.sync_engine
           ^^^^^^^^^^^^^^^^^^^^^^^^
AttributeError: 'Engine' object has no attribute 'sync_engine'

The above exception was the direct cause of the following exception:

Traceback (most recent call last):
  File "D:\Programing\Teamwork\Agora\Agora\server\app\services\debate_engine\round_manager.py", line 1079, in _persist_unhandled_task_failure
    async with self._session_factory() as task_db:
               ~~~~~~~~~~~~~~~~~~~~~^^
  File "C:\Users\asadb\AppData\Local\Programs\Python\Python314\Lib\site-packages\sqlalchemy\ext\asyncio\session.py", line 1762, in __call__
    return self.class_(**local_kw)
           ~~~~~~~~~~~^^^^^^^^^^^^
  File "C:\Users\asadb\AppData\Local\Programs\Python\Python314\Lib\site-packages\sqlalchemy\ext\asyncio\session.py", line 257, in __init__
    sync_bind = engine._get_sync_engine_or_connection(bind)
  File "C:\Users\asadb\AppData\Local\Programs\Python\Python314\Lib\site-packages\sqlalchemy\ext\asyncio\engine.py", line 1444, in _get_sync_engine_or_connection
    raise exc.ArgumentError(
        "AsyncEngine expected, got %r" % async_engine
    ) from e
sqlalchemy.exc.ArgumentError: AsyncEngine expected, got Engine(sqlite+aiosqlite://)
2026-05-15 19:45:04,493 [INFO] app.services.debate_engine.round_manager: Round 3 parallel done in 0.00s failed=1/1
2026-05-15 19:45:04,547 [ERROR] app.services.debate_engine.round_manager: Round 3 failed: All agents failed in Round 3.
------------------------------ Captured log call ------------------------------
INFO     app.services.debate_engine.round_manager:round_manager.py:1172 Round 3 running (id=9f0a8b4f-1f19-4364-9671-1bd6b609c144, turn=78894564-7f3e-431e-b154-92a52ba999b6)
INFO     app.services.debate_engine.round_manager:round_manager.py:903 Round 3 parallel start agents=1 concurrency=1
ERROR    app.services.debate_engine.round_manager:round_manager.py:929 Unhandled agent task exception: round=3 agent=cf96f669-46cb-41e2-836c-23c0aaf39d5b role=Economist
Traceback (most recent call last):
  File "C:\Users\asadb\AppData\Local\Programs\Python\Python314\Lib\site-packages\sqlalchemy\ext\asyncio\engine.py", line 1442, in _get_sync_engine_or_connection
    return async_engine.sync_engine
           ^^^^^^^^^^^^^^^^^^^^^^^^
AttributeError: 'Engine' object has no attribute 'sync_engine'

The above exception was the direct cause of the following exception:

Traceback (most recent call last):
  File "D:\Programing\Teamwork\Agora\Agora\server\app\services\debate_engine\round_manager.py", line 919, in _run_plan
    return await self._run_agent_task(ctx, round_record, plan)
           ^^^^^^^^^^^^^^^^^^^^^^^^^^^^^^^^^^^^^^^^^^^^^^^^^^^
  File "D:\Programing\Teamwork\Agora\Agora\server\app\services\debate_engine\round_manager.py", line 965, in _run_agent_task
    async with self._session_factory() as task_db:
               ~~~~~~~~~~~~~~~~~~~~~^^
  File "C:\Users\asadb\AppData\Local\Programs\Python\Python314\Lib\site-packages\sqlalchemy\ext\asyncio\session.py", line 1762, in __call__
    return self.class_(**local_kw)
           ~~~~~~~~~~~^^^^^^^^^^^^
  File "C:\Users\asadb\AppData\Local\Programs\Python\Python314\Lib\site-packages\sqlalchemy\ext\asyncio\session.py", line 257, in __init__
    sync_bind = engine._get_sync_engine_or_connection(bind)
  File "C:\Users\asadb\AppData\Local\Programs\Python\Python314\Lib\site-packages\sqlalchemy\ext\asyncio\engine.py", line 1444, in _get_sync_engine_or_connection
    raise exc.ArgumentError(
        "AsyncEngine expected, got %r" % async_engine
    ) from e
sqlalchemy.exc.ArgumentError: AsyncEngine expected, got Engine(sqlite+aiosqlite://)
ERROR    app.services.debate_engine.round_manager:round_manager.py:1094 Failed to persist fallback error message: round=3 agent=cf96f669-46cb-41e2-836c-23c0aaf39d5b
Traceback (most recent call last):
  File "C:\Users\asadb\AppData\Local\Programs\Python\Python314\Lib\site-packages\sqlalchemy\ext\asyncio\engine.py", line 1442, in _get_sync_engine_or_connection
    return async_engine.sync_engine
           ^^^^^^^^^^^^^^^^^^^^^^^^
AttributeError: 'Engine' object has no attribute 'sync_engine'

The above exception was the direct cause of the following exception:

Traceback (most recent call last):
  File "D:\Programing\Teamwork\Agora\Agora\server\app\services\debate_engine\round_manager.py", line 1079, in _persist_unhandled_task_failure
    async with self._session_factory() as task_db:
               ~~~~~~~~~~~~~~~~~~~~~^^
  File "C:\Users\asadb\AppData\Local\Programs\Python\Python314\Lib\site-packages\sqlalchemy\ext\asyncio\session.py", line 1762, in __call__
    return self.class_(**local_kw)
           ~~~~~~~~~~~^^^^^^^^^^^^
  File "C:\Users\asadb\AppData\Local\Programs\Python\Python314\Lib\site-packages\sqlalchemy\ext\asyncio\session.py", line 257, in __init__
    sync_bind = engine._get_sync_engine_or_connection(bind)
  File "C:\Users\asadb\AppData\Local\Programs\Python\Python314\Lib\site-packages\sqlalchemy\ext\asyncio\engine.py", line 1444, in _get_sync_engine_or_connection
    raise exc.ArgumentError(
        "AsyncEngine expected, got %r" % async_engine
    ) from e
sqlalchemy.exc.ArgumentError: AsyncEngine expected, got Engine(sqlite+aiosqlite://)
INFO     app.services.debate_engine.round_manager:round_manager.py:948 Round 3 parallel done in 0.00s failed=1/1
ERROR    app.services.debate_engine.round_manager:round_manager.py:1225 Round 3 failed: All agents failed in Round 3.
D:\Programing\Teamwork\Agora\Agora\server\app\services\debate_engine\round_manager.py:408: RuntimeError: All agents failed in Round 3.
E   RuntimeError: All agents failed in Round 3.
---------------------------- Captured stderr call -----------------------------
2026-05-15 19:45:04,631 [INFO] app.services.debate_engine.round_manager: Round 3 running (id=0fde2789-ec74-4bce-87ac-4b136d0983ff, turn=84e36e89-2a33-45b4-8a7b-422f4d97f5ee)
2026-05-15 19:45:04,631 [INFO] app.services.debate_engine.round_manager: Round 3 parallel start agents=2 concurrency=2
2026-05-15 19:45:04,632 [ERROR] app.services.debate_engine.round_manager: Unhandled agent task exception: round=3 agent=64b8623e-0754-423c-a16c-180272b324fa role=Economist
Traceback (most recent call last):
  File "C:\Users\asadb\AppData\Local\Programs\Python\Python314\Lib\site-packages\sqlalchemy\ext\asyncio\engine.py", line 1442, in _get_sync_engine_or_connection
    return async_engine.sync_engine
           ^^^^^^^^^^^^^^^^^^^^^^^^
AttributeError: 'Engine' object has no attribute 'sync_engine'

The above exception was the direct cause of the following exception:

Traceback (most recent call last):
  File "D:\Programing\Teamwork\Agora\Agora\server\app\services\debate_engine\round_manager.py", line 919, in _run_plan
    return await self._run_agent_task(ctx, round_record, plan)
           ^^^^^^^^^^^^^^^^^^^^^^^^^^^^^^^^^^^^^^^^^^^^^^^^^^^
  File "D:\Programing\Teamwork\Agora\Agora\server\app\services\debate_engine\round_manager.py", line 965, in _run_agent_task
    async with self._session_factory() as task_db:
               ~~~~~~~~~~~~~~~~~~~~~^^
  File "C:\Users\asadb\AppData\Local\Programs\Python\Python314\Lib\site-packages\sqlalchemy\ext\asyncio\session.py", line 1762, in __call__
    return self.class_(**local_kw)
           ~~~~~~~~~~~^^^^^^^^^^^^
  File "C:\Users\asadb\AppData\Local\Programs\Python\Python314\Lib\site-packages\sqlalchemy\ext\asyncio\session.py", line 257, in __init__
    sync_bind = engine._get_sync_engine_or_connection(bind)
  File "C:\Users\asadb\AppData\Local\Programs\Python\Python314\Lib\site-packages\sqlalchemy\ext\asyncio\engine.py", line 1444, in _get_sync_engine_or_connection
    raise exc.ArgumentError(
        "AsyncEngine expected, got %r" % async_engine
    ) from e
sqlalchemy.exc.ArgumentError: AsyncEngine expected, got Engine(sqlite+aiosqlite://)
2026-05-15 19:45:04,633 [ERROR] app.services.debate_engine.round_manager: Failed to persist fallback error message: round=3 agent=64b8623e-0754-423c-a16c-180272b324fa
Traceback (most recent call last):
  File "C:\Users\asadb\AppData\Local\Programs\Python\Python314\Lib\site-packages\sqlalchemy\ext\asyncio\engine.py", line 1442, in _get_sync_engine_or_connection
    return async_engine.sync_engine
           ^^^^^^^^^^^^^^^^^^^^^^^^
AttributeError: 'Engine' object has no attribute 'sync_engine'

The above exception was the direct cause of the following exception:

Traceback (most recent call last):
  File "D:\Programing\Teamwork\Agora\Agora\server\app\services\debate_engine\round_manager.py", line 1079, in _persist_unhandled_task_failure
    async with self._session_factory() as task_db:
               ~~~~~~~~~~~~~~~~~~~~~^^
  File "C:\Users\asadb\AppData\Local\Programs\Python\Python314\Lib\site-packages\sqlalchemy\ext\asyncio\session.py", line 1762, in __call__
    return self.class_(**local_kw)
           ~~~~~~~~~~~^^^^^^^^^^^^
  File "C:\Users\asadb\AppData\Local\Programs\Python\Python314\Lib\site-packages\sqlalchemy\ext\asyncio\session.py", line 257, in __init__
    sync_bind = engine._get_sync_engine_or_connection(bind)
  File "C:\Users\asadb\AppData\Local\Programs\Python\Python314\Lib\site-packages\sqlalchemy\ext\asyncio\engine.py", line 1444, in _get_sync_engine_or_connection
    raise exc.ArgumentError(
        "AsyncEngine expected, got %r" % async_engine
    ) from e
sqlalchemy.exc.ArgumentError: AsyncEngine expected, got Engine(sqlite+aiosqlite://)
2026-05-15 19:45:04,635 [ERROR] app.services.debate_engine.round_manager: Unhandled agent task exception: round=3 agent=2e9bb0cb-a0e1-4329-ac73-d25eaea54071 role=Scientist
Traceback (most recent call last):
  File "C:\Users\asadb\AppData\Local\Programs\Python\Python314\Lib\site-packages\sqlalchemy\ext\asyncio\engine.py", line 1442, in _get_sync_engine_or_connection
    return async_engine.sync_engine
           ^^^^^^^^^^^^^^^^^^^^^^^^
AttributeError: 'Engine' object has no attribute 'sync_engine'

The above exception was the direct cause of the following exception:

Traceback (most recent call last):
  File "D:\Programing\Teamwork\Agora\Agora\server\app\services\debate_engine\round_manager.py", line 919, in _run_plan
    return await self._run_agent_task(ctx, round_record, plan)
           ^^^^^^^^^^^^^^^^^^^^^^^^^^^^^^^^^^^^^^^^^^^^^^^^^^^
  File "D:\Programing\Teamwork\Agora\Agora\server\app\services\debate_engine\round_manager.py", line 965, in _run_agent_task
    async with self._session_factory() as task_db:
               ~~~~~~~~~~~~~~~~~~~~~^^
  File "C:\Users\asadb\AppData\Local\Programs\Python\Python314\Lib\site-packages\sqlalchemy\ext\asyncio\session.py", line 1762, in __call__
    return self.class_(**local_kw)
           ~~~~~~~~~~~^^^^^^^^^^^^
  File "C:\Users\asadb\AppData\Local\Programs\Python\Python314\Lib\site-packages\sqlalchemy\ext\asyncio\session.py", line 257, in __init__
    sync_bind = engine._get_sync_engine_or_connection(bind)
  File "C:\Users\asadb\AppData\Local\Programs\Python\Python314\Lib\site-packages\sqlalchemy\ext\asyncio\engine.py", line 1444, in _get_sync_engine_or_connection
    raise exc.ArgumentError(
        "AsyncEngine expected, got %r" % async_engine
    ) from e
sqlalchemy.exc.ArgumentError: AsyncEngine expected, got Engine(sqlite+aiosqlite://)
2026-05-15 19:45:04,636 [ERROR] app.services.debate_engine.round_manager: Failed to persist fallback error message: round=3 agent=2e9bb0cb-a0e1-4329-ac73-d25eaea54071
Traceback (most recent call last):
  File "C:\Users\asadb\AppData\Local\Programs\Python\Python314\Lib\site-packages\sqlalchemy\ext\asyncio\engine.py", line 1442, in _get_sync_engine_or_connection
    return async_engine.sync_engine
           ^^^^^^^^^^^^^^^^^^^^^^^^
AttributeError: 'Engine' object has no attribute 'sync_engine'

The above exception was the direct cause of the following exception:

Traceback (most recent call last):
  File "D:\Programing\Teamwork\Agora\Agora\server\app\services\debate_engine\round_manager.py", line 1079, in _persist_unhandled_task_failure
    async with self._session_factory() as task_db:
               ~~~~~~~~~~~~~~~~~~~~~^^
  File "C:\Users\asadb\AppData\Local\Programs\Python\Python314\Lib\site-packages\sqlalchemy\ext\asyncio\session.py", line 1762, in __call__
    return self.class_(**local_kw)
           ~~~~~~~~~~~^^^^^^^^^^^^
  File "C:\Users\asadb\AppData\Local\Programs\Python\Python314\Lib\site-packages\sqlalchemy\ext\asyncio\session.py", line 257, in __init__
    sync_bind = engine._get_sync_engine_or_connection(bind)
  File "C:\Users\asadb\AppData\Local\Programs\Python\Python314\Lib\site-packages\sqlalchemy\ext\asyncio\engine.py", line 1444, in _get_sync_engine_or_connection
    raise exc.ArgumentError(
        "AsyncEngine expected, got %r" % async_engine
    ) from e
sqlalchemy.exc.ArgumentError: AsyncEngine expected, got Engine(sqlite+aiosqlite://)
2026-05-15 19:45:04,637 [INFO] app.services.debate_engine.round_manager: Round 3 parallel done in 0.01s failed=2/2
2026-05-15 19:45:04,639 [ERROR] app.services.debate_engine.round_manager: Round 3 failed: All agents failed in Round 3.
------------------------------ Captured log call ------------------------------
INFO     app.services.debate_engine.round_manager:round_manager.py:1172 Round 3 running (id=0fde2789-ec74-4bce-87ac-4b136d0983ff, turn=84e36e89-2a33-45b4-8a7b-422f4d97f5ee)
INFO     app.services.debate_engine.round_manager:round_manager.py:903 Round 3 parallel start agents=2 concurrency=2
ERROR    app.services.debate_engine.round_manager:round_manager.py:929 Unhandled agent task exception: round=3 agent=64b8623e-0754-423c-a16c-180272b324fa role=Economist
Traceback (most recent call last):
  File "C:\Users\asadb\AppData\Local\Programs\Python\Python314\Lib\site-packages\sqlalchemy\ext\asyncio\engine.py", line 1442, in _get_sync_engine_or_connection
    return async_engine.sync_engine
           ^^^^^^^^^^^^^^^^^^^^^^^^
AttributeError: 'Engine' object has no attribute 'sync_engine'

The above exception was the direct cause of the following exception:

Traceback (most recent call last):
  File "D:\Programing\Teamwork\Agora\Agora\server\app\services\debate_engine\round_manager.py", line 919, in _run_plan
    return await self._run_agent_task(ctx, round_record, plan)
           ^^^^^^^^^^^^^^^^^^^^^^^^^^^^^^^^^^^^^^^^^^^^^^^^^^^
  File "D:\Programing\Teamwork\Agora\Agora\server\app\services\debate_engine\round_manager.py", line 965, in _run_agent_task
    async with self._session_factory() as task_db:
               ~~~~~~~~~~~~~~~~~~~~~^^
  File "C:\Users\asadb\AppData\Local\Programs\Python\Python314\Lib\site-packages\sqlalchemy\ext\asyncio\session.py", line 1762, in __call__
    return self.class_(**local_kw)
           ~~~~~~~~~~~^^^^^^^^^^^^
  File "C:\Users\asadb\AppData\Local\Programs\Python\Python314\Lib\site-packages\sqlalchemy\ext\asyncio\session.py", line 257, in __init__
    sync_bind = engine._get_sync_engine_or_connection(bind)
  File "C:\Users\asadb\AppData\Local\Programs\Python\Python314\Lib\site-packages\sqlalchemy\ext\asyncio\engine.py", line 1444, in _get_sync_engine_or_connection
    raise exc.ArgumentError(
        "AsyncEngine expected, got %r" % async_engine
    ) from e
sqlalchemy.exc.ArgumentError: AsyncEngine expected, got Engine(sqlite+aiosqlite://)
ERROR    app.services.debate_engine.round_manager:round_manager.py:1094 Failed to persist fallback error message: round=3 agent=64b8623e-0754-423c-a16c-180272b324fa
Traceback (most recent call last):
  File "C:\Users\asadb\AppData\Local\Programs\Python\Python314\Lib\site-packages\sqlalchemy\ext\asyncio\engine.py", line 1442, in _get_sync_engine_or_connection
    return async_engine.sync_engine
           ^^^^^^^^^^^^^^^^^^^^^^^^
AttributeError: 'Engine' object has no attribute 'sync_engine'

The above exception was the direct cause of the following exception:

Traceback (most recent call last):
  File "D:\Programing\Teamwork\Agora\Agora\server\app\services\debate_engine\round_manager.py", line 1079, in _persist_unhandled_task_failure
    async with self._session_factory() as task_db:
               ~~~~~~~~~~~~~~~~~~~~~^^
  File "C:\Users\asadb\AppData\Local\Programs\Python\Python314\Lib\site-packages\sqlalchemy\ext\asyncio\session.py", line 1762, in __call__
    return self.class_(**local_kw)
           ~~~~~~~~~~~^^^^^^^^^^^^
  File "C:\Users\asadb\AppData\Local\Programs\Python\Python314\Lib\site-packages\sqlalchemy\ext\asyncio\session.py", line 257, in __init__
    sync_bind = engine._get_sync_engine_or_connection(bind)
  File "C:\Users\asadb\AppData\Local\Programs\Python\Python314\Lib\site-packages\sqlalchemy\ext\asyncio\engine.py", line 1444, in _get_sync_engine_or_connection
    raise exc.ArgumentError(
        "AsyncEngine expected, got %r" % async_engine
    ) from e
sqlalchemy.exc.ArgumentError: AsyncEngine expected, got Engine(sqlite+aiosqlite://)
ERROR    app.services.debate_engine.round_manager:round_manager.py:929 Unhandled agent task exception: round=3 agent=2e9bb0cb-a0e1-4329-ac73-d25eaea54071 role=Scientist
Traceback (most recent call last):
  File "C:\Users\asadb\AppData\Local\Programs\Python\Python314\Lib\site-packages\sqlalchemy\ext\asyncio\engine.py", line 1442, in _get_sync_engine_or_connection
    return async_engine.sync_engine
           ^^^^^^^^^^^^^^^^^^^^^^^^
AttributeError: 'Engine' object has no attribute 'sync_engine'

The above exception was the direct cause of the following exception:

Traceback (most recent call last):
  File "D:\Programing\Teamwork\Agora\Agora\server\app\services\debate_engine\round_manager.py", line 919, in _run_plan
    return await self._run_agent_task(ctx, round_record, plan)
           ^^^^^^^^^^^^^^^^^^^^^^^^^^^^^^^^^^^^^^^^^^^^^^^^^^^
  File "D:\Programing\Teamwork\Agora\Agora\server\app\services\debate_engine\round_manager.py", line 965, in _run_agent_task
    async with self._session_factory() as task_db:
               ~~~~~~~~~~~~~~~~~~~~~^^
  File "C:\Users\asadb\AppData\Local\Programs\Python\Python314\Lib\site-packages\sqlalchemy\ext\asyncio\session.py", line 1762, in __call__
    return self.class_(**local_kw)
           ~~~~~~~~~~~^^^^^^^^^^^^
  File "C:\Users\asadb\AppData\Local\Programs\Python\Python314\Lib\site-packages\sqlalchemy\ext\asyncio\session.py", line 257, in __init__
    sync_bind = engine._get_sync_engine_or_connection(bind)
  File "C:\Users\asadb\AppData\Local\Programs\Python\Python314\Lib\site-packages\sqlalchemy\ext\asyncio\engine.py", line 1444, in _get_sync_engine_or_connection
    raise exc.ArgumentError(
        "AsyncEngine expected, got %r" % async_engine
    ) from e
sqlalchemy.exc.ArgumentError: AsyncEngine expected, got Engine(sqlite+aiosqlite://)
ERROR    app.services.debate_engine.round_manager:round_manager.py:1094 Failed to persist fallback error message: round=3 agent=2e9bb0cb-a0e1-4329-ac73-d25eaea54071
Traceback (most recent call last):
  File "C:\Users\asadb\AppData\Local\Programs\Python\Python314\Lib\site-packages\sqlalchemy\ext\asyncio\engine.py", line 1442, in _get_sync_engine_or_connection
    return async_engine.sync_engine
           ^^^^^^^^^^^^^^^^^^^^^^^^
AttributeError: 'Engine' object has no attribute 'sync_engine'

The above exception was the direct cause of the following exception:

Traceback (most recent call last):
  File "D:\Programing\Teamwork\Agora\Agora\server\app\services\debate_engine\round_manager.py", line 1079, in _persist_unhandled_task_failure
    async with self._session_factory() as task_db:
               ~~~~~~~~~~~~~~~~~~~~~^^
  File "C:\Users\asadb\AppData\Local\Programs\Python\Python314\Lib\site-packages\sqlalchemy\ext\asyncio\session.py", line 1762, in __call__
    return self.class_(**local_kw)
           ~~~~~~~~~~~^^^^^^^^^^^^
  File "C:\Users\asadb\AppData\Local\Programs\Python\Python314\Lib\site-packages\sqlalchemy\ext\asyncio\session.py", line 257, in __init__
    sync_bind = engine._get_sync_engine_or_connection(bind)
  File "C:\Users\asadb\AppData\Local\Programs\Python\Python314\Lib\site-packages\sqlalchemy\ext\asyncio\engine.py", line 1444, in _get_sync_engine_or_connection
    raise exc.ArgumentError(
        "AsyncEngine expected, got %r" % async_engine
    ) from e
sqlalchemy.exc.ArgumentError: AsyncEngine expected, got Engine(sqlite+aiosqlite://)
INFO     app.services.debate_engine.round_manager:round_manager.py:948 Round 3 parallel done in 0.01s failed=2/2
ERROR    app.services.debate_engine.round_manager:round_manager.py:1225 Round 3 failed: All agents failed in Round 3.
D:\Programing\Teamwork\Agora\Agora\server\app\services\debate_engine\round_manager.py:408: RuntimeError: All agents failed in Round 3.
E   RuntimeError: All agents failed in Round 3.
---------------------------- Captured stderr call -----------------------------
2026-05-15 19:45:04,719 [INFO] app.services.debate_engine.round_manager: Round 3 running (id=b3b48555-0750-4e62-a844-77a1d17dc866, turn=8b30b857-f05e-40e4-92e6-1e08b97dc88a)
2026-05-15 19:45:04,719 [INFO] app.services.debate_engine.round_manager: Round 3 parallel start agents=1 concurrency=1
2026-05-15 19:45:04,719 [ERROR] app.services.debate_engine.round_manager: Unhandled agent task exception: round=3 agent=74aba950-bf09-4b62-8550-5859c6cc4d9e role=Economist
Traceback (most recent call last):
  File "C:\Users\asadb\AppData\Local\Programs\Python\Python314\Lib\site-packages\sqlalchemy\ext\asyncio\engine.py", line 1442, in _get_sync_engine_or_connection
    return async_engine.sync_engine
           ^^^^^^^^^^^^^^^^^^^^^^^^
AttributeError: 'Engine' object has no attribute 'sync_engine'

The above exception was the direct cause of the following exception:

Traceback (most recent call last):
  File "D:\Programing\Teamwork\Agora\Agora\server\app\services\debate_engine\round_manager.py", line 919, in _run_plan
    return await self._run_agent_task(ctx, round_record, plan)
           ^^^^^^^^^^^^^^^^^^^^^^^^^^^^^^^^^^^^^^^^^^^^^^^^^^^
  File "D:\Programing\Teamwork\Agora\Agora\server\app\services\debate_engine\round_manager.py", line 965, in _run_agent_task
    async with self._session_factory() as task_db:
               ~~~~~~~~~~~~~~~~~~~~~^^
  File "C:\Users\asadb\AppData\Local\Programs\Python\Python314\Lib\site-packages\sqlalchemy\ext\asyncio\session.py", line 1762, in __call__
    return self.class_(**local_kw)
           ~~~~~~~~~~~^^^^^^^^^^^^
  File "C:\Users\asadb\AppData\Local\Programs\Python\Python314\Lib\site-packages\sqlalchemy\ext\asyncio\session.py", line 257, in __init__
    sync_bind = engine._get_sync_engine_or_connection(bind)
  File "C:\Users\asadb\AppData\Local\Programs\Python\Python314\Lib\site-packages\sqlalchemy\ext\asyncio\engine.py", line 1444, in _get_sync_engine_or_connection
    raise exc.ArgumentError(
        "AsyncEngine expected, got %r" % async_engine
    ) from e
sqlalchemy.exc.ArgumentError: AsyncEngine expected, got Engine(sqlite+aiosqlite://)
2026-05-15 19:45:04,720 [ERROR] app.services.debate_engine.round_manager: Failed to persist fallback error message: round=3 agent=74aba950-bf09-4b62-8550-5859c6cc4d9e
Traceback (most recent call last):
  File "C:\Users\asadb\AppData\Local\Programs\Python\Python314\Lib\site-packages\sqlalchemy\ext\asyncio\engine.py", line 1442, in _get_sync_engine_or_connection
    return async_engine.sync_engine
           ^^^^^^^^^^^^^^^^^^^^^^^^
AttributeError: 'Engine' object has no attribute 'sync_engine'

The above exception was the direct cause of the following exception:

Traceback (most recent call last):
  File "D:\Programing\Teamwork\Agora\Agora\server\app\services\debate_engine\round_manager.py", line 1079, in _persist_unhandled_task_failure
    async with self._session_factory() as task_db:
               ~~~~~~~~~~~~~~~~~~~~~^^
  File "C:\Users\asadb\AppData\Local\Programs\Python\Python314\Lib\site-packages\sqlalchemy\ext\asyncio\session.py", line 1762, in __call__
    return self.class_(**local_kw)
           ~~~~~~~~~~~^^^^^^^^^^^^
  File "C:\Users\asadb\AppData\Local\Programs\Python\Python314\Lib\site-packages\sqlalchemy\ext\asyncio\session.py", line 257, in __init__
    sync_bind = engine._get_sync_engine_or_connection(bind)
  File "C:\Users\asadb\AppData\Local\Programs\Python\Python314\Lib\site-packages\sqlalchemy\ext\asyncio\engine.py", line 1444, in _get_sync_engine_or_connection
    raise exc.ArgumentError(
        "AsyncEngine expected, got %r" % async_engine
    ) from e
sqlalchemy.exc.ArgumentError: AsyncEngine expected, got Engine(sqlite+aiosqlite://)
2026-05-15 19:45:04,721 [INFO] app.services.debate_engine.round_manager: Round 3 parallel done in 0.00s failed=1/1
2026-05-15 19:45:04,724 [ERROR] app.services.debate_engine.round_manager: Round 3 failed: All agents failed in Round 3.
------------------------------ Captured log call ------------------------------
INFO     app.services.debate_engine.round_manager:round_manager.py:1172 Round 3 running (id=b3b48555-0750-4e62-a844-77a1d17dc866, turn=8b30b857-f05e-40e4-92e6-1e08b97dc88a)
INFO     app.services.debate_engine.round_manager:round_manager.py:903 Round 3 parallel start agents=1 concurrency=1
ERROR    app.services.debate_engine.round_manager:round_manager.py:929 Unhandled agent task exception: round=3 agent=74aba950-bf09-4b62-8550-5859c6cc4d9e role=Economist
Traceback (most recent call last):
  File "C:\Users\asadb\AppData\Local\Programs\Python\Python314\Lib\site-packages\sqlalchemy\ext\asyncio\engine.py", line 1442, in _get_sync_engine_or_connection
    return async_engine.sync_engine
           ^^^^^^^^^^^^^^^^^^^^^^^^
AttributeError: 'Engine' object has no attribute 'sync_engine'

The above exception was the direct cause of the following exception:

Traceback (most recent call last):
  File "D:\Programing\Teamwork\Agora\Agora\server\app\services\debate_engine\round_manager.py", line 919, in _run_plan
    return await self._run_agent_task(ctx, round_record, plan)
           ^^^^^^^^^^^^^^^^^^^^^^^^^^^^^^^^^^^^^^^^^^^^^^^^^^^
  File "D:\Programing\Teamwork\Agora\Agora\server\app\services\debate_engine\round_manager.py", line 965, in _run_agent_task
    async with self._session_factory() as task_db:
               ~~~~~~~~~~~~~~~~~~~~~^^
  File "C:\Users\asadb\AppData\Local\Programs\Python\Python314\Lib\site-packages\sqlalchemy\ext\asyncio\session.py", line 1762, in __call__
    return self.class_(**local_kw)
           ~~~~~~~~~~~^^^^^^^^^^^^
  File "C:\Users\asadb\AppData\Local\Programs\Python\Python314\Lib\site-packages\sqlalchemy\ext\asyncio\session.py", line 257, in __init__
    sync_bind = engine._get_sync_engine_or_connection(bind)
  File "C:\Users\asadb\AppData\Local\Programs\Python\Python314\Lib\site-packages\sqlalchemy\ext\asyncio\engine.py", line 1444, in _get_sync_engine_or_connection
    raise exc.ArgumentError(
        "AsyncEngine expected, got %r" % async_engine
    ) from e
sqlalchemy.exc.ArgumentError: AsyncEngine expected, got Engine(sqlite+aiosqlite://)
ERROR    app.services.debate_engine.round_manager:round_manager.py:1094 Failed to persist fallback error message: round=3 agent=74aba950-bf09-4b62-8550-5859c6cc4d9e
Traceback (most recent call last):
  File "C:\Users\asadb\AppData\Local\Programs\Python\Python314\Lib\site-packages\sqlalchemy\ext\asyncio\engine.py", line 1442, in _get_sync_engine_or_connection
    return async_engine.sync_engine
           ^^^^^^^^^^^^^^^^^^^^^^^^
AttributeError: 'Engine' object has no attribute 'sync_engine'

The above exception was the direct cause of the following exception:

Traceback (most recent call last):
  File "D:\Programing\Teamwork\Agora\Agora\server\app\services\debate_engine\round_manager.py", line 1079, in _persist_unhandled_task_failure
    async with self._session_factory() as task_db:
               ~~~~~~~~~~~~~~~~~~~~~^^
  File "C:\Users\asadb\AppData\Local\Programs\Python\Python314\Lib\site-packages\sqlalchemy\ext\asyncio\session.py", line 1762, in __call__
    return self.class_(**local_kw)
           ~~~~~~~~~~~^^^^^^^^^^^^
  File "C:\Users\asadb\AppData\Local\Programs\Python\Python314\Lib\site-packages\sqlalchemy\ext\asyncio\session.py", line 257, in __init__
    sync_bind = engine._get_sync_engine_or_connection(bind)
  File "C:\Users\asadb\AppData\Local\Programs\Python\Python314\Lib\site-packages\sqlalchemy\ext\asyncio\engine.py", line 1444, in _get_sync_engine_or_connection
    raise exc.ArgumentError(
        "AsyncEngine expected, got %r" % async_engine
    ) from e
sqlalchemy.exc.ArgumentError: AsyncEngine expected, got Engine(sqlite+aiosqlite://)
INFO     app.services.debate_engine.round_manager:round_manager.py:948 Round 3 parallel done in 0.00s failed=1/1
ERROR    app.services.debate_engine.round_manager:round_manager.py:1225 Round 3 failed: All agents failed in Round 3.
D:\Programing\Teamwork\Agora\Agora\server\app\services\debate_engine\round_manager.py:408: RuntimeError: All agents failed in Round 3.
E   RuntimeError: All agents failed in Round 1.
---------------------------- Captured stderr call -----------------------------
2026-05-15 19:45:04,814 [INFO] app.services.debate_engine.round_manager: Round 1 running (id=e39c8e32-e8d0-4a69-8ba3-c23e1ca7d6b7, turn=597a221f-bb20-43cc-97ce-4816ff89f701)
2026-05-15 19:45:04,815 [INFO] app.services.debate_engine.round_manager: Round 1 parallel start agents=2 concurrency=2
2026-05-15 19:45:04,815 [ERROR] app.services.debate_engine.round_manager: Unhandled agent task exception: round=1 agent=854c40cb-e971-41a6-8371-b958687d396d role=A
Traceback (most recent call last):
  File "C:\Users\asadb\AppData\Local\Programs\Python\Python314\Lib\site-packages\sqlalchemy\ext\asyncio\engine.py", line 1442, in _get_sync_engine_or_connection
    return async_engine.sync_engine
           ^^^^^^^^^^^^^^^^^^^^^^^^
AttributeError: 'Engine' object has no attribute 'sync_engine'

The above exception was the direct cause of the following exception:

Traceback (most recent call last):
  File "D:\Programing\Teamwork\Agora\Agora\server\app\services\debate_engine\round_manager.py", line 919, in _run_plan
    return await self._run_agent_task(ctx, round_record, plan)
           ^^^^^^^^^^^^^^^^^^^^^^^^^^^^^^^^^^^^^^^^^^^^^^^^^^^
  File "D:\Programing\Teamwork\Agora\Agora\server\app\services\debate_engine\round_manager.py", line 965, in _run_agent_task
    async with self._session_factory() as task_db:
               ~~~~~~~~~~~~~~~~~~~~~^^
  File "C:\Users\asadb\AppData\Local\Programs\Python\Python314\Lib\site-packages\sqlalchemy\ext\asyncio\session.py", line 1762, in __call__
    return self.class_(**local_kw)
           ~~~~~~~~~~~^^^^^^^^^^^^
  File "C:\Users\asadb\AppData\Local\Programs\Python\Python314\Lib\site-packages\sqlalchemy\ext\asyncio\session.py", line 257, in __init__
    sync_bind = engine._get_sync_engine_or_connection(bind)
  File "C:\Users\asadb\AppData\Local\Programs\Python\Python314\Lib\site-packages\sqlalchemy\ext\asyncio\engine.py", line 1444, in _get_sync_engine_or_connection
    raise exc.ArgumentError(
        "AsyncEngine expected, got %r" % async_engine
    ) from e
sqlalchemy.exc.ArgumentError: AsyncEngine expected, got Engine(sqlite+aiosqlite://)
2026-05-15 19:45:04,816 [ERROR] app.services.debate_engine.round_manager: Failed to persist fallback error message: round=1 agent=854c40cb-e971-41a6-8371-b958687d396d
Traceback (most recent call last):
  File "C:\Users\asadb\AppData\Local\Programs\Python\Python314\Lib\site-packages\sqlalchemy\ext\asyncio\engine.py", line 1442, in _get_sync_engine_or_connection
    return async_engine.sync_engine
           ^^^^^^^^^^^^^^^^^^^^^^^^
AttributeError: 'Engine' object has no attribute 'sync_engine'

The above exception was the direct cause of the following exception:

Traceback (most recent call last):
  File "D:\Programing\Teamwork\Agora\Agora\server\app\services\debate_engine\round_manager.py", line 1079, in _persist_unhandled_task_failure
    async with self._session_factory() as task_db:
               ~~~~~~~~~~~~~~~~~~~~~^^
  File "C:\Users\asadb\AppData\Local\Programs\Python\Python314\Lib\site-packages\sqlalchemy\ext\asyncio\session.py", line 1762, in __call__
    return self.class_(**local_kw)
           ~~~~~~~~~~~^^^^^^^^^^^^
  File "C:\Users\asadb\AppData\Local\Programs\Python\Python314\Lib\site-packages\sqlalchemy\ext\asyncio\session.py", line 257, in __init__
    sync_bind = engine._get_sync_engine_or_connection(bind)
  File "C:\Users\asadb\AppData\Local\Programs\Python\Python314\Lib\site-packages\sqlalchemy\ext\asyncio\engine.py", line 1444, in _get_sync_engine_or_connection
    raise exc.ArgumentError(
        "AsyncEngine expected, got %r" % async_engine
    ) from e
sqlalchemy.exc.ArgumentError: AsyncEngine expected, got Engine(sqlite+aiosqlite://)
2026-05-15 19:45:04,817 [ERROR] app.services.debate_engine.round_manager: Unhandled agent task exception: round=1 agent=06046fe7-3856-45c3-b7d4-7f312e24a8a8 role=B
Traceback (most recent call last):
  File "C:\Users\asadb\AppData\Local\Programs\Python\Python314\Lib\site-packages\sqlalchemy\ext\asyncio\engine.py", line 1442, in _get_sync_engine_or_connection
    return async_engine.sync_engine
           ^^^^^^^^^^^^^^^^^^^^^^^^
AttributeError: 'Engine' object has no attribute 'sync_engine'

The above exception was the direct cause of the following exception:

Traceback (most recent call last):
  File "D:\Programing\Teamwork\Agora\Agora\server\app\services\debate_engine\round_manager.py", line 919, in _run_plan
    return await self._run_agent_task(ctx, round_record, plan)
           ^^^^^^^^^^^^^^^^^^^^^^^^^^^^^^^^^^^^^^^^^^^^^^^^^^^
  File "D:\Programing\Teamwork\Agora\Agora\server\app\services\debate_engine\round_manager.py", line 965, in _run_agent_task
    async with self._session_factory() as task_db:
               ~~~~~~~~~~~~~~~~~~~~~^^
  File "C:\Users\asadb\AppData\Local\Programs\Python\Python314\Lib\site-packages\sqlalchemy\ext\asyncio\session.py", line 1762, in __call__
    return self.class_(**local_kw)
           ~~~~~~~~~~~^^^^^^^^^^^^
  File "C:\Users\asadb\AppData\Local\Programs\Python\Python314\Lib\site-packages\sqlalchemy\ext\asyncio\session.py", line 257, in __init__
    sync_bind = engine._get_sync_engine_or_connection(bind)
  File "C:\Users\asadb\AppData\Local\Programs\Python\Python314\Lib\site-packages\sqlalchemy\ext\asyncio\engine.py", line 1444, in _get_sync_engine_or_connection
    raise exc.ArgumentError(
        "AsyncEngine expected, got %r" % async_engine
    ) from e
sqlalchemy.exc.ArgumentError: AsyncEngine expected, got Engine(sqlite+aiosqlite://)
2026-05-15 19:45:04,819 [ERROR] app.services.debate_engine.round_manager: Failed to persist fallback error message: round=1 agent=06046fe7-3856-45c3-b7d4-7f312e24a8a8
Traceback (most recent call last):
  File "C:\Users\asadb\AppData\Local\Programs\Python\Python314\Lib\site-packages\sqlalchemy\ext\asyncio\engine.py", line 1442, in _get_sync_engine_or_connection
    return async_engine.sync_engine
           ^^^^^^^^^^^^^^^^^^^^^^^^
AttributeError: 'Engine' object has no attribute 'sync_engine'

The above exception was the direct cause of the following exception:

Traceback (most recent call last):
  File "D:\Programing\Teamwork\Agora\Agora\server\app\services\debate_engine\round_manager.py", line 1079, in _persist_unhandled_task_failure
    async with self._session_factory() as task_db:
               ~~~~~~~~~~~~~~~~~~~~~^^
  File "C:\Users\asadb\AppData\Local\Programs\Python\Python314\Lib\site-packages\sqlalchemy\ext\asyncio\session.py", line 1762, in __call__
    return self.class_(**local_kw)
           ~~~~~~~~~~~^^^^^^^^^^^^
  File "C:\Users\asadb\AppData\Local\Programs\Python\Python314\Lib\site-packages\sqlalchemy\ext\asyncio\session.py", line 257, in __init__
    sync_bind = engine._get_sync_engine_or_connection(bind)
  File "C:\Users\asadb\AppData\Local\Programs\Python\Python314\Lib\site-packages\sqlalchemy\ext\asyncio\engine.py", line 1444, in _get_sync_engine_or_connection
    raise exc.ArgumentError(
        "AsyncEngine expected, got %r" % async_engine
    ) from e
sqlalchemy.exc.ArgumentError: AsyncEngine expected, got Engine(sqlite+aiosqlite://)
2026-05-15 19:45:04,820 [INFO] app.services.debate_engine.round_manager: Round 1 parallel done in 0.00s failed=2/2
2026-05-15 19:45:04,824 [ERROR] app.services.debate_engine.round_manager: Round 1 failed: All agents failed in Round 1.
------------------------------ Captured log call ------------------------------
INFO     app.services.debate_engine.round_manager:round_manager.py:1172 Round 1 running (id=e39c8e32-e8d0-4a69-8ba3-c23e1ca7d6b7, turn=597a221f-bb20-43cc-97ce-4816ff89f701)
INFO     app.services.debate_engine.round_manager:round_manager.py:903 Round 1 parallel start agents=2 concurrency=2
ERROR    app.services.debate_engine.round_manager:round_manager.py:929 Unhandled agent task exception: round=1 agent=854c40cb-e971-41a6-8371-b958687d396d role=A
Traceback (most recent call last):
  File "C:\Users\asadb\AppData\Local\Programs\Python\Python314\Lib\site-packages\sqlalchemy\ext\asyncio\engine.py", line 1442, in _get_sync_engine_or_connection
    return async_engine.sync_engine
           ^^^^^^^^^^^^^^^^^^^^^^^^
AttributeError: 'Engine' object has no attribute 'sync_engine'

The above exception was the direct cause of the following exception:

Traceback (most recent call last):
  File "D:\Programing\Teamwork\Agora\Agora\server\app\services\debate_engine\round_manager.py", line 919, in _run_plan
    return await self._run_agent_task(ctx, round_record, plan)
           ^^^^^^^^^^^^^^^^^^^^^^^^^^^^^^^^^^^^^^^^^^^^^^^^^^^
  File "D:\Programing\Teamwork\Agora\Agora\server\app\services\debate_engine\round_manager.py", line 965, in _run_agent_task
    async with self._session_factory() as task_db:
               ~~~~~~~~~~~~~~~~~~~~~^^
  File "C:\Users\asadb\AppData\Local\Programs\Python\Python314\Lib\site-packages\sqlalchemy\ext\asyncio\session.py", line 1762, in __call__
    return self.class_(**local_kw)
           ~~~~~~~~~~~^^^^^^^^^^^^
  File "C:\Users\asadb\AppData\Local\Programs\Python\Python314\Lib\site-packages\sqlalchemy\ext\asyncio\session.py", line 257, in __init__
    sync_bind = engine._get_sync_engine_or_connection(bind)
  File "C:\Users\asadb\AppData\Local\Programs\Python\Python314\Lib\site-packages\sqlalchemy\ext\asyncio\engine.py", line 1444, in _get_sync_engine_or_connection
    raise exc.ArgumentError(
        "AsyncEngine expected, got %r" % async_engine
    ) from e
sqlalchemy.exc.ArgumentError: AsyncEngine expected, got Engine(sqlite+aiosqlite://)
ERROR    app.services.debate_engine.round_manager:round_manager.py:1094 Failed to persist fallback error message: round=1 agent=854c40cb-e971-41a6-8371-b958687d396d
Traceback (most recent call last):
  File "C:\Users\asadb\AppData\Local\Programs\Python\Python314\Lib\site-packages\sqlalchemy\ext\asyncio\engine.py", line 1442, in _get_sync_engine_or_connection
    return async_engine.sync_engine
           ^^^^^^^^^^^^^^^^^^^^^^^^
AttributeError: 'Engine' object has no attribute 'sync_engine'

The above exception was the direct cause of the following exception:

Traceback (most recent call last):
  File "D:\Programing\Teamwork\Agora\Agora\server\app\services\debate_engine\round_manager.py", line 1079, in _persist_unhandled_task_failure
    async with self._session_factory() as task_db:
               ~~~~~~~~~~~~~~~~~~~~~^^
  File "C:\Users\asadb\AppData\Local\Programs\Python\Python314\Lib\site-packages\sqlalchemy\ext\asyncio\session.py", line 1762, in __call__
    return self.class_(**local_kw)
           ~~~~~~~~~~~^^^^^^^^^^^^
  File "C:\Users\asadb\AppData\Local\Programs\Python\Python314\Lib\site-packages\sqlalchemy\ext\asyncio\session.py", line 257, in __init__
    sync_bind = engine._get_sync_engine_or_connection(bind)
  File "C:\Users\asadb\AppData\Local\Programs\Python\Python314\Lib\site-packages\sqlalchemy\ext\asyncio\engine.py", line 1444, in _get_sync_engine_or_connection
    raise exc.ArgumentError(
        "AsyncEngine expected, got %r" % async_engine
    ) from e
sqlalchemy.exc.ArgumentError: AsyncEngine expected, got Engine(sqlite+aiosqlite://)
ERROR    app.services.debate_engine.round_manager:round_manager.py:929 Unhandled agent task exception: round=1 agent=06046fe7-3856-45c3-b7d4-7f312e24a8a8 role=B
Traceback (most recent call last):
  File "C:\Users\asadb\AppData\Local\Programs\Python\Python314\Lib\site-packages\sqlalchemy\ext\asyncio\engine.py", line 1442, in _get_sync_engine_or_connection
    return async_engine.sync_engine
           ^^^^^^^^^^^^^^^^^^^^^^^^
AttributeError: 'Engine' object has no attribute 'sync_engine'

The above exception was the direct cause of the following exception:

Traceback (most recent call last):
  File "D:\Programing\Teamwork\Agora\Agora\server\app\services\debate_engine\round_manager.py", line 919, in _run_plan
    return await self._run_agent_task(ctx, round_record, plan)
           ^^^^^^^^^^^^^^^^^^^^^^^^^^^^^^^^^^^^^^^^^^^^^^^^^^^
  File "D:\Programing\Teamwork\Agora\Agora\server\app\services\debate_engine\round_manager.py", line 965, in _run_agent_task
    async with self._session_factory() as task_db:
               ~~~~~~~~~~~~~~~~~~~~~^^
  File "C:\Users\asadb\AppData\Local\Programs\Python\Python314\Lib\site-packages\sqlalchemy\ext\asyncio\session.py", line 1762, in __call__
    return self.class_(**local_kw)
           ~~~~~~~~~~~^^^^^^^^^^^^
  File "C:\Users\asadb\AppData\Local\Programs\Python\Python314\Lib\site-packages\sqlalchemy\ext\asyncio\session.py", line 257, in __init__
    sync_bind = engine._get_sync_engine_or_connection(bind)
  File "C:\Users\asadb\AppData\Local\Programs\Python\Python314\Lib\site-packages\sqlalchemy\ext\asyncio\engine.py", line 1444, in _get_sync_engine_or_connection
    raise exc.ArgumentError(
        "AsyncEngine expected, got %r" % async_engine
    ) from e
sqlalchemy.exc.ArgumentError: AsyncEngine expected, got Engine(sqlite+aiosqlite://)
ERROR    app.services.debate_engine.round_manager:round_manager.py:1094 Failed to persist fallback error message: round=1 agent=06046fe7-3856-45c3-b7d4-7f312e24a8a8
Traceback (most recent call last):
  File "C:\Users\asadb\AppData\Local\Programs\Python\Python314\Lib\site-packages\sqlalchemy\ext\asyncio\engine.py", line 1442, in _get_sync_engine_or_connection
    return async_engine.sync_engine
           ^^^^^^^^^^^^^^^^^^^^^^^^
AttributeError: 'Engine' object has no attribute 'sync_engine'

The above exception was the direct cause of the following exception:

Traceback (most recent call last):
  File "D:\Programing\Teamwork\Agora\Agora\server\app\services\debate_engine\round_manager.py", line 1079, in _persist_unhandled_task_failure
    async with self._session_factory() as task_db:
               ~~~~~~~~~~~~~~~~~~~~~^^
  File "C:\Users\asadb\AppData\Local\Programs\Python\Python314\Lib\site-packages\sqlalchemy\ext\asyncio\session.py", line 1762, in __call__
    return self.class_(**local_kw)
           ~~~~~~~~~~~^^^^^^^^^^^^
  File "C:\Users\asadb\AppData\Local\Programs\Python\Python314\Lib\site-packages\sqlalchemy\ext\asyncio\session.py", line 257, in __init__
    sync_bind = engine._get_sync_engine_or_connection(bind)
  File "C:\Users\asadb\AppData\Local\Programs\Python\Python314\Lib\site-packages\sqlalchemy\ext\asyncio\engine.py", line 1444, in _get_sync_engine_or_connection
    raise exc.ArgumentError(
        "AsyncEngine expected, got %r" % async_engine
    ) from e
sqlalchemy.exc.ArgumentError: AsyncEngine expected, got Engine(sqlite+aiosqlite://)
INFO     app.services.debate_engine.round_manager:round_manager.py:948 Round 1 parallel done in 0.00s failed=2/2
ERROR    app.services.debate_engine.round_manager:round_manager.py:1225 Round 1 failed: All agents failed in Round 1.
D:\Programing\Teamwork\Agora\Agora\server\app\services\debate_engine\round_manager.py:209: RuntimeError: All agents failed in Round 1.
E   RuntimeError: All agents failed in Round 2.
---------------------------- Captured stderr call -----------------------------
2026-05-15 19:45:04,919 [INFO] app.services.debate_engine.round_manager: Round 2 running (id=8b84dfd5-dc8a-489f-b671-3f7af7e5c11f, turn=6e62000d-6d23-443a-b57b-55dd4ed28295)
2026-05-15 19:45:04,920 [INFO] app.services.debate_engine.round_manager: Round 2 parallel start agents=3 concurrency=3
2026-05-15 19:45:04,920 [ERROR] app.services.debate_engine.round_manager: Unhandled agent task exception: round=2 agent=1b3e1bd4-6d6f-4052-ba91-fb58d0b43e0c role=Economist
Traceback (most recent call last):
  File "C:\Users\asadb\AppData\Local\Programs\Python\Python314\Lib\site-packages\sqlalchemy\ext\asyncio\engine.py", line 1442, in _get_sync_engine_or_connection
    return async_engine.sync_engine
           ^^^^^^^^^^^^^^^^^^^^^^^^
AttributeError: 'Engine' object has no attribute 'sync_engine'

The above exception was the direct cause of the following exception:

Traceback (most recent call last):
  File "D:\Programing\Teamwork\Agora\Agora\server\app\services\debate_engine\round_manager.py", line 919, in _run_plan
    return await self._run_agent_task(ctx, round_record, plan)
           ^^^^^^^^^^^^^^^^^^^^^^^^^^^^^^^^^^^^^^^^^^^^^^^^^^^
  File "D:\Programing\Teamwork\Agora\Agora\server\app\services\debate_engine\round_manager.py", line 965, in _run_agent_task
    async with self._session_factory() as task_db:
               ~~~~~~~~~~~~~~~~~~~~~^^
  File "C:\Users\asadb\AppData\Local\Programs\Python\Python314\Lib\site-packages\sqlalchemy\ext\asyncio\session.py", line 1762, in __call__
    return self.class_(**local_kw)
           ~~~~~~~~~~~^^^^^^^^^^^^
  File "C:\Users\asadb\AppData\Local\Programs\Python\Python314\Lib\site-packages\sqlalchemy\ext\asyncio\session.py", line 257, in __init__
    sync_bind = engine._get_sync_engine_or_connection(bind)
  File "C:\Users\asadb\AppData\Local\Programs\Python\Python314\Lib\site-packages\sqlalchemy\ext\asyncio\engine.py", line 1444, in _get_sync_engine_or_connection
    raise exc.ArgumentError(
        "AsyncEngine expected, got %r" % async_engine
    ) from e
sqlalchemy.exc.ArgumentError: AsyncEngine expected, got Engine(sqlite+aiosqlite://)
2026-05-15 19:45:04,921 [ERROR] app.services.debate_engine.round_manager: Failed to persist fallback error message: round=2 agent=1b3e1bd4-6d6f-4052-ba91-fb58d0b43e0c
Traceback (most recent call last):
  File "C:\Users\asadb\AppData\Local\Programs\Python\Python314\Lib\site-packages\sqlalchemy\ext\asyncio\engine.py", line 1442, in _get_sync_engine_or_connection
    return async_engine.sync_engine
           ^^^^^^^^^^^^^^^^^^^^^^^^
AttributeError: 'Engine' object has no attribute 'sync_engine'

The above exception was the direct cause of the following exception:

Traceback (most recent call last):
  File "D:\Programing\Teamwork\Agora\Agora\server\app\services\debate_engine\round_manager.py", line 1079, in _persist_unhandled_task_failure
    async with self._session_factory() as task_db:
               ~~~~~~~~~~~~~~~~~~~~~^^
  File "C:\Users\asadb\AppData\Local\Programs\Python\Python314\Lib\site-packages\sqlalchemy\ext\asyncio\session.py", line 1762, in __call__
    return self.class_(**local_kw)
           ~~~~~~~~~~~^^^^^^^^^^^^
  File "C:\Users\asadb\AppData\Local\Programs\Python\Python314\Lib\site-packages\sqlalchemy\ext\asyncio\session.py", line 257, in __init__
    sync_bind = engine._get_sync_engine_or_connection(bind)
  File "C:\Users\asadb\AppData\Local\Programs\Python\Python314\Lib\site-packages\sqlalchemy\ext\asyncio\engine.py", line 1444, in _get_sync_engine_or_connection
    raise exc.ArgumentError(
        "AsyncEngine expected, got %r" % async_engine
    ) from e
sqlalchemy.exc.ArgumentError: AsyncEngine expected, got Engine(sqlite+aiosqlite://)
2026-05-15 19:45:04,922 [ERROR] app.services.debate_engine.round_manager: Unhandled agent task exception: round=2 agent=2ebd9363-4a21-4714-97dc-dbf5a07f1ea1 role=Ethicist
Traceback (most recent call last):
  File "C:\Users\asadb\AppData\Local\Programs\Python\Python314\Lib\site-packages\sqlalchemy\ext\asyncio\engine.py", line 1442, in _get_sync_engine_or_connection
    return async_engine.sync_engine
           ^^^^^^^^^^^^^^^^^^^^^^^^
AttributeError: 'Engine' object has no attribute 'sync_engine'

The above exception was the direct cause of the following exception:

Traceback (most recent call last):
  File "D:\Programing\Teamwork\Agora\Agora\server\app\services\debate_engine\round_manager.py", line 919, in _run_plan
    return await self._run_agent_task(ctx, round_record, plan)
           ^^^^^^^^^^^^^^^^^^^^^^^^^^^^^^^^^^^^^^^^^^^^^^^^^^^
  File "D:\Programing\Teamwork\Agora\Agora\server\app\services\debate_engine\round_manager.py", line 965, in _run_agent_task
    async with self._session_factory() as task_db:
               ~~~~~~~~~~~~~~~~~~~~~^^
  File "C:\Users\asadb\AppData\Local\Programs\Python\Python314\Lib\site-packages\sqlalchemy\ext\asyncio\session.py", line 1762, in __call__
    return self.class_(**local_kw)
           ~~~~~~~~~~~^^^^^^^^^^^^
  File "C:\Users\asadb\AppData\Local\Programs\Python\Python314\Lib\site-packages\sqlalchemy\ext\asyncio\session.py", line 257, in __init__
    sync_bind = engine._get_sync_engine_or_connection(bind)
  File "C:\Users\asadb\AppData\Local\Programs\Python\Python314\Lib\site-packages\sqlalchemy\ext\asyncio\engine.py", line 1444, in _get_sync_engine_or_connection
    raise exc.ArgumentError(
        "AsyncEngine expected, got %r" % async_engine
    ) from e
sqlalchemy.exc.ArgumentError: AsyncEngine expected, got Engine(sqlite+aiosqlite://)
2026-05-15 19:45:04,923 [ERROR] app.services.debate_engine.round_manager: Failed to persist fallback error message: round=2 agent=2ebd9363-4a21-4714-97dc-dbf5a07f1ea1
Traceback (most recent call last):
  File "C:\Users\asadb\AppData\Local\Programs\Python\Python314\Lib\site-packages\sqlalchemy\ext\asyncio\engine.py", line 1442, in _get_sync_engine_or_connection
    return async_engine.sync_engine
           ^^^^^^^^^^^^^^^^^^^^^^^^
AttributeError: 'Engine' object has no attribute 'sync_engine'

The above exception was the direct cause of the following exception:

Traceback (most recent call last):
  File "D:\Programing\Teamwork\Agora\Agora\server\app\services\debate_engine\round_manager.py", line 1079, in _persist_unhandled_task_failure
    async with self._session_factory() as task_db:
               ~~~~~~~~~~~~~~~~~~~~~^^
  File "C:\Users\asadb\AppData\Local\Programs\Python\Python314\Lib\site-packages\sqlalchemy\ext\asyncio\session.py", line 1762, in __call__
    return self.class_(**local_kw)
           ~~~~~~~~~~~^^^^^^^^^^^^
  File "C:\Users\asadb\AppData\Local\Programs\Python\Python314\Lib\site-packages\sqlalchemy\ext\asyncio\session.py", line 257, in __init__
    sync_bind = engine._get_sync_engine_or_connection(bind)
  File "C:\Users\asadb\AppData\Local\Programs\Python\Python314\Lib\site-packages\sqlalchemy\ext\asyncio\engine.py", line 1444, in _get_sync_engine_or_connection
    raise exc.ArgumentError(
        "AsyncEngine expected, got %r" % async_engine
    ) from e
sqlalchemy.exc.ArgumentError: AsyncEngine expected, got Engine(sqlite+aiosqlite://)
2026-05-15 19:45:04,924 [ERROR] app.services.debate_engine.round_manager: Unhandled agent task exception: round=2 agent=fc73c583-5d09-4fd4-bda5-001bb96fb9a1 role=Engineer
Traceback (most recent call last):
  File "C:\Users\asadb\AppData\Local\Programs\Python\Python314\Lib\site-packages\sqlalchemy\ext\asyncio\engine.py", line 1442, in _get_sync_engine_or_connection
    return async_engine.sync_engine
           ^^^^^^^^^^^^^^^^^^^^^^^^
AttributeError: 'Engine' object has no attribute 'sync_engine'

The above exception was the direct cause of the following exception:

Traceback (most recent call last):
  File "D:\Programing\Teamwork\Agora\Agora\server\app\services\debate_engine\round_manager.py", line 919, in _run_plan
    return await self._run_agent_task(ctx, round_record, plan)
           ^^^^^^^^^^^^^^^^^^^^^^^^^^^^^^^^^^^^^^^^^^^^^^^^^^^
  File "D:\Programing\Teamwork\Agora\Agora\server\app\services\debate_engine\round_manager.py", line 965, in _run_agent_task
    async with self._session_factory() as task_db:
               ~~~~~~~~~~~~~~~~~~~~~^^
  File "C:\Users\asadb\AppData\Local\Programs\Python\Python314\Lib\site-packages\sqlalchemy\ext\asyncio\session.py", line 1762, in __call__
    return self.class_(**local_kw)
           ~~~~~~~~~~~^^^^^^^^^^^^
  File "C:\Users\asadb\AppData\Local\Programs\Python\Python314\Lib\site-packages\sqlalchemy\ext\asyncio\session.py", line 257, in __init__
    sync_bind = engine._get_sync_engine_or_connection(bind)
  File "C:\Users\asadb\AppData\Local\Programs\Python\Python314\Lib\site-packages\sqlalchemy\ext\asyncio\engine.py", line 1444, in _get_sync_engine_or_connection
    raise exc.ArgumentError(
        "AsyncEngine expected, got %r" % async_engine
    ) from e
sqlalchemy.exc.ArgumentError: AsyncEngine expected, got Engine(sqlite+aiosqlite://)
2026-05-15 19:45:04,925 [ERROR] app.services.debate_engine.round_manager: Failed to persist fallback error message: round=2 agent=fc73c583-5d09-4fd4-bda5-001bb96fb9a1
Traceback (most recent call last):
  File "C:\Users\asadb\AppData\Local\Programs\Python\Python314\Lib\site-packages\sqlalchemy\ext\asyncio\engine.py", line 1442, in _get_sync_engine_or_connection
    return async_engine.sync_engine
           ^^^^^^^^^^^^^^^^^^^^^^^^
AttributeError: 'Engine' object has no attribute 'sync_engine'

The above exception was the direct cause of the following exception:

Traceback (most recent call last):
  File "D:\Programing\Teamwork\Agora\Agora\server\app\services\debate_engine\round_manager.py", line 1079, in _persist_unhandled_task_failure
    async with self._session_factory() as task_db:
               ~~~~~~~~~~~~~~~~~~~~~^^
  File "C:\Users\asadb\AppData\Local\Programs\Python\Python314\Lib\site-packages\sqlalchemy\ext\asyncio\session.py", line 1762, in __call__
    return self.class_(**local_kw)
           ~~~~~~~~~~~^^^^^^^^^^^^
  File "C:\Users\asadb\AppData\Local\Programs\Python\Python314\Lib\site-packages\sqlalchemy\ext\asyncio\session.py", line 257, in __init__
    sync_bind = engine._get_sync_engine_or_connection(bind)
  File "C:\Users\asadb\AppData\Local\Programs\Python\Python314\Lib\site-packages\sqlalchemy\ext\asyncio\engine.py", line 1444, in _get_sync_engine_or_connection
    raise exc.ArgumentError(
        "AsyncEngine expected, got %r" % async_engine
    ) from e
sqlalchemy.exc.ArgumentError: AsyncEngine expected, got Engine(sqlite+aiosqlite://)
2026-05-15 19:45:04,926 [INFO] app.services.debate_engine.round_manager: Round 2 parallel done in 0.01s failed=3/3
2026-05-15 19:45:04,928 [ERROR] app.services.debate_engine.round_manager: Round 2 failed: All agents failed in Round 2.
------------------------------ Captured log call ------------------------------
INFO     app.services.debate_engine.round_manager:round_manager.py:1172 Round 2 running (id=8b84dfd5-dc8a-489f-b671-3f7af7e5c11f, turn=6e62000d-6d23-443a-b57b-55dd4ed28295)
INFO     app.services.debate_engine.round_manager:round_manager.py:903 Round 2 parallel start agents=3 concurrency=3
ERROR    app.services.debate_engine.round_manager:round_manager.py:929 Unhandled agent task exception: round=2 agent=1b3e1bd4-6d6f-4052-ba91-fb58d0b43e0c role=Economist
Traceback (most recent call last):
  File "C:\Users\asadb\AppData\Local\Programs\Python\Python314\Lib\site-packages\sqlalchemy\ext\asyncio\engine.py", line 1442, in _get_sync_engine_or_connection
    return async_engine.sync_engine
           ^^^^^^^^^^^^^^^^^^^^^^^^
AttributeError: 'Engine' object has no attribute 'sync_engine'

The above exception was the direct cause of the following exception:

Traceback (most recent call last):
  File "D:\Programing\Teamwork\Agora\Agora\server\app\services\debate_engine\round_manager.py", line 919, in _run_plan
    return await self._run_agent_task(ctx, round_record, plan)
           ^^^^^^^^^^^^^^^^^^^^^^^^^^^^^^^^^^^^^^^^^^^^^^^^^^^
  File "D:\Programing\Teamwork\Agora\Agora\server\app\services\debate_engine\round_manager.py", line 965, in _run_agent_task
    async with self._session_factory() as task_db:
               ~~~~~~~~~~~~~~~~~~~~~^^
  File "C:\Users\asadb\AppData\Local\Programs\Python\Python314\Lib\site-packages\sqlalchemy\ext\asyncio\session.py", line 1762, in __call__
    return self.class_(**local_kw)
           ~~~~~~~~~~~^^^^^^^^^^^^
  File "C:\Users\asadb\AppData\Local\Programs\Python\Python314\Lib\site-packages\sqlalchemy\ext\asyncio\session.py", line 257, in __init__
    sync_bind = engine._get_sync_engine_or_connection(bind)
  File "C:\Users\asadb\AppData\Local\Programs\Python\Python314\Lib\site-packages\sqlalchemy\ext\asyncio\engine.py", line 1444, in _get_sync_engine_or_connection
    raise exc.ArgumentError(
        "AsyncEngine expected, got %r" % async_engine
    ) from e
sqlalchemy.exc.ArgumentError: AsyncEngine expected, got Engine(sqlite+aiosqlite://)
ERROR    app.services.debate_engine.round_manager:round_manager.py:1094 Failed to persist fallback error message: round=2 agent=1b3e1bd4-6d6f-4052-ba91-fb58d0b43e0c
Traceback (most recent call last):
  File "C:\Users\asadb\AppData\Local\Programs\Python\Python314\Lib\site-packages\sqlalchemy\ext\asyncio\engine.py", line 1442, in _get_sync_engine_or_connection
    return async_engine.sync_engine
           ^^^^^^^^^^^^^^^^^^^^^^^^
AttributeError: 'Engine' object has no attribute 'sync_engine'

The above exception was the direct cause of the following exception:

Traceback (most recent call last):
  File "D:\Programing\Teamwork\Agora\Agora\server\app\services\debate_engine\round_manager.py", line 1079, in _persist_unhandled_task_failure
    async with self._session_factory() as task_db:
               ~~~~~~~~~~~~~~~~~~~~~^^
  File "C:\Users\asadb\AppData\Local\Programs\Python\Python314\Lib\site-packages\sqlalchemy\ext\asyncio\session.py", line 1762, in __call__
    return self.class_(**local_kw)
           ~~~~~~~~~~~^^^^^^^^^^^^
  File "C:\Users\asadb\AppData\Local\Programs\Python\Python314\Lib\site-packages\sqlalchemy\ext\asyncio\session.py", line 257, in __init__
    sync_bind = engine._get_sync_engine_or_connection(bind)
  File "C:\Users\asadb\AppData\Local\Programs\Python\Python314\Lib\site-packages\sqlalchemy\ext\asyncio\engine.py", line 1444, in _get_sync_engine_or_connection
    raise exc.ArgumentError(
        "AsyncEngine expected, got %r" % async_engine
    ) from e
sqlalchemy.exc.ArgumentError: AsyncEngine expected, got Engine(sqlite+aiosqlite://)
ERROR    app.services.debate_engine.round_manager:round_manager.py:929 Unhandled agent task exception: round=2 agent=2ebd9363-4a21-4714-97dc-dbf5a07f1ea1 role=Ethicist
Traceback (most recent call last):
  File "C:\Users\asadb\AppData\Local\Programs\Python\Python314\Lib\site-packages\sqlalchemy\ext\asyncio\engine.py", line 1442, in _get_sync_engine_or_connection
    return async_engine.sync_engine
           ^^^^^^^^^^^^^^^^^^^^^^^^
AttributeError: 'Engine' object has no attribute 'sync_engine'

The above exception was the direct cause of the following exception:

Traceback (most recent call last):
  File "D:\Programing\Teamwork\Agora\Agora\server\app\services\debate_engine\round_manager.py", line 919, in _run_plan
    return await self._run_agent_task(ctx, round_record, plan)
           ^^^^^^^^^^^^^^^^^^^^^^^^^^^^^^^^^^^^^^^^^^^^^^^^^^^
  File "D:\Programing\Teamwork\Agora\Agora\server\app\services\debate_engine\round_manager.py", line 965, in _run_agent_task
    async with self._session_factory() as task_db:
               ~~~~~~~~~~~~~~~~~~~~~^^
  File "C:\Users\asadb\AppData\Local\Programs\Python\Python314\Lib\site-packages\sqlalchemy\ext\asyncio\session.py", line 1762, in __call__
    return self.class_(**local_kw)
           ~~~~~~~~~~~^^^^^^^^^^^^
  File "C:\Users\asadb\AppData\Local\Programs\Python\Python314\Lib\site-packages\sqlalchemy\ext\asyncio\session.py", line 257, in __init__
    sync_bind = engine._get_sync_engine_or_connection(bind)
  File "C:\Users\asadb\AppData\Local\Programs\Python\Python314\Lib\site-packages\sqlalchemy\ext\asyncio\engine.py", line 1444, in _get_sync_engine_or_connection
    raise exc.ArgumentError(
        "AsyncEngine expected, got %r" % async_engine
    ) from e
sqlalchemy.exc.ArgumentError: AsyncEngine expected, got Engine(sqlite+aiosqlite://)
ERROR    app.services.debate_engine.round_manager:round_manager.py:1094 Failed to persist fallback error message: round=2 agent=2ebd9363-4a21-4714-97dc-dbf5a07f1ea1
Traceback (most recent call last):
  File "C:\Users\asadb\AppData\Local\Programs\Python\Python314\Lib\site-packages\sqlalchemy\ext\asyncio\engine.py", line 1442, in _get_sync_engine_or_connection
    return async_engine.sync_engine
           ^^^^^^^^^^^^^^^^^^^^^^^^
AttributeError: 'Engine' object has no attribute 'sync_engine'

The above exception was the direct cause of the following exception:

Traceback (most recent call last):
  File "D:\Programing\Teamwork\Agora\Agora\server\app\services\debate_engine\round_manager.py", line 1079, in _persist_unhandled_task_failure
    async with self._session_factory() as task_db:
               ~~~~~~~~~~~~~~~~~~~~~^^
  File "C:\Users\asadb\AppData\Local\Programs\Python\Python314\Lib\site-packages\sqlalchemy\ext\asyncio\session.py", line 1762, in __call__
    return self.class_(**local_kw)
           ~~~~~~~~~~~^^^^^^^^^^^^
  File "C:\Users\asadb\AppData\Local\Programs\Python\Python314\Lib\site-packages\sqlalchemy\ext\asyncio\session.py", line 257, in __init__
    sync_bind = engine._get_sync_engine_or_connection(bind)
  File "C:\Users\asadb\AppData\Local\Programs\Python\Python314\Lib\site-packages\sqlalchemy\ext\asyncio\engine.py", line 1444, in _get_sync_engine_or_connection
    raise exc.ArgumentError(
        "AsyncEngine expected, got %r" % async_engine
    ) from e
sqlalchemy.exc.ArgumentError: AsyncEngine expected, got Engine(sqlite+aiosqlite://)
ERROR    app.services.debate_engine.round_manager:round_manager.py:929 Unhandled agent task exception: round=2 agent=fc73c583-5d09-4fd4-bda5-001bb96fb9a1 role=Engineer
Traceback (most recent call last):
  File "C:\Users\asadb\AppData\Local\Programs\Python\Python314\Lib\site-packages\sqlalchemy\ext\asyncio\engine.py", line 1442, in _get_sync_engine_or_connection
    return async_engine.sync_engine
           ^^^^^^^^^^^^^^^^^^^^^^^^
AttributeError: 'Engine' object has no attribute 'sync_engine'

The above exception was the direct cause of the following exception:

Traceback (most recent call last):
  File "D:\Programing\Teamwork\Agora\Agora\server\app\services\debate_engine\round_manager.py", line 919, in _run_plan
    return await self._run_agent_task(ctx, round_record, plan)
           ^^^^^^^^^^^^^^^^^^^^^^^^^^^^^^^^^^^^^^^^^^^^^^^^^^^
  File "D:\Programing\Teamwork\Agora\Agora\server\app\services\debate_engine\round_manager.py", line 965, in _run_agent_task
    async with self._session_factory() as task_db:
               ~~~~~~~~~~~~~~~~~~~~~^^
  File "C:\Users\asadb\AppData\Local\Programs\Python\Python314\Lib\site-packages\sqlalchemy\ext\asyncio\session.py", line 1762, in __call__
    return self.class_(**local_kw)
           ~~~~~~~~~~~^^^^^^^^^^^^
  File "C:\Users\asadb\AppData\Local\Programs\Python\Python314\Lib\site-packages\sqlalchemy\ext\asyncio\session.py", line 257, in __init__
    sync_bind = engine._get_sync_engine_or_connection(bind)
  File "C:\Users\asadb\AppData\Local\Programs\Python\Python314\Lib\site-packages\sqlalchemy\ext\asyncio\engine.py", line 1444, in _get_sync_engine_or_connection
    raise exc.ArgumentError(
        "AsyncEngine expected, got %r" % async_engine
    ) from e
sqlalchemy.exc.ArgumentError: AsyncEngine expected, got Engine(sqlite+aiosqlite://)
ERROR    app.services.debate_engine.round_manager:round_manager.py:1094 Failed to persist fallback error message: round=2 agent=fc73c583-5d09-4fd4-bda5-001bb96fb9a1
Traceback (most recent call last):
  File "C:\Users\asadb\AppData\Local\Programs\Python\Python314\Lib\site-packages\sqlalchemy\ext\asyncio\engine.py", line 1442, in _get_sync_engine_or_connection
    return async_engine.sync_engine
           ^^^^^^^^^^^^^^^^^^^^^^^^
AttributeError: 'Engine' object has no attribute 'sync_engine'

The above exception was the direct cause of the following exception:

Traceback (most recent call last):
  File "D:\Programing\Teamwork\Agora\Agora\server\app\services\debate_engine\round_manager.py", line 1079, in _persist_unhandled_task_failure
    async with self._session_factory() as task_db:
               ~~~~~~~~~~~~~~~~~~~~~^^
  File "C:\Users\asadb\AppData\Local\Programs\Python\Python314\Lib\site-packages\sqlalchemy\ext\asyncio\session.py", line 1762, in __call__
    return self.class_(**local_kw)
           ~~~~~~~~~~~^^^^^^^^^^^^
  File "C:\Users\asadb\AppData\Local\Programs\Python\Python314\Lib\site-packages\sqlalchemy\ext\asyncio\session.py", line 257, in __init__
    sync_bind = engine._get_sync_engine_or_connection(bind)
  File "C:\Users\asadb\AppData\Local\Programs\Python\Python314\Lib\site-packages\sqlalchemy\ext\asyncio\engine.py", line 1444, in _get_sync_engine_or_connection
    raise exc.ArgumentError(
        "AsyncEngine expected, got %r" % async_engine
    ) from e
sqlalchemy.exc.ArgumentError: AsyncEngine expected, got Engine(sqlite+aiosqlite://)
INFO     app.services.debate_engine.round_manager:round_manager.py:948 Round 2 parallel done in 0.01s failed=3/3
ERROR    app.services.debate_engine.round_manager:round_manager.py:1225 Round 2 failed: All agents failed in Round 2.
D:\Programing\Teamwork\Agora\Agora\server\app\services\debate_engine\round_manager.py:335: RuntimeError: All agents failed in Round 2.
E   RuntimeError: All agents failed in Round 2.
---------------------------- Captured stderr call -----------------------------
2026-05-15 19:45:05,024 [INFO] app.services.debate_engine.round_manager: Round 2 running (id=96e338c2-3e55-4291-9a00-d8099a670425, turn=29a04f47-541e-4419-a8ad-ca44c1ad292e)
2026-05-15 19:45:05,024 [INFO] app.services.debate_engine.round_manager: Round 2 parallel start agents=4 concurrency=3
2026-05-15 19:45:05,024 [ERROR] app.services.debate_engine.round_manager: Unhandled agent task exception: round=2 agent=469ffb43-0e07-45c4-9ad9-9fb54a85508f role=Economist
Traceback (most recent call last):
  File "C:\Users\asadb\AppData\Local\Programs\Python\Python314\Lib\site-packages\sqlalchemy\ext\asyncio\engine.py", line 1442, in _get_sync_engine_or_connection
    return async_engine.sync_engine
           ^^^^^^^^^^^^^^^^^^^^^^^^
AttributeError: 'Engine' object has no attribute 'sync_engine'

The above exception was the direct cause of the following exception:

Traceback (most recent call last):
  File "D:\Programing\Teamwork\Agora\Agora\server\app\services\debate_engine\round_manager.py", line 919, in _run_plan
    return await self._run_agent_task(ctx, round_record, plan)
           ^^^^^^^^^^^^^^^^^^^^^^^^^^^^^^^^^^^^^^^^^^^^^^^^^^^
  File "D:\Programing\Teamwork\Agora\Agora\server\app\services\debate_engine\round_manager.py", line 965, in _run_agent_task
    async with self._session_factory() as task_db:
               ~~~~~~~~~~~~~~~~~~~~~^^
  File "C:\Users\asadb\AppData\Local\Programs\Python\Python314\Lib\site-packages\sqlalchemy\ext\asyncio\session.py", line 1762, in __call__
    return self.class_(**local_kw)
           ~~~~~~~~~~~^^^^^^^^^^^^
  File "C:\Users\asadb\AppData\Local\Programs\Python\Python314\Lib\site-packages\sqlalchemy\ext\asyncio\session.py", line 257, in __init__
    sync_bind = engine._get_sync_engine_or_connection(bind)
  File "C:\Users\asadb\AppData\Local\Programs\Python\Python314\Lib\site-packages\sqlalchemy\ext\asyncio\engine.py", line 1444, in _get_sync_engine_or_connection
    raise exc.ArgumentError(
        "AsyncEngine expected, got %r" % async_engine
    ) from e
sqlalchemy.exc.ArgumentError: AsyncEngine expected, got Engine(sqlite+aiosqlite://)
2026-05-15 19:45:05,026 [ERROR] app.services.debate_engine.round_manager: Failed to persist fallback error message: round=2 agent=469ffb43-0e07-45c4-9ad9-9fb54a85508f
Traceback (most recent call last):
  File "C:\Users\asadb\AppData\Local\Programs\Python\Python314\Lib\site-packages\sqlalchemy\ext\asyncio\engine.py", line 1442, in _get_sync_engine_or_connection
    return async_engine.sync_engine
           ^^^^^^^^^^^^^^^^^^^^^^^^
AttributeError: 'Engine' object has no attribute 'sync_engine'

The above exception was the direct cause of the following exception:

Traceback (most recent call last):
  File "D:\Programing\Teamwork\Agora\Agora\server\app\services\debate_engine\round_manager.py", line 1079, in _persist_unhandled_task_failure
    async with self._session_factory() as task_db:
               ~~~~~~~~~~~~~~~~~~~~~^^
  File "C:\Users\asadb\AppData\Local\Programs\Python\Python314\Lib\site-packages\sqlalchemy\ext\asyncio\session.py", line 1762, in __call__
    return self.class_(**local_kw)
           ~~~~~~~~~~~^^^^^^^^^^^^
  File "C:\Users\asadb\AppData\Local\Programs\Python\Python314\Lib\site-packages\sqlalchemy\ext\asyncio\session.py", line 257, in __init__
    sync_bind = engine._get_sync_engine_or_connection(bind)
  File "C:\Users\asadb\AppData\Local\Programs\Python\Python314\Lib\site-packages\sqlalchemy\ext\asyncio\engine.py", line 1444, in _get_sync_engine_or_connection
    raise exc.ArgumentError(
        "AsyncEngine expected, got %r" % async_engine
    ) from e
sqlalchemy.exc.ArgumentError: AsyncEngine expected, got Engine(sqlite+aiosqlite://)
2026-05-15 19:45:05,027 [ERROR] app.services.debate_engine.round_manager: Unhandled agent task exception: round=2 agent=7da05a56-8167-4781-b495-37ffb4532b4a role=Ethicist
Traceback (most recent call last):
  File "C:\Users\asadb\AppData\Local\Programs\Python\Python314\Lib\site-packages\sqlalchemy\ext\asyncio\engine.py", line 1442, in _get_sync_engine_or_connection
    return async_engine.sync_engine
           ^^^^^^^^^^^^^^^^^^^^^^^^
AttributeError: 'Engine' object has no attribute 'sync_engine'

The above exception was the direct cause of the following exception:

Traceback (most recent call last):
  File "D:\Programing\Teamwork\Agora\Agora\server\app\services\debate_engine\round_manager.py", line 919, in _run_plan
    return await self._run_agent_task(ctx, round_record, plan)
           ^^^^^^^^^^^^^^^^^^^^^^^^^^^^^^^^^^^^^^^^^^^^^^^^^^^
  File "D:\Programing\Teamwork\Agora\Agora\server\app\services\debate_engine\round_manager.py", line 965, in _run_agent_task
    async with self._session_factory() as task_db:
               ~~~~~~~~~~~~~~~~~~~~~^^
  File "C:\Users\asadb\AppData\Local\Programs\Python\Python314\Lib\site-packages\sqlalchemy\ext\asyncio\session.py", line 1762, in __call__
    return self.class_(**local_kw)
           ~~~~~~~~~~~^^^^^^^^^^^^
  File "C:\Users\asadb\AppData\Local\Programs\Python\Python314\Lib\site-packages\sqlalchemy\ext\asyncio\session.py", line 257, in __init__
    sync_bind = engine._get_sync_engine_or_connection(bind)
  File "C:\Users\asadb\AppData\Local\Programs\Python\Python314\Lib\site-packages\sqlalchemy\ext\asyncio\engine.py", line 1444, in _get_sync_engine_or_connection
    raise exc.ArgumentError(
        "AsyncEngine expected, got %r" % async_engine
    ) from e
sqlalchemy.exc.ArgumentError: AsyncEngine expected, got Engine(sqlite+aiosqlite://)
2026-05-15 19:45:05,028 [ERROR] app.services.debate_engine.round_manager: Failed to persist fallback error message: round=2 agent=7da05a56-8167-4781-b495-37ffb4532b4a
Traceback (most recent call last):
  File "C:\Users\asadb\AppData\Local\Programs\Python\Python314\Lib\site-packages\sqlalchemy\ext\asyncio\engine.py", line 1442, in _get_sync_engine_or_connection
    return async_engine.sync_engine
           ^^^^^^^^^^^^^^^^^^^^^^^^
AttributeError: 'Engine' object has no attribute 'sync_engine'

The above exception was the direct cause of the following exception:

Traceback (most recent call last):
  File "D:\Programing\Teamwork\Agora\Agora\server\app\services\debate_engine\round_manager.py", line 1079, in _persist_unhandled_task_failure
    async with self._session_factory() as task_db:
               ~~~~~~~~~~~~~~~~~~~~~^^
  File "C:\Users\asadb\AppData\Local\Programs\Python\Python314\Lib\site-packages\sqlalchemy\ext\asyncio\session.py", line 1762, in __call__
    return self.class_(**local_kw)
           ~~~~~~~~~~~^^^^^^^^^^^^
  File "C:\Users\asadb\AppData\Local\Programs\Python\Python314\Lib\site-packages\sqlalchemy\ext\asyncio\session.py", line 257, in __init__
    sync_bind = engine._get_sync_engine_or_connection(bind)
  File "C:\Users\asadb\AppData\Local\Programs\Python\Python314\Lib\site-packages\sqlalchemy\ext\asyncio\engine.py", line 1444, in _get_sync_engine_or_connection
    raise exc.ArgumentError(
        "AsyncEngine expected, got %r" % async_engine
    ) from e
sqlalchemy.exc.ArgumentError: AsyncEngine expected, got Engine(sqlite+aiosqlite://)
2026-05-15 19:45:05,030 [ERROR] app.services.debate_engine.round_manager: Unhandled agent task exception: round=2 agent=6fe03965-a977-4db3-a0a2-d7a11ae73651 role=Engineer
Traceback (most recent call last):
  File "C:\Users\asadb\AppData\Local\Programs\Python\Python314\Lib\site-packages\sqlalchemy\ext\asyncio\engine.py", line 1442, in _get_sync_engine_or_connection
    return async_engine.sync_engine
           ^^^^^^^^^^^^^^^^^^^^^^^^
AttributeError: 'Engine' object has no attribute 'sync_engine'

The above exception was the direct cause of the following exception:

Traceback (most recent call last):
  File "D:\Programing\Teamwork\Agora\Agora\server\app\services\debate_engine\round_manager.py", line 919, in _run_plan
    return await self._run_agent_task(ctx, round_record, plan)
           ^^^^^^^^^^^^^^^^^^^^^^^^^^^^^^^^^^^^^^^^^^^^^^^^^^^
  File "D:\Programing\Teamwork\Agora\Agora\server\app\services\debate_engine\round_manager.py", line 965, in _run_agent_task
    async with self._session_factory() as task_db:
               ~~~~~~~~~~~~~~~~~~~~~^^
  File "C:\Users\asadb\AppData\Local\Programs\Python\Python314\Lib\site-packages\sqlalchemy\ext\asyncio\session.py", line 1762, in __call__
    return self.class_(**local_kw)
           ~~~~~~~~~~~^^^^^^^^^^^^
  File "C:\Users\asadb\AppData\Local\Programs\Python\Python314\Lib\site-packages\sqlalchemy\ext\asyncio\session.py", line 257, in __init__
    sync_bind = engine._get_sync_engine_or_connection(bind)
  File "C:\Users\asadb\AppData\Local\Programs\Python\Python314\Lib\site-packages\sqlalchemy\ext\asyncio\engine.py", line 1444, in _get_sync_engine_or_connection
    raise exc.ArgumentError(
        "AsyncEngine expected, got %r" % async_engine
    ) from e
sqlalchemy.exc.ArgumentError: AsyncEngine expected, got Engine(sqlite+aiosqlite://)
2026-05-15 19:45:05,031 [ERROR] app.services.debate_engine.round_manager: Failed to persist fallback error message: round=2 agent=6fe03965-a977-4db3-a0a2-d7a11ae73651
Traceback (most recent call last):
  File "C:\Users\asadb\AppData\Local\Programs\Python\Python314\Lib\site-packages\sqlalchemy\ext\asyncio\engine.py", line 1442, in _get_sync_engine_or_connection
    return async_engine.sync_engine
           ^^^^^^^^^^^^^^^^^^^^^^^^
AttributeError: 'Engine' object has no attribute 'sync_engine'

The above exception was the direct cause of the following exception:

Traceback (most recent call last):
  File "D:\Programing\Teamwork\Agora\Agora\server\app\services\debate_engine\round_manager.py", line 1079, in _persist_unhandled_task_failure
    async with self._session_factory() as task_db:
               ~~~~~~~~~~~~~~~~~~~~~^^
  File "C:\Users\asadb\AppData\Local\Programs\Python\Python314\Lib\site-packages\sqlalchemy\ext\asyncio\session.py", line 1762, in __call__
    return self.class_(**local_kw)
           ~~~~~~~~~~~^^^^^^^^^^^^
  File "C:\Users\asadb\AppData\Local\Programs\Python\Python314\Lib\site-packages\sqlalchemy\ext\asyncio\session.py", line 257, in __init__
    sync_bind = engine._get_sync_engine_or_connection(bind)
  File "C:\Users\asadb\AppData\Local\Programs\Python\Python314\Lib\site-packages\sqlalchemy\ext\asyncio\engine.py", line 1444, in _get_sync_engine_or_connection
    raise exc.ArgumentError(
        "AsyncEngine expected, got %r" % async_engine
    ) from e
sqlalchemy.exc.ArgumentError: AsyncEngine expected, got Engine(sqlite+aiosqlite://)
2026-05-15 19:45:05,032 [ERROR] app.services.debate_engine.round_manager: Unhandled agent task exception: round=2 agent=4d58b3c1-0af6-4e89-a327-30636a59debd role=Scientist
Traceback (most recent call last):
  File "C:\Users\asadb\AppData\Local\Programs\Python\Python314\Lib\site-packages\sqlalchemy\ext\asyncio\engine.py", line 1442, in _get_sync_engine_or_connection
    return async_engine.sync_engine
           ^^^^^^^^^^^^^^^^^^^^^^^^
AttributeError: 'Engine' object has no attribute 'sync_engine'

The above exception was the direct cause of the following exception:

Traceback (most recent call last):
  File "D:\Programing\Teamwork\Agora\Agora\server\app\services\debate_engine\round_manager.py", line 919, in _run_plan
    return await self._run_agent_task(ctx, round_record, plan)
           ^^^^^^^^^^^^^^^^^^^^^^^^^^^^^^^^^^^^^^^^^^^^^^^^^^^
  File "D:\Programing\Teamwork\Agora\Agora\server\app\services\debate_engine\round_manager.py", line 965, in _run_agent_task
    async with self._session_factory() as task_db:
               ~~~~~~~~~~~~~~~~~~~~~^^
  File "C:\Users\asadb\AppData\Local\Programs\Python\Python314\Lib\site-packages\sqlalchemy\ext\asyncio\session.py", line 1762, in __call__
    return self.class_(**local_kw)
           ~~~~~~~~~~~^^^^^^^^^^^^
  File "C:\Users\asadb\AppData\Local\Programs\Python\Python314\Lib\site-packages\sqlalchemy\ext\asyncio\session.py", line 257, in __init__
    sync_bind = engine._get_sync_engine_or_connection(bind)
  File "C:\Users\asadb\AppData\Local\Programs\Python\Python314\Lib\site-packages\sqlalchemy\ext\asyncio\engine.py", line 1444, in _get_sync_engine_or_connection
    raise exc.ArgumentError(
        "AsyncEngine expected, got %r" % async_engine
    ) from e
sqlalchemy.exc.ArgumentError: AsyncEngine expected, got Engine(sqlite+aiosqlite://)
2026-05-15 19:45:05,034 [ERROR] app.services.debate_engine.round_manager: Failed to persist fallback error message: round=2 agent=4d58b3c1-0af6-4e89-a327-30636a59debd
Traceback (most recent call last):
  File "C:\Users\asadb\AppData\Local\Programs\Python\Python314\Lib\site-packages\sqlalchemy\ext\asyncio\engine.py", line 1442, in _get_sync_engine_or_connection
    return async_engine.sync_engine
           ^^^^^^^^^^^^^^^^^^^^^^^^
AttributeError: 'Engine' object has no attribute 'sync_engine'

The above exception was the direct cause of the following exception:

Traceback (most recent call last):
  File "D:\Programing\Teamwork\Agora\Agora\server\app\services\debate_engine\round_manager.py", line 1079, in _persist_unhandled_task_failure
    async with self._session_factory() as task_db:
               ~~~~~~~~~~~~~~~~~~~~~^^
  File "C:\Users\asadb\AppData\Local\Programs\Python\Python314\Lib\site-packages\sqlalchemy\ext\asyncio\session.py", line 1762, in __call__
    return self.class_(**local_kw)
           ~~~~~~~~~~~^^^^^^^^^^^^
  File "C:\Users\asadb\AppData\Local\Programs\Python\Python314\Lib\site-packages\sqlalchemy\ext\asyncio\session.py", line 257, in __init__
    sync_bind = engine._get_sync_engine_or_connection(bind)
  File "C:\Users\asadb\AppData\Local\Programs\Python\Python314\Lib\site-packages\sqlalchemy\ext\asyncio\engine.py", line 1444, in _get_sync_engine_or_connection
    raise exc.ArgumentError(
        "AsyncEngine expected, got %r" % async_engine
    ) from e
sqlalchemy.exc.ArgumentError: AsyncEngine expected, got Engine(sqlite+aiosqlite://)
2026-05-15 19:45:05,035 [INFO] app.services.debate_engine.round_manager: Round 2 parallel done in 0.01s failed=4/4
2026-05-15 19:45:05,038 [ERROR] app.services.debate_engine.round_manager: Round 2 failed: All agents failed in Round 2.
------------------------------ Captured log call ------------------------------
INFO     app.services.debate_engine.round_manager:round_manager.py:1172 Round 2 running (id=96e338c2-3e55-4291-9a00-d8099a670425, turn=29a04f47-541e-4419-a8ad-ca44c1ad292e)
INFO     app.services.debate_engine.round_manager:round_manager.py:903 Round 2 parallel start agents=4 concurrency=3
ERROR    app.services.debate_engine.round_manager:round_manager.py:929 Unhandled agent task exception: round=2 agent=469ffb43-0e07-45c4-9ad9-9fb54a85508f role=Economist
Traceback (most recent call last):
  File "C:\Users\asadb\AppData\Local\Programs\Python\Python314\Lib\site-packages\sqlalchemy\ext\asyncio\engine.py", line 1442, in _get_sync_engine_or_connection
    return async_engine.sync_engine
           ^^^^^^^^^^^^^^^^^^^^^^^^
AttributeError: 'Engine' object has no attribute 'sync_engine'

The above exception was the direct cause of the following exception:

Traceback (most recent call last):
  File "D:\Programing\Teamwork\Agora\Agora\server\app\services\debate_engine\round_manager.py", line 919, in _run_plan
    return await self._run_agent_task(ctx, round_record, plan)
           ^^^^^^^^^^^^^^^^^^^^^^^^^^^^^^^^^^^^^^^^^^^^^^^^^^^
  File "D:\Programing\Teamwork\Agora\Agora\server\app\services\debate_engine\round_manager.py", line 965, in _run_agent_task
    async with self._session_factory() as task_db:
               ~~~~~~~~~~~~~~~~~~~~~^^
  File "C:\Users\asadb\AppData\Local\Programs\Python\Python314\Lib\site-packages\sqlalchemy\ext\asyncio\session.py", line 1762, in __call__
    return self.class_(**local_kw)
           ~~~~~~~~~~~^^^^^^^^^^^^
  File "C:\Users\asadb\AppData\Local\Programs\Python\Python314\Lib\site-packages\sqlalchemy\ext\asyncio\session.py", line 257, in __init__
    sync_bind = engine._get_sync_engine_or_connection(bind)
  File "C:\Users\asadb\AppData\Local\Programs\Python\Python314\Lib\site-packages\sqlalchemy\ext\asyncio\engine.py", line 1444, in _get_sync_engine_or_connection
    raise exc.ArgumentError(
        "AsyncEngine expected, got %r" % async_engine
    ) from e
sqlalchemy.exc.ArgumentError: AsyncEngine expected, got Engine(sqlite+aiosqlite://)
ERROR    app.services.debate_engine.round_manager:round_manager.py:1094 Failed to persist fallback error message: round=2 agent=469ffb43-0e07-45c4-9ad9-9fb54a85508f
Traceback (most recent call last):
  File "C:\Users\asadb\AppData\Local\Programs\Python\Python314\Lib\site-packages\sqlalchemy\ext\asyncio\engine.py", line 1442, in _get_sync_engine_or_connection
    return async_engine.sync_engine
           ^^^^^^^^^^^^^^^^^^^^^^^^
AttributeError: 'Engine' object has no attribute 'sync_engine'

The above exception was the direct cause of the following exception:

Traceback (most recent call last):
  File "D:\Programing\Teamwork\Agora\Agora\server\app\services\debate_engine\round_manager.py", line 1079, in _persist_unhandled_task_failure
    async with self._session_factory() as task_db:
               ~~~~~~~~~~~~~~~~~~~~~^^
  File "C:\Users\asadb\AppData\Local\Programs\Python\Python314\Lib\site-packages\sqlalchemy\ext\asyncio\session.py", line 1762, in __call__
    return self.class_(**local_kw)
           ~~~~~~~~~~~^^^^^^^^^^^^
  File "C:\Users\asadb\AppData\Local\Programs\Python\Python314\Lib\site-packages\sqlalchemy\ext\asyncio\session.py", line 257, in __init__
    sync_bind = engine._get_sync_engine_or_connection(bind)
  File "C:\Users\asadb\AppData\Local\Programs\Python\Python314\Lib\site-packages\sqlalchemy\ext\asyncio\engine.py", line 1444, in _get_sync_engine_or_connection
    raise exc.ArgumentError(
        "AsyncEngine expected, got %r" % async_engine
    ) from e
sqlalchemy.exc.ArgumentError: AsyncEngine expected, got Engine(sqlite+aiosqlite://)
ERROR    app.services.debate_engine.round_manager:round_manager.py:929 Unhandled agent task exception: round=2 agent=7da05a56-8167-4781-b495-37ffb4532b4a role=Ethicist
Traceback (most recent call last):
  File "C:\Users\asadb\AppData\Local\Programs\Python\Python314\Lib\site-packages\sqlalchemy\ext\asyncio\engine.py", line 1442, in _get_sync_engine_or_connection
    return async_engine.sync_engine
           ^^^^^^^^^^^^^^^^^^^^^^^^
AttributeError: 'Engine' object has no attribute 'sync_engine'

The above exception was the direct cause of the following exception:

Traceback (most recent call last):
  File "D:\Programing\Teamwork\Agora\Agora\server\app\services\debate_engine\round_manager.py", line 919, in _run_plan
    return await self._run_agent_task(ctx, round_record, plan)
           ^^^^^^^^^^^^^^^^^^^^^^^^^^^^^^^^^^^^^^^^^^^^^^^^^^^
  File "D:\Programing\Teamwork\Agora\Agora\server\app\services\debate_engine\round_manager.py", line 965, in _run_agent_task
    async with self._session_factory() as task_db:
               ~~~~~~~~~~~~~~~~~~~~~^^
  File "C:\Users\asadb\AppData\Local\Programs\Python\Python314\Lib\site-packages\sqlalchemy\ext\asyncio\session.py", line 1762, in __call__
    return self.class_(**local_kw)
           ~~~~~~~~~~~^^^^^^^^^^^^
  File "C:\Users\asadb\AppData\Local\Programs\Python\Python314\Lib\site-packages\sqlalchemy\ext\asyncio\session.py", line 257, in __init__
    sync_bind = engine._get_sync_engine_or_connection(bind)
  File "C:\Users\asadb\AppData\Local\Programs\Python\Python314\Lib\site-packages\sqlalchemy\ext\asyncio\engine.py", line 1444, in _get_sync_engine_or_connection
    raise exc.ArgumentError(
        "AsyncEngine expected, got %r" % async_engine
    ) from e
sqlalchemy.exc.ArgumentError: AsyncEngine expected, got Engine(sqlite+aiosqlite://)
ERROR    app.services.debate_engine.round_manager:round_manager.py:1094 Failed to persist fallback error message: round=2 agent=7da05a56-8167-4781-b495-37ffb4532b4a
Traceback (most recent call last):
  File "C:\Users\asadb\AppData\Local\Programs\Python\Python314\Lib\site-packages\sqlalchemy\ext\asyncio\engine.py", line 1442, in _get_sync_engine_or_connection
    return async_engine.sync_engine
           ^^^^^^^^^^^^^^^^^^^^^^^^
AttributeError: 'Engine' object has no attribute 'sync_engine'

The above exception was the direct cause of the following exception:

Traceback (most recent call last):
  File "D:\Programing\Teamwork\Agora\Agora\server\app\services\debate_engine\round_manager.py", line 1079, in _persist_unhandled_task_failure
    async with self._session_factory() as task_db:
               ~~~~~~~~~~~~~~~~~~~~~^^
  File "C:\Users\asadb\AppData\Local\Programs\Python\Python314\Lib\site-packages\sqlalchemy\ext\asyncio\session.py", line 1762, in __call__
    return self.class_(**local_kw)
           ~~~~~~~~~~~^^^^^^^^^^^^
  File "C:\Users\asadb\AppData\Local\Programs\Python\Python314\Lib\site-packages\sqlalchemy\ext\asyncio\session.py", line 257, in __init__
    sync_bind = engine._get_sync_engine_or_connection(bind)
  File "C:\Users\asadb\AppData\Local\Programs\Python\Python314\Lib\site-packages\sqlalchemy\ext\asyncio\engine.py", line 1444, in _get_sync_engine_or_connection
    raise exc.ArgumentError(
        "AsyncEngine expected, got %r" % async_engine
    ) from e
sqlalchemy.exc.ArgumentError: AsyncEngine expected, got Engine(sqlite+aiosqlite://)
ERROR    app.services.debate_engine.round_manager:round_manager.py:929 Unhandled agent task exception: round=2 agent=6fe03965-a977-4db3-a0a2-d7a11ae73651 role=Engineer
Traceback (most recent call last):
  File "C:\Users\asadb\AppData\Local\Programs\Python\Python314\Lib\site-packages\sqlalchemy\ext\asyncio\engine.py", line 1442, in _get_sync_engine_or_connection
    return async_engine.sync_engine
           ^^^^^^^^^^^^^^^^^^^^^^^^
AttributeError: 'Engine' object has no attribute 'sync_engine'

The above exception was the direct cause of the following exception:

Traceback (most recent call last):
  File "D:\Programing\Teamwork\Agora\Agora\server\app\services\debate_engine\round_manager.py", line 919, in _run_plan
    return await self._run_agent_task(ctx, round_record, plan)
           ^^^^^^^^^^^^^^^^^^^^^^^^^^^^^^^^^^^^^^^^^^^^^^^^^^^
  File "D:\Programing\Teamwork\Agora\Agora\server\app\services\debate_engine\round_manager.py", line 965, in _run_agent_task
    async with self._session_factory() as task_db:
               ~~~~~~~~~~~~~~~~~~~~~^^
  File "C:\Users\asadb\AppData\Local\Programs\Python\Python314\Lib\site-packages\sqlalchemy\ext\asyncio\session.py", line 1762, in __call__
    return self.class_(**local_kw)
           ~~~~~~~~~~~^^^^^^^^^^^^
  File "C:\Users\asadb\AppData\Local\Programs\Python\Python314\Lib\site-packages\sqlalchemy\ext\asyncio\session.py", line 257, in __init__
    sync_bind = engine._get_sync_engine_or_connection(bind)
  File "C:\Users\asadb\AppData\Local\Programs\Python\Python314\Lib\site-packages\sqlalchemy\ext\asyncio\engine.py", line 1444, in _get_sync_engine_or_connection
    raise exc.ArgumentError(
        "AsyncEngine expected, got %r" % async_engine
    ) from e
sqlalchemy.exc.ArgumentError: AsyncEngine expected, got Engine(sqlite+aiosqlite://)
ERROR    app.services.debate_engine.round_manager:round_manager.py:1094 Failed to persist fallback error message: round=2 agent=6fe03965-a977-4db3-a0a2-d7a11ae73651
Traceback (most recent call last):
  File "C:\Users\asadb\AppData\Local\Programs\Python\Python314\Lib\site-packages\sqlalchemy\ext\asyncio\engine.py", line 1442, in _get_sync_engine_or_connection
    return async_engine.sync_engine
           ^^^^^^^^^^^^^^^^^^^^^^^^
AttributeError: 'Engine' object has no attribute 'sync_engine'

The above exception was the direct cause of the following exception:

Traceback (most recent call last):
  File "D:\Programing\Teamwork\Agora\Agora\server\app\services\debate_engine\round_manager.py", line 1079, in _persist_unhandled_task_failure
    async with self._session_factory() as task_db:
               ~~~~~~~~~~~~~~~~~~~~~^^
  File "C:\Users\asadb\AppData\Local\Programs\Python\Python314\Lib\site-packages\sqlalchemy\ext\asyncio\session.py", line 1762, in __call__
    return self.class_(**local_kw)
           ~~~~~~~~~~~^^^^^^^^^^^^
  File "C:\Users\asadb\AppData\Local\Programs\Python\Python314\Lib\site-packages\sqlalchemy\ext\asyncio\session.py", line 257, in __init__
    sync_bind = engine._get_sync_engine_or_connection(bind)
  File "C:\Users\asadb\AppData\Local\Programs\Python\Python314\Lib\site-packages\sqlalchemy\ext\asyncio\engine.py", line 1444, in _get_sync_engine_or_connection
    raise exc.ArgumentError(
        "AsyncEngine expected, got %r" % async_engine
    ) from e
sqlalchemy.exc.ArgumentError: AsyncEngine expected, got Engine(sqlite+aiosqlite://)
ERROR    app.services.debate_engine.round_manager:round_manager.py:929 Unhandled agent task exception: round=2 agent=4d58b3c1-0af6-4e89-a327-30636a59debd role=Scientist
Traceback (most recent call last):
  File "C:\Users\asadb\AppData\Local\Programs\Python\Python314\Lib\site-packages\sqlalchemy\ext\asyncio\engine.py", line 1442, in _get_sync_engine_or_connection
    return async_engine.sync_engine
           ^^^^^^^^^^^^^^^^^^^^^^^^
AttributeError: 'Engine' object has no attribute 'sync_engine'

The above exception was the direct cause of the following exception:

Traceback (most recent call last):
  File "D:\Programing\Teamwork\Agora\Agora\server\app\services\debate_engine\round_manager.py", line 919, in _run_plan
    return await self._run_agent_task(ctx, round_record, plan)
           ^^^^^^^^^^^^^^^^^^^^^^^^^^^^^^^^^^^^^^^^^^^^^^^^^^^
  File "D:\Programing\Teamwork\Agora\Agora\server\app\services\debate_engine\round_manager.py", line 965, in _run_agent_task
    async with self._session_factory() as task_db:
               ~~~~~~~~~~~~~~~~~~~~~^^
  File "C:\Users\asadb\AppData\Local\Programs\Python\Python314\Lib\site-packages\sqlalchemy\ext\asyncio\session.py", line 1762, in __call__
    return self.class_(**local_kw)
           ~~~~~~~~~~~^^^^^^^^^^^^
  File "C:\Users\asadb\AppData\Local\Programs\Python\Python314\Lib\site-packages\sqlalchemy\ext\asyncio\session.py", line 257, in __init__
    sync_bind = engine._get_sync_engine_or_connection(bind)
  File "C:\Users\asadb\AppData\Local\Programs\Python\Python314\Lib\site-packages\sqlalchemy\ext\asyncio\engine.py", line 1444, in _get_sync_engine_or_connection
    raise exc.ArgumentError(
        "AsyncEngine expected, got %r" % async_engine
    ) from e
sqlalchemy.exc.ArgumentError: AsyncEngine expected, got Engine(sqlite+aiosqlite://)
ERROR    app.services.debate_engine.round_manager:round_manager.py:1094 Failed to persist fallback error message: round=2 agent=4d58b3c1-0af6-4e89-a327-30636a59debd
Traceback (most recent call last):
  File "C:\Users\asadb\AppData\Local\Programs\Python\Python314\Lib\site-packages\sqlalchemy\ext\asyncio\engine.py", line 1442, in _get_sync_engine_or_connection
    return async_engine.sync_engine
           ^^^^^^^^^^^^^^^^^^^^^^^^
AttributeError: 'Engine' object has no attribute 'sync_engine'

The above exception was the direct cause of the following exception:

Traceback (most recent call last):
  File "D:\Programing\Teamwork\Agora\Agora\server\app\services\debate_engine\round_manager.py", line 1079, in _persist_unhandled_task_failure
    async with self._session_factory() as task_db:
               ~~~~~~~~~~~~~~~~~~~~~^^
  File "C:\Users\asadb\AppData\Local\Programs\Python\Python314\Lib\site-packages\sqlalchemy\ext\asyncio\session.py", line 1762, in __call__
    return self.class_(**local_kw)
           ~~~~~~~~~~~^^^^^^^^^^^^
  File "C:\Users\asadb\AppData\Local\Programs\Python\Python314\Lib\site-packages\sqlalchemy\ext\asyncio\session.py", line 257, in __init__
    sync_bind = engine._get_sync_engine_or_connection(bind)
  File "C:\Users\asadb\AppData\Local\Programs\Python\Python314\Lib\site-packages\sqlalchemy\ext\asyncio\engine.py", line 1444, in _get_sync_engine_or_connection
    raise exc.ArgumentError(
        "AsyncEngine expected, got %r" % async_engine
    ) from e
sqlalchemy.exc.ArgumentError: AsyncEngine expected, got Engine(sqlite+aiosqlite://)
INFO     app.services.debate_engine.round_manager:round_manager.py:948 Round 2 parallel done in 0.01s failed=4/4
ERROR    app.services.debate_engine.round_manager:round_manager.py:1225 Round 2 failed: All agents failed in Round 2.
D:\Programing\Teamwork\Agora\Agora\server\app\services\debate_engine\round_manager.py:335: RuntimeError: All agents failed in Round 2.
E   RuntimeError: All agents failed in Round 2.
---------------------------- Captured stderr call -----------------------------
2026-05-15 19:45:05,132 [INFO] app.services.debate_engine.round_manager: Round 2 running (id=aa88067d-46c1-4f11-b87e-716951018f62, turn=e706c86a-d113-4ce3-a540-8634523bc6a0)
2026-05-15 19:45:05,132 [INFO] app.services.debate_engine.round_manager: Round 2 parallel start agents=3 concurrency=3
2026-05-15 19:45:05,132 [ERROR] app.services.debate_engine.round_manager: Unhandled agent task exception: round=2 agent=ebe210ff-e993-4e19-91c2-68ff956df439 role=Economist
Traceback (most recent call last):
  File "C:\Users\asadb\AppData\Local\Programs\Python\Python314\Lib\site-packages\sqlalchemy\ext\asyncio\engine.py", line 1442, in _get_sync_engine_or_connection
    return async_engine.sync_engine
           ^^^^^^^^^^^^^^^^^^^^^^^^
AttributeError: 'Engine' object has no attribute 'sync_engine'

The above exception was the direct cause of the following exception:

Traceback (most recent call last):
  File "D:\Programing\Teamwork\Agora\Agora\server\app\services\debate_engine\round_manager.py", line 919, in _run_plan
    return await self._run_agent_task(ctx, round_record, plan)
           ^^^^^^^^^^^^^^^^^^^^^^^^^^^^^^^^^^^^^^^^^^^^^^^^^^^
  File "D:\Programing\Teamwork\Agora\Agora\server\app\services\debate_engine\round_manager.py", line 965, in _run_agent_task
    async with self._session_factory() as task_db:
               ~~~~~~~~~~~~~~~~~~~~~^^
  File "C:\Users\asadb\AppData\Local\Programs\Python\Python314\Lib\site-packages\sqlalchemy\ext\asyncio\session.py", line 1762, in __call__
    return self.class_(**local_kw)
           ~~~~~~~~~~~^^^^^^^^^^^^
  File "C:\Users\asadb\AppData\Local\Programs\Python\Python314\Lib\site-packages\sqlalchemy\ext\asyncio\session.py", line 257, in __init__
    sync_bind = engine._get_sync_engine_or_connection(bind)
  File "C:\Users\asadb\AppData\Local\Programs\Python\Python314\Lib\site-packages\sqlalchemy\ext\asyncio\engine.py", line 1444, in _get_sync_engine_or_connection
    raise exc.ArgumentError(
        "AsyncEngine expected, got %r" % async_engine
    ) from e
sqlalchemy.exc.ArgumentError: AsyncEngine expected, got Engine(sqlite+aiosqlite://)
2026-05-15 19:45:05,133 [ERROR] app.services.debate_engine.round_manager: Failed to persist fallback error message: round=2 agent=ebe210ff-e993-4e19-91c2-68ff956df439
Traceback (most recent call last):
  File "C:\Users\asadb\AppData\Local\Programs\Python\Python314\Lib\site-packages\sqlalchemy\ext\asyncio\engine.py", line 1442, in _get_sync_engine_or_connection
    return async_engine.sync_engine
           ^^^^^^^^^^^^^^^^^^^^^^^^
AttributeError: 'Engine' object has no attribute 'sync_engine'

The above exception was the direct cause of the following exception:

Traceback (most recent call last):
  File "D:\Programing\Teamwork\Agora\Agora\server\app\services\debate_engine\round_manager.py", line 1079, in _persist_unhandled_task_failure
    async with self._session_factory() as task_db:
               ~~~~~~~~~~~~~~~~~~~~~^^
  File "C:\Users\asadb\AppData\Local\Programs\Python\Python314\Lib\site-packages\sqlalchemy\ext\asyncio\session.py", line 1762, in __call__
    return self.class_(**local_kw)
           ~~~~~~~~~~~^^^^^^^^^^^^
  File "C:\Users\asadb\AppData\Local\Programs\Python\Python314\Lib\site-packages\sqlalchemy\ext\asyncio\session.py", line 257, in __init__
    sync_bind = engine._get_sync_engine_or_connection(bind)
  File "C:\Users\asadb\AppData\Local\Programs\Python\Python314\Lib\site-packages\sqlalchemy\ext\asyncio\engine.py", line 1444, in _get_sync_engine_or_connection
    raise exc.ArgumentError(
        "AsyncEngine expected, got %r" % async_engine
    ) from e
sqlalchemy.exc.ArgumentError: AsyncEngine expected, got Engine(sqlite+aiosqlite://)
2026-05-15 19:45:05,135 [ERROR] app.services.debate_engine.round_manager: Unhandled agent task exception: round=2 agent=8252080b-756d-48e2-a691-7806c183adde role=Ethicist
Traceback (most recent call last):
  File "C:\Users\asadb\AppData\Local\Programs\Python\Python314\Lib\site-packages\sqlalchemy\ext\asyncio\engine.py", line 1442, in _get_sync_engine_or_connection
    return async_engine.sync_engine
           ^^^^^^^^^^^^^^^^^^^^^^^^
AttributeError: 'Engine' object has no attribute 'sync_engine'

The above exception was the direct cause of the following exception:

Traceback (most recent call last):
  File "D:\Programing\Teamwork\Agora\Agora\server\app\services\debate_engine\round_manager.py", line 919, in _run_plan
    return await self._run_agent_task(ctx, round_record, plan)
           ^^^^^^^^^^^^^^^^^^^^^^^^^^^^^^^^^^^^^^^^^^^^^^^^^^^
  File "D:\Programing\Teamwork\Agora\Agora\server\app\services\debate_engine\round_manager.py", line 965, in _run_agent_task
    async with self._session_factory() as task_db:
               ~~~~~~~~~~~~~~~~~~~~~^^
  File "C:\Users\asadb\AppData\Local\Programs\Python\Python314\Lib\site-packages\sqlalchemy\ext\asyncio\session.py", line 1762, in __call__
    return self.class_(**local_kw)
           ~~~~~~~~~~~^^^^^^^^^^^^
  File "C:\Users\asadb\AppData\Local\Programs\Python\Python314\Lib\site-packages\sqlalchemy\ext\asyncio\session.py", line 257, in __init__
    sync_bind = engine._get_sync_engine_or_connection(bind)
  File "C:\Users\asadb\AppData\Local\Programs\Python\Python314\Lib\site-packages\sqlalchemy\ext\asyncio\engine.py", line 1444, in _get_sync_engine_or_connection
    raise exc.ArgumentError(
        "AsyncEngine expected, got %r" % async_engine
    ) from e
sqlalchemy.exc.ArgumentError: AsyncEngine expected, got Engine(sqlite+aiosqlite://)
2026-05-15 19:45:05,136 [ERROR] app.services.debate_engine.round_manager: Failed to persist fallback error message: round=2 agent=8252080b-756d-48e2-a691-7806c183adde
Traceback (most recent call last):
  File "C:\Users\asadb\AppData\Local\Programs\Python\Python314\Lib\site-packages\sqlalchemy\ext\asyncio\engine.py", line 1442, in _get_sync_engine_or_connection
    return async_engine.sync_engine
           ^^^^^^^^^^^^^^^^^^^^^^^^
AttributeError: 'Engine' object has no attribute 'sync_engine'

The above exception was the direct cause of the following exception:

Traceback (most recent call last):
  File "D:\Programing\Teamwork\Agora\Agora\server\app\services\debate_engine\round_manager.py", line 1079, in _persist_unhandled_task_failure
    async with self._session_factory() as task_db:
               ~~~~~~~~~~~~~~~~~~~~~^^
  File "C:\Users\asadb\AppData\Local\Programs\Python\Python314\Lib\site-packages\sqlalchemy\ext\asyncio\session.py", line 1762, in __call__
    return self.class_(**local_kw)
           ~~~~~~~~~~~^^^^^^^^^^^^
  File "C:\Users\asadb\AppData\Local\Programs\Python\Python314\Lib\site-packages\sqlalchemy\ext\asyncio\session.py", line 257, in __init__
    sync_bind = engine._get_sync_engine_or_connection(bind)
  File "C:\Users\asadb\AppData\Local\Programs\Python\Python314\Lib\site-packages\sqlalchemy\ext\asyncio\engine.py", line 1444, in _get_sync_engine_or_connection
    raise exc.ArgumentError(
        "AsyncEngine expected, got %r" % async_engine
    ) from e
sqlalchemy.exc.ArgumentError: AsyncEngine expected, got Engine(sqlite+aiosqlite://)
2026-05-15 19:45:05,137 [ERROR] app.services.debate_engine.round_manager: Unhandled agent task exception: round=2 agent=a17c607d-5ac5-4b28-ba1b-8f154c061a91 role=Engineer
Traceback (most recent call last):
  File "C:\Users\asadb\AppData\Local\Programs\Python\Python314\Lib\site-packages\sqlalchemy\ext\asyncio\engine.py", line 1442, in _get_sync_engine_or_connection
    return async_engine.sync_engine
           ^^^^^^^^^^^^^^^^^^^^^^^^
AttributeError: 'Engine' object has no attribute 'sync_engine'

The above exception was the direct cause of the following exception:

Traceback (most recent call last):
  File "D:\Programing\Teamwork\Agora\Agora\server\app\services\debate_engine\round_manager.py", line 919, in _run_plan
    return await self._run_agent_task(ctx, round_record, plan)
           ^^^^^^^^^^^^^^^^^^^^^^^^^^^^^^^^^^^^^^^^^^^^^^^^^^^
  File "D:\Programing\Teamwork\Agora\Agora\server\app\services\debate_engine\round_manager.py", line 965, in _run_agent_task
    async with self._session_factory() as task_db:
               ~~~~~~~~~~~~~~~~~~~~~^^
  File "C:\Users\asadb\AppData\Local\Programs\Python\Python314\Lib\site-packages\sqlalchemy\ext\asyncio\session.py", line 1762, in __call__
    return self.class_(**local_kw)
           ~~~~~~~~~~~^^^^^^^^^^^^
  File "C:\Users\asadb\AppData\Local\Programs\Python\Python314\Lib\site-packages\sqlalchemy\ext\asyncio\session.py", line 257, in __init__
    sync_bind = engine._get_sync_engine_or_connection(bind)
  File "C:\Users\asadb\AppData\Local\Programs\Python\Python314\Lib\site-packages\sqlalchemy\ext\asyncio\engine.py", line 1444, in _get_sync_engine_or_connection
    raise exc.ArgumentError(
        "AsyncEngine expected, got %r" % async_engine
    ) from e
sqlalchemy.exc.ArgumentError: AsyncEngine expected, got Engine(sqlite+aiosqlite://)
2026-05-15 19:45:05,138 [ERROR] app.services.debate_engine.round_manager: Failed to persist fallback error message: round=2 agent=a17c607d-5ac5-4b28-ba1b-8f154c061a91
Traceback (most recent call last):
  File "C:\Users\asadb\AppData\Local\Programs\Python\Python314\Lib\site-packages\sqlalchemy\ext\asyncio\engine.py", line 1442, in _get_sync_engine_or_connection
    return async_engine.sync_engine
           ^^^^^^^^^^^^^^^^^^^^^^^^
AttributeError: 'Engine' object has no attribute 'sync_engine'

The above exception was the direct cause of the following exception:

Traceback (most recent call last):
  File "D:\Programing\Teamwork\Agora\Agora\server\app\services\debate_engine\round_manager.py", line 1079, in _persist_unhandled_task_failure
    async with self._session_factory() as task_db:
               ~~~~~~~~~~~~~~~~~~~~~^^
  File "C:\Users\asadb\AppData\Local\Programs\Python\Python314\Lib\site-packages\sqlalchemy\ext\asyncio\session.py", line 1762, in __call__
    return self.class_(**local_kw)
           ~~~~~~~~~~~^^^^^^^^^^^^
  File "C:\Users\asadb\AppData\Local\Programs\Python\Python314\Lib\site-packages\sqlalchemy\ext\asyncio\session.py", line 257, in __init__
    sync_bind = engine._get_sync_engine_or_connection(bind)
  File "C:\Users\asadb\AppData\Local\Programs\Python\Python314\Lib\site-packages\sqlalchemy\ext\asyncio\engine.py", line 1444, in _get_sync_engine_or_connection
    raise exc.ArgumentError(
        "AsyncEngine expected, got %r" % async_engine
    ) from e
sqlalchemy.exc.ArgumentError: AsyncEngine expected, got Engine(sqlite+aiosqlite://)
2026-05-15 19:45:05,139 [INFO] app.services.debate_engine.round_manager: Round 2 parallel done in 0.01s failed=3/3
2026-05-15 19:45:05,142 [ERROR] app.services.debate_engine.round_manager: Round 2 failed: All agents failed in Round 2.
------------------------------ Captured log call ------------------------------
INFO     app.services.debate_engine.round_manager:round_manager.py:1172 Round 2 running (id=aa88067d-46c1-4f11-b87e-716951018f62, turn=e706c86a-d113-4ce3-a540-8634523bc6a0)
INFO     app.services.debate_engine.round_manager:round_manager.py:903 Round 2 parallel start agents=3 concurrency=3
ERROR    app.services.debate_engine.round_manager:round_manager.py:929 Unhandled agent task exception: round=2 agent=ebe210ff-e993-4e19-91c2-68ff956df439 role=Economist
Traceback (most recent call last):
  File "C:\Users\asadb\AppData\Local\Programs\Python\Python314\Lib\site-packages\sqlalchemy\ext\asyncio\engine.py", line 1442, in _get_sync_engine_or_connection
    return async_engine.sync_engine
           ^^^^^^^^^^^^^^^^^^^^^^^^
AttributeError: 'Engine' object has no attribute 'sync_engine'

The above exception was the direct cause of the following exception:

Traceback (most recent call last):
  File "D:\Programing\Teamwork\Agora\Agora\server\app\services\debate_engine\round_manager.py", line 919, in _run_plan
    return await self._run_agent_task(ctx, round_record, plan)
           ^^^^^^^^^^^^^^^^^^^^^^^^^^^^^^^^^^^^^^^^^^^^^^^^^^^
  File "D:\Programing\Teamwork\Agora\Agora\server\app\services\debate_engine\round_manager.py", line 965, in _run_agent_task
    async with self._session_factory() as task_db:
               ~~~~~~~~~~~~~~~~~~~~~^^
  File "C:\Users\asadb\AppData\Local\Programs\Python\Python314\Lib\site-packages\sqlalchemy\ext\asyncio\session.py", line 1762, in __call__
    return self.class_(**local_kw)
           ~~~~~~~~~~~^^^^^^^^^^^^
  File "C:\Users\asadb\AppData\Local\Programs\Python\Python314\Lib\site-packages\sqlalchemy\ext\asyncio\session.py", line 257, in __init__
    sync_bind = engine._get_sync_engine_or_connection(bind)
  File "C:\Users\asadb\AppData\Local\Programs\Python\Python314\Lib\site-packages\sqlalchemy\ext\asyncio\engine.py", line 1444, in _get_sync_engine_or_connection
    raise exc.ArgumentError(
        "AsyncEngine expected, got %r" % async_engine
    ) from e
sqlalchemy.exc.ArgumentError: AsyncEngine expected, got Engine(sqlite+aiosqlite://)
ERROR    app.services.debate_engine.round_manager:round_manager.py:1094 Failed to persist fallback error message: round=2 agent=ebe210ff-e993-4e19-91c2-68ff956df439
Traceback (most recent call last):
  File "C:\Users\asadb\AppData\Local\Programs\Python\Python314\Lib\site-packages\sqlalchemy\ext\asyncio\engine.py", line 1442, in _get_sync_engine_or_connection
    return async_engine.sync_engine
           ^^^^^^^^^^^^^^^^^^^^^^^^
AttributeError: 'Engine' object has no attribute 'sync_engine'

The above exception was the direct cause of the following exception:

Traceback (most recent call last):
  File "D:\Programing\Teamwork\Agora\Agora\server\app\services\debate_engine\round_manager.py", line 1079, in _persist_unhandled_task_failure
    async with self._session_factory() as task_db:
               ~~~~~~~~~~~~~~~~~~~~~^^
  File "C:\Users\asadb\AppData\Local\Programs\Python\Python314\Lib\site-packages\sqlalchemy\ext\asyncio\session.py", line 1762, in __call__
    return self.class_(**local_kw)
           ~~~~~~~~~~~^^^^^^^^^^^^
  File "C:\Users\asadb\AppData\Local\Programs\Python\Python314\Lib\site-packages\sqlalchemy\ext\asyncio\session.py", line 257, in __init__
    sync_bind = engine._get_sync_engine_or_connection(bind)
  File "C:\Users\asadb\AppData\Local\Programs\Python\Python314\Lib\site-packages\sqlalchemy\ext\asyncio\engine.py", line 1444, in _get_sync_engine_or_connection
    raise exc.ArgumentError(
        "AsyncEngine expected, got %r" % async_engine
    ) from e
sqlalchemy.exc.ArgumentError: AsyncEngine expected, got Engine(sqlite+aiosqlite://)
ERROR    app.services.debate_engine.round_manager:round_manager.py:929 Unhandled agent task exception: round=2 agent=8252080b-756d-48e2-a691-7806c183adde role=Ethicist
Traceback (most recent call last):
  File "C:\Users\asadb\AppData\Local\Programs\Python\Python314\Lib\site-packages\sqlalchemy\ext\asyncio\engine.py", line 1442, in _get_sync_engine_or_connection
    return async_engine.sync_engine
           ^^^^^^^^^^^^^^^^^^^^^^^^
AttributeError: 'Engine' object has no attribute 'sync_engine'

The above exception was the direct cause of the following exception:

Traceback (most recent call last):
  File "D:\Programing\Teamwork\Agora\Agora\server\app\services\debate_engine\round_manager.py", line 919, in _run_plan
    return await self._run_agent_task(ctx, round_record, plan)
           ^^^^^^^^^^^^^^^^^^^^^^^^^^^^^^^^^^^^^^^^^^^^^^^^^^^
  File "D:\Programing\Teamwork\Agora\Agora\server\app\services\debate_engine\round_manager.py", line 965, in _run_agent_task
    async with self._session_factory() as task_db:
               ~~~~~~~~~~~~~~~~~~~~~^^
  File "C:\Users\asadb\AppData\Local\Programs\Python\Python314\Lib\site-packages\sqlalchemy\ext\asyncio\session.py", line 1762, in __call__
    return self.class_(**local_kw)
           ~~~~~~~~~~~^^^^^^^^^^^^
  File "C:\Users\asadb\AppData\Local\Programs\Python\Python314\Lib\site-packages\sqlalchemy\ext\asyncio\session.py", line 257, in __init__
    sync_bind = engine._get_sync_engine_or_connection(bind)
  File "C:\Users\asadb\AppData\Local\Programs\Python\Python314\Lib\site-packages\sqlalchemy\ext\asyncio\engine.py", line 1444, in _get_sync_engine_or_connection
    raise exc.ArgumentError(
        "AsyncEngine expected, got %r" % async_engine
    ) from e
sqlalchemy.exc.ArgumentError: AsyncEngine expected, got Engine(sqlite+aiosqlite://)
ERROR    app.services.debate_engine.round_manager:round_manager.py:1094 Failed to persist fallback error message: round=2 agent=8252080b-756d-48e2-a691-7806c183adde
Traceback (most recent call last):
  File "C:\Users\asadb\AppData\Local\Programs\Python\Python314\Lib\site-packages\sqlalchemy\ext\asyncio\engine.py", line 1442, in _get_sync_engine_or_connection
    return async_engine.sync_engine
           ^^^^^^^^^^^^^^^^^^^^^^^^
AttributeError: 'Engine' object has no attribute 'sync_engine'

The above exception was the direct cause of the following exception:

Traceback (most recent call last):
  File "D:\Programing\Teamwork\Agora\Agora\server\app\services\debate_engine\round_manager.py", line 1079, in _persist_unhandled_task_failure
    async with self._session_factory() as task_db:
               ~~~~~~~~~~~~~~~~~~~~~^^
  File "C:\Users\asadb\AppData\Local\Programs\Python\Python314\Lib\site-packages\sqlalchemy\ext\asyncio\session.py", line 1762, in __call__
    return self.class_(**local_kw)
           ~~~~~~~~~~~^^^^^^^^^^^^
  File "C:\Users\asadb\AppData\Local\Programs\Python\Python314\Lib\site-packages\sqlalchemy\ext\asyncio\session.py", line 257, in __init__
    sync_bind = engine._get_sync_engine_or_connection(bind)
  File "C:\Users\asadb\AppData\Local\Programs\Python\Python314\Lib\site-packages\sqlalchemy\ext\asyncio\engine.py", line 1444, in _get_sync_engine_or_connection
    raise exc.ArgumentError(
        "AsyncEngine expected, got %r" % async_engine
    ) from e
sqlalchemy.exc.ArgumentError: AsyncEngine expected, got Engine(sqlite+aiosqlite://)
ERROR    app.services.debate_engine.round_manager:round_manager.py:929 Unhandled agent task exception: round=2 agent=a17c607d-5ac5-4b28-ba1b-8f154c061a91 role=Engineer
Traceback (most recent call last):
  File "C:\Users\asadb\AppData\Local\Programs\Python\Python314\Lib\site-packages\sqlalchemy\ext\asyncio\engine.py", line 1442, in _get_sync_engine_or_connection
    return async_engine.sync_engine
           ^^^^^^^^^^^^^^^^^^^^^^^^
AttributeError: 'Engine' object has no attribute 'sync_engine'

The above exception was the direct cause of the following exception:

Traceback (most recent call last):
  File "D:\Programing\Teamwork\Agora\Agora\server\app\services\debate_engine\round_manager.py", line 919, in _run_plan
    return await self._run_agent_task(ctx, round_record, plan)
           ^^^^^^^^^^^^^^^^^^^^^^^^^^^^^^^^^^^^^^^^^^^^^^^^^^^
  File "D:\Programing\Teamwork\Agora\Agora\server\app\services\debate_engine\round_manager.py", line 965, in _run_agent_task
    async with self._session_factory() as task_db:
               ~~~~~~~~~~~~~~~~~~~~~^^
  File "C:\Users\asadb\AppData\Local\Programs\Python\Python314\Lib\site-packages\sqlalchemy\ext\asyncio\session.py", line 1762, in __call__
    return self.class_(**local_kw)
           ~~~~~~~~~~~^^^^^^^^^^^^
  File "C:\Users\asadb\AppData\Local\Programs\Python\Python314\Lib\site-packages\sqlalchemy\ext\asyncio\session.py", line 257, in __init__
    sync_bind = engine._get_sync_engine_or_connection(bind)
  File "C:\Users\asadb\AppData\Local\Programs\Python\Python314\Lib\site-packages\sqlalchemy\ext\asyncio\engine.py", line 1444, in _get_sync_engine_or_connection
    raise exc.ArgumentError(
        "AsyncEngine expected, got %r" % async_engine
    ) from e
sqlalchemy.exc.ArgumentError: AsyncEngine expected, got Engine(sqlite+aiosqlite://)
ERROR    app.services.debate_engine.round_manager:round_manager.py:1094 Failed to persist fallback error message: round=2 agent=a17c607d-5ac5-4b28-ba1b-8f154c061a91
Traceback (most recent call last):
  File "C:\Users\asadb\AppData\Local\Programs\Python\Python314\Lib\site-packages\sqlalchemy\ext\asyncio\engine.py", line 1442, in _get_sync_engine_or_connection
    return async_engine.sync_engine
           ^^^^^^^^^^^^^^^^^^^^^^^^
AttributeError: 'Engine' object has no attribute 'sync_engine'

The above exception was the direct cause of the following exception:

Traceback (most recent call last):
  File "D:\Programing\Teamwork\Agora\Agora\server\app\services\debate_engine\round_manager.py", line 1079, in _persist_unhandled_task_failure
    async with self._session_factory() as task_db:
               ~~~~~~~~~~~~~~~~~~~~~^^
  File "C:\Users\asadb\AppData\Local\Programs\Python\Python314\Lib\site-packages\sqlalchemy\ext\asyncio\session.py", line 1762, in __call__
    return self.class_(**local_kw)
           ~~~~~~~~~~~^^^^^^^^^^^^
  File "C:\Users\asadb\AppData\Local\Programs\Python\Python314\Lib\site-packages\sqlalchemy\ext\asyncio\session.py", line 257, in __init__
    sync_bind = engine._get_sync_engine_or_connection(bind)
  File "C:\Users\asadb\AppData\Local\Programs\Python\Python314\Lib\site-packages\sqlalchemy\ext\asyncio\engine.py", line 1444, in _get_sync_engine_or_connection
    raise exc.ArgumentError(
        "AsyncEngine expected, got %r" % async_engine
    ) from e
sqlalchemy.exc.ArgumentError: AsyncEngine expected, got Engine(sqlite+aiosqlite://)
INFO     app.services.debate_engine.round_manager:round_manager.py:948 Round 2 parallel done in 0.01s failed=3/3
ERROR    app.services.debate_engine.round_manager:round_manager.py:1225 Round 2 failed: All agents failed in Round 2.
D:\Programing\Teamwork\Agora\Agora\server\app\services\debate_engine\round_manager.py:335: RuntimeError: All agents failed in Round 2.
E   RuntimeError: All agents failed in Round 1.
---------------------------- Captured stderr call -----------------------------
2026-05-15 19:45:05,235 [INFO] app.services.debate_engine.round_manager: Round 1 running (id=caf4b2bf-d26e-4ddc-9efd-a3bc672b4a9d, turn=4ed0b30d-9c74-455f-9593-05c1a38e6fff)
2026-05-15 19:45:05,235 [INFO] app.services.debate_engine.round_manager: Round 1 parallel start agents=2 concurrency=2
2026-05-15 19:45:05,235 [ERROR] app.services.debate_engine.round_manager: Unhandled agent task exception: round=1 agent=37ad039b-9d6a-4744-8f3f-421ee2a2f26e role=A
Traceback (most recent call last):
  File "C:\Users\asadb\AppData\Local\Programs\Python\Python314\Lib\site-packages\sqlalchemy\ext\asyncio\engine.py", line 1442, in _get_sync_engine_or_connection
    return async_engine.sync_engine
           ^^^^^^^^^^^^^^^^^^^^^^^^
AttributeError: 'Engine' object has no attribute 'sync_engine'

The above exception was the direct cause of the following exception:

Traceback (most recent call last):
  File "D:\Programing\Teamwork\Agora\Agora\server\app\services\debate_engine\round_manager.py", line 919, in _run_plan
    return await self._run_agent_task(ctx, round_record, plan)
           ^^^^^^^^^^^^^^^^^^^^^^^^^^^^^^^^^^^^^^^^^^^^^^^^^^^
  File "D:\Programing\Teamwork\Agora\Agora\server\app\services\debate_engine\round_manager.py", line 965, in _run_agent_task
    async with self._session_factory() as task_db:
               ~~~~~~~~~~~~~~~~~~~~~^^
  File "C:\Users\asadb\AppData\Local\Programs\Python\Python314\Lib\site-packages\sqlalchemy\ext\asyncio\session.py", line 1762, in __call__
    return self.class_(**local_kw)
           ~~~~~~~~~~~^^^^^^^^^^^^
  File "C:\Users\asadb\AppData\Local\Programs\Python\Python314\Lib\site-packages\sqlalchemy\ext\asyncio\session.py", line 257, in __init__
    sync_bind = engine._get_sync_engine_or_connection(bind)
  File "C:\Users\asadb\AppData\Local\Programs\Python\Python314\Lib\site-packages\sqlalchemy\ext\asyncio\engine.py", line 1444, in _get_sync_engine_or_connection
    raise exc.ArgumentError(
        "AsyncEngine expected, got %r" % async_engine
    ) from e
sqlalchemy.exc.ArgumentError: AsyncEngine expected, got Engine(sqlite+aiosqlite://)
2026-05-15 19:45:05,236 [ERROR] app.services.debate_engine.round_manager: Failed to persist fallback error message: round=1 agent=37ad039b-9d6a-4744-8f3f-421ee2a2f26e
Traceback (most recent call last):
  File "C:\Users\asadb\AppData\Local\Programs\Python\Python314\Lib\site-packages\sqlalchemy\ext\asyncio\engine.py", line 1442, in _get_sync_engine_or_connection
    return async_engine.sync_engine
           ^^^^^^^^^^^^^^^^^^^^^^^^
AttributeError: 'Engine' object has no attribute 'sync_engine'

The above exception was the direct cause of the following exception:

Traceback (most recent call last):
  File "D:\Programing\Teamwork\Agora\Agora\server\app\services\debate_engine\round_manager.py", line 1079, in _persist_unhandled_task_failure
    async with self._session_factory() as task_db:
               ~~~~~~~~~~~~~~~~~~~~~^^
  File "C:\Users\asadb\AppData\Local\Programs\Python\Python314\Lib\site-packages\sqlalchemy\ext\asyncio\session.py", line 1762, in __call__
    return self.class_(**local_kw)
           ~~~~~~~~~~~^^^^^^^^^^^^
  File "C:\Users\asadb\AppData\Local\Programs\Python\Python314\Lib\site-packages\sqlalchemy\ext\asyncio\session.py", line 257, in __init__
    sync_bind = engine._get_sync_engine_or_connection(bind)
  File "C:\Users\asadb\AppData\Local\Programs\Python\Python314\Lib\site-packages\sqlalchemy\ext\asyncio\engine.py", line 1444, in _get_sync_engine_or_connection
    raise exc.ArgumentError(
        "AsyncEngine expected, got %r" % async_engine
    ) from e
sqlalchemy.exc.ArgumentError: AsyncEngine expected, got Engine(sqlite+aiosqlite://)
2026-05-15 19:45:05,238 [ERROR] app.services.debate_engine.round_manager: Unhandled agent task exception: round=1 agent=fcb82b30-4be5-4949-84d3-c14c0b83dab7 role=B
Traceback (most recent call last):
  File "C:\Users\asadb\AppData\Local\Programs\Python\Python314\Lib\site-packages\sqlalchemy\ext\asyncio\engine.py", line 1442, in _get_sync_engine_or_connection
    return async_engine.sync_engine
           ^^^^^^^^^^^^^^^^^^^^^^^^
AttributeError: 'Engine' object has no attribute 'sync_engine'

The above exception was the direct cause of the following exception:

Traceback (most recent call last):
  File "D:\Programing\Teamwork\Agora\Agora\server\app\services\debate_engine\round_manager.py", line 919, in _run_plan
    return await self._run_agent_task(ctx, round_record, plan)
           ^^^^^^^^^^^^^^^^^^^^^^^^^^^^^^^^^^^^^^^^^^^^^^^^^^^
  File "D:\Programing\Teamwork\Agora\Agora\server\app\services\debate_engine\round_manager.py", line 965, in _run_agent_task
    async with self._session_factory() as task_db:
               ~~~~~~~~~~~~~~~~~~~~~^^
  File "C:\Users\asadb\AppData\Local\Programs\Python\Python314\Lib\site-packages\sqlalchemy\ext\asyncio\session.py", line 1762, in __call__
    return self.class_(**local_kw)
           ~~~~~~~~~~~^^^^^^^^^^^^
  File "C:\Users\asadb\AppData\Local\Programs\Python\Python314\Lib\site-packages\sqlalchemy\ext\asyncio\session.py", line 257, in __init__
    sync_bind = engine._get_sync_engine_or_connection(bind)
  File "C:\Users\asadb\AppData\Local\Programs\Python\Python314\Lib\site-packages\sqlalchemy\ext\asyncio\engine.py", line 1444, in _get_sync_engine_or_connection
    raise exc.ArgumentError(
        "AsyncEngine expected, got %r" % async_engine
    ) from e
sqlalchemy.exc.ArgumentError: AsyncEngine expected, got Engine(sqlite+aiosqlite://)
2026-05-15 19:45:05,239 [ERROR] app.services.debate_engine.round_manager: Failed to persist fallback error message: round=1 agent=fcb82b30-4be5-4949-84d3-c14c0b83dab7
Traceback (most recent call last):
  File "C:\Users\asadb\AppData\Local\Programs\Python\Python314\Lib\site-packages\sqlalchemy\ext\asyncio\engine.py", line 1442, in _get_sync_engine_or_connection
    return async_engine.sync_engine
           ^^^^^^^^^^^^^^^^^^^^^^^^
AttributeError: 'Engine' object has no attribute 'sync_engine'

The above exception was the direct cause of the following exception:

Traceback (most recent call last):
  File "D:\Programing\Teamwork\Agora\Agora\server\app\services\debate_engine\round_manager.py", line 1079, in _persist_unhandled_task_failure
    async with self._session_factory() as task_db:
               ~~~~~~~~~~~~~~~~~~~~~^^
  File "C:\Users\asadb\AppData\Local\Programs\Python\Python314\Lib\site-packages\sqlalchemy\ext\asyncio\session.py", line 1762, in __call__
    return self.class_(**local_kw)
           ~~~~~~~~~~~^^^^^^^^^^^^
  File "C:\Users\asadb\AppData\Local\Programs\Python\Python314\Lib\site-packages\sqlalchemy\ext\asyncio\session.py", line 257, in __init__
    sync_bind = engine._get_sync_engine_or_connection(bind)
  File "C:\Users\asadb\AppData\Local\Programs\Python\Python314\Lib\site-packages\sqlalchemy\ext\asyncio\engine.py", line 1444, in _get_sync_engine_or_connection
    raise exc.ArgumentError(
        "AsyncEngine expected, got %r" % async_engine
    ) from e
sqlalchemy.exc.ArgumentError: AsyncEngine expected, got Engine(sqlite+aiosqlite://)
2026-05-15 19:45:05,240 [INFO] app.services.debate_engine.round_manager: Round 1 parallel done in 0.00s failed=2/2
2026-05-15 19:45:05,242 [ERROR] app.services.debate_engine.round_manager: Round 1 failed: All agents failed in Round 1.
------------------------------ Captured log call ------------------------------
INFO     app.services.debate_engine.round_manager:round_manager.py:1172 Round 1 running (id=caf4b2bf-d26e-4ddc-9efd-a3bc672b4a9d, turn=4ed0b30d-9c74-455f-9593-05c1a38e6fff)
INFO     app.services.debate_engine.round_manager:round_manager.py:903 Round 1 parallel start agents=2 concurrency=2
ERROR    app.services.debate_engine.round_manager:round_manager.py:929 Unhandled agent task exception: round=1 agent=37ad039b-9d6a-4744-8f3f-421ee2a2f26e role=A
Traceback (most recent call last):
  File "C:\Users\asadb\AppData\Local\Programs\Python\Python314\Lib\site-packages\sqlalchemy\ext\asyncio\engine.py", line 1442, in _get_sync_engine_or_connection
    return async_engine.sync_engine
           ^^^^^^^^^^^^^^^^^^^^^^^^
AttributeError: 'Engine' object has no attribute 'sync_engine'

The above exception was the direct cause of the following exception:

Traceback (most recent call last):
  File "D:\Programing\Teamwork\Agora\Agora\server\app\services\debate_engine\round_manager.py", line 919, in _run_plan
    return await self._run_agent_task(ctx, round_record, plan)
           ^^^^^^^^^^^^^^^^^^^^^^^^^^^^^^^^^^^^^^^^^^^^^^^^^^^
  File "D:\Programing\Teamwork\Agora\Agora\server\app\services\debate_engine\round_manager.py", line 965, in _run_agent_task
    async with self._session_factory() as task_db:
               ~~~~~~~~~~~~~~~~~~~~~^^
  File "C:\Users\asadb\AppData\Local\Programs\Python\Python314\Lib\site-packages\sqlalchemy\ext\asyncio\session.py", line 1762, in __call__
    return self.class_(**local_kw)
           ~~~~~~~~~~~^^^^^^^^^^^^
  File "C:\Users\asadb\AppData\Local\Programs\Python\Python314\Lib\site-packages\sqlalchemy\ext\asyncio\session.py", line 257, in __init__
    sync_bind = engine._get_sync_engine_or_connection(bind)
  File "C:\Users\asadb\AppData\Local\Programs\Python\Python314\Lib\site-packages\sqlalchemy\ext\asyncio\engine.py", line 1444, in _get_sync_engine_or_connection
    raise exc.ArgumentError(
        "AsyncEngine expected, got %r" % async_engine
    ) from e
sqlalchemy.exc.ArgumentError: AsyncEngine expected, got Engine(sqlite+aiosqlite://)
ERROR    app.services.debate_engine.round_manager:round_manager.py:1094 Failed to persist fallback error message: round=1 agent=37ad039b-9d6a-4744-8f3f-421ee2a2f26e
Traceback (most recent call last):
  File "C:\Users\asadb\AppData\Local\Programs\Python\Python314\Lib\site-packages\sqlalchemy\ext\asyncio\engine.py", line 1442, in _get_sync_engine_or_connection
    return async_engine.sync_engine
           ^^^^^^^^^^^^^^^^^^^^^^^^
AttributeError: 'Engine' object has no attribute 'sync_engine'

The above exception was the direct cause of the following exception:

Traceback (most recent call last):
  File "D:\Programing\Teamwork\Agora\Agora\server\app\services\debate_engine\round_manager.py", line 1079, in _persist_unhandled_task_failure
    async with self._session_factory() as task_db:
               ~~~~~~~~~~~~~~~~~~~~~^^
  File "C:\Users\asadb\AppData\Local\Programs\Python\Python314\Lib\site-packages\sqlalchemy\ext\asyncio\session.py", line 1762, in __call__
    return self.class_(**local_kw)
           ~~~~~~~~~~~^^^^^^^^^^^^
  File "C:\Users\asadb\AppData\Local\Programs\Python\Python314\Lib\site-packages\sqlalchemy\ext\asyncio\session.py", line 257, in __init__
    sync_bind = engine._get_sync_engine_or_connection(bind)
  File "C:\Users\asadb\AppData\Local\Programs\Python\Python314\Lib\site-packages\sqlalchemy\ext\asyncio\engine.py", line 1444, in _get_sync_engine_or_connection
    raise exc.ArgumentError(
        "AsyncEngine expected, got %r" % async_engine
    ) from e
sqlalchemy.exc.ArgumentError: AsyncEngine expected, got Engine(sqlite+aiosqlite://)
ERROR    app.services.debate_engine.round_manager:round_manager.py:929 Unhandled agent task exception: round=1 agent=fcb82b30-4be5-4949-84d3-c14c0b83dab7 role=B
Traceback (most recent call last):
  File "C:\Users\asadb\AppData\Local\Programs\Python\Python314\Lib\site-packages\sqlalchemy\ext\asyncio\engine.py", line 1442, in _get_sync_engine_or_connection
    return async_engine.sync_engine
           ^^^^^^^^^^^^^^^^^^^^^^^^
AttributeError: 'Engine' object has no attribute 'sync_engine'

The above exception was the direct cause of the following exception:

Traceback (most recent call last):
  File "D:\Programing\Teamwork\Agora\Agora\server\app\services\debate_engine\round_manager.py", line 919, in _run_plan
    return await self._run_agent_task(ctx, round_record, plan)
           ^^^^^^^^^^^^^^^^^^^^^^^^^^^^^^^^^^^^^^^^^^^^^^^^^^^
  File "D:\Programing\Teamwork\Agora\Agora\server\app\services\debate_engine\round_manager.py", line 965, in _run_agent_task
    async with self._session_factory() as task_db:
               ~~~~~~~~~~~~~~~~~~~~~^^
  File "C:\Users\asadb\AppData\Local\Programs\Python\Python314\Lib\site-packages\sqlalchemy\ext\asyncio\session.py", line 1762, in __call__
    return self.class_(**local_kw)
           ~~~~~~~~~~~^^^^^^^^^^^^
  File "C:\Users\asadb\AppData\Local\Programs\Python\Python314\Lib\site-packages\sqlalchemy\ext\asyncio\session.py", line 257, in __init__
    sync_bind = engine._get_sync_engine_or_connection(bind)
  File "C:\Users\asadb\AppData\Local\Programs\Python\Python314\Lib\site-packages\sqlalchemy\ext\asyncio\engine.py", line 1444, in _get_sync_engine_or_connection
    raise exc.ArgumentError(
        "AsyncEngine expected, got %r" % async_engine
    ) from e
sqlalchemy.exc.ArgumentError: AsyncEngine expected, got Engine(sqlite+aiosqlite://)
ERROR    app.services.debate_engine.round_manager:round_manager.py:1094 Failed to persist fallback error message: round=1 agent=fcb82b30-4be5-4949-84d3-c14c0b83dab7
Traceback (most recent call last):
  File "C:\Users\asadb\AppData\Local\Programs\Python\Python314\Lib\site-packages\sqlalchemy\ext\asyncio\engine.py", line 1442, in _get_sync_engine_or_connection
    return async_engine.sync_engine
           ^^^^^^^^^^^^^^^^^^^^^^^^
AttributeError: 'Engine' object has no attribute 'sync_engine'

The above exception was the direct cause of the following exception:

Traceback (most recent call last):
  File "D:\Programing\Teamwork\Agora\Agora\server\app\services\debate_engine\round_manager.py", line 1079, in _persist_unhandled_task_failure
    async with self._session_factory() as task_db:
               ~~~~~~~~~~~~~~~~~~~~~^^
  File "C:\Users\asadb\AppData\Local\Programs\Python\Python314\Lib\site-packages\sqlalchemy\ext\asyncio\session.py", line 1762, in __call__
    return self.class_(**local_kw)
           ~~~~~~~~~~~^^^^^^^^^^^^
  File "C:\Users\asadb\AppData\Local\Programs\Python\Python314\Lib\site-packages\sqlalchemy\ext\asyncio\session.py", line 257, in __init__
    sync_bind = engine._get_sync_engine_or_connection(bind)
  File "C:\Users\asadb\AppData\Local\Programs\Python\Python314\Lib\site-packages\sqlalchemy\ext\asyncio\engine.py", line 1444, in _get_sync_engine_or_connection
    raise exc.ArgumentError(
        "AsyncEngine expected, got %r" % async_engine
    ) from e
sqlalchemy.exc.ArgumentError: AsyncEngine expected, got Engine(sqlite+aiosqlite://)
INFO     app.services.debate_engine.round_manager:round_manager.py:948 Round 1 parallel done in 0.00s failed=2/2
ERROR    app.services.debate_engine.round_manager:round_manager.py:1225 Round 1 failed: All agents failed in Round 1.
D:\Programing\Teamwork\Agora\Agora\server\app\services\debate_engine\round_manager.py:209: RuntimeError: All agents failed in Round 1.
E   RuntimeError: All agents failed in Round 1.
---------------------------- Captured stderr call -----------------------------
2026-05-15 19:45:05,334 [INFO] app.services.debate_engine.round_manager: Round 1 running (id=bc1ca8ab-effb-4af9-a435-315fcad81395, turn=b7fdfc3b-9736-43aa-8727-1365fbe4b45b)
2026-05-15 19:45:05,335 [INFO] app.services.debate_engine.round_manager: Round 1 parallel start agents=1 concurrency=1
2026-05-15 19:45:05,335 [ERROR] app.services.debate_engine.round_manager: Unhandled agent task exception: round=1 agent=2be9ebc5-1fe9-40a5-b6d3-72e445e3721e role=Economist
Traceback (most recent call last):
  File "C:\Users\asadb\AppData\Local\Programs\Python\Python314\Lib\site-packages\sqlalchemy\ext\asyncio\engine.py", line 1442, in _get_sync_engine_or_connection
    return async_engine.sync_engine
           ^^^^^^^^^^^^^^^^^^^^^^^^
AttributeError: 'Engine' object has no attribute 'sync_engine'

The above exception was the direct cause of the following exception:

Traceback (most recent call last):
  File "D:\Programing\Teamwork\Agora\Agora\server\app\services\debate_engine\round_manager.py", line 919, in _run_plan
    return await self._run_agent_task(ctx, round_record, plan)
           ^^^^^^^^^^^^^^^^^^^^^^^^^^^^^^^^^^^^^^^^^^^^^^^^^^^
  File "D:\Programing\Teamwork\Agora\Agora\server\app\services\debate_engine\round_manager.py", line 965, in _run_agent_task
    async with self._session_factory() as task_db:
               ~~~~~~~~~~~~~~~~~~~~~^^
  File "C:\Users\asadb\AppData\Local\Programs\Python\Python314\Lib\site-packages\sqlalchemy\ext\asyncio\session.py", line 1762, in __call__
    return self.class_(**local_kw)
           ~~~~~~~~~~~^^^^^^^^^^^^
  File "C:\Users\asadb\AppData\Local\Programs\Python\Python314\Lib\site-packages\sqlalchemy\ext\asyncio\session.py", line 257, in __init__
    sync_bind = engine._get_sync_engine_or_connection(bind)
  File "C:\Users\asadb\AppData\Local\Programs\Python\Python314\Lib\site-packages\sqlalchemy\ext\asyncio\engine.py", line 1444, in _get_sync_engine_or_connection
    raise exc.ArgumentError(
        "AsyncEngine expected, got %r" % async_engine
    ) from e
sqlalchemy.exc.ArgumentError: AsyncEngine expected, got Engine(sqlite+aiosqlite://)
2026-05-15 19:45:05,337 [ERROR] app.services.debate_engine.round_manager: Failed to persist fallback error message: round=1 agent=2be9ebc5-1fe9-40a5-b6d3-72e445e3721e
Traceback (most recent call last):
  File "C:\Users\asadb\AppData\Local\Programs\Python\Python314\Lib\site-packages\sqlalchemy\ext\asyncio\engine.py", line 1442, in _get_sync_engine_or_connection
    return async_engine.sync_engine
           ^^^^^^^^^^^^^^^^^^^^^^^^
AttributeError: 'Engine' object has no attribute 'sync_engine'

The above exception was the direct cause of the following exception:

Traceback (most recent call last):
  File "D:\Programing\Teamwork\Agora\Agora\server\app\services\debate_engine\round_manager.py", line 1079, in _persist_unhandled_task_failure
    async with self._session_factory() as task_db:
               ~~~~~~~~~~~~~~~~~~~~~^^
  File "C:\Users\asadb\AppData\Local\Programs\Python\Python314\Lib\site-packages\sqlalchemy\ext\asyncio\session.py", line 1762, in __call__
    return self.class_(**local_kw)
           ~~~~~~~~~~~^^^^^^^^^^^^
  File "C:\Users\asadb\AppData\Local\Programs\Python\Python314\Lib\site-packages\sqlalchemy\ext\asyncio\session.py", line 257, in __init__
    sync_bind = engine._get_sync_engine_or_connection(bind)
  File "C:\Users\asadb\AppData\Local\Programs\Python\Python314\Lib\site-packages\sqlalchemy\ext\asyncio\engine.py", line 1444, in _get_sync_engine_or_connection
    raise exc.ArgumentError(
        "AsyncEngine expected, got %r" % async_engine
    ) from e
sqlalchemy.exc.ArgumentError: AsyncEngine expected, got Engine(sqlite+aiosqlite://)
2026-05-15 19:45:05,338 [INFO] app.services.debate_engine.round_manager: Round 1 parallel done in 0.00s failed=1/1
2026-05-15 19:45:05,341 [ERROR] app.services.debate_engine.round_manager: Round 1 failed: All agents failed in Round 1.
------------------------------ Captured log call ------------------------------
INFO     app.services.debate_engine.round_manager:round_manager.py:1172 Round 1 running (id=bc1ca8ab-effb-4af9-a435-315fcad81395, turn=b7fdfc3b-9736-43aa-8727-1365fbe4b45b)
INFO     app.services.debate_engine.round_manager:round_manager.py:903 Round 1 parallel start agents=1 concurrency=1
ERROR    app.services.debate_engine.round_manager:round_manager.py:929 Unhandled agent task exception: round=1 agent=2be9ebc5-1fe9-40a5-b6d3-72e445e3721e role=Economist
Traceback (most recent call last):
  File "C:\Users\asadb\AppData\Local\Programs\Python\Python314\Lib\site-packages\sqlalchemy\ext\asyncio\engine.py", line 1442, in _get_sync_engine_or_connection
    return async_engine.sync_engine
           ^^^^^^^^^^^^^^^^^^^^^^^^
AttributeError: 'Engine' object has no attribute 'sync_engine'

The above exception was the direct cause of the following exception:

Traceback (most recent call last):
  File "D:\Programing\Teamwork\Agora\Agora\server\app\services\debate_engine\round_manager.py", line 919, in _run_plan
    return await self._run_agent_task(ctx, round_record, plan)
           ^^^^^^^^^^^^^^^^^^^^^^^^^^^^^^^^^^^^^^^^^^^^^^^^^^^
  File "D:\Programing\Teamwork\Agora\Agora\server\app\services\debate_engine\round_manager.py", line 965, in _run_agent_task
    async with self._session_factory() as task_db:
               ~~~~~~~~~~~~~~~~~~~~~^^
  File "C:\Users\asadb\AppData\Local\Programs\Python\Python314\Lib\site-packages\sqlalchemy\ext\asyncio\session.py", line 1762, in __call__
    return self.class_(**local_kw)
           ~~~~~~~~~~~^^^^^^^^^^^^
  File "C:\Users\asadb\AppData\Local\Programs\Python\Python314\Lib\site-packages\sqlalchemy\ext\asyncio\session.py", line 257, in __init__
    sync_bind = engine._get_sync_engine_or_connection(bind)
  File "C:\Users\asadb\AppData\Local\Programs\Python\Python314\Lib\site-packages\sqlalchemy\ext\asyncio\engine.py", line 1444, in _get_sync_engine_or_connection
    raise exc.ArgumentError(
        "AsyncEngine expected, got %r" % async_engine
    ) from e
sqlalchemy.exc.ArgumentError: AsyncEngine expected, got Engine(sqlite+aiosqlite://)
ERROR    app.services.debate_engine.round_manager:round_manager.py:1094 Failed to persist fallback error message: round=1 agent=2be9ebc5-1fe9-40a5-b6d3-72e445e3721e
Traceback (most recent call last):
  File "C:\Users\asadb\AppData\Local\Programs\Python\Python314\Lib\site-packages\sqlalchemy\ext\asyncio\engine.py", line 1442, in _get_sync_engine_or_connection
    return async_engine.sync_engine
           ^^^^^^^^^^^^^^^^^^^^^^^^
AttributeError: 'Engine' object has no attribute 'sync_engine'

The above exception was the direct cause of the following exception:

Traceback (most recent call last):
  File "D:\Programing\Teamwork\Agora\Agora\server\app\services\debate_engine\round_manager.py", line 1079, in _persist_unhandled_task_failure
    async with self._session_factory() as task_db:
               ~~~~~~~~~~~~~~~~~~~~~^^
  File "C:\Users\asadb\AppData\Local\Programs\Python\Python314\Lib\site-packages\sqlalchemy\ext\asyncio\session.py", line 1762, in __call__
    return self.class_(**local_kw)
           ~~~~~~~~~~~^^^^^^^^^^^^
  File "C:\Users\asadb\AppData\Local\Programs\Python\Python314\Lib\site-packages\sqlalchemy\ext\asyncio\session.py", line 257, in __init__
    sync_bind = engine._get_sync_engine_or_connection(bind)
  File "C:\Users\asadb\AppData\Local\Programs\Python\Python314\Lib\site-packages\sqlalchemy\ext\asyncio\engine.py", line 1444, in _get_sync_engine_or_connection
    raise exc.ArgumentError(
        "AsyncEngine expected, got %r" % async_engine
    ) from e
sqlalchemy.exc.ArgumentError: AsyncEngine expected, got Engine(sqlite+aiosqlite://)
INFO     app.services.debate_engine.round_manager:round_manager.py:948 Round 1 parallel done in 0.00s failed=1/1
ERROR    app.services.debate_engine.round_manager:round_manager.py:1225 Round 1 failed: All agents failed in Round 1.
D:\Programing\Teamwork\Agora\Agora\server\app\services\debate_engine\round_manager.py:209: RuntimeError: All agents failed in Round 1.
E   RuntimeError: All agents failed in Round 1.
---------------------------- Captured stderr call -----------------------------
2026-05-15 19:45:05,438 [INFO] app.services.debate_engine.round_manager: Round 1 running (id=64ac33c1-0329-46aa-826a-f8f2ed3046db, turn=3abb8837-473b-47e6-aee9-8ef8ce3cca82)
2026-05-15 19:45:05,438 [INFO] app.services.debate_engine.round_manager: Round 1 parallel start agents=1 concurrency=1
2026-05-15 19:45:05,438 [ERROR] app.services.debate_engine.round_manager: Unhandled agent task exception: round=1 agent=8fe17a5e-f11c-4bbf-8154-ce0d32b114e3 role=Economist
Traceback (most recent call last):
  File "C:\Users\asadb\AppData\Local\Programs\Python\Python314\Lib\site-packages\sqlalchemy\ext\asyncio\engine.py", line 1442, in _get_sync_engine_or_connection
    return async_engine.sync_engine
           ^^^^^^^^^^^^^^^^^^^^^^^^
AttributeError: 'Engine' object has no attribute 'sync_engine'

The above exception was the direct cause of the following exception:

Traceback (most recent call last):
  File "D:\Programing\Teamwork\Agora\Agora\server\app\services\debate_engine\round_manager.py", line 919, in _run_plan
    return await self._run_agent_task(ctx, round_record, plan)
           ^^^^^^^^^^^^^^^^^^^^^^^^^^^^^^^^^^^^^^^^^^^^^^^^^^^
  File "D:\Programing\Teamwork\Agora\Agora\server\app\services\debate_engine\round_manager.py", line 965, in _run_agent_task
    async with self._session_factory() as task_db:
               ~~~~~~~~~~~~~~~~~~~~~^^
  File "C:\Users\asadb\AppData\Local\Programs\Python\Python314\Lib\site-packages\sqlalchemy\ext\asyncio\session.py", line 1762, in __call__
    return self.class_(**local_kw)
           ~~~~~~~~~~~^^^^^^^^^^^^
  File "C:\Users\asadb\AppData\Local\Programs\Python\Python314\Lib\site-packages\sqlalchemy\ext\asyncio\session.py", line 257, in __init__
    sync_bind = engine._get_sync_engine_or_connection(bind)
  File "C:\Users\asadb\AppData\Local\Programs\Python\Python314\Lib\site-packages\sqlalchemy\ext\asyncio\engine.py", line 1444, in _get_sync_engine_or_connection
    raise exc.ArgumentError(
        "AsyncEngine expected, got %r" % async_engine
    ) from e
sqlalchemy.exc.ArgumentError: AsyncEngine expected, got Engine(sqlite+aiosqlite://)
2026-05-15 19:45:05,440 [ERROR] app.services.debate_engine.round_manager: Failed to persist fallback error message: round=1 agent=8fe17a5e-f11c-4bbf-8154-ce0d32b114e3
Traceback (most recent call last):
  File "C:\Users\asadb\AppData\Local\Programs\Python\Python314\Lib\site-packages\sqlalchemy\ext\asyncio\engine.py", line 1442, in _get_sync_engine_or_connection
    return async_engine.sync_engine
           ^^^^^^^^^^^^^^^^^^^^^^^^
AttributeError: 'Engine' object has no attribute 'sync_engine'

The above exception was the direct cause of the following exception:

Traceback (most recent call last):
  File "D:\Programing\Teamwork\Agora\Agora\server\app\services\debate_engine\round_manager.py", line 1079, in _persist_unhandled_task_failure
    async with self._session_factory() as task_db:
               ~~~~~~~~~~~~~~~~~~~~~^^
  File "C:\Users\asadb\AppData\Local\Programs\Python\Python314\Lib\site-packages\sqlalchemy\ext\asyncio\session.py", line 1762, in __call__
    return self.class_(**local_kw)
           ~~~~~~~~~~~^^^^^^^^^^^^
  File "C:\Users\asadb\AppData\Local\Programs\Python\Python314\Lib\site-packages\sqlalchemy\ext\asyncio\session.py", line 257, in __init__
    sync_bind = engine._get_sync_engine_or_connection(bind)
  File "C:\Users\asadb\AppData\Local\Programs\Python\Python314\Lib\site-packages\sqlalchemy\ext\asyncio\engine.py", line 1444, in _get_sync_engine_or_connection
    raise exc.ArgumentError(
        "AsyncEngine expected, got %r" % async_engine
    ) from e
sqlalchemy.exc.ArgumentError: AsyncEngine expected, got Engine(sqlite+aiosqlite://)
2026-05-15 19:45:05,441 [INFO] app.services.debate_engine.round_manager: Round 1 parallel done in 0.00s failed=1/1
2026-05-15 19:45:05,443 [ERROR] app.services.debate_engine.round_manager: Round 1 failed: All agents failed in Round 1.
------------------------------ Captured log call ------------------------------
INFO     app.services.debate_engine.round_manager:round_manager.py:1172 Round 1 running (id=64ac33c1-0329-46aa-826a-f8f2ed3046db, turn=3abb8837-473b-47e6-aee9-8ef8ce3cca82)
INFO     app.services.debate_engine.round_manager:round_manager.py:903 Round 1 parallel start agents=1 concurrency=1
ERROR    app.services.debate_engine.round_manager:round_manager.py:929 Unhandled agent task exception: round=1 agent=8fe17a5e-f11c-4bbf-8154-ce0d32b114e3 role=Economist
Traceback (most recent call last):
  File "C:\Users\asadb\AppData\Local\Programs\Python\Python314\Lib\site-packages\sqlalchemy\ext\asyncio\engine.py", line 1442, in _get_sync_engine_or_connection
    return async_engine.sync_engine
           ^^^^^^^^^^^^^^^^^^^^^^^^
AttributeError: 'Engine' object has no attribute 'sync_engine'

The above exception was the direct cause of the following exception:

Traceback (most recent call last):
  File "D:\Programing\Teamwork\Agora\Agora\server\app\services\debate_engine\round_manager.py", line 919, in _run_plan
    return await self._run_agent_task(ctx, round_record, plan)
           ^^^^^^^^^^^^^^^^^^^^^^^^^^^^^^^^^^^^^^^^^^^^^^^^^^^
  File "D:\Programing\Teamwork\Agora\Agora\server\app\services\debate_engine\round_manager.py", line 965, in _run_agent_task
    async with self._session_factory() as task_db:
               ~~~~~~~~~~~~~~~~~~~~~^^
  File "C:\Users\asadb\AppData\Local\Programs\Python\Python314\Lib\site-packages\sqlalchemy\ext\asyncio\session.py", line 1762, in __call__
    return self.class_(**local_kw)
           ~~~~~~~~~~~^^^^^^^^^^^^
  File "C:\Users\asadb\AppData\Local\Programs\Python\Python314\Lib\site-packages\sqlalchemy\ext\asyncio\session.py", line 257, in __init__
    sync_bind = engine._get_sync_engine_or_connection(bind)
  File "C:\Users\asadb\AppData\Local\Programs\Python\Python314\Lib\site-packages\sqlalchemy\ext\asyncio\engine.py", line 1444, in _get_sync_engine_or_connection
    raise exc.ArgumentError(
        "AsyncEngine expected, got %r" % async_engine
    ) from e
sqlalchemy.exc.ArgumentError: AsyncEngine expected, got Engine(sqlite+aiosqlite://)
ERROR    app.services.debate_engine.round_manager:round_manager.py:1094 Failed to persist fallback error message: round=1 agent=8fe17a5e-f11c-4bbf-8154-ce0d32b114e3
Traceback (most recent call last):
  File "C:\Users\asadb\AppData\Local\Programs\Python\Python314\Lib\site-packages\sqlalchemy\ext\asyncio\engine.py", line 1442, in _get_sync_engine_or_connection
    return async_engine.sync_engine
           ^^^^^^^^^^^^^^^^^^^^^^^^
AttributeError: 'Engine' object has no attribute 'sync_engine'

The above exception was the direct cause of the following exception:

Traceback (most recent call last):
  File "D:\Programing\Teamwork\Agora\Agora\server\app\services\debate_engine\round_manager.py", line 1079, in _persist_unhandled_task_failure
    async with self._session_factory() as task_db:
               ~~~~~~~~~~~~~~~~~~~~~^^
  File "C:\Users\asadb\AppData\Local\Programs\Python\Python314\Lib\site-packages\sqlalchemy\ext\asyncio\session.py", line 1762, in __call__
    return self.class_(**local_kw)
           ~~~~~~~~~~~^^^^^^^^^^^^
  File "C:\Users\asadb\AppData\Local\Programs\Python\Python314\Lib\site-packages\sqlalchemy\ext\asyncio\session.py", line 257, in __init__
    sync_bind = engine._get_sync_engine_or_connection(bind)
  File "C:\Users\asadb\AppData\Local\Programs\Python\Python314\Lib\site-packages\sqlalchemy\ext\asyncio\engine.py", line 1444, in _get_sync_engine_or_connection
    raise exc.ArgumentError(
        "AsyncEngine expected, got %r" % async_engine
    ) from e
sqlalchemy.exc.ArgumentError: AsyncEngine expected, got Engine(sqlite+aiosqlite://)
INFO     app.services.debate_engine.round_manager:round_manager.py:948 Round 1 parallel done in 0.00s failed=1/1
ERROR    app.services.debate_engine.round_manager:round_manager.py:1225 Round 1 failed: All agents failed in Round 1.
D:\Programing\Teamwork\Agora\Agora\server\app\services\debate_engine\round_manager.py:209: RuntimeError: All agents failed in Round 1.
E   RuntimeError: All agents failed in Round 1.
---------------------------- Captured stderr call -----------------------------
2026-05-15 19:45:05,534 [INFO] app.services.debate_engine.round_manager: Round 1 running (id=1d85e4f4-09c5-408e-998b-2cae3455103d, turn=71e66616-12f6-46ba-897d-4aa4c1241433)
2026-05-15 19:45:05,535 [INFO] app.services.debate_engine.round_manager: Round 1 parallel start agents=1 concurrency=1
2026-05-15 19:45:05,535 [ERROR] app.services.debate_engine.round_manager: Unhandled agent task exception: round=1 agent=e3075ce9-957f-4a18-ab54-f5062cc09783 role=Economist
Traceback (most recent call last):
  File "C:\Users\asadb\AppData\Local\Programs\Python\Python314\Lib\site-packages\sqlalchemy\ext\asyncio\engine.py", line 1442, in _get_sync_engine_or_connection
    return async_engine.sync_engine
           ^^^^^^^^^^^^^^^^^^^^^^^^
AttributeError: 'Engine' object has no attribute 'sync_engine'

The above exception was the direct cause of the following exception:

Traceback (most recent call last):
  File "D:\Programing\Teamwork\Agora\Agora\server\app\services\debate_engine\round_manager.py", line 919, in _run_plan
    return await self._run_agent_task(ctx, round_record, plan)
           ^^^^^^^^^^^^^^^^^^^^^^^^^^^^^^^^^^^^^^^^^^^^^^^^^^^
  File "D:\Programing\Teamwork\Agora\Agora\server\app\services\debate_engine\round_manager.py", line 965, in _run_agent_task
    async with self._session_factory() as task_db:
               ~~~~~~~~~~~~~~~~~~~~~^^
  File "C:\Users\asadb\AppData\Local\Programs\Python\Python314\Lib\site-packages\sqlalchemy\ext\asyncio\session.py", line 1762, in __call__
    return self.class_(**local_kw)
           ~~~~~~~~~~~^^^^^^^^^^^^
  File "C:\Users\asadb\AppData\Local\Programs\Python\Python314\Lib\site-packages\sqlalchemy\ext\asyncio\session.py", line 257, in __init__
    sync_bind = engine._get_sync_engine_or_connection(bind)
  File "C:\Users\asadb\AppData\Local\Programs\Python\Python314\Lib\site-packages\sqlalchemy\ext\asyncio\engine.py", line 1444, in _get_sync_engine_or_connection
    raise exc.ArgumentError(
        "AsyncEngine expected, got %r" % async_engine
    ) from e
sqlalchemy.exc.ArgumentError: AsyncEngine expected, got Engine(sqlite+aiosqlite://)
2026-05-15 19:45:05,536 [ERROR] app.services.debate_engine.round_manager: Failed to persist fallback error message: round=1 agent=e3075ce9-957f-4a18-ab54-f5062cc09783
Traceback (most recent call last):
  File "C:\Users\asadb\AppData\Local\Programs\Python\Python314\Lib\site-packages\sqlalchemy\ext\asyncio\engine.py", line 1442, in _get_sync_engine_or_connection
    return async_engine.sync_engine
           ^^^^^^^^^^^^^^^^^^^^^^^^
AttributeError: 'Engine' object has no attribute 'sync_engine'

The above exception was the direct cause of the following exception:

Traceback (most recent call last):
  File "D:\Programing\Teamwork\Agora\Agora\server\app\services\debate_engine\round_manager.py", line 1079, in _persist_unhandled_task_failure
    async with self._session_factory() as task_db:
               ~~~~~~~~~~~~~~~~~~~~~^^
  File "C:\Users\asadb\AppData\Local\Programs\Python\Python314\Lib\site-packages\sqlalchemy\ext\asyncio\session.py", line 1762, in __call__
    return self.class_(**local_kw)
           ~~~~~~~~~~~^^^^^^^^^^^^
  File "C:\Users\asadb\AppData\Local\Programs\Python\Python314\Lib\site-packages\sqlalchemy\ext\asyncio\session.py", line 257, in __init__
    sync_bind = engine._get_sync_engine_or_connection(bind)
  File "C:\Users\asadb\AppData\Local\Programs\Python\Python314\Lib\site-packages\sqlalchemy\ext\asyncio\engine.py", line 1444, in _get_sync_engine_or_connection
    raise exc.ArgumentError(
        "AsyncEngine expected, got %r" % async_engine
    ) from e
sqlalchemy.exc.ArgumentError: AsyncEngine expected, got Engine(sqlite+aiosqlite://)
2026-05-15 19:45:05,538 [INFO] app.services.debate_engine.round_manager: Round 1 parallel done in 0.00s failed=1/1
2026-05-15 19:45:05,540 [ERROR] app.services.debate_engine.round_manager: Round 1 failed: All agents failed in Round 1.
------------------------------ Captured log call ------------------------------
INFO     app.services.debate_engine.round_manager:round_manager.py:1172 Round 1 running (id=1d85e4f4-09c5-408e-998b-2cae3455103d, turn=71e66616-12f6-46ba-897d-4aa4c1241433)
INFO     app.services.debate_engine.round_manager:round_manager.py:903 Round 1 parallel start agents=1 concurrency=1
ERROR    app.services.debate_engine.round_manager:round_manager.py:929 Unhandled agent task exception: round=1 agent=e3075ce9-957f-4a18-ab54-f5062cc09783 role=Economist
Traceback (most recent call last):
  File "C:\Users\asadb\AppData\Local\Programs\Python\Python314\Lib\site-packages\sqlalchemy\ext\asyncio\engine.py", line 1442, in _get_sync_engine_or_connection
    return async_engine.sync_engine
           ^^^^^^^^^^^^^^^^^^^^^^^^
AttributeError: 'Engine' object has no attribute 'sync_engine'

The above exception was the direct cause of the following exception:

Traceback (most recent call last):
  File "D:\Programing\Teamwork\Agora\Agora\server\app\services\debate_engine\round_manager.py", line 919, in _run_plan
    return await self._run_agent_task(ctx, round_record, plan)
           ^^^^^^^^^^^^^^^^^^^^^^^^^^^^^^^^^^^^^^^^^^^^^^^^^^^
  File "D:\Programing\Teamwork\Agora\Agora\server\app\services\debate_engine\round_manager.py", line 965, in _run_agent_task
    async with self._session_factory() as task_db:
               ~~~~~~~~~~~~~~~~~~~~~^^
  File "C:\Users\asadb\AppData\Local\Programs\Python\Python314\Lib\site-packages\sqlalchemy\ext\asyncio\session.py", line 1762, in __call__
    return self.class_(**local_kw)
           ~~~~~~~~~~~^^^^^^^^^^^^
  File "C:\Users\asadb\AppData\Local\Programs\Python\Python314\Lib\site-packages\sqlalchemy\ext\asyncio\session.py", line 257, in __init__
    sync_bind = engine._get_sync_engine_or_connection(bind)
  File "C:\Users\asadb\AppData\Local\Programs\Python\Python314\Lib\site-packages\sqlalchemy\ext\asyncio\engine.py", line 1444, in _get_sync_engine_or_connection
    raise exc.ArgumentError(
        "AsyncEngine expected, got %r" % async_engine
    ) from e
sqlalchemy.exc.ArgumentError: AsyncEngine expected, got Engine(sqlite+aiosqlite://)
ERROR    app.services.debate_engine.round_manager:round_manager.py:1094 Failed to persist fallback error message: round=1 agent=e3075ce9-957f-4a18-ab54-f5062cc09783
Traceback (most recent call last):
  File "C:\Users\asadb\AppData\Local\Programs\Python\Python314\Lib\site-packages\sqlalchemy\ext\asyncio\engine.py", line 1442, in _get_sync_engine_or_connection
    return async_engine.sync_engine
           ^^^^^^^^^^^^^^^^^^^^^^^^
AttributeError: 'Engine' object has no attribute 'sync_engine'

The above exception was the direct cause of the following exception:

Traceback (most recent call last):
  File "D:\Programing\Teamwork\Agora\Agora\server\app\services\debate_engine\round_manager.py", line 1079, in _persist_unhandled_task_failure
    async with self._session_factory() as task_db:
               ~~~~~~~~~~~~~~~~~~~~~^^
  File "C:\Users\asadb\AppData\Local\Programs\Python\Python314\Lib\site-packages\sqlalchemy\ext\asyncio\session.py", line 1762, in __call__
    return self.class_(**local_kw)
           ~~~~~~~~~~~^^^^^^^^^^^^
  File "C:\Users\asadb\AppData\Local\Programs\Python\Python314\Lib\site-packages\sqlalchemy\ext\asyncio\session.py", line 257, in __init__
    sync_bind = engine._get_sync_engine_or_connection(bind)
  File "C:\Users\asadb\AppData\Local\Programs\Python\Python314\Lib\site-packages\sqlalchemy\ext\asyncio\engine.py", line 1444, in _get_sync_engine_or_connection
    raise exc.ArgumentError(
        "AsyncEngine expected, got %r" % async_engine
    ) from e
sqlalchemy.exc.ArgumentError: AsyncEngine expected, got Engine(sqlite+aiosqlite://)
INFO     app.services.debate_engine.round_manager:round_manager.py:948 Round 1 parallel done in 0.00s failed=1/1
ERROR    app.services.debate_engine.round_manager:round_manager.py:1225 Round 1 failed: All agents failed in Round 1.
D:\Programing\Teamwork\Agora\Agora\server\app\services\debate_engine\round_manager.py:209: RuntimeError: All agents failed in Round 1.
E   RuntimeError: All agents failed in Round 1.
---------------------------- Captured stderr call -----------------------------
2026-05-15 19:45:05,635 [INFO] app.services.debate_engine.round_manager: Round 1 running (id=4e3316bf-b93b-465e-bd37-65eb7321a746, turn=2ec66cf1-93db-42f7-b5f3-59b605ef4999)
2026-05-15 19:45:05,635 [INFO] app.services.debate_engine.round_manager: Round 1 parallel start agents=2 concurrency=2
2026-05-15 19:45:05,636 [ERROR] app.services.debate_engine.round_manager: Unhandled agent task exception: round=1 agent=cab0b8fc-6f61-46d6-9c95-93d5f5e1560e role=A
Traceback (most recent call last):
  File "C:\Users\asadb\AppData\Local\Programs\Python\Python314\Lib\site-packages\sqlalchemy\ext\asyncio\engine.py", line 1442, in _get_sync_engine_or_connection
    return async_engine.sync_engine
           ^^^^^^^^^^^^^^^^^^^^^^^^
AttributeError: 'Engine' object has no attribute 'sync_engine'

The above exception was the direct cause of the following exception:

Traceback (most recent call last):
  File "D:\Programing\Teamwork\Agora\Agora\server\app\services\debate_engine\round_manager.py", line 919, in _run_plan
    return await self._run_agent_task(ctx, round_record, plan)
           ^^^^^^^^^^^^^^^^^^^^^^^^^^^^^^^^^^^^^^^^^^^^^^^^^^^
  File "D:\Programing\Teamwork\Agora\Agora\server\app\services\debate_engine\round_manager.py", line 965, in _run_agent_task
    async with self._session_factory() as task_db:
               ~~~~~~~~~~~~~~~~~~~~~^^
  File "C:\Users\asadb\AppData\Local\Programs\Python\Python314\Lib\site-packages\sqlalchemy\ext\asyncio\session.py", line 1762, in __call__
    return self.class_(**local_kw)
           ~~~~~~~~~~~^^^^^^^^^^^^
  File "C:\Users\asadb\AppData\Local\Programs\Python\Python314\Lib\site-packages\sqlalchemy\ext\asyncio\session.py", line 257, in __init__
    sync_bind = engine._get_sync_engine_or_connection(bind)
  File "C:\Users\asadb\AppData\Local\Programs\Python\Python314\Lib\site-packages\sqlalchemy\ext\asyncio\engine.py", line 1444, in _get_sync_engine_or_connection
    raise exc.ArgumentError(
        "AsyncEngine expected, got %r" % async_engine
    ) from e
sqlalchemy.exc.ArgumentError: AsyncEngine expected, got Engine(sqlite+aiosqlite://)
2026-05-15 19:45:05,638 [ERROR] app.services.debate_engine.round_manager: Failed to persist fallback error message: round=1 agent=cab0b8fc-6f61-46d6-9c95-93d5f5e1560e
Traceback (most recent call last):
  File "C:\Users\asadb\AppData\Local\Programs\Python\Python314\Lib\site-packages\sqlalchemy\ext\asyncio\engine.py", line 1442, in _get_sync_engine_or_connection
    return async_engine.sync_engine
           ^^^^^^^^^^^^^^^^^^^^^^^^
AttributeError: 'Engine' object has no attribute 'sync_engine'

The above exception was the direct cause of the following exception:

Traceback (most recent call last):
  File "D:\Programing\Teamwork\Agora\Agora\server\app\services\debate_engine\round_manager.py", line 1079, in _persist_unhandled_task_failure
    async with self._session_factory() as task_db:
               ~~~~~~~~~~~~~~~~~~~~~^^
  File "C:\Users\asadb\AppData\Local\Programs\Python\Python314\Lib\site-packages\sqlalchemy\ext\asyncio\session.py", line 1762, in __call__
    return self.class_(**local_kw)
           ~~~~~~~~~~~^^^^^^^^^^^^
  File "C:\Users\asadb\AppData\Local\Programs\Python\Python314\Lib\site-packages\sqlalchemy\ext\asyncio\session.py", line 257, in __init__
    sync_bind = engine._get_sync_engine_or_connection(bind)
  File "C:\Users\asadb\AppData\Local\Programs\Python\Python314\Lib\site-packages\sqlalchemy\ext\asyncio\engine.py", line 1444, in _get_sync_engine_or_connection
    raise exc.ArgumentError(
        "AsyncEngine expected, got %r" % async_engine
    ) from e
sqlalchemy.exc.ArgumentError: AsyncEngine expected, got Engine(sqlite+aiosqlite://)
2026-05-15 19:45:05,639 [ERROR] app.services.debate_engine.round_manager: Unhandled agent task exception: round=1 agent=7379caa0-2a84-40a1-add9-20ede22416f4 role=B
Traceback (most recent call last):
  File "C:\Users\asadb\AppData\Local\Programs\Python\Python314\Lib\site-packages\sqlalchemy\ext\asyncio\engine.py", line 1442, in _get_sync_engine_or_connection
    return async_engine.sync_engine
           ^^^^^^^^^^^^^^^^^^^^^^^^
AttributeError: 'Engine' object has no attribute 'sync_engine'

The above exception was the direct cause of the following exception:

Traceback (most recent call last):
  File "D:\Programing\Teamwork\Agora\Agora\server\app\services\debate_engine\round_manager.py", line 919, in _run_plan
    return await self._run_agent_task(ctx, round_record, plan)
           ^^^^^^^^^^^^^^^^^^^^^^^^^^^^^^^^^^^^^^^^^^^^^^^^^^^
  File "D:\Programing\Teamwork\Agora\Agora\server\app\services\debate_engine\round_manager.py", line 965, in _run_agent_task
    async with self._session_factory() as task_db:
               ~~~~~~~~~~~~~~~~~~~~~^^
  File "C:\Users\asadb\AppData\Local\Programs\Python\Python314\Lib\site-packages\sqlalchemy\ext\asyncio\session.py", line 1762, in __call__
    return self.class_(**local_kw)
           ~~~~~~~~~~~^^^^^^^^^^^^
  File "C:\Users\asadb\AppData\Local\Programs\Python\Python314\Lib\site-packages\sqlalchemy\ext\asyncio\session.py", line 257, in __init__
    sync_bind = engine._get_sync_engine_or_connection(bind)
  File "C:\Users\asadb\AppData\Local\Programs\Python\Python314\Lib\site-packages\sqlalchemy\ext\asyncio\engine.py", line 1444, in _get_sync_engine_or_connection
    raise exc.ArgumentError(
        "AsyncEngine expected, got %r" % async_engine
    ) from e
sqlalchemy.exc.ArgumentError: AsyncEngine expected, got Engine(sqlite+aiosqlite://)
2026-05-15 19:45:05,641 [ERROR] app.services.debate_engine.round_manager: Failed to persist fallback error message: round=1 agent=7379caa0-2a84-40a1-add9-20ede22416f4
Traceback (most recent call last):
  File "C:\Users\asadb\AppData\Local\Programs\Python\Python314\Lib\site-packages\sqlalchemy\ext\asyncio\engine.py", line 1442, in _get_sync_engine_or_connection
    return async_engine.sync_engine
           ^^^^^^^^^^^^^^^^^^^^^^^^
AttributeError: 'Engine' object has no attribute 'sync_engine'

The above exception was the direct cause of the following exception:

Traceback (most recent call last):
  File "D:\Programing\Teamwork\Agora\Agora\server\app\services\debate_engine\round_manager.py", line 1079, in _persist_unhandled_task_failure
    async with self._session_factory() as task_db:
               ~~~~~~~~~~~~~~~~~~~~~^^
  File "C:\Users\asadb\AppData\Local\Programs\Python\Python314\Lib\site-packages\sqlalchemy\ext\asyncio\session.py", line 1762, in __call__
    return self.class_(**local_kw)
           ~~~~~~~~~~~^^^^^^^^^^^^
  File "C:\Users\asadb\AppData\Local\Programs\Python\Python314\Lib\site-packages\sqlalchemy\ext\asyncio\session.py", line 257, in __init__
    sync_bind = engine._get_sync_engine_or_connection(bind)
  File "C:\Users\asadb\AppData\Local\Programs\Python\Python314\Lib\site-packages\sqlalchemy\ext\asyncio\engine.py", line 1444, in _get_sync_engine_or_connection
    raise exc.ArgumentError(
        "AsyncEngine expected, got %r" % async_engine
    ) from e
sqlalchemy.exc.ArgumentError: AsyncEngine expected, got Engine(sqlite+aiosqlite://)
2026-05-15 19:45:05,643 [INFO] app.services.debate_engine.round_manager: Round 1 parallel done in 0.01s failed=2/2
2026-05-15 19:45:05,645 [ERROR] app.services.debate_engine.round_manager: Round 1 failed: All agents failed in Round 1.
------------------------------ Captured log call ------------------------------
INFO     app.services.debate_engine.round_manager:round_manager.py:1172 Round 1 running (id=4e3316bf-b93b-465e-bd37-65eb7321a746, turn=2ec66cf1-93db-42f7-b5f3-59b605ef4999)
INFO     app.services.debate_engine.round_manager:round_manager.py:903 Round 1 parallel start agents=2 concurrency=2
ERROR    app.services.debate_engine.round_manager:round_manager.py:929 Unhandled agent task exception: round=1 agent=cab0b8fc-6f61-46d6-9c95-93d5f5e1560e role=A
Traceback (most recent call last):
  File "C:\Users\asadb\AppData\Local\Programs\Python\Python314\Lib\site-packages\sqlalchemy\ext\asyncio\engine.py", line 1442, in _get_sync_engine_or_connection
    return async_engine.sync_engine
           ^^^^^^^^^^^^^^^^^^^^^^^^
AttributeError: 'Engine' object has no attribute 'sync_engine'

The above exception was the direct cause of the following exception:

Traceback (most recent call last):
  File "D:\Programing\Teamwork\Agora\Agora\server\app\services\debate_engine\round_manager.py", line 919, in _run_plan
    return await self._run_agent_task(ctx, round_record, plan)
           ^^^^^^^^^^^^^^^^^^^^^^^^^^^^^^^^^^^^^^^^^^^^^^^^^^^
  File "D:\Programing\Teamwork\Agora\Agora\server\app\services\debate_engine\round_manager.py", line 965, in _run_agent_task
    async with self._session_factory() as task_db:
               ~~~~~~~~~~~~~~~~~~~~~^^
  File "C:\Users\asadb\AppData\Local\Programs\Python\Python314\Lib\site-packages\sqlalchemy\ext\asyncio\session.py", line 1762, in __call__
    return self.class_(**local_kw)
           ~~~~~~~~~~~^^^^^^^^^^^^
  File "C:\Users\asadb\AppData\Local\Programs\Python\Python314\Lib\site-packages\sqlalchemy\ext\asyncio\session.py", line 257, in __init__
    sync_bind = engine._get_sync_engine_or_connection(bind)
  File "C:\Users\asadb\AppData\Local\Programs\Python\Python314\Lib\site-packages\sqlalchemy\ext\asyncio\engine.py", line 1444, in _get_sync_engine_or_connection
    raise exc.ArgumentError(
        "AsyncEngine expected, got %r" % async_engine
    ) from e
sqlalchemy.exc.ArgumentError: AsyncEngine expected, got Engine(sqlite+aiosqlite://)
ERROR    app.services.debate_engine.round_manager:round_manager.py:1094 Failed to persist fallback error message: round=1 agent=cab0b8fc-6f61-46d6-9c95-93d5f5e1560e
Traceback (most recent call last):
  File "C:\Users\asadb\AppData\Local\Programs\Python\Python314\Lib\site-packages\sqlalchemy\ext\asyncio\engine.py", line 1442, in _get_sync_engine_or_connection
    return async_engine.sync_engine
           ^^^^^^^^^^^^^^^^^^^^^^^^
AttributeError: 'Engine' object has no attribute 'sync_engine'

The above exception was the direct cause of the following exception:

Traceback (most recent call last):
  File "D:\Programing\Teamwork\Agora\Agora\server\app\services\debate_engine\round_manager.py", line 1079, in _persist_unhandled_task_failure
    async with self._session_factory() as task_db:
               ~~~~~~~~~~~~~~~~~~~~~^^
  File "C:\Users\asadb\AppData\Local\Programs\Python\Python314\Lib\site-packages\sqlalchemy\ext\asyncio\session.py", line 1762, in __call__
    return self.class_(**local_kw)
           ~~~~~~~~~~~^^^^^^^^^^^^
  File "C:\Users\asadb\AppData\Local\Programs\Python\Python314\Lib\site-packages\sqlalchemy\ext\asyncio\session.py", line 257, in __init__
    sync_bind = engine._get_sync_engine_or_connection(bind)
  File "C:\Users\asadb\AppData\Local\Programs\Python\Python314\Lib\site-packages\sqlalchemy\ext\asyncio\engine.py", line 1444, in _get_sync_engine_or_connection
    raise exc.ArgumentError(
        "AsyncEngine expected, got %r" % async_engine
    ) from e
sqlalchemy.exc.ArgumentError: AsyncEngine expected, got Engine(sqlite+aiosqlite://)
ERROR    app.services.debate_engine.round_manager:round_manager.py:929 Unhandled agent task exception: round=1 agent=7379caa0-2a84-40a1-add9-20ede22416f4 role=B
Traceback (most recent call last):
  File "C:\Users\asadb\AppData\Local\Programs\Python\Python314\Lib\site-packages\sqlalchemy\ext\asyncio\engine.py", line 1442, in _get_sync_engine_or_connection
    return async_engine.sync_engine
           ^^^^^^^^^^^^^^^^^^^^^^^^
AttributeError: 'Engine' object has no attribute 'sync_engine'

The above exception was the direct cause of the following exception:

Traceback (most recent call last):
  File "D:\Programing\Teamwork\Agora\Agora\server\app\services\debate_engine\round_manager.py", line 919, in _run_plan
    return await self._run_agent_task(ctx, round_record, plan)
           ^^^^^^^^^^^^^^^^^^^^^^^^^^^^^^^^^^^^^^^^^^^^^^^^^^^
  File "D:\Programing\Teamwork\Agora\Agora\server\app\services\debate_engine\round_manager.py", line 965, in _run_agent_task
    async with self._session_factory() as task_db:
               ~~~~~~~~~~~~~~~~~~~~~^^
  File "C:\Users\asadb\AppData\Local\Programs\Python\Python314\Lib\site-packages\sqlalchemy\ext\asyncio\session.py", line 1762, in __call__
    return self.class_(**local_kw)
           ~~~~~~~~~~~^^^^^^^^^^^^
  File "C:\Users\asadb\AppData\Local\Programs\Python\Python314\Lib\site-packages\sqlalchemy\ext\asyncio\session.py", line 257, in __init__
    sync_bind = engine._get_sync_engine_or_connection(bind)
  File "C:\Users\asadb\AppData\Local\Programs\Python\Python314\Lib\site-packages\sqlalchemy\ext\asyncio\engine.py", line 1444, in _get_sync_engine_or_connection
    raise exc.ArgumentError(
        "AsyncEngine expected, got %r" % async_engine
    ) from e
sqlalchemy.exc.ArgumentError: AsyncEngine expected, got Engine(sqlite+aiosqlite://)
ERROR    app.services.debate_engine.round_manager:round_manager.py:1094 Failed to persist fallback error message: round=1 agent=7379caa0-2a84-40a1-add9-20ede22416f4
Traceback (most recent call last):
  File "C:\Users\asadb\AppData\Local\Programs\Python\Python314\Lib\site-packages\sqlalchemy\ext\asyncio\engine.py", line 1442, in _get_sync_engine_or_connection
    return async_engine.sync_engine
           ^^^^^^^^^^^^^^^^^^^^^^^^
AttributeError: 'Engine' object has no attribute 'sync_engine'

The above exception was the direct cause of the following exception:

Traceback (most recent call last):
  File "D:\Programing\Teamwork\Agora\Agora\server\app\services\debate_engine\round_manager.py", line 1079, in _persist_unhandled_task_failure
    async with self._session_factory() as task_db:
               ~~~~~~~~~~~~~~~~~~~~~^^
  File "C:\Users\asadb\AppData\Local\Programs\Python\Python314\Lib\site-packages\sqlalchemy\ext\asyncio\session.py", line 1762, in __call__
    return self.class_(**local_kw)
           ~~~~~~~~~~~^^^^^^^^^^^^
  File "C:\Users\asadb\AppData\Local\Programs\Python\Python314\Lib\site-packages\sqlalchemy\ext\asyncio\session.py", line 257, in __init__
    sync_bind = engine._get_sync_engine_or_connection(bind)
  File "C:\Users\asadb\AppData\Local\Programs\Python\Python314\Lib\site-packages\sqlalchemy\ext\asyncio\engine.py", line 1444, in _get_sync_engine_or_connection
    raise exc.ArgumentError(
        "AsyncEngine expected, got %r" % async_engine
    ) from e
sqlalchemy.exc.ArgumentError: AsyncEngine expected, got Engine(sqlite+aiosqlite://)
INFO     app.services.debate_engine.round_manager:round_manager.py:948 Round 1 parallel done in 0.01s failed=2/2
ERROR    app.services.debate_engine.round_manager:round_manager.py:1225 Round 1 failed: All agents failed in Round 1.
D:\Programing\Teamwork\Agora\Agora\server\app\services\debate_engine\round_manager.py:209: RuntimeError: All agents failed in Round 1.
E   RuntimeError: All agents failed in Round 1.
---------------------------- Captured stderr call -----------------------------
2026-05-15 19:45:05,734 [INFO] app.services.debate_engine.round_manager: Round 1 running (id=99b173f0-4487-453e-92b9-617f167543cf, turn=7c6cf7af-9ed3-40d6-877e-361cb111deaf)
2026-05-15 19:45:05,734 [INFO] app.services.debate_engine.round_manager: Round 1 parallel start agents=1 concurrency=1
2026-05-15 19:45:05,734 [ERROR] app.services.debate_engine.round_manager: Unhandled agent task exception: round=1 agent=17693e05-9431-407f-85c3-1faa6b73ab38 role=Economist
Traceback (most recent call last):
  File "C:\Users\asadb\AppData\Local\Programs\Python\Python314\Lib\site-packages\sqlalchemy\ext\asyncio\engine.py", line 1442, in _get_sync_engine_or_connection
    return async_engine.sync_engine
           ^^^^^^^^^^^^^^^^^^^^^^^^
AttributeError: 'Engine' object has no attribute 'sync_engine'

The above exception was the direct cause of the following exception:

Traceback (most recent call last):
  File "D:\Programing\Teamwork\Agora\Agora\server\app\services\debate_engine\round_manager.py", line 919, in _run_plan
    return await self._run_agent_task(ctx, round_record, plan)
           ^^^^^^^^^^^^^^^^^^^^^^^^^^^^^^^^^^^^^^^^^^^^^^^^^^^
  File "D:\Programing\Teamwork\Agora\Agora\server\app\services\debate_engine\round_manager.py", line 965, in _run_agent_task
    async with self._session_factory() as task_db:
               ~~~~~~~~~~~~~~~~~~~~~^^
  File "C:\Users\asadb\AppData\Local\Programs\Python\Python314\Lib\site-packages\sqlalchemy\ext\asyncio\session.py", line 1762, in __call__
    return self.class_(**local_kw)
           ~~~~~~~~~~~^^^^^^^^^^^^
  File "C:\Users\asadb\AppData\Local\Programs\Python\Python314\Lib\site-packages\sqlalchemy\ext\asyncio\session.py", line 257, in __init__
    sync_bind = engine._get_sync_engine_or_connection(bind)
  File "C:\Users\asadb\AppData\Local\Programs\Python\Python314\Lib\site-packages\sqlalchemy\ext\asyncio\engine.py", line 1444, in _get_sync_engine_or_connection
    raise exc.ArgumentError(
        "AsyncEngine expected, got %r" % async_engine
    ) from e
sqlalchemy.exc.ArgumentError: AsyncEngine expected, got Engine(sqlite+aiosqlite://)
2026-05-15 19:45:05,735 [ERROR] app.services.debate_engine.round_manager: Failed to persist fallback error message: round=1 agent=17693e05-9431-407f-85c3-1faa6b73ab38
Traceback (most recent call last):
  File "C:\Users\asadb\AppData\Local\Programs\Python\Python314\Lib\site-packages\sqlalchemy\ext\asyncio\engine.py", line 1442, in _get_sync_engine_or_connection
    return async_engine.sync_engine
           ^^^^^^^^^^^^^^^^^^^^^^^^
AttributeError: 'Engine' object has no attribute 'sync_engine'

The above exception was the direct cause of the following exception:

Traceback (most recent call last):
  File "D:\Programing\Teamwork\Agora\Agora\server\app\services\debate_engine\round_manager.py", line 1079, in _persist_unhandled_task_failure
    async with self._session_factory() as task_db:
               ~~~~~~~~~~~~~~~~~~~~~^^
  File "C:\Users\asadb\AppData\Local\Programs\Python\Python314\Lib\site-packages\sqlalchemy\ext\asyncio\session.py", line 1762, in __call__
    return self.class_(**local_kw)
           ~~~~~~~~~~~^^^^^^^^^^^^
  File "C:\Users\asadb\AppData\Local\Programs\Python\Python314\Lib\site-packages\sqlalchemy\ext\asyncio\session.py", line 257, in __init__
    sync_bind = engine._get_sync_engine_or_connection(bind)
  File "C:\Users\asadb\AppData\Local\Programs\Python\Python314\Lib\site-packages\sqlalchemy\ext\asyncio\engine.py", line 1444, in _get_sync_engine_or_connection
    raise exc.ArgumentError(
        "AsyncEngine expected, got %r" % async_engine
    ) from e
sqlalchemy.exc.ArgumentError: AsyncEngine expected, got Engine(sqlite+aiosqlite://)
2026-05-15 19:45:05,736 [INFO] app.services.debate_engine.round_manager: Round 1 parallel done in 0.00s failed=1/1
2026-05-15 19:45:05,740 [ERROR] app.services.debate_engine.round_manager: Round 1 failed: All agents failed in Round 1.
------------------------------ Captured log call ------------------------------
INFO     app.services.debate_engine.round_manager:round_manager.py:1172 Round 1 running (id=99b173f0-4487-453e-92b9-617f167543cf, turn=7c6cf7af-9ed3-40d6-877e-361cb111deaf)
INFO     app.services.debate_engine.round_manager:round_manager.py:903 Round 1 parallel start agents=1 concurrency=1
ERROR    app.services.debate_engine.round_manager:round_manager.py:929 Unhandled agent task exception: round=1 agent=17693e05-9431-407f-85c3-1faa6b73ab38 role=Economist
Traceback (most recent call last):
  File "C:\Users\asadb\AppData\Local\Programs\Python\Python314\Lib\site-packages\sqlalchemy\ext\asyncio\engine.py", line 1442, in _get_sync_engine_or_connection
    return async_engine.sync_engine
           ^^^^^^^^^^^^^^^^^^^^^^^^
AttributeError: 'Engine' object has no attribute 'sync_engine'

The above exception was the direct cause of the following exception:

Traceback (most recent call last):
  File "D:\Programing\Teamwork\Agora\Agora\server\app\services\debate_engine\round_manager.py", line 919, in _run_plan
    return await self._run_agent_task(ctx, round_record, plan)
           ^^^^^^^^^^^^^^^^^^^^^^^^^^^^^^^^^^^^^^^^^^^^^^^^^^^
  File "D:\Programing\Teamwork\Agora\Agora\server\app\services\debate_engine\round_manager.py", line 965, in _run_agent_task
    async with self._session_factory() as task_db:
               ~~~~~~~~~~~~~~~~~~~~~^^
  File "C:\Users\asadb\AppData\Local\Programs\Python\Python314\Lib\site-packages\sqlalchemy\ext\asyncio\session.py", line 1762, in __call__
    return self.class_(**local_kw)
           ~~~~~~~~~~~^^^^^^^^^^^^
  File "C:\Users\asadb\AppData\Local\Programs\Python\Python314\Lib\site-packages\sqlalchemy\ext\asyncio\session.py", line 257, in __init__
    sync_bind = engine._get_sync_engine_or_connection(bind)
  File "C:\Users\asadb\AppData\Local\Programs\Python\Python314\Lib\site-packages\sqlalchemy\ext\asyncio\engine.py", line 1444, in _get_sync_engine_or_connection
    raise exc.ArgumentError(
        "AsyncEngine expected, got %r" % async_engine
    ) from e
sqlalchemy.exc.ArgumentError: AsyncEngine expected, got Engine(sqlite+aiosqlite://)
ERROR    app.services.debate_engine.round_manager:round_manager.py:1094 Failed to persist fallback error message: round=1 agent=17693e05-9431-407f-85c3-1faa6b73ab38
Traceback (most recent call last):
  File "C:\Users\asadb\AppData\Local\Programs\Python\Python314\Lib\site-packages\sqlalchemy\ext\asyncio\engine.py", line 1442, in _get_sync_engine_or_connection
    return async_engine.sync_engine
           ^^^^^^^^^^^^^^^^^^^^^^^^
AttributeError: 'Engine' object has no attribute 'sync_engine'

The above exception was the direct cause of the following exception:

Traceback (most recent call last):
  File "D:\Programing\Teamwork\Agora\Agora\server\app\services\debate_engine\round_manager.py", line 1079, in _persist_unhandled_task_failure
    async with self._session_factory() as task_db:
               ~~~~~~~~~~~~~~~~~~~~~^^
  File "C:\Users\asadb\AppData\Local\Programs\Python\Python314\Lib\site-packages\sqlalchemy\ext\asyncio\session.py", line 1762, in __call__
    return self.class_(**local_kw)
           ~~~~~~~~~~~^^^^^^^^^^^^
  File "C:\Users\asadb\AppData\Local\Programs\Python\Python314\Lib\site-packages\sqlalchemy\ext\asyncio\session.py", line 257, in __init__
    sync_bind = engine._get_sync_engine_or_connection(bind)
  File "C:\Users\asadb\AppData\Local\Programs\Python\Python314\Lib\site-packages\sqlalchemy\ext\asyncio\engine.py", line 1444, in _get_sync_engine_or_connection
    raise exc.ArgumentError(
        "AsyncEngine expected, got %r" % async_engine
    ) from e
sqlalchemy.exc.ArgumentError: AsyncEngine expected, got Engine(sqlite+aiosqlite://)
INFO     app.services.debate_engine.round_manager:round_manager.py:948 Round 1 parallel done in 0.00s failed=1/1
ERROR    app.services.debate_engine.round_manager:round_manager.py:1225 Round 1 failed: All agents failed in Round 1.
D:\Programing\Teamwork\Agora\Agora\server\app\services\debate_engine\round_manager.py:209: RuntimeError: All agents failed in Round 1.
E   RuntimeError: All agents failed in Round 1.
---------------------------- Captured stderr call -----------------------------
2026-05-15 19:45:05,832 [INFO] app.services.debate_engine.round_manager: Round 1 running (id=33f0a5c4-1800-429b-8c57-9c5e12431637, turn=398d05a6-c780-4a64-aa7b-ff203f386e18)
2026-05-15 19:45:05,832 [INFO] app.services.debate_engine.round_manager: Round 1 parallel start agents=1 concurrency=1
2026-05-15 19:45:05,832 [ERROR] app.services.debate_engine.round_manager: Unhandled agent task exception: round=1 agent=4cc2f35a-5040-4609-91d3-2ef0e943633a role=Economist
Traceback (most recent call last):
  File "C:\Users\asadb\AppData\Local\Programs\Python\Python314\Lib\site-packages\sqlalchemy\ext\asyncio\engine.py", line 1442, in _get_sync_engine_or_connection
    return async_engine.sync_engine
           ^^^^^^^^^^^^^^^^^^^^^^^^
AttributeError: 'Engine' object has no attribute 'sync_engine'

The above exception was the direct cause of the following exception:

Traceback (most recent call last):
  File "D:\Programing\Teamwork\Agora\Agora\server\app\services\debate_engine\round_manager.py", line 919, in _run_plan
    return await self._run_agent_task(ctx, round_record, plan)
           ^^^^^^^^^^^^^^^^^^^^^^^^^^^^^^^^^^^^^^^^^^^^^^^^^^^
  File "D:\Programing\Teamwork\Agora\Agora\server\app\services\debate_engine\round_manager.py", line 965, in _run_agent_task
    async with self._session_factory() as task_db:
               ~~~~~~~~~~~~~~~~~~~~~^^
  File "C:\Users\asadb\AppData\Local\Programs\Python\Python314\Lib\site-packages\sqlalchemy\ext\asyncio\session.py", line 1762, in __call__
    return self.class_(**local_kw)
           ~~~~~~~~~~~^^^^^^^^^^^^
  File "C:\Users\asadb\AppData\Local\Programs\Python\Python314\Lib\site-packages\sqlalchemy\ext\asyncio\session.py", line 257, in __init__
    sync_bind = engine._get_sync_engine_or_connection(bind)
  File "C:\Users\asadb\AppData\Local\Programs\Python\Python314\Lib\site-packages\sqlalchemy\ext\asyncio\engine.py", line 1444, in _get_sync_engine_or_connection
    raise exc.ArgumentError(
        "AsyncEngine expected, got %r" % async_engine
    ) from e
sqlalchemy.exc.ArgumentError: AsyncEngine expected, got Engine(sqlite+aiosqlite://)
2026-05-15 19:45:05,833 [ERROR] app.services.debate_engine.round_manager: Failed to persist fallback error message: round=1 agent=4cc2f35a-5040-4609-91d3-2ef0e943633a
Traceback (most recent call last):
  File "C:\Users\asadb\AppData\Local\Programs\Python\Python314\Lib\site-packages\sqlalchemy\ext\asyncio\engine.py", line 1442, in _get_sync_engine_or_connection
    return async_engine.sync_engine
           ^^^^^^^^^^^^^^^^^^^^^^^^
AttributeError: 'Engine' object has no attribute 'sync_engine'

The above exception was the direct cause of the following exception:

Traceback (most recent call last):
  File "D:\Programing\Teamwork\Agora\Agora\server\app\services\debate_engine\round_manager.py", line 1079, in _persist_unhandled_task_failure
    async with self._session_factory() as task_db:
               ~~~~~~~~~~~~~~~~~~~~~^^
  File "C:\Users\asadb\AppData\Local\Programs\Python\Python314\Lib\site-packages\sqlalchemy\ext\asyncio\session.py", line 1762, in __call__
    return self.class_(**local_kw)
           ~~~~~~~~~~~^^^^^^^^^^^^
  File "C:\Users\asadb\AppData\Local\Programs\Python\Python314\Lib\site-packages\sqlalchemy\ext\asyncio\session.py", line 257, in __init__
    sync_bind = engine._get_sync_engine_or_connection(bind)
  File "C:\Users\asadb\AppData\Local\Programs\Python\Python314\Lib\site-packages\sqlalchemy\ext\asyncio\engine.py", line 1444, in _get_sync_engine_or_connection
    raise exc.ArgumentError(
        "AsyncEngine expected, got %r" % async_engine
    ) from e
sqlalchemy.exc.ArgumentError: AsyncEngine expected, got Engine(sqlite+aiosqlite://)
2026-05-15 19:45:05,835 [INFO] app.services.debate_engine.round_manager: Round 1 parallel done in 0.00s failed=1/1
2026-05-15 19:45:05,837 [ERROR] app.services.debate_engine.round_manager: Round 1 failed: All agents failed in Round 1.
------------------------------ Captured log call ------------------------------
INFO     app.services.debate_engine.round_manager:round_manager.py:1172 Round 1 running (id=33f0a5c4-1800-429b-8c57-9c5e12431637, turn=398d05a6-c780-4a64-aa7b-ff203f386e18)
INFO     app.services.debate_engine.round_manager:round_manager.py:903 Round 1 parallel start agents=1 concurrency=1
ERROR    app.services.debate_engine.round_manager:round_manager.py:929 Unhandled agent task exception: round=1 agent=4cc2f35a-5040-4609-91d3-2ef0e943633a role=Economist
Traceback (most recent call last):
  File "C:\Users\asadb\AppData\Local\Programs\Python\Python314\Lib\site-packages\sqlalchemy\ext\asyncio\engine.py", line 1442, in _get_sync_engine_or_connection
    return async_engine.sync_engine
           ^^^^^^^^^^^^^^^^^^^^^^^^
AttributeError: 'Engine' object has no attribute 'sync_engine'

The above exception was the direct cause of the following exception:

Traceback (most recent call last):
  File "D:\Programing\Teamwork\Agora\Agora\server\app\services\debate_engine\round_manager.py", line 919, in _run_plan
    return await self._run_agent_task(ctx, round_record, plan)
           ^^^^^^^^^^^^^^^^^^^^^^^^^^^^^^^^^^^^^^^^^^^^^^^^^^^
  File "D:\Programing\Teamwork\Agora\Agora\server\app\services\debate_engine\round_manager.py", line 965, in _run_agent_task
    async with self._session_factory() as task_db:
               ~~~~~~~~~~~~~~~~~~~~~^^
  File "C:\Users\asadb\AppData\Local\Programs\Python\Python314\Lib\site-packages\sqlalchemy\ext\asyncio\session.py", line 1762, in __call__
    return self.class_(**local_kw)
           ~~~~~~~~~~~^^^^^^^^^^^^
  File "C:\Users\asadb\AppData\Local\Programs\Python\Python314\Lib\site-packages\sqlalchemy\ext\asyncio\session.py", line 257, in __init__
    sync_bind = engine._get_sync_engine_or_connection(bind)
  File "C:\Users\asadb\AppData\Local\Programs\Python\Python314\Lib\site-packages\sqlalchemy\ext\asyncio\engine.py", line 1444, in _get_sync_engine_or_connection
    raise exc.ArgumentError(
        "AsyncEngine expected, got %r" % async_engine
    ) from e
sqlalchemy.exc.ArgumentError: AsyncEngine expected, got Engine(sqlite+aiosqlite://)
ERROR    app.services.debate_engine.round_manager:round_manager.py:1094 Failed to persist fallback error message: round=1 agent=4cc2f35a-5040-4609-91d3-2ef0e943633a
Traceback (most recent call last):
  File "C:\Users\asadb\AppData\Local\Programs\Python\Python314\Lib\site-packages\sqlalchemy\ext\asyncio\engine.py", line 1442, in _get_sync_engine_or_connection
    return async_engine.sync_engine
           ^^^^^^^^^^^^^^^^^^^^^^^^
AttributeError: 'Engine' object has no attribute 'sync_engine'

The above exception was the direct cause of the following exception:

Traceback (most recent call last):
  File "D:\Programing\Teamwork\Agora\Agora\server\app\services\debate_engine\round_manager.py", line 1079, in _persist_unhandled_task_failure
    async with self._session_factory() as task_db:
               ~~~~~~~~~~~~~~~~~~~~~^^
  File "C:\Users\asadb\AppData\Local\Programs\Python\Python314\Lib\site-packages\sqlalchemy\ext\asyncio\session.py", line 1762, in __call__
    return self.class_(**local_kw)
           ~~~~~~~~~~~^^^^^^^^^^^^
  File "C:\Users\asadb\AppData\Local\Programs\Python\Python314\Lib\site-packages\sqlalchemy\ext\asyncio\session.py", line 257, in __init__
    sync_bind = engine._get_sync_engine_or_connection(bind)
  File "C:\Users\asadb\AppData\Local\Programs\Python\Python314\Lib\site-packages\sqlalchemy\ext\asyncio\engine.py", line 1444, in _get_sync_engine_or_connection
    raise exc.ArgumentError(
        "AsyncEngine expected, got %r" % async_engine
    ) from e
sqlalchemy.exc.ArgumentError: AsyncEngine expected, got Engine(sqlite+aiosqlite://)
INFO     app.services.debate_engine.round_manager:round_manager.py:948 Round 1 parallel done in 0.00s failed=1/1
ERROR    app.services.debate_engine.round_manager:round_manager.py:1225 Round 1 failed: All agents failed in Round 1.
D:\Programing\Teamwork\Agora\Agora\server\app\services\debate_engine\round_manager.py:209: RuntimeError: All agents failed in Round 1.
E   RuntimeError: All agents failed in Round 1.
---------------------------- Captured stderr call -----------------------------
2026-05-15 19:45:05,930 [INFO] app.services.debate_engine.round_manager: Round 1 running (id=626f6ed3-188d-4acf-a2d7-a0c5fd452485, turn=54f0b9df-90c5-44ae-86ac-7a46525c5f88)
2026-05-15 19:45:05,931 [INFO] app.services.debate_engine.round_manager: WS emit round_started round=1 turn=54f0b9df-90c5-44ae-86ac-7a46525c5f88
2026-05-15 19:45:05,931 [INFO] app.services.debate_engine.round_manager: Round 1 parallel start agents=2 concurrency=2
2026-05-15 19:45:05,931 [ERROR] app.services.debate_engine.round_manager: Unhandled agent task exception: round=1 agent=962dac88-face-4a87-8d5e-15d722a5edc2 role=A
Traceback (most recent call last):
  File "C:\Users\asadb\AppData\Local\Programs\Python\Python314\Lib\site-packages\sqlalchemy\ext\asyncio\engine.py", line 1442, in _get_sync_engine_or_connection
    return async_engine.sync_engine
           ^^^^^^^^^^^^^^^^^^^^^^^^
AttributeError: 'Engine' object has no attribute 'sync_engine'

The above exception was the direct cause of the following exception:

Traceback (most recent call last):
  File "D:\Programing\Teamwork\Agora\Agora\server\app\services\debate_engine\round_manager.py", line 919, in _run_plan
    return await self._run_agent_task(ctx, round_record, plan)
           ^^^^^^^^^^^^^^^^^^^^^^^^^^^^^^^^^^^^^^^^^^^^^^^^^^^
  File "D:\Programing\Teamwork\Agora\Agora\server\app\services\debate_engine\round_manager.py", line 965, in _run_agent_task
    async with self._session_factory() as task_db:
               ~~~~~~~~~~~~~~~~~~~~~^^
  File "C:\Users\asadb\AppData\Local\Programs\Python\Python314\Lib\site-packages\sqlalchemy\ext\asyncio\session.py", line 1762, in __call__
    return self.class_(**local_kw)
           ~~~~~~~~~~~^^^^^^^^^^^^
  File "C:\Users\asadb\AppData\Local\Programs\Python\Python314\Lib\site-packages\sqlalchemy\ext\asyncio\session.py", line 257, in __init__
    sync_bind = engine._get_sync_engine_or_connection(bind)
  File "C:\Users\asadb\AppData\Local\Programs\Python\Python314\Lib\site-packages\sqlalchemy\ext\asyncio\engine.py", line 1444, in _get_sync_engine_or_connection
    raise exc.ArgumentError(
        "AsyncEngine expected, got %r" % async_engine
    ) from e
sqlalchemy.exc.ArgumentError: AsyncEngine expected, got Engine(sqlite+aiosqlite://)
2026-05-15 19:45:05,933 [ERROR] app.services.debate_engine.round_manager: Failed to persist fallback error message: round=1 agent=962dac88-face-4a87-8d5e-15d722a5edc2
Traceback (most recent call last):
  File "C:\Users\asadb\AppData\Local\Programs\Python\Python314\Lib\site-packages\sqlalchemy\ext\asyncio\engine.py", line 1442, in _get_sync_engine_or_connection
    return async_engine.sync_engine
           ^^^^^^^^^^^^^^^^^^^^^^^^
AttributeError: 'Engine' object has no attribute 'sync_engine'

The above exception was the direct cause of the following exception:

Traceback (most recent call last):
  File "D:\Programing\Teamwork\Agora\Agora\server\app\services\debate_engine\round_manager.py", line 1079, in _persist_unhandled_task_failure
    async with self._session_factory() as task_db:
               ~~~~~~~~~~~~~~~~~~~~~^^
  File "C:\Users\asadb\AppData\Local\Programs\Python\Python314\Lib\site-packages\sqlalchemy\ext\asyncio\session.py", line 1762, in __call__
    return self.class_(**local_kw)
           ~~~~~~~~~~~^^^^^^^^^^^^
  File "C:\Users\asadb\AppData\Local\Programs\Python\Python314\Lib\site-packages\sqlalchemy\ext\asyncio\session.py", line 257, in __init__
    sync_bind = engine._get_sync_engine_or_connection(bind)
  File "C:\Users\asadb\AppData\Local\Programs\Python\Python314\Lib\site-packages\sqlalchemy\ext\asyncio\engine.py", line 1444, in _get_sync_engine_or_connection
    raise exc.ArgumentError(
        "AsyncEngine expected, got %r" % async_engine
    ) from e
sqlalchemy.exc.ArgumentError: AsyncEngine expected, got Engine(sqlite+aiosqlite://)
2026-05-15 19:45:05,935 [ERROR] app.services.debate_engine.round_manager: Unhandled agent task exception: round=1 agent=e0219db0-ceec-4b92-9f2f-7b45b32d9b42 role=B
Traceback (most recent call last):
  File "C:\Users\asadb\AppData\Local\Programs\Python\Python314\Lib\site-packages\sqlalchemy\ext\asyncio\engine.py", line 1442, in _get_sync_engine_or_connection
    return async_engine.sync_engine
           ^^^^^^^^^^^^^^^^^^^^^^^^
AttributeError: 'Engine' object has no attribute 'sync_engine'

The above exception was the direct cause of the following exception:

Traceback (most recent call last):
  File "D:\Programing\Teamwork\Agora\Agora\server\app\services\debate_engine\round_manager.py", line 919, in _run_plan
    return await self._run_agent_task(ctx, round_record, plan)
           ^^^^^^^^^^^^^^^^^^^^^^^^^^^^^^^^^^^^^^^^^^^^^^^^^^^
  File "D:\Programing\Teamwork\Agora\Agora\server\app\services\debate_engine\round_manager.py", line 965, in _run_agent_task
    async with self._session_factory() as task_db:
               ~~~~~~~~~~~~~~~~~~~~~^^
  File "C:\Users\asadb\AppData\Local\Programs\Python\Python314\Lib\site-packages\sqlalchemy\ext\asyncio\session.py", line 1762, in __call__
    return self.class_(**local_kw)
           ~~~~~~~~~~~^^^^^^^^^^^^
  File "C:\Users\asadb\AppData\Local\Programs\Python\Python314\Lib\site-packages\sqlalchemy\ext\asyncio\session.py", line 257, in __init__
    sync_bind = engine._get_sync_engine_or_connection(bind)
  File "C:\Users\asadb\AppData\Local\Programs\Python\Python314\Lib\site-packages\sqlalchemy\ext\asyncio\engine.py", line 1444, in _get_sync_engine_or_connection
    raise exc.ArgumentError(
        "AsyncEngine expected, got %r" % async_engine
    ) from e
sqlalchemy.exc.ArgumentError: AsyncEngine expected, got Engine(sqlite+aiosqlite://)
2026-05-15 19:45:05,936 [ERROR] app.services.debate_engine.round_manager: Failed to persist fallback error message: round=1 agent=e0219db0-ceec-4b92-9f2f-7b45b32d9b42
Traceback (most recent call last):
  File "C:\Users\asadb\AppData\Local\Programs\Python\Python314\Lib\site-packages\sqlalchemy\ext\asyncio\engine.py", line 1442, in _get_sync_engine_or_connection
    return async_engine.sync_engine
           ^^^^^^^^^^^^^^^^^^^^^^^^
AttributeError: 'Engine' object has no attribute 'sync_engine'

The above exception was the direct cause of the following exception:

Traceback (most recent call last):
  File "D:\Programing\Teamwork\Agora\Agora\server\app\services\debate_engine\round_manager.py", line 1079, in _persist_unhandled_task_failure
    async with self._session_factory() as task_db:
               ~~~~~~~~~~~~~~~~~~~~~^^
  File "C:\Users\asadb\AppData\Local\Programs\Python\Python314\Lib\site-packages\sqlalchemy\ext\asyncio\session.py", line 1762, in __call__
    return self.class_(**local_kw)
           ~~~~~~~~~~~^^^^^^^^^^^^
  File "C:\Users\asadb\AppData\Local\Programs\Python\Python314\Lib\site-packages\sqlalchemy\ext\asyncio\session.py", line 257, in __init__
    sync_bind = engine._get_sync_engine_or_connection(bind)
  File "C:\Users\asadb\AppData\Local\Programs\Python\Python314\Lib\site-packages\sqlalchemy\ext\asyncio\engine.py", line 1444, in _get_sync_engine_or_connection
    raise exc.ArgumentError(
        "AsyncEngine expected, got %r" % async_engine
    ) from e
sqlalchemy.exc.ArgumentError: AsyncEngine expected, got Engine(sqlite+aiosqlite://)
2026-05-15 19:45:05,937 [INFO] app.services.debate_engine.round_manager: Round 1 parallel done in 0.01s failed=2/2
2026-05-15 19:45:05,940 [ERROR] app.services.debate_engine.round_manager: Round 1 failed: All agents failed in Round 1.
------------------------------ Captured log call ------------------------------
INFO     app.services.debate_engine.round_manager:round_manager.py:1172 Round 1 running (id=626f6ed3-188d-4acf-a2d7-a0c5fd452485, turn=54f0b9df-90c5-44ae-86ac-7a46525c5f88)
INFO     app.services.debate_engine.round_manager:round_manager.py:1179 WS emit round_started round=1 turn=54f0b9df-90c5-44ae-86ac-7a46525c5f88
INFO     app.services.debate_engine.round_manager:round_manager.py:903 Round 1 parallel start agents=2 concurrency=2
ERROR    app.services.debate_engine.round_manager:round_manager.py:929 Unhandled agent task exception: round=1 agent=962dac88-face-4a87-8d5e-15d722a5edc2 role=A
Traceback (most recent call last):
  File "C:\Users\asadb\AppData\Local\Programs\Python\Python314\Lib\site-packages\sqlalchemy\ext\asyncio\engine.py", line 1442, in _get_sync_engine_or_connection
    return async_engine.sync_engine
           ^^^^^^^^^^^^^^^^^^^^^^^^
AttributeError: 'Engine' object has no attribute 'sync_engine'

The above exception was the direct cause of the following exception:

Traceback (most recent call last):
  File "D:\Programing\Teamwork\Agora\Agora\server\app\services\debate_engine\round_manager.py", line 919, in _run_plan
    return await self._run_agent_task(ctx, round_record, plan)
           ^^^^^^^^^^^^^^^^^^^^^^^^^^^^^^^^^^^^^^^^^^^^^^^^^^^
  File "D:\Programing\Teamwork\Agora\Agora\server\app\services\debate_engine\round_manager.py", line 965, in _run_agent_task
    async with self._session_factory() as task_db:
               ~~~~~~~~~~~~~~~~~~~~~^^
  File "C:\Users\asadb\AppData\Local\Programs\Python\Python314\Lib\site-packages\sqlalchemy\ext\asyncio\session.py", line 1762, in __call__
    return self.class_(**local_kw)
           ~~~~~~~~~~~^^^^^^^^^^^^
  File "C:\Users\asadb\AppData\Local\Programs\Python\Python314\Lib\site-packages\sqlalchemy\ext\asyncio\session.py", line 257, in __init__
    sync_bind = engine._get_sync_engine_or_connection(bind)
  File "C:\Users\asadb\AppData\Local\Programs\Python\Python314\Lib\site-packages\sqlalchemy\ext\asyncio\engine.py", line 1444, in _get_sync_engine_or_connection
    raise exc.ArgumentError(
        "AsyncEngine expected, got %r" % async_engine
    ) from e
sqlalchemy.exc.ArgumentError: AsyncEngine expected, got Engine(sqlite+aiosqlite://)
ERROR    app.services.debate_engine.round_manager:round_manager.py:1094 Failed to persist fallback error message: round=1 agent=962dac88-face-4a87-8d5e-15d722a5edc2
Traceback (most recent call last):
  File "C:\Users\asadb\AppData\Local\Programs\Python\Python314\Lib\site-packages\sqlalchemy\ext\asyncio\engine.py", line 1442, in _get_sync_engine_or_connection
    return async_engine.sync_engine
           ^^^^^^^^^^^^^^^^^^^^^^^^
AttributeError: 'Engine' object has no attribute 'sync_engine'

The above exception was the direct cause of the following exception:

Traceback (most recent call last):
  File "D:\Programing\Teamwork\Agora\Agora\server\app\services\debate_engine\round_manager.py", line 1079, in _persist_unhandled_task_failure
    async with self._session_factory() as task_db:
               ~~~~~~~~~~~~~~~~~~~~~^^
  File "C:\Users\asadb\AppData\Local\Programs\Python\Python314\Lib\site-packages\sqlalchemy\ext\asyncio\session.py", line 1762, in __call__
    return self.class_(**local_kw)
           ~~~~~~~~~~~^^^^^^^^^^^^
  File "C:\Users\asadb\AppData\Local\Programs\Python\Python314\Lib\site-packages\sqlalchemy\ext\asyncio\session.py", line 257, in __init__
    sync_bind = engine._get_sync_engine_or_connection(bind)
  File "C:\Users\asadb\AppData\Local\Programs\Python\Python314\Lib\site-packages\sqlalchemy\ext\asyncio\engine.py", line 1444, in _get_sync_engine_or_connection
    raise exc.ArgumentError(
        "AsyncEngine expected, got %r" % async_engine
    ) from e
sqlalchemy.exc.ArgumentError: AsyncEngine expected, got Engine(sqlite+aiosqlite://)
ERROR    app.services.debate_engine.round_manager:round_manager.py:929 Unhandled agent task exception: round=1 agent=e0219db0-ceec-4b92-9f2f-7b45b32d9b42 role=B
Traceback (most recent call last):
  File "C:\Users\asadb\AppData\Local\Programs\Python\Python314\Lib\site-packages\sqlalchemy\ext\asyncio\engine.py", line 1442, in _get_sync_engine_or_connection
    return async_engine.sync_engine
           ^^^^^^^^^^^^^^^^^^^^^^^^
AttributeError: 'Engine' object has no attribute 'sync_engine'

The above exception was the direct cause of the following exception:

Traceback (most recent call last):
  File "D:\Programing\Teamwork\Agora\Agora\server\app\services\debate_engine\round_manager.py", line 919, in _run_plan
    return await self._run_agent_task(ctx, round_record, plan)
           ^^^^^^^^^^^^^^^^^^^^^^^^^^^^^^^^^^^^^^^^^^^^^^^^^^^
  File "D:\Programing\Teamwork\Agora\Agora\server\app\services\debate_engine\round_manager.py", line 965, in _run_agent_task
    async with self._session_factory() as task_db:
               ~~~~~~~~~~~~~~~~~~~~~^^
  File "C:\Users\asadb\AppData\Local\Programs\Python\Python314\Lib\site-packages\sqlalchemy\ext\asyncio\session.py", line 1762, in __call__
    return self.class_(**local_kw)
           ~~~~~~~~~~~^^^^^^^^^^^^
  File "C:\Users\asadb\AppData\Local\Programs\Python\Python314\Lib\site-packages\sqlalchemy\ext\asyncio\session.py", line 257, in __init__
    sync_bind = engine._get_sync_engine_or_connection(bind)
  File "C:\Users\asadb\AppData\Local\Programs\Python\Python314\Lib\site-packages\sqlalchemy\ext\asyncio\engine.py", line 1444, in _get_sync_engine_or_connection
    raise exc.ArgumentError(
        "AsyncEngine expected, got %r" % async_engine
    ) from e
sqlalchemy.exc.ArgumentError: AsyncEngine expected, got Engine(sqlite+aiosqlite://)
ERROR    app.services.debate_engine.round_manager:round_manager.py:1094 Failed to persist fallback error message: round=1 agent=e0219db0-ceec-4b92-9f2f-7b45b32d9b42
Traceback (most recent call last):
  File "C:\Users\asadb\AppData\Local\Programs\Python\Python314\Lib\site-packages\sqlalchemy\ext\asyncio\engine.py", line 1442, in _get_sync_engine_or_connection
    return async_engine.sync_engine
           ^^^^^^^^^^^^^^^^^^^^^^^^
AttributeError: 'Engine' object has no attribute 'sync_engine'

The above exception was the direct cause of the following exception:

Traceback (most recent call last):
  File "D:\Programing\Teamwork\Agora\Agora\server\app\services\debate_engine\round_manager.py", line 1079, in _persist_unhandled_task_failure
    async with self._session_factory() as task_db:
               ~~~~~~~~~~~~~~~~~~~~~^^
  File "C:\Users\asadb\AppData\Local\Programs\Python\Python314\Lib\site-packages\sqlalchemy\ext\asyncio\session.py", line 1762, in __call__
    return self.class_(**local_kw)
           ~~~~~~~~~~~^^^^^^^^^^^^
  File "C:\Users\asadb\AppData\Local\Programs\Python\Python314\Lib\site-packages\sqlalchemy\ext\asyncio\session.py", line 257, in __init__
    sync_bind = engine._get_sync_engine_or_connection(bind)
  File "C:\Users\asadb\AppData\Local\Programs\Python\Python314\Lib\site-packages\sqlalchemy\ext\asyncio\engine.py", line 1444, in _get_sync_engine_or_connection
    raise exc.ArgumentError(
        "AsyncEngine expected, got %r" % async_engine
    ) from e
sqlalchemy.exc.ArgumentError: AsyncEngine expected, got Engine(sqlite+aiosqlite://)
INFO     app.services.debate_engine.round_manager:round_manager.py:948 Round 1 parallel done in 0.01s failed=2/2
ERROR    app.services.debate_engine.round_manager:round_manager.py:1225 Round 1 failed: All agents failed in Round 1.
D:\Programing\Teamwork\Agora\Agora\server\app\services\debate_engine\round_manager.py:209: RuntimeError: All agents failed in Round 1.
E   RuntimeError: All agents failed in Round 1.
---------------------------- Captured stderr call -----------------------------
2026-05-15 19:45:06,037 [INFO] app.services.debate_engine.round_manager: Round 1 running (id=9e4aeecb-f1fd-4b3e-a9fb-91bd0050e5c1, turn=fc1ea161-1423-4de8-9dc7-5c45dafea003)
2026-05-15 19:45:06,037 [INFO] app.services.debate_engine.round_manager: WS emit round_started round=1 turn=fc1ea161-1423-4de8-9dc7-5c45dafea003
2026-05-15 19:45:06,037 [INFO] app.services.debate_engine.round_manager: Round 1 parallel start agents=1 concurrency=1
2026-05-15 19:45:06,038 [ERROR] app.services.debate_engine.round_manager: Unhandled agent task exception: round=1 agent=b636626e-de88-47e6-9f68-a49784151de0 role=Economist
Traceback (most recent call last):
  File "C:\Users\asadb\AppData\Local\Programs\Python\Python314\Lib\site-packages\sqlalchemy\ext\asyncio\engine.py", line 1442, in _get_sync_engine_or_connection
    return async_engine.sync_engine
           ^^^^^^^^^^^^^^^^^^^^^^^^
AttributeError: 'Engine' object has no attribute 'sync_engine'

The above exception was the direct cause of the following exception:

Traceback (most recent call last):
  File "D:\Programing\Teamwork\Agora\Agora\server\app\services\debate_engine\round_manager.py", line 919, in _run_plan
    return await self._run_agent_task(ctx, round_record, plan)
           ^^^^^^^^^^^^^^^^^^^^^^^^^^^^^^^^^^^^^^^^^^^^^^^^^^^
  File "D:\Programing\Teamwork\Agora\Agora\server\app\services\debate_engine\round_manager.py", line 965, in _run_agent_task
    async with self._session_factory() as task_db:
               ~~~~~~~~~~~~~~~~~~~~~^^
  File "C:\Users\asadb\AppData\Local\Programs\Python\Python314\Lib\site-packages\sqlalchemy\ext\asyncio\session.py", line 1762, in __call__
    return self.class_(**local_kw)
           ~~~~~~~~~~~^^^^^^^^^^^^
  File "C:\Users\asadb\AppData\Local\Programs\Python\Python314\Lib\site-packages\sqlalchemy\ext\asyncio\session.py", line 257, in __init__
    sync_bind = engine._get_sync_engine_or_connection(bind)
  File "C:\Users\asadb\AppData\Local\Programs\Python\Python314\Lib\site-packages\sqlalchemy\ext\asyncio\engine.py", line 1444, in _get_sync_engine_or_connection
    raise exc.ArgumentError(
        "AsyncEngine expected, got %r" % async_engine
    ) from e
sqlalchemy.exc.ArgumentError: AsyncEngine expected, got Engine(sqlite+aiosqlite://)
2026-05-15 19:45:06,039 [ERROR] app.services.debate_engine.round_manager: Failed to persist fallback error message: round=1 agent=b636626e-de88-47e6-9f68-a49784151de0
Traceback (most recent call last):
  File "C:\Users\asadb\AppData\Local\Programs\Python\Python314\Lib\site-packages\sqlalchemy\ext\asyncio\engine.py", line 1442, in _get_sync_engine_or_connection
    return async_engine.sync_engine
           ^^^^^^^^^^^^^^^^^^^^^^^^
AttributeError: 'Engine' object has no attribute 'sync_engine'

The above exception was the direct cause of the following exception:

Traceback (most recent call last):
  File "D:\Programing\Teamwork\Agora\Agora\server\app\services\debate_engine\round_manager.py", line 1079, in _persist_unhandled_task_failure
    async with self._session_factory() as task_db:
               ~~~~~~~~~~~~~~~~~~~~~^^
  File "C:\Users\asadb\AppData\Local\Programs\Python\Python314\Lib\site-packages\sqlalchemy\ext\asyncio\session.py", line 1762, in __call__
    return self.class_(**local_kw)
           ~~~~~~~~~~~^^^^^^^^^^^^
  File "C:\Users\asadb\AppData\Local\Programs\Python\Python314\Lib\site-packages\sqlalchemy\ext\asyncio\session.py", line 257, in __init__
    sync_bind = engine._get_sync_engine_or_connection(bind)
  File "C:\Users\asadb\AppData\Local\Programs\Python\Python314\Lib\site-packages\sqlalchemy\ext\asyncio\engine.py", line 1444, in _get_sync_engine_or_connection
    raise exc.ArgumentError(
        "AsyncEngine expected, got %r" % async_engine
    ) from e
sqlalchemy.exc.ArgumentError: AsyncEngine expected, got Engine(sqlite+aiosqlite://)
2026-05-15 19:45:06,040 [INFO] app.services.debate_engine.round_manager: Round 1 parallel done in 0.00s failed=1/1
2026-05-15 19:45:06,042 [ERROR] app.services.debate_engine.round_manager: Round 1 failed: All agents failed in Round 1.
------------------------------ Captured log call ------------------------------
INFO     app.services.debate_engine.round_manager:round_manager.py:1172 Round 1 running (id=9e4aeecb-f1fd-4b3e-a9fb-91bd0050e5c1, turn=fc1ea161-1423-4de8-9dc7-5c45dafea003)
INFO     app.services.debate_engine.round_manager:round_manager.py:1179 WS emit round_started round=1 turn=fc1ea161-1423-4de8-9dc7-5c45dafea003
INFO     app.services.debate_engine.round_manager:round_manager.py:903 Round 1 parallel start agents=1 concurrency=1
ERROR    app.services.debate_engine.round_manager:round_manager.py:929 Unhandled agent task exception: round=1 agent=b636626e-de88-47e6-9f68-a49784151de0 role=Economist
Traceback (most recent call last):
  File "C:\Users\asadb\AppData\Local\Programs\Python\Python314\Lib\site-packages\sqlalchemy\ext\asyncio\engine.py", line 1442, in _get_sync_engine_or_connection
    return async_engine.sync_engine
           ^^^^^^^^^^^^^^^^^^^^^^^^
AttributeError: 'Engine' object has no attribute 'sync_engine'

The above exception was the direct cause of the following exception:

Traceback (most recent call last):
  File "D:\Programing\Teamwork\Agora\Agora\server\app\services\debate_engine\round_manager.py", line 919, in _run_plan
    return await self._run_agent_task(ctx, round_record, plan)
           ^^^^^^^^^^^^^^^^^^^^^^^^^^^^^^^^^^^^^^^^^^^^^^^^^^^
  File "D:\Programing\Teamwork\Agora\Agora\server\app\services\debate_engine\round_manager.py", line 965, in _run_agent_task
    async with self._session_factory() as task_db:
               ~~~~~~~~~~~~~~~~~~~~~^^
  File "C:\Users\asadb\AppData\Local\Programs\Python\Python314\Lib\site-packages\sqlalchemy\ext\asyncio\session.py", line 1762, in __call__
    return self.class_(**local_kw)
           ~~~~~~~~~~~^^^^^^^^^^^^
  File "C:\Users\asadb\AppData\Local\Programs\Python\Python314\Lib\site-packages\sqlalchemy\ext\asyncio\session.py", line 257, in __init__
    sync_bind = engine._get_sync_engine_or_connection(bind)
  File "C:\Users\asadb\AppData\Local\Programs\Python\Python314\Lib\site-packages\sqlalchemy\ext\asyncio\engine.py", line 1444, in _get_sync_engine_or_connection
    raise exc.ArgumentError(
        "AsyncEngine expected, got %r" % async_engine
    ) from e
sqlalchemy.exc.ArgumentError: AsyncEngine expected, got Engine(sqlite+aiosqlite://)
ERROR    app.services.debate_engine.round_manager:round_manager.py:1094 Failed to persist fallback error message: round=1 agent=b636626e-de88-47e6-9f68-a49784151de0
Traceback (most recent call last):
  File "C:\Users\asadb\AppData\Local\Programs\Python\Python314\Lib\site-packages\sqlalchemy\ext\asyncio\engine.py", line 1442, in _get_sync_engine_or_connection
    return async_engine.sync_engine
           ^^^^^^^^^^^^^^^^^^^^^^^^
AttributeError: 'Engine' object has no attribute 'sync_engine'

The above exception was the direct cause of the following exception:

Traceback (most recent call last):
  File "D:\Programing\Teamwork\Agora\Agora\server\app\services\debate_engine\round_manager.py", line 1079, in _persist_unhandled_task_failure
    async with self._session_factory() as task_db:
               ~~~~~~~~~~~~~~~~~~~~~^^
  File "C:\Users\asadb\AppData\Local\Programs\Python\Python314\Lib\site-packages\sqlalchemy\ext\asyncio\session.py", line 1762, in __call__
    return self.class_(**local_kw)
           ~~~~~~~~~~~^^^^^^^^^^^^
  File "C:\Users\asadb\AppData\Local\Programs\Python\Python314\Lib\site-packages\sqlalchemy\ext\asyncio\session.py", line 257, in __init__
    sync_bind = engine._get_sync_engine_or_connection(bind)
  File "C:\Users\asadb\AppData\Local\Programs\Python\Python314\Lib\site-packages\sqlalchemy\ext\asyncio\engine.py", line 1444, in _get_sync_engine_or_connection
    raise exc.ArgumentError(
        "AsyncEngine expected, got %r" % async_engine
    ) from e
sqlalchemy.exc.ArgumentError: AsyncEngine expected, got Engine(sqlite+aiosqlite://)
INFO     app.services.debate_engine.round_manager:round_manager.py:948 Round 1 parallel done in 0.00s failed=1/1
ERROR    app.services.debate_engine.round_manager:round_manager.py:1225 Round 1 failed: All agents failed in Round 1.
D:\Programing\Teamwork\Agora\Agora\server\app\services\debate_engine\round_manager.py:209: RuntimeError: All agents failed in Round 1.
E   ModuleNotFoundError: No module named 'cloudinary'

The above exception was the direct cause of the following exception:
E   app.services.storage.base.DocumentStorageError: cloudinary package is not installed. Add 'cloudinary' to requirements.txt.

During handling of the above exception, another exception occurred:
E   AssertionError: Regex pattern did not match.
      Expected regex: 'Cloudinary credentials'
      Actual message: "cloudinary package is not installed. Add 'cloudinary' to requirements.txt."
D:\Programing\Teamwork\Agora\Agora\server\tests\test_storage_and_formats.py:124: AssertionError: Regex pattern did not match.
============================== warnings summary ===============================
tests/api/test_debates.py::test_empty_agents_returns_error
  C:\Users\asadb\AppData\Local\Programs\Python\Python314\Lib\site-packages\fastapi\routing.py:324: DeprecationWarning: 'HTTP_422_UNPROCESSABLE_ENTITY' is deprecated. Use 'HTTP_422_UNPROCESSABLE_CONTENT' instead.
    return await dependant.call(**values)

tests/api/test_documents.py::test_upload_batch_rejects_too_many_files
  C:\Users\asadb\AppData\Local\Programs\Python\Python314\Lib\site-packages\fastapi\routing.py:324: DeprecationWarning: 'HTTP_413_REQUEST_ENTITY_TOO_LARGE' is deprecated. Use 'HTTP_413_CONTENT_TOO_LARGE' instead.
    return await dependant.call(**values)

-- Docs: https://docs.pytest.org/en/stable/how-to/capture-warnings.html
=========================== short test summary info ===========================
FAILED tests/api/test_debates.py::test_round1_messages_persisted - AssertionE...
FAILED tests/api/test_debates.py::test_round2_messages_persisted - AssertionE...
FAILED tests/api/test_debates.py::test_round3_messages_persisted - AssertionE...
FAILED tests/test_auth.py::TestProtectedRoutes::test_me_without_token - asser...
FAILED tests/test_auth.py::TestProtectedRoutes::test_me_with_invalid_token - ...
FAILED tests/test_auth.py::TestProtectedRoutes::test_me_with_expired_token - ...
FAILED tests/test_auth.py::TestProtectedRoutes::test_me_success - assert 500 ...
FAILED tests/test_auth.py::TestSettings::test_update_settings - assert 405 ==...
FAILED tests/test_auth.py::TestSettings::test_update_settings_partial - asser...
FAILED tests/test_auth.py::TestSettings::test_settings_requires_auth - assert...
FAILED tests/test_chat_engine.py::TestTurnLifecycle::test_turn_status_completed_after_execution
FAILED tests/test_chat_engine.py::TestTurnLifecycle::test_three_rounds_all_completed
FAILED tests/test_chat_engine.py::TestTurnLifecycle::test_result_dict_has_all_three_rounds
FAILED tests/test_chat_engine.py::TestTurnLifecycle::test_llm_errors_are_handled_gracefully_turn_still_completes
FAILED tests/test_chat_engine.py::TestMessagesAndSequence::test_six_agent_messages_saved_for_two_agents
FAILED tests/test_chat_engine.py::TestMessagesAndSequence::test_sequence_numbers_start_at_1
FAILED tests/test_chat_engine.py::TestMessagesAndSequence::test_correct_message_types_per_round
FAILED tests/test_chat_engine.py::TestRoundHandoff::test_round2_prompts_reference_round1_stances
FAILED tests/test_chat_engine.py::TestRoundHandoff::test_round3_receives_debate_summary_from_round2
FAILED tests/test_chat_engine.py::TestChatEngineEvents::test_turn_started_and_completed_events_fire
FAILED tests/test_registry_and_config.py::TestPlaceholderProvider::test_placeholder_raises_unavailable_error
FAILED tests/test_registry_and_config.py::TestPlaceholderProvider::test_unknown_provider_raises_config_error
FAILED tests/test_registry_and_config.py::test_get_providers - AssertionError...
FAILED tests/test_registry_and_config.py::test_get_models_all - assert 404 ==...
FAILED tests/test_registry_and_config.py::test_get_models_filtered - assert 4...
FAILED tests/test_registry_and_config.py::test_get_models_unknown_provider_empty
FAILED tests/test_registry_and_config.py::test_agent_config_options - json.de...
FAILED tests/test_registry_and_config.py::test_debate_start_rich_config_stored_in_db
FAILED tests/test_round_manager.py::TestRound1::test_returns_one_result_per_agent
FAILED tests/test_round_manager.py::TestRound1::test_results_have_stance_and_key_points
FAILED tests/test_round_manager.py::TestRound1::test_messages_saved_with_agent_response_type
FAILED tests/test_round_manager.py::TestRound1::test_generation_status_is_success
FAILED tests/test_round_manager.py::TestRound1::test_round_record_completed
FAILED tests/test_round_manager.py::TestRound2::test_returns_one_result_per_agent
FAILED tests/test_round_manager.py::TestRound2::test_messages_saved_with_critique_type
FAILED tests/test_round_manager.py::TestRound2::test_single_agent_skipped - R...
FAILED tests/test_round_manager.py::TestRound2::test_round_record_is_critique_type
FAILED tests/test_round_manager.py::TestRound3::test_returns_one_result_per_agent
FAILED tests/test_round_manager.py::TestRound3::test_results_have_final_stance
FAILED tests/test_round_manager.py::TestRound3::test_messages_saved_with_final_summary_type
FAILED tests/test_round_manager.py::TestRound3::test_round_record_is_final_type
FAILED tests/test_round_manager.py::TestSequenceNumbers::test_messages_have_unique_monotonic_sequence_numbers
FAILED tests/test_round_manager.py::TestRound2Pairing::test_three_agents_each_see_two_opponents_in_prompt
FAILED tests/test_round_manager.py::TestRound2Pairing::test_four_agents_each_see_three_opponents_in_prompt
FAILED tests/test_round_manager.py::TestRound2Pairing::test_each_agent_does_not_see_itself_as_opponent
FAILED tests/test_round_manager.py::TestLLMCallRecords::test_one_llm_call_row_per_agent_per_round
FAILED tests/test_round_manager.py::TestLLMCallRecords::test_llm_call_has_correct_provider_and_model
FAILED tests/test_round_manager.py::TestLLMCallRecords::test_llm_call_status_completed_on_success
FAILED tests/test_round_manager.py::TestLLMCallRecords::test_llm_call_status_failed_on_error
FAILED tests/test_round_manager.py::TestLLMCallRecords::test_six_llm_call_rows_for_two_agents_three_rounds
FAILED tests/test_round_manager.py::TestBadLLMOutput::test_non_json_response_stored_as_raw_content
FAILED tests/test_round_manager.py::TestBadLLMOutput::test_llm_error_marks_failed_but_saves_message
FAILED tests/test_round_manager.py::TestOnEvent::test_round1_fires_round_started_messages_and_completed
FAILED tests/test_round_manager.py::TestOnEvent::test_all_three_rounds_fire_started_and_completed
FAILED tests/test_storage_and_formats.py::TestCloudinaryProviderConfig::test_missing_credentials_raises
55 failed, 174 passed, 2 warnings in 31.71s
